\BOOKMARK [1][-]{section.1}{\376\377\000S\000l\000i\000d\000e\000\040\0001}{}% 1
\BOOKMARK [2][-]{subsection.1.1}{\376\377\000C\000o\000n\000t\000e\000n\000t}{section.1}% 2
\BOOKMARK [2][-]{subsection.1.2}{\376\377\000D\000e\000s\000c\000r\000i\000p\000t\000i\000o\000n}{section.1}% 3
\BOOKMARK [2][-]{subsection.1.3}{\376\377\000F\000i\000g\000u\000r\000e\000s}{section.1}% 4
\BOOKMARK [1][-]{section.2}{\376\377\000S\000l\000i\000d\000e\000\040\0002}{}% 5
\BOOKMARK [2][-]{subsection.2.1}{\376\377\000C\000o\000n\000t\000e\000n\000t}{section.2}% 6
\BOOKMARK [2][-]{subsection.2.2}{\376\377\000D\000e\000s\000c\000r\000i\000p\000t\000i\000o\000n}{section.2}% 7
\BOOKMARK [2][-]{subsection.2.3}{\376\377\000F\000i\000g\000u\000r\000e\000s}{section.2}% 8
\BOOKMARK [1][-]{section.3}{\376\377\000S\000l\000i\000d\000e\000\040\0003}{}% 9
\BOOKMARK [2][-]{subsection.3.1}{\376\377\000C\000o\000n\000t\000e\000n\000t}{section.3}% 10
\BOOKMARK [2][-]{subsection.3.2}{\376\377\000D\000e\000s\000c\000r\000i\000p\000t\000i\000o\000n}{section.3}% 11
\BOOKMARK [2][-]{subsection.3.3}{\376\377\000F\000i\000g\000u\000r\000e\000s}{section.3}% 12
\BOOKMARK [1][-]{section.4}{\376\377\000S\000l\000i\000d\000e\000\040\0004}{}% 13
\BOOKMARK [2][-]{subsection.4.1}{\376\377\000C\000o\000n\000t\000e\000n\000t}{section.4}% 14
\BOOKMARK [2][-]{subsection.4.2}{\376\377\000D\000e\000s\000c\000r\000i\000p\000t\000i\000o\000n}{section.4}% 15
\BOOKMARK [2][-]{subsection.4.3}{\376\377\000F\000i\000g\000u\000r\000e\000s}{section.4}% 16
\BOOKMARK [1][-]{section.5}{\376\377\000S\000l\000i\000d\000e\000\040\0005}{}% 17
\BOOKMARK [2][-]{subsection.5.1}{\376\377\000C\000o\000n\000t\000e\000n\000t}{section.5}% 18
\BOOKMARK [2][-]{subsection.5.2}{\376\377\000D\000e\000s\000c\000r\000i\000p\000t\000i\000o\000n}{section.5}% 19
\BOOKMARK [2][-]{subsection.5.3}{\376\377\000F\000i\000g\000u\000r\000e\000s}{section.5}% 20
\BOOKMARK [1][-]{section.6}{\376\377\000S\000l\000i\000d\000e\000\040\0006}{}% 21
\BOOKMARK [2][-]{subsection.6.1}{\376\377\000C\000o\000n\000t\000e\000n\000t}{section.6}% 22
\BOOKMARK [2][-]{subsection.6.2}{\376\377\000D\000e\000s\000c\000r\000i\000p\000t\000i\000o\000n}{section.6}% 23
\BOOKMARK [2][-]{subsection.6.3}{\376\377\000F\000i\000g\000u\000r\000e\000s}{section.6}% 24
\BOOKMARK [1][-]{section.7}{\376\377\000S\000l\000i\000d\000e\000\040\0007}{}% 25
\BOOKMARK [2][-]{subsection.7.1}{\376\377\000C\000o\000n\000t\000e\000n\000t}{section.7}% 26
\BOOKMARK [2][-]{subsection.7.2}{\376\377\000D\000e\000s\000c\000r\000i\000p\000t\000i\000o\000n}{section.7}% 27
\BOOKMARK [2][-]{subsection.7.3}{\376\377\000F\000i\000g\000u\000r\000e\000s}{section.7}% 28
\BOOKMARK [1][-]{section.8}{\376\377\000S\000l\000i\000d\000e\000\040\0008}{}% 29
\BOOKMARK [2][-]{subsection.8.1}{\376\377\000C\000o\000n\000t\000e\000n\000t}{section.8}% 30
\BOOKMARK [2][-]{subsection.8.2}{\376\377\000D\000e\000s\000c\000r\000i\000p\000t\000i\000o\000n}{section.8}% 31
\BOOKMARK [2][-]{subsection.8.3}{\376\377\000F\000i\000g\000u\000r\000e\000s}{section.8}% 32
\BOOKMARK [1][-]{section.9}{\376\377\000S\000l\000i\000d\000e\000\040\0009}{}% 33
\BOOKMARK [2][-]{subsection.9.1}{\376\377\000C\000o\000n\000t\000e\000n\000t}{section.9}% 34
\BOOKMARK [2][-]{subsection.9.2}{\376\377\000D\000e\000s\000c\000r\000i\000p\000t\000i\000o\000n}{section.9}% 35
\BOOKMARK [2][-]{subsection.9.3}{\376\377\000F\000i\000g\000u\000r\000e\000s}{section.9}% 36
\BOOKMARK [1][-]{section.10}{\376\377\000S\000l\000i\000d\000e\000\040\0001\0000}{}% 37
\BOOKMARK [2][-]{subsection.10.1}{\376\377\000C\000o\000n\000t\000e\000n\000t}{section.10}% 38
\BOOKMARK [2][-]{subsection.10.2}{\376\377\000D\000e\000s\000c\000r\000i\000p\000t\000i\000o\000n}{section.10}% 39
\BOOKMARK [2][-]{subsection.10.3}{\376\377\000F\000i\000g\000u\000r\000e\000s}{section.10}% 40
\BOOKMARK [1][-]{section.11}{\376\377\000S\000l\000i\000d\000e\000\040\0001\0001}{}% 41
\BOOKMARK [2][-]{subsection.11.1}{\376\377\000C\000o\000n\000t\000e\000n\000t}{section.11}% 42
\BOOKMARK [2][-]{subsection.11.2}{\376\377\000D\000e\000s\000c\000r\000i\000p\000t\000i\000o\000n}{section.11}% 43
\BOOKMARK [2][-]{subsection.11.3}{\376\377\000F\000i\000g\000u\000r\000e\000s}{section.11}% 44
\BOOKMARK [1][-]{section.12}{\376\377\000S\000l\000i\000d\000e\000\040\0001\0002}{}% 45
\BOOKMARK [2][-]{subsection.12.1}{\376\377\000C\000o\000n\000t\000e\000n\000t}{section.12}% 46
\BOOKMARK [2][-]{subsection.12.2}{\376\377\000D\000e\000s\000c\000r\000i\000p\000t\000i\000o\000n}{section.12}% 47
\BOOKMARK [2][-]{subsection.12.3}{\376\377\000F\000i\000g\000u\000r\000e\000s}{section.12}% 48
\BOOKMARK [1][-]{section.13}{\376\377\000S\000l\000i\000d\000e\000\040\0001\0003}{}% 49
\BOOKMARK [2][-]{subsection.13.1}{\376\377\000C\000o\000n\000t\000e\000n\000t}{section.13}% 50
\BOOKMARK [2][-]{subsection.13.2}{\376\377\000D\000e\000s\000c\000r\000i\000p\000t\000i\000o\000n}{section.13}% 51
\BOOKMARK [2][-]{subsection.13.3}{\376\377\000F\000i\000g\000u\000r\000e\000s}{section.13}% 52
\BOOKMARK [1][-]{section.14}{\376\377\000S\000l\000i\000d\000e\000\040\0001\0004}{}% 53
\BOOKMARK [2][-]{subsection.14.1}{\376\377\000C\000o\000n\000t\000e\000n\000t}{section.14}% 54
\BOOKMARK [2][-]{subsection.14.2}{\376\377\000D\000e\000s\000c\000r\000i\000p\000t\000i\000o\000n}{section.14}% 55
\BOOKMARK [2][-]{subsection.14.3}{\376\377\000F\000i\000g\000u\000r\000e\000s}{section.14}% 56
\BOOKMARK [1][-]{section.15}{\376\377\000S\000l\000i\000d\000e\000\040\0001\0005}{}% 57
\BOOKMARK [2][-]{subsection.15.1}{\376\377\000C\000o\000n\000t\000e\000n\000t}{section.15}% 58
\BOOKMARK [2][-]{subsection.15.2}{\376\377\000D\000e\000s\000c\000r\000i\000p\000t\000i\000o\000n}{section.15}% 59
\BOOKMARK [2][-]{subsection.15.3}{\376\377\000F\000i\000g\000u\000r\000e\000s}{section.15}% 60
\BOOKMARK [1][-]{section.16}{\376\377\000S\000l\000i\000d\000e\000\040\0001\0006}{}% 61
\BOOKMARK [2][-]{subsection.16.1}{\376\377\000C\000o\000n\000t\000e\000n\000t}{section.16}% 62
\BOOKMARK [2][-]{subsection.16.2}{\376\377\000D\000e\000s\000c\000r\000i\000p\000t\000i\000o\000n}{section.16}% 63
\BOOKMARK [2][-]{subsection.16.3}{\376\377\000F\000i\000g\000u\000r\000e\000s}{section.16}% 64
\BOOKMARK [1][-]{section.17}{\376\377\000S\000l\000i\000d\000e\000\040\0001\0007}{}% 65
\BOOKMARK [2][-]{subsection.17.1}{\376\377\000C\000o\000n\000t\000e\000n\000t}{section.17}% 66
\BOOKMARK [2][-]{subsection.17.2}{\376\377\000D\000e\000s\000c\000r\000i\000p\000t\000i\000o\000n}{section.17}% 67
\BOOKMARK [2][-]{subsection.17.3}{\376\377\000F\000i\000g\000u\000r\000e\000s}{section.17}% 68
\BOOKMARK [1][-]{section.18}{\376\377\000S\000l\000i\000d\000e\000\040\0001\0008}{}% 69
\BOOKMARK [2][-]{subsection.18.1}{\376\377\000C\000o\000n\000t\000e\000n\000t}{section.18}% 70
\BOOKMARK [2][-]{subsection.18.2}{\376\377\000D\000e\000s\000c\000r\000i\000p\000t\000i\000o\000n}{section.18}% 71
\BOOKMARK [2][-]{subsection.18.3}{\376\377\000F\000i\000g\000u\000r\000e\000s}{section.18}% 72
\BOOKMARK [1][-]{section.19}{\376\377\000S\000l\000i\000d\000e\000\040\0001\0009}{}% 73
\BOOKMARK [2][-]{subsection.19.1}{\376\377\000C\000o\000n\000t\000e\000n\000t}{section.19}% 74
\BOOKMARK [2][-]{subsection.19.2}{\376\377\000D\000e\000s\000c\000r\000i\000p\000t\000i\000o\000n}{section.19}% 75
\BOOKMARK [2][-]{subsection.19.3}{\376\377\000F\000i\000g\000u\000r\000e\000s}{section.19}% 76
\BOOKMARK [1][-]{section.20}{\376\377\000S\000l\000i\000d\000e\000\040\0002\0000}{}% 77
\BOOKMARK [2][-]{subsection.20.1}{\376\377\000C\000o\000n\000t\000e\000n\000t}{section.20}% 78
\BOOKMARK [2][-]{subsection.20.2}{\376\377\000D\000e\000s\000c\000r\000i\000p\000t\000i\000o\000n}{section.20}% 79
\BOOKMARK [2][-]{subsection.20.3}{\376\377\000F\000i\000g\000u\000r\000e\000s}{section.20}% 80
\BOOKMARK [1][-]{section.21}{\376\377\000S\000l\000i\000d\000e\000\040\0002\0001}{}% 81
\BOOKMARK [2][-]{subsection.21.1}{\376\377\000C\000o\000n\000t\000e\000n\000t}{section.21}% 82
\BOOKMARK [2][-]{subsection.21.2}{\376\377\000D\000e\000s\000c\000r\000i\000p\000t\000i\000o\000n}{section.21}% 83
\BOOKMARK [2][-]{subsection.21.3}{\376\377\000F\000i\000g\000u\000r\000e\000s}{section.21}% 84
\BOOKMARK [1][-]{section.22}{\376\377\000S\000l\000i\000d\000e\000\040\0002\0002}{}% 85
\BOOKMARK [2][-]{subsection.22.1}{\376\377\000C\000o\000n\000t\000e\000n\000t}{section.22}% 86
\BOOKMARK [2][-]{subsection.22.2}{\376\377\000D\000e\000s\000c\000r\000i\000p\000t\000i\000o\000n}{section.22}% 87
\BOOKMARK [2][-]{subsection.22.3}{\376\377\000F\000i\000g\000u\000r\000e\000s}{section.22}% 88
\BOOKMARK [1][-]{section.23}{\376\377\000S\000l\000i\000d\000e\000\040\0002\0003}{}% 89
\BOOKMARK [2][-]{subsection.23.1}{\376\377\000C\000o\000n\000t\000e\000n\000t}{section.23}% 90
\BOOKMARK [2][-]{subsection.23.2}{\376\377\000D\000e\000s\000c\000r\000i\000p\000t\000i\000o\000n}{section.23}% 91
\BOOKMARK [2][-]{subsection.23.3}{\376\377\000F\000i\000g\000u\000r\000e\000s}{section.23}% 92
\BOOKMARK [1][-]{section.24}{\376\377\000S\000l\000i\000d\000e\000\040\0002\0004}{}% 93
\BOOKMARK [2][-]{subsection.24.1}{\376\377\000C\000o\000n\000t\000e\000n\000t}{section.24}% 94
\BOOKMARK [2][-]{subsection.24.2}{\376\377\000D\000e\000s\000c\000r\000i\000p\000t\000i\000o\000n}{section.24}% 95
\BOOKMARK [2][-]{subsection.24.3}{\376\377\000F\000i\000g\000u\000r\000e\000s}{section.24}% 96
\BOOKMARK [1][-]{section.25}{\376\377\000S\000l\000i\000d\000e\000\040\0002\0005}{}% 97
\BOOKMARK [2][-]{subsection.25.1}{\376\377\000C\000o\000n\000t\000e\000n\000t}{section.25}% 98
\BOOKMARK [2][-]{subsection.25.2}{\376\377\000D\000e\000s\000c\000r\000i\000p\000t\000i\000o\000n}{section.25}% 99
\BOOKMARK [2][-]{subsection.25.3}{\376\377\000F\000i\000g\000u\000r\000e\000s}{section.25}% 100
\BOOKMARK [1][-]{section.26}{\376\377\000S\000l\000i\000d\000e\000\040\0002\0006}{}% 101
\BOOKMARK [2][-]{subsection.26.1}{\376\377\000C\000o\000n\000t\000e\000n\000t}{section.26}% 102
\BOOKMARK [2][-]{subsection.26.2}{\376\377\000D\000e\000s\000c\000r\000i\000p\000t\000i\000o\000n}{section.26}% 103
\BOOKMARK [2][-]{subsection.26.3}{\376\377\000F\000i\000g\000u\000r\000e\000s}{section.26}% 104
\BOOKMARK [1][-]{section.27}{\376\377\000S\000l\000i\000d\000e\000\040\0002\0007}{}% 105
\BOOKMARK [2][-]{subsection.27.1}{\376\377\000C\000o\000n\000t\000e\000n\000t}{section.27}% 106
\BOOKMARK [2][-]{subsection.27.2}{\376\377\000D\000e\000s\000c\000r\000i\000p\000t\000i\000o\000n}{section.27}% 107
\BOOKMARK [2][-]{subsection.27.3}{\376\377\000F\000i\000g\000u\000r\000e\000s}{section.27}% 108
\BOOKMARK [1][-]{section.28}{\376\377\000S\000l\000i\000d\000e\000\040\0002\0008}{}% 109
\BOOKMARK [2][-]{subsection.28.1}{\376\377\000C\000o\000n\000t\000e\000n\000t}{section.28}% 110
\BOOKMARK [2][-]{subsection.28.2}{\376\377\000D\000e\000s\000c\000r\000i\000p\000t\000i\000o\000n}{section.28}% 111
\BOOKMARK [2][-]{subsection.28.3}{\376\377\000F\000i\000g\000u\000r\000e\000s}{section.28}% 112
\BOOKMARK [1][-]{section.29}{\376\377\000S\000l\000i\000d\000e\000\040\0002\0009}{}% 113
\BOOKMARK [2][-]{subsection.29.1}{\376\377\000C\000o\000n\000t\000e\000n\000t}{section.29}% 114
\BOOKMARK [2][-]{subsection.29.2}{\376\377\000D\000e\000s\000c\000r\000i\000p\000t\000i\000o\000n}{section.29}% 115
\BOOKMARK [2][-]{subsection.29.3}{\376\377\000F\000i\000g\000u\000r\000e\000s}{section.29}% 116
\BOOKMARK [1][-]{section.30}{\376\377\000S\000l\000i\000d\000e\000\040\0003\0000}{}% 117
\BOOKMARK [2][-]{subsection.30.1}{\376\377\000C\000o\000n\000t\000e\000n\000t}{section.30}% 118
\BOOKMARK [2][-]{subsection.30.2}{\376\377\000D\000e\000s\000c\000r\000i\000p\000t\000i\000o\000n}{section.30}% 119
\BOOKMARK [2][-]{subsection.30.3}{\376\377\000F\000i\000g\000u\000r\000e\000s}{section.30}% 120
\BOOKMARK [1][-]{section.31}{\376\377\000S\000l\000i\000d\000e\000\040\0003\0001}{}% 121
\BOOKMARK [2][-]{subsection.31.1}{\376\377\000C\000o\000n\000t\000e\000n\000t}{section.31}% 122
\BOOKMARK [2][-]{subsection.31.2}{\376\377\000D\000e\000s\000c\000r\000i\000p\000t\000i\000o\000n}{section.31}% 123
\BOOKMARK [2][-]{subsection.31.3}{\376\377\000F\000i\000g\000u\000r\000e\000s}{section.31}% 124
\BOOKMARK [1][-]{section.32}{\376\377\000S\000l\000i\000d\000e\000\040\0003\0002}{}% 125
\BOOKMARK [2][-]{subsection.32.1}{\376\377\000C\000o\000n\000t\000e\000n\000t}{section.32}% 126
\BOOKMARK [2][-]{subsection.32.2}{\376\377\000D\000e\000s\000c\000r\000i\000p\000t\000i\000o\000n}{section.32}% 127
\BOOKMARK [2][-]{subsection.32.3}{\376\377\000F\000i\000g\000u\000r\000e\000s}{section.32}% 128
\BOOKMARK [1][-]{section.33}{\376\377\000S\000l\000i\000d\000e\000\040\0003\0003}{}% 129
\BOOKMARK [2][-]{subsection.33.1}{\376\377\000C\000o\000n\000t\000e\000n\000t}{section.33}% 130
\BOOKMARK [2][-]{subsection.33.2}{\376\377\000D\000e\000s\000c\000r\000i\000p\000t\000i\000o\000n}{section.33}% 131
\BOOKMARK [2][-]{subsection.33.3}{\376\377\000F\000i\000g\000u\000r\000e\000s}{section.33}% 132
\BOOKMARK [1][-]{section.34}{\376\377\000S\000l\000i\000d\000e\000\040\0003\0004}{}% 133
\BOOKMARK [2][-]{subsection.34.1}{\376\377\000C\000o\000n\000t\000e\000n\000t}{section.34}% 134
\BOOKMARK [2][-]{subsection.34.2}{\376\377\000D\000e\000s\000c\000r\000i\000p\000t\000i\000o\000n}{section.34}% 135
\BOOKMARK [2][-]{subsection.34.3}{\376\377\000F\000i\000g\000u\000r\000e\000s}{section.34}% 136
\BOOKMARK [1][-]{section.35}{\376\377\000S\000l\000i\000d\000e\000\040\0003\0005}{}% 137
\BOOKMARK [2][-]{subsection.35.1}{\376\377\000C\000o\000n\000t\000e\000n\000t}{section.35}% 138
\BOOKMARK [2][-]{subsection.35.2}{\376\377\000D\000e\000s\000c\000r\000i\000p\000t\000i\000o\000n}{section.35}% 139
\BOOKMARK [2][-]{subsection.35.3}{\376\377\000F\000i\000g\000u\000r\000e\000s}{section.35}% 140
\BOOKMARK [1][-]{section.36}{\376\377\000S\000l\000i\000d\000e\000\040\0003\0006}{}% 141
\BOOKMARK [2][-]{subsection.36.1}{\376\377\000C\000o\000n\000t\000e\000n\000t}{section.36}% 142
\BOOKMARK [2][-]{subsection.36.2}{\376\377\000D\000e\000s\000c\000r\000i\000p\000t\000i\000o\000n}{section.36}% 143
\BOOKMARK [2][-]{subsection.36.3}{\376\377\000F\000i\000g\000u\000r\000e\000s}{section.36}% 144
\BOOKMARK [1][-]{section.37}{\376\377\000S\000l\000i\000d\000e\000\040\0003\0007}{}% 145
\BOOKMARK [2][-]{subsection.37.1}{\376\377\000C\000o\000n\000t\000e\000n\000t}{section.37}% 146
\BOOKMARK [2][-]{subsection.37.2}{\376\377\000D\000e\000s\000c\000r\000i\000p\000t\000i\000o\000n}{section.37}% 147
\BOOKMARK [2][-]{subsection.37.3}{\376\377\000F\000i\000g\000u\000r\000e\000s}{section.37}% 148
\BOOKMARK [1][-]{section.38}{\376\377\000S\000l\000i\000d\000e\000\040\0003\0008}{}% 149
\BOOKMARK [2][-]{subsection.38.1}{\376\377\000C\000o\000n\000t\000e\000n\000t}{section.38}% 150
\BOOKMARK [2][-]{subsection.38.2}{\376\377\000D\000e\000s\000c\000r\000i\000p\000t\000i\000o\000n}{section.38}% 151
\BOOKMARK [2][-]{subsection.38.3}{\376\377\000F\000i\000g\000u\000r\000e\000s}{section.38}% 152
\BOOKMARK [1][-]{section.39}{\376\377\000S\000l\000i\000d\000e\000\040\0003\0009}{}% 153
\BOOKMARK [2][-]{subsection.39.1}{\376\377\000C\000o\000n\000t\000e\000n\000t}{section.39}% 154
\BOOKMARK [2][-]{subsection.39.2}{\376\377\000D\000e\000s\000c\000r\000i\000p\000t\000i\000o\000n}{section.39}% 155
\BOOKMARK [2][-]{subsection.39.3}{\376\377\000F\000i\000g\000u\000r\000e\000s}{section.39}% 156
\BOOKMARK [1][-]{section.40}{\376\377\000S\000l\000i\000d\000e\000\040\0004\0000}{}% 157
\BOOKMARK [2][-]{subsection.40.1}{\376\377\000C\000o\000n\000t\000e\000n\000t}{section.40}% 158
\BOOKMARK [2][-]{subsection.40.2}{\376\377\000D\000e\000s\000c\000r\000i\000p\000t\000i\000o\000n}{section.40}% 159
\BOOKMARK [2][-]{subsection.40.3}{\376\377\000F\000i\000g\000u\000r\000e\000s}{section.40}% 160
\BOOKMARK [1][-]{section.41}{\376\377\000S\000l\000i\000d\000e\000\040\0004\0001}{}% 161
\BOOKMARK [2][-]{subsection.41.1}{\376\377\000C\000o\000n\000t\000e\000n\000t}{section.41}% 162
\BOOKMARK [2][-]{subsection.41.2}{\376\377\000D\000e\000s\000c\000r\000i\000p\000t\000i\000o\000n}{section.41}% 163
\BOOKMARK [2][-]{subsection.41.3}{\376\377\000F\000i\000g\000u\000r\000e\000s}{section.41}% 164
\BOOKMARK [1][-]{section.42}{\376\377\000S\000l\000i\000d\000e\000\040\0004\0002}{}% 165
\BOOKMARK [2][-]{subsection.42.1}{\376\377\000C\000o\000n\000t\000e\000n\000t}{section.42}% 166
\BOOKMARK [2][-]{subsection.42.2}{\376\377\000D\000e\000s\000c\000r\000i\000p\000t\000i\000o\000n}{section.42}% 167
\BOOKMARK [2][-]{subsection.42.3}{\376\377\000F\000i\000g\000u\000r\000e\000s}{section.42}% 168
\BOOKMARK [1][-]{section.43}{\376\377\000S\000l\000i\000d\000e\000\040\0004\0003}{}% 169
\BOOKMARK [2][-]{subsection.43.1}{\376\377\000C\000o\000n\000t\000e\000n\000t}{section.43}% 170
\BOOKMARK [2][-]{subsection.43.2}{\376\377\000D\000e\000s\000c\000r\000i\000p\000t\000i\000o\000n}{section.43}% 171
\BOOKMARK [2][-]{subsection.43.3}{\376\377\000F\000i\000g\000u\000r\000e\000s}{section.43}% 172
\BOOKMARK [1][-]{section.44}{\376\377\000S\000l\000i\000d\000e\000\040\0004\0004}{}% 173
\BOOKMARK [2][-]{subsection.44.1}{\376\377\000C\000o\000n\000t\000e\000n\000t}{section.44}% 174
\BOOKMARK [2][-]{subsection.44.2}{\376\377\000D\000e\000s\000c\000r\000i\000p\000t\000i\000o\000n}{section.44}% 175
\BOOKMARK [2][-]{subsection.44.3}{\376\377\000F\000i\000g\000u\000r\000e\000s}{section.44}% 176
\BOOKMARK [1][-]{section.45}{\376\377\000S\000l\000i\000d\000e\000\040\0004\0005}{}% 177
\BOOKMARK [2][-]{subsection.45.1}{\376\377\000C\000o\000n\000t\000e\000n\000t}{section.45}% 178
\BOOKMARK [2][-]{subsection.45.2}{\376\377\000D\000e\000s\000c\000r\000i\000p\000t\000i\000o\000n}{section.45}% 179
\BOOKMARK [2][-]{subsection.45.3}{\376\377\000F\000i\000g\000u\000r\000e\000s}{section.45}% 180
\BOOKMARK [1][-]{section.46}{\376\377\000S\000l\000i\000d\000e\000\040\0004\0006}{}% 181
\BOOKMARK [2][-]{subsection.46.1}{\376\377\000C\000o\000n\000t\000e\000n\000t}{section.46}% 182
\BOOKMARK [2][-]{subsection.46.2}{\376\377\000D\000e\000s\000c\000r\000i\000p\000t\000i\000o\000n}{section.46}% 183
\BOOKMARK [2][-]{subsection.46.3}{\376\377\000F\000i\000g\000u\000r\000e\000s}{section.46}% 184
\BOOKMARK [1][-]{section.47}{\376\377\000S\000l\000i\000d\000e\000\040\0004\0007}{}% 185
\BOOKMARK [2][-]{subsection.47.1}{\376\377\000C\000o\000n\000t\000e\000n\000t}{section.47}% 186
\BOOKMARK [2][-]{subsection.47.2}{\376\377\000D\000e\000s\000c\000r\000i\000p\000t\000i\000o\000n}{section.47}% 187
\BOOKMARK [2][-]{subsection.47.3}{\376\377\000F\000i\000g\000u\000r\000e\000s}{section.47}% 188
\BOOKMARK [1][-]{section.48}{\376\377\000S\000l\000i\000d\000e\000\040\0004\0008}{}% 189
\BOOKMARK [2][-]{subsection.48.1}{\376\377\000C\000o\000n\000t\000e\000n\000t}{section.48}% 190
\BOOKMARK [2][-]{subsection.48.2}{\376\377\000D\000e\000s\000c\000r\000i\000p\000t\000i\000o\000n}{section.48}% 191
\BOOKMARK [2][-]{subsection.48.3}{\376\377\000F\000i\000g\000u\000r\000e\000s}{section.48}% 192
\BOOKMARK [1][-]{section.49}{\376\377\000S\000l\000i\000d\000e\000\040\0004\0009}{}% 193
\BOOKMARK [2][-]{subsection.49.1}{\376\377\000C\000o\000n\000t\000e\000n\000t}{section.49}% 194
\BOOKMARK [2][-]{subsection.49.2}{\376\377\000D\000e\000s\000c\000r\000i\000p\000t\000i\000o\000n}{section.49}% 195
\BOOKMARK [2][-]{subsection.49.3}{\376\377\000F\000i\000g\000u\000r\000e\000s}{section.49}% 196
\BOOKMARK [1][-]{section.50}{\376\377\000S\000l\000i\000d\000e\000\040\0005\0000}{}% 197
\BOOKMARK [2][-]{subsection.50.1}{\376\377\000C\000o\000n\000t\000e\000n\000t}{section.50}% 198
\BOOKMARK [2][-]{subsection.50.2}{\376\377\000D\000e\000s\000c\000r\000i\000p\000t\000i\000o\000n}{section.50}% 199
\BOOKMARK [2][-]{subsection.50.3}{\376\377\000F\000i\000g\000u\000r\000e\000s}{section.50}% 200
\BOOKMARK [1][-]{section.51}{\376\377\000S\000l\000i\000d\000e\000\040\0005\0001}{}% 201
\BOOKMARK [2][-]{subsection.51.1}{\376\377\000C\000o\000n\000t\000e\000n\000t}{section.51}% 202
\BOOKMARK [2][-]{subsection.51.2}{\376\377\000D\000e\000s\000c\000r\000i\000p\000t\000i\000o\000n}{section.51}% 203
\BOOKMARK [2][-]{subsection.51.3}{\376\377\000F\000i\000g\000u\000r\000e\000s}{section.51}% 204
\BOOKMARK [1][-]{section.52}{\376\377\000S\000l\000i\000d\000e\000\040\0005\0002}{}% 205
\BOOKMARK [2][-]{subsection.52.1}{\376\377\000C\000o\000n\000t\000e\000n\000t}{section.52}% 206
\BOOKMARK [2][-]{subsection.52.2}{\376\377\000D\000e\000s\000c\000r\000i\000p\000t\000i\000o\000n}{section.52}% 207
\BOOKMARK [2][-]{subsection.52.3}{\376\377\000F\000i\000g\000u\000r\000e\000s}{section.52}% 208
\BOOKMARK [1][-]{section.53}{\376\377\000S\000l\000i\000d\000e\000\040\0005\0003}{}% 209
\BOOKMARK [2][-]{subsection.53.1}{\376\377\000C\000o\000n\000t\000e\000n\000t}{section.53}% 210
\BOOKMARK [2][-]{subsection.53.2}{\376\377\000D\000e\000s\000c\000r\000i\000p\000t\000i\000o\000n}{section.53}% 211
\BOOKMARK [2][-]{subsection.53.3}{\376\377\000F\000i\000g\000u\000r\000e\000s}{section.53}% 212
\BOOKMARK [1][-]{section.54}{\376\377\000S\000l\000i\000d\000e\000\040\0005\0004}{}% 213
\BOOKMARK [2][-]{subsection.54.1}{\376\377\000C\000o\000n\000t\000e\000n\000t}{section.54}% 214
\BOOKMARK [2][-]{subsection.54.2}{\376\377\000D\000e\000s\000c\000r\000i\000p\000t\000i\000o\000n}{section.54}% 215
\BOOKMARK [2][-]{subsection.54.3}{\376\377\000F\000i\000g\000u\000r\000e\000s}{section.54}% 216
