This is pdfTeX, Version 3.141592653-2.6-1.40.26 (TeX Live 2024) (preloaded format=pdflatex 2024.12.3)  18 DEC 2024 14:17
entering extended mode
 \write18 enabled.
 file:line:error style messages enabled.
 %&-line parsing enabled.
**"/Users/ashoksaravanan/Coding/ScribeLec/server/output/CS 243/lectures/08L2-Fe
ature Extraction/notes.tex"

(/Users/ashoksaravanan/Coding/ScribeLec/server/output/CS 243/lectures/08L2-Feat
ure Extraction/notes.tex
LaTeX2e <2023-11-01> patch level 1
L3 programming layer <2024-02-20>
(/usr/local/texlive/2024/texmf-dist/tex/latex/base/article.cls
Document Class: article 2023/05/17 v1.4n Standard LaTeX document class
(/usr/local/texlive/2024/texmf-dist/tex/latex/base/size10.clo
File: size10.clo 2023/05/17 v1.4n Standard LaTeX file (size option)
)
\c@part=\count188
\c@section=\count189
\c@subsection=\count190
\c@subsubsection=\count191
\c@paragraph=\count192
\c@subparagraph=\count193
\c@figure=\count194
\c@table=\count195
\abovecaptionskip=\skip48
\belowcaptionskip=\skip49
\bibindent=\dimen140
)
(/usr/local/texlive/2024/texmf-dist/tex/latex/base/fontenc.sty
Package: fontenc 2021/04/29 v2.0v Standard LaTeX package
)
(/usr/local/texlive/2024/texmf-dist/tex/latex/base/inputenc.sty
Package: inputenc 2021/02/14 v1.3d Input encoding file
\inpenc@prehook=\toks17
\inpenc@posthook=\toks18
)
(/usr/local/texlive/2024/texmf-dist/tex/latex/lm/lmodern.sty
Package: lmodern 2015/05/01 v1.6.1 Latin Modern Fonts
LaTeX Font Info:    Overwriting symbol font `operators' in version `normal'
(Font)                  OT1/cmr/m/n --> OT1/lmr/m/n on input line 22.
LaTeX Font Info:    Overwriting symbol font `letters' in version `normal'
(Font)                  OML/cmm/m/it --> OML/lmm/m/it on input line 23.
LaTeX Font Info:    Overwriting symbol font `symbols' in version `normal'
(Font)                  OMS/cmsy/m/n --> OMS/lmsy/m/n on input line 24.
LaTeX Font Info:    Overwriting symbol font `largesymbols' in version `normal'
(Font)                  OMX/cmex/m/n --> OMX/lmex/m/n on input line 25.
LaTeX Font Info:    Overwriting symbol font `operators' in version `bold'
(Font)                  OT1/cmr/bx/n --> OT1/lmr/bx/n on input line 26.
LaTeX Font Info:    Overwriting symbol font `letters' in version `bold'
(Font)                  OML/cmm/b/it --> OML/lmm/b/it on input line 27.
LaTeX Font Info:    Overwriting symbol font `symbols' in version `bold'
(Font)                  OMS/cmsy/b/n --> OMS/lmsy/b/n on input line 28.
LaTeX Font Info:    Overwriting symbol font `largesymbols' in version `bold'
(Font)                  OMX/cmex/m/n --> OMX/lmex/m/n on input line 29.
LaTeX Font Info:    Overwriting math alphabet `\mathbf' in version `normal'
(Font)                  OT1/cmr/bx/n --> OT1/lmr/bx/n on input line 31.
LaTeX Font Info:    Overwriting math alphabet `\mathsf' in version `normal'
(Font)                  OT1/cmss/m/n --> OT1/lmss/m/n on input line 32.
LaTeX Font Info:    Overwriting math alphabet `\mathit' in version `normal'
(Font)                  OT1/cmr/m/it --> OT1/lmr/m/it on input line 33.
LaTeX Font Info:    Overwriting math alphabet `\mathtt' in version `normal'
(Font)                  OT1/cmtt/m/n --> OT1/lmtt/m/n on input line 34.
LaTeX Font Info:    Overwriting math alphabet `\mathbf' in version `bold'
(Font)                  OT1/cmr/bx/n --> OT1/lmr/bx/n on input line 35.
LaTeX Font Info:    Overwriting math alphabet `\mathsf' in version `bold'
(Font)                  OT1/cmss/bx/n --> OT1/lmss/bx/n on input line 36.
LaTeX Font Info:    Overwriting math alphabet `\mathit' in version `bold'
(Font)                  OT1/cmr/bx/it --> OT1/lmr/bx/it on input line 37.
LaTeX Font Info:    Overwriting math alphabet `\mathtt' in version `bold'
(Font)                  OT1/cmtt/m/n --> OT1/lmtt/m/n on input line 38.
)
(/usr/local/texlive/2024/texmf-dist/tex/latex/base/textcomp.sty
Package: textcomp 2020/02/02 v2.0n Standard LaTeX package
)
(/usr/local/texlive/2024/texmf-dist/tex/latex/lastpage/lastpage.sty
Package: lastpage 2023/10/14 v2.0e lastpage: 2.09 or 2e? (HMM)

(/usr/local/texlive/2024/texmf-dist/tex/latex/lastpage/lastpage2e.sty
Package: lastpage2e 2023/10/14 v2.0e Decide which 2e lastpage version to use (H
MM)

(/usr/local/texlive/2024/texmf-dist/tex/latex/lastpage/lastpagemodern.sty
Package: lastpagemodern 2023-10-14 v2.0e Refers to last page's name (HMM; JPG)
\c@lastpagecount=\count196
) 
)) (/usr/local/texlive/2024/texmf-dist/tex/latex/geometry/geometry.sty
Package: geometry 2020/01/02 v5.9 Page Geometry

(/usr/local/texlive/2024/texmf-dist/tex/latex/graphics/keyval.sty
Package: keyval 2022/05/29 v1.15 key=value parser (DPC)
\KV@toks@=\toks19
)
(/usr/local/texlive/2024/texmf-dist/tex/generic/iftex/ifvtex.sty
Package: ifvtex 2019/10/25 v1.7 ifvtex legacy package. Use iftex instead.

(/usr/local/texlive/2024/texmf-dist/tex/generic/iftex/iftex.sty
Package: iftex 2022/02/03 v1.0f TeX engine tests
))
\Gm@cnth=\count197
\Gm@cntv=\count198
\c@Gm@tempcnt=\count199
\Gm@bindingoffset=\dimen141
\Gm@wd@mp=\dimen142
\Gm@odd@mp=\dimen143
\Gm@even@mp=\dimen144
\Gm@layoutwidth=\dimen145
\Gm@layoutheight=\dimen146
\Gm@layouthoffset=\dimen147
\Gm@layoutvoffset=\dimen148
\Gm@dimlist=\toks20
)
(/usr/local/texlive/2024/texmf-dist/tex/latex/hyperref/hyperref.sty
Package: hyperref 2024-01-20 v7.01h Hypertext links for LaTeX

(/usr/local/texlive/2024/texmf-dist/tex/latex/kvsetkeys/kvsetkeys.sty
Package: kvsetkeys 2022-10-05 v1.19 Key value parser (HO)
)
(/usr/local/texlive/2024/texmf-dist/tex/generic/kvdefinekeys/kvdefinekeys.sty
Package: kvdefinekeys 2019-12-19 v1.6 Define keys (HO)
)
(/usr/local/texlive/2024/texmf-dist/tex/generic/pdfescape/pdfescape.sty
Package: pdfescape 2019/12/09 v1.15 Implements pdfTeX's escape features (HO)

(/usr/local/texlive/2024/texmf-dist/tex/generic/ltxcmds/ltxcmds.sty
Package: ltxcmds 2023-12-04 v1.26 LaTeX kernel commands for general use (HO)
)
(/usr/local/texlive/2024/texmf-dist/tex/generic/pdftexcmds/pdftexcmds.sty
Package: pdftexcmds 2020-06-27 v0.33 Utility functions of pdfTeX for LuaTeX (HO
)

(/usr/local/texlive/2024/texmf-dist/tex/generic/infwarerr/infwarerr.sty
Package: infwarerr 2019/12/03 v1.5 Providing info/warning/error messages (HO)
)
Package pdftexcmds Info: \pdf@primitive is available.
Package pdftexcmds Info: \pdf@ifprimitive is available.
Package pdftexcmds Info: \pdfdraftmode found.
))
(/usr/local/texlive/2024/texmf-dist/tex/latex/hycolor/hycolor.sty
Package: hycolor 2020-01-27 v1.10 Color options for hyperref/bookmark (HO)
)
(/usr/local/texlive/2024/texmf-dist/tex/latex/auxhook/auxhook.sty
Package: auxhook 2019-12-17 v1.6 Hooks for auxiliary files (HO)
)
(/usr/local/texlive/2024/texmf-dist/tex/latex/hyperref/nameref.sty
Package: nameref 2023-11-26 v2.56 Cross-referencing by name of section

(/usr/local/texlive/2024/texmf-dist/tex/latex/refcount/refcount.sty
Package: refcount 2019/12/15 v3.6 Data extraction from label references (HO)
)
(/usr/local/texlive/2024/texmf-dist/tex/generic/gettitlestring/gettitlestring.s
ty
Package: gettitlestring 2019/12/15 v1.6 Cleanup title references (HO)
 (/usr/local/texlive/2024/texmf-dist/tex/latex/kvoptions/kvoptions.sty
Package: kvoptions 2022-06-15 v3.15 Key value format for package options (HO)
))
\c@section@level=\count266
)
(/usr/local/texlive/2024/texmf-dist/tex/latex/etoolbox/etoolbox.sty
Package: etoolbox 2020/10/05 v2.5k e-TeX tools for LaTeX (JAW)
\etb@tempcnta=\count267
)
\@linkdim=\dimen149
\Hy@linkcounter=\count268
\Hy@pagecounter=\count269

(/usr/local/texlive/2024/texmf-dist/tex/latex/hyperref/pd1enc.def
File: pd1enc.def 2024-01-20 v7.01h Hyperref: PDFDocEncoding definition (HO)
Now handling font encoding PD1 ...
... no UTF-8 mapping file for font encoding PD1
)
(/usr/local/texlive/2024/texmf-dist/tex/generic/intcalc/intcalc.sty
Package: intcalc 2019/12/15 v1.3 Expandable calculations with integers (HO)
)
\Hy@SavedSpaceFactor=\count270

(/usr/local/texlive/2024/texmf-dist/tex/latex/hyperref/puenc.def
File: puenc.def 2024-01-20 v7.01h Hyperref: PDF Unicode definition (HO)
Now handling font encoding PU ...
... no UTF-8 mapping file for font encoding PU
)
Package hyperref Info: Hyper figures OFF on input line 4179.
Package hyperref Info: Link nesting OFF on input line 4184.
Package hyperref Info: Hyper index ON on input line 4187.
Package hyperref Info: Plain pages OFF on input line 4194.
Package hyperref Info: Backreferencing OFF on input line 4199.
Package hyperref Info: Implicit mode ON; LaTeX internals redefined.
Package hyperref Info: Bookmarks ON on input line 4446.
\c@Hy@tempcnt=\count271

(/usr/local/texlive/2024/texmf-dist/tex/latex/url/url.sty
\Urlmuskip=\muskip16
Package: url 2013/09/16  ver 3.4  Verb mode for urls, etc.
)
LaTeX Info: Redefining \url on input line 4784.
\XeTeXLinkMargin=\dimen150

(/usr/local/texlive/2024/texmf-dist/tex/generic/bitset/bitset.sty
Package: bitset 2019/12/09 v1.3 Handle bit-vector datatype (HO)

(/usr/local/texlive/2024/texmf-dist/tex/generic/bigintcalc/bigintcalc.sty
Package: bigintcalc 2019/12/15 v1.5 Expandable calculations on big integers (HO
)
))
\Fld@menulength=\count272
\Field@Width=\dimen151
\Fld@charsize=\dimen152
Package hyperref Info: Hyper figures OFF on input line 6063.
Package hyperref Info: Link nesting OFF on input line 6068.
Package hyperref Info: Hyper index ON on input line 6071.
Package hyperref Info: backreferencing OFF on input line 6078.
Package hyperref Info: Link coloring OFF on input line 6083.
Package hyperref Info: Link coloring with OCG OFF on input line 6088.
Package hyperref Info: PDF/A mode OFF on input line 6093.

(/usr/local/texlive/2024/texmf-dist/tex/latex/base/atbegshi-ltx.sty
Package: atbegshi-ltx 2021/01/10 v1.0c Emulation of the original atbegshi
package with kernel methods
)
\Hy@abspage=\count273
\c@Item=\count274
\c@Hfootnote=\count275
)
Package hyperref Info: Driver (autodetected): hpdftex.

(/usr/local/texlive/2024/texmf-dist/tex/latex/hyperref/hpdftex.def
File: hpdftex.def 2024-01-20 v7.01h Hyperref driver for pdfTeX

(/usr/local/texlive/2024/texmf-dist/tex/latex/base/atveryend-ltx.sty
Package: atveryend-ltx 2020/08/19 v1.0a Emulation of the original atveryend pac
kage
with kernel methods
)
\Fld@listcount=\count276
\c@bookmark@seq@number=\count277

(/usr/local/texlive/2024/texmf-dist/tex/latex/rerunfilecheck/rerunfilecheck.sty
Package: rerunfilecheck 2022-07-10 v1.10 Rerun checks for auxiliary files (HO)

(/usr/local/texlive/2024/texmf-dist/tex/generic/uniquecounter/uniquecounter.sty
Package: uniquecounter 2019/12/15 v1.4 Provide unlimited unique counter (HO)
)
Package uniquecounter Info: New unique counter `rerunfilecheck' on input line 2
85.
)
\Hy@SectionHShift=\skip50
) (/usr/local/texlive/2024/texmf-dist/tex/latex/enumitem/enumitem.sty
Package: enumitem 2019/06/20 v3.9 Customized lists
\labelindent=\skip51
\enit@outerparindent=\dimen153
\enit@toks=\toks21
\enit@inbox=\box51
\enit@count@id=\count278
\enitdp@description=\count279
)
(/usr/local/texlive/2024/texmf-dist/tex/latex/fancyhdr/fancyhdr.sty
Package: fancyhdr 2022/11/09 v4.1 Extensive control of page headers and footers

\f@nch@headwidth=\skip52
\f@nch@O@elh=\skip53
\f@nch@O@erh=\skip54
\f@nch@O@olh=\skip55
\f@nch@O@orh=\skip56
\f@nch@O@elf=\skip57
\f@nch@O@erf=\skip58
\f@nch@O@olf=\skip59
\f@nch@O@orf=\skip60
)
(/usr/local/texlive/2024/texmf-dist/tex/latex/xcolor/xcolor.sty
Package: xcolor 2023/11/15 v3.01 LaTeX color extensions (UK)

(/usr/local/texlive/2024/texmf-dist/tex/latex/graphics-cfg/color.cfg
File: color.cfg 2016/01/02 v1.6 sample color configuration
)
Package xcolor Info: Driver file: pdftex.def on input line 274.

(/usr/local/texlive/2024/texmf-dist/tex/latex/graphics-def/pdftex.def
File: pdftex.def 2022/09/22 v1.2b Graphics/color driver for pdftex
)
(/usr/local/texlive/2024/texmf-dist/tex/latex/graphics/mathcolor.ltx)
Package xcolor Info: Model `cmy' substituted by `cmy0' on input line 1350.
Package xcolor Info: Model `hsb' substituted by `rgb' on input line 1354.
Package xcolor Info: Model `RGB' extended on input line 1366.
Package xcolor Info: Model `HTML' substituted by `rgb' on input line 1368.
Package xcolor Info: Model `Hsb' substituted by `hsb' on input line 1369.
Package xcolor Info: Model `tHsb' substituted by `hsb' on input line 1370.
Package xcolor Info: Model `HSB' substituted by `hsb' on input line 1371.
Package xcolor Info: Model `Gray' substituted by `gray' on input line 1372.
Package xcolor Info: Model `wave' substituted by `hsb' on input line 1373.
)
(/usr/local/texlive/2024/texmf-dist/tex/latex/breakurl/breakurl.sty
Package: breakurl 2013/04/10 v1.40 Breakable hyperref URLs

(/usr/local/texlive/2024/texmf-dist/tex/latex/xkeyval/xkeyval.sty
Package: xkeyval 2022/06/16 v2.9 package option processing (HA)

(/usr/local/texlive/2024/texmf-dist/tex/generic/xkeyval/xkeyval.tex
(/usr/local/texlive/2024/texmf-dist/tex/generic/xkeyval/xkvutils.tex
\XKV@toks=\toks22
\XKV@tempa@toks=\toks23
)
\XKV@depth=\count280
File: xkeyval.tex 2014/12/03 v2.7a key=value parser (HA)
))
(/usr/local/texlive/2024/texmf-dist/tex/generic/iftex/ifpdf.sty
Package: ifpdf 2019/10/25 v3.4 ifpdf legacy package. Use iftex instead.
)

Package breakurl Warning: You are using breakurl while processing via pdflatex.

(breakurl)                \burl will be just a synonym of \url.
(breakurl)                 on input line 48.

) (/usr/local/texlive/2024/texmf-dist/tex/latex/amsmath/amsmath.sty
Package: amsmath 2023/05/13 v2.17o AMS math features
\@mathmargin=\skip61

For additional information on amsmath, use the `?' option.
(/usr/local/texlive/2024/texmf-dist/tex/latex/amsmath/amstext.sty
Package: amstext 2021/08/26 v2.01 AMS text

(/usr/local/texlive/2024/texmf-dist/tex/latex/amsmath/amsgen.sty
File: amsgen.sty 1999/11/30 v2.0 generic functions
\@emptytoks=\toks24
\ex@=\dimen154
))
(/usr/local/texlive/2024/texmf-dist/tex/latex/amsmath/amsbsy.sty
Package: amsbsy 1999/11/29 v1.2d Bold Symbols
\pmbraise@=\dimen155
)
(/usr/local/texlive/2024/texmf-dist/tex/latex/amsmath/amsopn.sty
Package: amsopn 2022/04/08 v2.04 operator names
)
\inf@bad=\count281
LaTeX Info: Redefining \frac on input line 234.
\uproot@=\count282
\leftroot@=\count283
LaTeX Info: Redefining \overline on input line 399.
LaTeX Info: Redefining \colon on input line 410.
\classnum@=\count284
\DOTSCASE@=\count285
LaTeX Info: Redefining \ldots on input line 496.
LaTeX Info: Redefining \dots on input line 499.
LaTeX Info: Redefining \cdots on input line 620.
\Mathstrutbox@=\box52
\strutbox@=\box53
LaTeX Info: Redefining \big on input line 722.
LaTeX Info: Redefining \Big on input line 723.
LaTeX Info: Redefining \bigg on input line 724.
LaTeX Info: Redefining \Bigg on input line 725.
\big@size=\dimen156
LaTeX Font Info:    Redeclaring font encoding OML on input line 743.
LaTeX Font Info:    Redeclaring font encoding OMS on input line 744.
\macc@depth=\count286
LaTeX Info: Redefining \bmod on input line 905.
LaTeX Info: Redefining \pmod on input line 910.
LaTeX Info: Redefining \smash on input line 940.
LaTeX Info: Redefining \relbar on input line 970.
LaTeX Info: Redefining \Relbar on input line 971.
\c@MaxMatrixCols=\count287
\dotsspace@=\muskip17
\c@parentequation=\count288
\dspbrk@lvl=\count289
\tag@help=\toks25
\row@=\count290
\column@=\count291
\maxfields@=\count292
\andhelp@=\toks26
\eqnshift@=\dimen157
\alignsep@=\dimen158
\tagshift@=\dimen159
\tagwidth@=\dimen160
\totwidth@=\dimen161
\lineht@=\dimen162
\@envbody=\toks27
\multlinegap=\skip62
\multlinetaggap=\skip63
\mathdisplay@stack=\toks28
LaTeX Info: Redefining \[ on input line 2953.
LaTeX Info: Redefining \] on input line 2954.
)
(/usr/local/texlive/2024/texmf-dist/tex/latex/amsfonts/amssymb.sty
Package: amssymb 2013/01/14 v3.01 AMS font symbols

(/usr/local/texlive/2024/texmf-dist/tex/latex/amsfonts/amsfonts.sty
Package: amsfonts 2013/01/14 v3.01 Basic AMSFonts support
\symAMSa=\mathgroup4
\symAMSb=\mathgroup5
LaTeX Font Info:    Redeclaring math symbol \hbar on input line 98.
LaTeX Font Info:    Overwriting math alphabet `\mathfrak' in version `bold'
(Font)                  U/euf/m/n --> U/euf/b/n on input line 106.
))
(/usr/local/texlive/2024/texmf-dist/tex/latex/mathtools/mathtools.sty
Package: mathtools 2024/03/11 v1.30 mathematical typesetting tools

(/usr/local/texlive/2024/texmf-dist/tex/latex/tools/calc.sty
Package: calc 2023/07/08 v4.3 Infix arithmetic (KKT,FJ)
\calc@Acount=\count293
\calc@Bcount=\count294
\calc@Adimen=\dimen163
\calc@Bdimen=\dimen164
\calc@Askip=\skip64
\calc@Bskip=\skip65
LaTeX Info: Redefining \setlength on input line 80.
LaTeX Info: Redefining \addtolength on input line 81.
\calc@Ccount=\count295
\calc@Cskip=\skip66
)
(/usr/local/texlive/2024/texmf-dist/tex/latex/mathtools/mhsetup.sty
Package: mhsetup 2021/03/18 v1.4 programming setup (MH)
)
\g_MT_multlinerow_int=\count296
\l_MT_multwidth_dim=\dimen165
\origjot=\skip67
\l_MT_shortvdotswithinadjustabove_dim=\dimen166
\l_MT_shortvdotswithinadjustbelow_dim=\dimen167
\l_MT_above_intertext_sep=\dimen168
\l_MT_below_intertext_sep=\dimen169
\l_MT_above_shortintertext_sep=\dimen170
\l_MT_below_shortintertext_sep=\dimen171
\xmathstrut@box=\box54
\xmathstrut@dim=\dimen172
)
(/usr/local/texlive/2024/texmf-dist/tex/latex/amscls/amsthm.sty
Package: amsthm 2020/05/29 v2.20.6
\thm@style=\toks29
\thm@bodyfont=\toks30
\thm@headfont=\toks31
\thm@notefont=\toks32
\thm@headpunct=\toks33
\thm@preskip=\skip68
\thm@postskip=\skip69
\thm@headsep=\skip70
\dth@everypar=\toks34
)
(/usr/local/texlive/2024/texmf-dist/tex/latex/thmtools/thmtools.sty
Package: thmtools 2023/05/04 v0.76
\thmt@toks=\toks35
\c@thmt@dummyctr=\count297

(/usr/local/texlive/2024/texmf-dist/tex/latex/thmtools/thm-patch.sty
Package: thm-patch 2023/05/04 v0.76

(/usr/local/texlive/2024/texmf-dist/tex/latex/thmtools/parseargs.sty
Package: parseargs 2023/05/04 v0.76
\@parsespec=\toks36
))
(/usr/local/texlive/2024/texmf-dist/tex/latex/thmtools/thm-kv.sty
Package: thm-kv 2023/05/04 v0.76
Package thm-kv Info: Theorem names will be uppercased on input line 42.
Package thm-kv Info: kvsetkeys patch (v1.16 or later) on input line 158.
)
(/usr/local/texlive/2024/texmf-dist/tex/latex/thmtools/thm-autoref.sty
Package: thm-autoref 2023/05/04 v0.76

(/usr/local/texlive/2024/texmf-dist/tex/latex/thmtools/aliasctr.sty
Package: aliasctr 2023/05/04 v0.76
))
(/usr/local/texlive/2024/texmf-dist/tex/latex/thmtools/thm-listof.sty
Package: thm-listof 2023/05/04 v0.76
)
(/usr/local/texlive/2024/texmf-dist/tex/latex/thmtools/thm-restate.sty
Package: thm-restate 2023/05/04 v0.76
)
(/usr/local/texlive/2024/texmf-dist/tex/latex/thmtools/thm-amsthm.sty
Package: thm-amsthm 2023/05/04 v0.76
\thmt@style@headstyle=\toks37
))
(/usr/local/texlive/2024/texmf-dist/tex/latex/float/float.sty
Package: float 2001/11/08 v1.3d Float enhancements (AL)
\c@float@type=\count298
\float@exts=\toks38
\float@box=\box55
\@float@everytoks=\toks39
\@floatcapt=\box56
)
(/usr/local/texlive/2024/texmf-dist/tex/latex/caption/subcaption.sty
Package: subcaption 2023/07/28 v1.6b Sub-captions (AR)

(/usr/local/texlive/2024/texmf-dist/tex/latex/caption/caption.sty
Package: caption 2023/08/05 v3.6o Customizing captions (AR)

(/usr/local/texlive/2024/texmf-dist/tex/latex/caption/caption3.sty
Package: caption3 2023/07/31 v2.4d caption3 kernel (AR)
\caption@tempdima=\dimen173
\captionmargin=\dimen174
\caption@leftmargin=\dimen175
\caption@rightmargin=\dimen176
\caption@width=\dimen177
\caption@indent=\dimen178
\caption@parindent=\dimen179
\caption@hangindent=\dimen180
Package caption Info: Standard document class detected.
)
\c@caption@flags=\count299
\c@continuedfloat=\count300
Package caption Info: float package is loaded.
Package caption Info: hyperref package is loaded.
)
Package caption Info: New subtype `subfigure' on input line 238.
\c@subfigure=\count301
Package caption Info: New subtype `subtable' on input line 238.
\c@subtable=\count302
)
Package hyperref Info: Option `colorlinks' set `true' on input line 33.
Package hyperref Info: Option `breaklinks' set `true' on input line 33.


Package hyperref Warning: Option `bookmarks' has already been used,
(hyperref)                setting the option has no effect on input line 33.


(/usr/local/texlive/2024/texmf-dist/tex/latex/newunicodechar/newunicodechar.sty
Package: newunicodechar 2018/04/08 v1.2 Defining Unicode characters
)
LaTeX Font Info:    Trying to load font information for T1+lmr on input line 68
.
 (/usr/local/texlive/2024/texmf-dist/tex/latex/lm/t1lmr.fd
File: t1lmr.fd 2015/05/01 v1.6.1 Font defs for Latin Modern
)
(/usr/local/texlive/2024/texmf-dist/tex/latex/l3backend/l3backend-pdftex.def
File: l3backend-pdftex.def 2024-02-20 L3 backend support: PDF output (pdfTeX)
\l__color_backend_stack_int=\count303
\l__pdf_internal_box=\box57
)
(_logs/notes.aux)
\openout1 = `notes.aux'.

LaTeX Font Info:    Checking defaults for OML/cmm/m/it on input line 68.
LaTeX Font Info:    ... okay on input line 68.
LaTeX Font Info:    Checking defaults for OMS/cmsy/m/n on input line 68.
LaTeX Font Info:    ... okay on input line 68.
LaTeX Font Info:    Checking defaults for OT1/cmr/m/n on input line 68.
LaTeX Font Info:    ... okay on input line 68.
LaTeX Font Info:    Checking defaults for T1/cmr/m/n on input line 68.
LaTeX Font Info:    ... okay on input line 68.
LaTeX Font Info:    Checking defaults for TS1/cmr/m/n on input line 68.
LaTeX Font Info:    ... okay on input line 68.
LaTeX Font Info:    Checking defaults for OMX/cmex/m/n on input line 68.
LaTeX Font Info:    ... okay on input line 68.
LaTeX Font Info:    Checking defaults for U/cmr/m/n on input line 68.
LaTeX Font Info:    ... okay on input line 68.
LaTeX Font Info:    Checking defaults for PD1/pdf/m/n on input line 68.
LaTeX Font Info:    ... okay on input line 68.
LaTeX Font Info:    Checking defaults for PU/pdf/m/n on input line 68.
LaTeX Font Info:    ... okay on input line 68.

*geometry* driver: auto-detecting
*geometry* detected driver: pdftex
*geometry* verbose mode - [ preamble ] result:
* driver: pdftex
* paper: <default>
* layout: <same size as paper>
* layoutoffset:(h,v)=(0.0pt,0.0pt)
* modes: 
* h-part:(L,W,R)=(72.26999pt, 469.75502pt, 72.26999pt)
* v-part:(T,H,B)=(72.26999pt, 650.43001pt, 72.26999pt)
* \paperwidth=614.295pt
* \paperheight=794.96999pt
* \textwidth=469.75502pt
* \textheight=650.43001pt
* \oddsidemargin=0.0pt
* \evensidemargin=0.0pt
* \topmargin=-39.0pt
* \headheight=14.0pt
* \headsep=25.0pt
* \topskip=10.0pt
* \footskip=30.0pt
* \marginparwidth=65.0pt
* \marginparsep=11.0pt
* \columnsep=10.0pt
* \skip\footins=9.0pt plus 4.0pt minus 2.0pt
* \hoffset=0.0pt
* \voffset=0.0pt
* \mag=1000
* \@twocolumnfalse
* \@twosidefalse
* \@mparswitchfalse
* \@reversemarginfalse
* (1in=72.27pt=25.4mm, 1cm=28.453pt)

Package hyperref Info: Link coloring ON on input line 68.
(_logs/notes.out) (_logs/notes.out)
\@outlinefile=\write3
\openout3 = `notes.out'.


(/usr/local/texlive/2024/texmf-dist/tex/context/base/mkii/supp-pdf.mkii
[Loading MPS to PDF converter (version 2006.09.02).]
\scratchcounter=\count304
\scratchdimen=\dimen181
\scratchbox=\box58
\nofMPsegments=\count305
\nofMParguments=\count306
\everyMPshowfont=\toks40
\MPscratchCnt=\count307
\MPscratchDim=\dimen182
\MPnumerator=\count308
\makeMPintoPDFobject=\count309
\everyMPtoPDFconversion=\toks41
) (/usr/local/texlive/2024/texmf-dist/tex/latex/graphics/graphicx.sty
Package: graphicx 2021/09/16 v1.2d Enhanced LaTeX Graphics (DPC,SPQR)

(/usr/local/texlive/2024/texmf-dist/tex/latex/graphics/graphics.sty
Package: graphics 2022/03/10 v1.4e Standard LaTeX Graphics (DPC,SPQR)

(/usr/local/texlive/2024/texmf-dist/tex/latex/graphics/trig.sty
Package: trig 2021/08/11 v1.11 sin cos tan (DPC)
)
(/usr/local/texlive/2024/texmf-dist/tex/latex/graphics-cfg/graphics.cfg
File: graphics.cfg 2016/06/04 v1.11 sample graphics configuration
)
Package graphics Info: Driver file: pdftex.def on input line 107.
)
\Gin@req@height=\dimen183
\Gin@req@width=\dimen184
)
Package caption Info: Begin \AtBeginDocument code.
Package caption Info: End \AtBeginDocument code.
LaTeX Font Info:    Trying to load font information for OT1+lmr on input line 7
1.

(/usr/local/texlive/2024/texmf-dist/tex/latex/lm/ot1lmr.fd
File: ot1lmr.fd 2015/05/01 v1.6.1 Font defs for Latin Modern
)
LaTeX Font Info:    Trying to load font information for OML+lmm on input line 7
1.

(/usr/local/texlive/2024/texmf-dist/tex/latex/lm/omllmm.fd
File: omllmm.fd 2015/05/01 v1.6.1 Font defs for Latin Modern
)
LaTeX Font Info:    Trying to load font information for OMS+lmsy on input line 
71.

(/usr/local/texlive/2024/texmf-dist/tex/latex/lm/omslmsy.fd
File: omslmsy.fd 2015/05/01 v1.6.1 Font defs for Latin Modern
)
LaTeX Font Info:    Trying to load font information for OMX+lmex on input line 
71.

(/usr/local/texlive/2024/texmf-dist/tex/latex/lm/omxlmex.fd
File: omxlmex.fd 2015/05/01 v1.6.1 Font defs for Latin Modern
)
LaTeX Font Info:    External font `lmex10' loaded for size
(Font)              <12> on input line 71.
LaTeX Font Info:    External font `lmex10' loaded for size
(Font)              <8> on input line 71.
LaTeX Font Info:    External font `lmex10' loaded for size
(Font)              <6> on input line 71.
LaTeX Font Info:    Trying to load font information for U+msa on input line 71.


(/usr/local/texlive/2024/texmf-dist/tex/latex/amsfonts/umsa.fd
File: umsa.fd 2013/01/14 v3.01 AMS symbols A
)
LaTeX Font Info:    Trying to load font information for U+msb on input line 71.


(/usr/local/texlive/2024/texmf-dist/tex/latex/amsfonts/umsb.fd
File: umsb.fd 2013/01/14 v3.01 AMS symbols B
) [1

{/usr/local/texlive/2024/texmf-var/fonts/map/pdftex/updmap/pdftex.map}{/usr/loc
al/texlive/2024/texmf-dist/fonts/enc/dvips/lm/lm-ec.enc}]
</Users/ashoksaravanan/Coding/ScribeLec/server/output/CS 243/lectures/08L2-Feat
ure Extraction/figures/2.1.png, id=706, 529.98pt x 361.35pt>
File: /Users/ashoksaravanan/Coding/ScribeLec/server/output/CS 243/lectures/08L2
-Feature Extraction/figures/2.1.png Graphic file (type png)
<use /Users/ashoksaravanan/Coding/ScribeLec/server/output/CS 243/lectures/08L2-
Feature Extraction/figures/2.1.png>
Package pdftex.def Info: /Users/ashoksaravanan/Coding/ScribeLec/server/output/C
S 243/lectures/08L2-Feature Extraction/figures/2.1.png  used on input line 99.
(pdftex.def)             Requested size: 70.46037pt x 48.04129pt.
 [2 </Users/ashoksaravanan/Coding/ScribeLec/server/output/CS 243/lectures/08L2-
Feature Extraction/figures/2.1.png (PNG copy)>]
</Users/ashoksaravanan/Coding/ScribeLec/server/output/CS 243/lectures/08L2-Feat
ure Extraction/figures/3.1.png, id=713, 497.86pt x 319.1925pt>
File: /Users/ashoksaravanan/Coding/ScribeLec/server/output/CS 243/lectures/08L2
-Feature Extraction/figures/3.1.png Graphic file (type png)
<use /Users/ashoksaravanan/Coding/ScribeLec/server/output/CS 243/lectures/08L2-
Feature Extraction/figures/3.1.png>
Package pdftex.def Info: /Users/ashoksaravanan/Coding/ScribeLec/server/output/C
S 243/lectures/08L2-Feature Extraction/figures/3.1.png  used on input line 117.

(pdftex.def)             Requested size: 70.46037pt x 45.17369pt.
 [3 </Users/ashoksaravanan/Coding/ScribeLec/server/output/CS 243/lectures/08L2-
Feature Extraction/figures/3.1.png (PNG copy)>] [4]
LaTeX Font Info:    Trying to load font information for TS1+lmr on input line 1
47.

(/usr/local/texlive/2024/texmf-dist/tex/latex/lm/ts1lmr.fd
File: ts1lmr.fd 2015/05/01 v1.6.1 Font defs for Latin Modern
)
</Users/ashoksaravanan/Coding/ScribeLec/server/output/CS 243/lectures/08L2-Feat
ure Extraction/figures/5.1.png, id=724, 216.81pt x 121.45375pt>
File: /Users/ashoksaravanan/Coding/ScribeLec/server/output/CS 243/lectures/08L2
-Feature Extraction/figures/5.1.png Graphic file (type png)
<use /Users/ashoksaravanan/Coding/ScribeLec/server/output/CS 243/lectures/08L2-
Feature Extraction/figures/5.1.png>
Package pdftex.def Info: /Users/ashoksaravanan/Coding/ScribeLec/server/output/C
S 243/lectures/08L2-Feature Extraction/figures/5.1.png  used on input line 157.

(pdftex.def)             Requested size: 70.46037pt x 39.47014pt.
</Users/ashoksaravanan/Coding/ScribeLec/server/output/CS 243/lectures/08L2-Feat
ure Extraction/figures/5.2.png, id=725, 882.29625pt x 569.12625pt>
File: /Users/ashoksaravanan/Coding/ScribeLec/server/output/CS 243/lectures/08L2
-Feature Extraction/figures/5.2.png Graphic file (type png)
<use /Users/ashoksaravanan/Coding/ScribeLec/server/output/CS 243/lectures/08L2-
Feature Extraction/figures/5.2.png>
Package pdftex.def Info: /Users/ashoksaravanan/Coding/ScribeLec/server/output/C
S 243/lectures/08L2-Feature Extraction/figures/5.2.png  used on input line 163.

(pdftex.def)             Requested size: 70.46037pt x 45.44418pt.
</Users/ashoksaravanan/Coding/ScribeLec/server/output/CS 243/lectures/08L2-Feat
ure Extraction/figures/5.3.png, id=726, 187.70125pt x 124.465pt>
File: /Users/ashoksaravanan/Coding/ScribeLec/server/output/CS 243/lectures/08L2
-Feature Extraction/figures/5.3.png Graphic file (type png)
<use /Users/ashoksaravanan/Coding/ScribeLec/server/output/CS 243/lectures/08L2-
Feature Extraction/figures/5.3.png>
Package pdftex.def Info: /Users/ashoksaravanan/Coding/ScribeLec/server/output/C
S 243/lectures/08L2-Feature Extraction/figures/5.3.png  used on input line 169.

(pdftex.def)             Requested size: 70.46037pt x 46.72363pt.
</Users/ashoksaravanan/Coding/ScribeLec/server/output/CS 243/lectures/08L2-Feat
ure Extraction/figures/5.4.png, id=727, 1003.75pt x 643.40375pt>
File: /Users/ashoksaravanan/Coding/ScribeLec/server/output/CS 243/lectures/08L2
-Feature Extraction/figures/5.4.png Graphic file (type png)
<use /Users/ashoksaravanan/Coding/ScribeLec/server/output/CS 243/lectures/08L2-
Feature Extraction/figures/5.4.png>
Package pdftex.def Info: /Users/ashoksaravanan/Coding/ScribeLec/server/output/C
S 243/lectures/08L2-Feature Extraction/figures/5.4.png  used on input line 175.

(pdftex.def)             Requested size: 70.46037pt x 45.16068pt.
</Users/ashoksaravanan/Coding/ScribeLec/server/output/CS 243/lectures/08L2-Feat
ure Extraction/figures/5.5.png, id=728, 282.05376pt x 188.705pt>
File: /Users/ashoksaravanan/Coding/ScribeLec/server/output/CS 243/lectures/08L2
-Feature Extraction/figures/5.5.png Graphic file (type png)
<use /Users/ashoksaravanan/Coding/ScribeLec/server/output/CS 243/lectures/08L2-
Feature Extraction/figures/5.5.png>
Package pdftex.def Info: /Users/ashoksaravanan/Coding/ScribeLec/server/output/C
S 243/lectures/08L2-Feature Extraction/figures/5.5.png  used on input line 181.

(pdftex.def)             Requested size: 70.46037pt x 47.14157pt.
 [5{/usr/local/texlive/2024/texmf-dist/fonts/enc/dvips/lm/lm-ts1.enc} </Users/a
shoksaravanan/Coding/ScribeLec/server/output/CS 243/lectures/08L2-Feature Extra
ction/figures/5.1.png (PNG copy)> </Users/ashoksaravanan/Coding/ScribeLec/serve
r/output/CS 243/lectures/08L2-Feature Extraction/figures/5.2.png (PNG copy)> </
Users/ashoksaravanan/Coding/ScribeLec/server/output/CS 243/lectures/08L2-Featur
e Extraction/figures/5.3.png (PNG copy)> </Users/ashoksaravanan/Coding/ScribeLe
c/server/output/CS 243/lectures/08L2-Feature Extraction/figures/5.4.png (PNG co
py)> </Users/ashoksaravanan/Coding/ScribeLec/server/output/CS 243/lectures/08L2
-Feature Extraction/figures/5.5.png (PNG copy)>]
</Users/ashoksaravanan/Coding/ScribeLec/server/output/CS 243/lectures/08L2-Feat
ure Extraction/figures/6.1.png, id=735, 296.10625pt x 219.82124pt>
File: /Users/ashoksaravanan/Coding/ScribeLec/server/output/CS 243/lectures/08L2
-Feature Extraction/figures/6.1.png Graphic file (type png)
<use /Users/ashoksaravanan/Coding/ScribeLec/server/output/CS 243/lectures/08L2-
Feature Extraction/figures/6.1.png>
Package pdftex.def Info: /Users/ashoksaravanan/Coding/ScribeLec/server/output/C
S 243/lectures/08L2-Feature Extraction/figures/6.1.png  used on input line 199.

(pdftex.def)             Requested size: 70.46037pt x 52.30534pt.
</Users/ashoksaravanan/Coding/ScribeLec/server/output/CS 243/lectures/08L2-Feat
ure Extraction/figures/6.2.png, id=736, 350.30875pt x 157.58875pt>
File: /Users/ashoksaravanan/Coding/ScribeLec/server/output/CS 243/lectures/08L2
-Feature Extraction/figures/6.2.png Graphic file (type png)
<use /Users/ashoksaravanan/Coding/ScribeLec/server/output/CS 243/lectures/08L2-
Feature Extraction/figures/6.2.png>
Package pdftex.def Info: /Users/ashoksaravanan/Coding/ScribeLec/server/output/C
S 243/lectures/08L2-Feature Extraction/figures/6.2.png  used on input line 205.

(pdftex.def)             Requested size: 70.46037pt x 31.69513pt.
 [6 </Users/ashoksaravanan/Coding/ScribeLec/server/output/CS 243/lectures/08L2-
Feature Extraction/figures/6.1.png (PNG copy)> </Users/ashoksaravanan/Coding/Sc
ribeLec/server/output/CS 243/lectures/08L2-Feature Extraction/figures/6.2.png (
PNG copy)>]
</Users/ashoksaravanan/Coding/ScribeLec/server/output/CS 243/lectures/08L2-Feat
ure Extraction/figures/7.1.png, id=742, 601.24625pt x 242.9075pt>
File: /Users/ashoksaravanan/Coding/ScribeLec/server/output/CS 243/lectures/08L2
-Feature Extraction/figures/7.1.png Graphic file (type png)
<use /Users/ashoksaravanan/Coding/ScribeLec/server/output/CS 243/lectures/08L2-
Feature Extraction/figures/7.1.png>
Package pdftex.def Info: /Users/ashoksaravanan/Coding/ScribeLec/server/output/C
S 243/lectures/08L2-Feature Extraction/figures/7.1.png  used on input line 227.

(pdftex.def)             Requested size: 70.46037pt x 28.46564pt.
 [7 </Users/ashoksaravanan/Coding/ScribeLec/server/output/CS 243/lectures/08L2-
Feature Extraction/figures/7.1.png (PNG copy)>]
</Users/ashoksaravanan/Coding/ScribeLec/server/output/CS 243/lectures/08L2-Feat
ure Extraction/figures/8.1.png, id=750, 407.5225pt x 316.18124pt>
File: /Users/ashoksaravanan/Coding/ScribeLec/server/output/CS 243/lectures/08L2
-Feature Extraction/figures/8.1.png Graphic file (type png)
<use /Users/ashoksaravanan/Coding/ScribeLec/server/output/CS 243/lectures/08L2-
Feature Extraction/figures/8.1.png>
Package pdftex.def Info: /Users/ashoksaravanan/Coding/ScribeLec/server/output/C
S 243/lectures/08L2-Feature Extraction/figures/8.1.png  used on input line 251.

(pdftex.def)             Requested size: 70.46037pt x 54.66675pt.
</Users/ashoksaravanan/Coding/ScribeLec/server/output/CS 243/lectures/08L2-Feat
ure Extraction/figures/8.2.png, id=751, 407.5225pt x 316.18124pt>
File: /Users/ashoksaravanan/Coding/ScribeLec/server/output/CS 243/lectures/08L2
-Feature Extraction/figures/8.2.png Graphic file (type png)
<use /Users/ashoksaravanan/Coding/ScribeLec/server/output/CS 243/lectures/08L2-
Feature Extraction/figures/8.2.png>
Package pdftex.def Info: /Users/ashoksaravanan/Coding/ScribeLec/server/output/C
S 243/lectures/08L2-Feature Extraction/figures/8.2.png  used on input line 257.

(pdftex.def)             Requested size: 70.46037pt x 54.66675pt.
 [8 </Users/ashoksaravanan/Coding/ScribeLec/server/output/CS 243/lectures/08L2-
Feature Extraction/figures/8.1.png (PNG copy)> </Users/ashoksaravanan/Coding/Sc
ribeLec/server/output/CS 243/lectures/08L2-Feature Extraction/figures/8.2.png (
PNG copy)>]
</Users/ashoksaravanan/Coding/ScribeLec/server/output/CS 243/lectures/08L2-Feat
ure Extraction/figures/9.1.png, id=757, 329.23pt x 439.6425pt>
File: /Users/ashoksaravanan/Coding/ScribeLec/server/output/CS 243/lectures/08L2
-Feature Extraction/figures/9.1.png Graphic file (type png)
<use /Users/ashoksaravanan/Coding/ScribeLec/server/output/CS 243/lectures/08L2-
Feature Extraction/figures/9.1.png>
Package pdftex.def Info: /Users/ashoksaravanan/Coding/ScribeLec/server/output/C
S 243/lectures/08L2-Feature Extraction/figures/9.1.png  used on input line 277.

(pdftex.def)             Requested size: 70.46037pt x 94.08524pt.
 [9 </Users/ashoksaravanan/Coding/ScribeLec/server/output/CS 243/lectures/08L2-
Feature Extraction/figures/9.1.png (PNG copy)>]
</Users/ashoksaravanan/Coding/ScribeLec/server/output/CS 243/lectures/08L2-Feat
ure Extraction/figures/10.1.png, id=763, 329.23pt x 439.6425pt>
File: /Users/ashoksaravanan/Coding/ScribeLec/server/output/CS 243/lectures/08L2
-Feature Extraction/figures/10.1.png Graphic file (type png)
<use /Users/ashoksaravanan/Coding/ScribeLec/server/output/CS 243/lectures/08L2-
Feature Extraction/figures/10.1.png>
Package pdftex.def Info: /Users/ashoksaravanan/Coding/ScribeLec/server/output/C
S 243/lectures/08L2-Feature Extraction/figures/10.1.png  used on input line 297
.
(pdftex.def)             Requested size: 70.46037pt x 94.08524pt.
</Users/ashoksaravanan/Coding/ScribeLec/server/output/CS 243/lectures/08L2-Feat
ure Extraction/figures/10.2.png, id=764, 584.1825pt x 1003.75pt>
File: /Users/ashoksaravanan/Coding/ScribeLec/server/output/CS 243/lectures/08L2
-Feature Extraction/figures/10.2.png Graphic file (type png)
<use /Users/ashoksaravanan/Coding/ScribeLec/server/output/CS 243/lectures/08L2-
Feature Extraction/figures/10.2.png>
Package pdftex.def Info: /Users/ashoksaravanan/Coding/ScribeLec/server/output/C
S 243/lectures/08L2-Feature Extraction/figures/10.2.png  used on input line 303
.
(pdftex.def)             Requested size: 70.46037pt x 121.05743pt.
 [10 </Users/ashoksaravanan/Coding/ScribeLec/server/output/CS 243/lectures/08L2
-Feature Extraction/figures/10.1.png (PNG copy)> </Users/ashoksaravanan/Coding/
ScribeLec/server/output/CS 243/lectures/08L2-Feature Extraction/figures/10.2.pn
g (PNG copy)>]
</Users/ashoksaravanan/Coding/ScribeLec/server/output/CS 243/lectures/08L2-Feat
ure Extraction/figures/11.1.png, id=770, 329.23pt x 439.6425pt>
File: /Users/ashoksaravanan/Coding/ScribeLec/server/output/CS 243/lectures/08L2
-Feature Extraction/figures/11.1.png Graphic file (type png)
<use /Users/ashoksaravanan/Coding/ScribeLec/server/output/CS 243/lectures/08L2-
Feature Extraction/figures/11.1.png>
Package pdftex.def Info: /Users/ashoksaravanan/Coding/ScribeLec/server/output/C
S 243/lectures/08L2-Feature Extraction/figures/11.1.png  used on input line 323
.
(pdftex.def)             Requested size: 70.46037pt x 94.08524pt.
</Users/ashoksaravanan/Coding/ScribeLec/server/output/CS 243/lectures/08L2-Feat
ure Extraction/figures/11.2.png, id=771, 872.25874pt x 1003.75pt>
File: /Users/ashoksaravanan/Coding/ScribeLec/server/output/CS 243/lectures/08L2
-Feature Extraction/figures/11.2.png Graphic file (type png)
<use /Users/ashoksaravanan/Coding/ScribeLec/server/output/CS 243/lectures/08L2-
Feature Extraction/figures/11.2.png>
Package pdftex.def Info: /Users/ashoksaravanan/Coding/ScribeLec/server/output/C
S 243/lectures/08L2-Feature Extraction/figures/11.2.png  used on input line 329
.
(pdftex.def)             Requested size: 70.46037pt x 81.06743pt.
[11 </Users/ashoksaravanan/Coding/ScribeLec/server/output/CS 243/lectures/08L2-
Feature Extraction/figures/11.1.png (PNG copy)> </Users/ashoksaravanan/Coding/S
cribeLec/server/output/CS 243/lectures/08L2-Feature Extraction/figures/11.2.png
 (PNG copy)>]
</Users/ashoksaravanan/Coding/ScribeLec/server/output/CS 243/lectures/08L2-Feat
ure Extraction/figures/12.1.png, id=777, 329.23pt x 439.6425pt>
File: /Users/ashoksaravanan/Coding/ScribeLec/server/output/CS 243/lectures/08L2
-Feature Extraction/figures/12.1.png Graphic file (type png)
<use /Users/ashoksaravanan/Coding/ScribeLec/server/output/CS 243/lectures/08L2-
Feature Extraction/figures/12.1.png>
Package pdftex.def Info: /Users/ashoksaravanan/Coding/ScribeLec/server/output/C
S 243/lectures/08L2-Feature Extraction/figures/12.1.png  used on input line 349
.
(pdftex.def)             Requested size: 70.46037pt x 94.08524pt.
</Users/ashoksaravanan/Coding/ScribeLec/server/output/CS 243/lectures/08L2-Feat
ure Extraction/figures/12.2.png, id=778, 1003.75pt x 1003.75pt>
File: /Users/ashoksaravanan/Coding/ScribeLec/server/output/CS 243/lectures/08L2
-Feature Extraction/figures/12.2.png Graphic file (type png)
<use /Users/ashoksaravanan/Coding/ScribeLec/server/output/CS 243/lectures/08L2-
Feature Extraction/figures/12.2.png>
Package pdftex.def Info: /Users/ashoksaravanan/Coding/ScribeLec/server/output/C
S 243/lectures/08L2-Feature Extraction/figures/12.2.png  used on input line 355
.
(pdftex.def)             Requested size: 70.46037pt x 70.45346pt.
 [12 </Users/ashoksaravanan/Coding/ScribeLec/server/output/CS 243/lectures/08L2
-Feature Extraction/figures/12.1.png (PNG copy)> </Users/ashoksaravanan/Coding/
ScribeLec/server/output/CS 243/lectures/08L2-Feature Extraction/figures/12.2.pn
g (PNG copy)>]
</Users/ashoksaravanan/Coding/ScribeLec/server/output/CS 243/lectures/08L2-Feat
ure Extraction/figures/13.1.png, id=784, 680.5425pt x 327.2225pt>
File: /Users/ashoksaravanan/Coding/ScribeLec/server/output/CS 243/lectures/08L2
-Feature Extraction/figures/13.1.png Graphic file (type png)
<use /Users/ashoksaravanan/Coding/ScribeLec/server/output/CS 243/lectures/08L2-
Feature Extraction/figures/13.1.png>
Package pdftex.def Info: /Users/ashoksaravanan/Coding/ScribeLec/server/output/C
S 243/lectures/08L2-Feature Extraction/figures/13.1.png  used on input line 377
.
(pdftex.def)             Requested size: 70.46037pt x 33.87755pt.
 [13 </Users/ashoksaravanan/Coding/ScribeLec/server/output/CS 243/lectures/08L2
-Feature Extraction/figures/13.1.png (PNG copy)>]
</Users/ashoksaravanan/Coding/ScribeLec/server/output/CS 243/lectures/08L2-Feat
ure Extraction/figures/14.1.png, id=791, 352.31625pt x 263.98625pt>
File: /Users/ashoksaravanan/Coding/ScribeLec/server/output/CS 243/lectures/08L2
-Feature Extraction/figures/14.1.png Graphic file (type png)
<use /Users/ashoksaravanan/Coding/ScribeLec/server/output/CS 243/lectures/08L2-
Feature Extraction/figures/14.1.png>
Package pdftex.def Info: /Users/ashoksaravanan/Coding/ScribeLec/server/output/C
S 243/lectures/08L2-Feature Extraction/figures/14.1.png  used on input line 397
.
(pdftex.def)             Requested size: 70.46037pt x 52.79228pt.
</Users/ashoksaravanan/Coding/ScribeLec/server/output/CS 243/lectures/08L2-Feat
ure Extraction/figures/14.2.png, id=792, 262.9825pt x 351.3125pt>
File: /Users/ashoksaravanan/Coding/ScribeLec/server/output/CS 243/lectures/08L2
-Feature Extraction/figures/14.2.png Graphic file (type png)
<use /Users/ashoksaravanan/Coding/ScribeLec/server/output/CS 243/lectures/08L2-
Feature Extraction/figures/14.2.png>
Package pdftex.def Info: /Users/ashoksaravanan/Coding/ScribeLec/server/output/C
S 243/lectures/08L2-Feature Extraction/figures/14.2.png  used on input line 403
.
(pdftex.def)             Requested size: 70.46037pt x 94.12659pt.
</Users/ashoksaravanan/Coding/ScribeLec/server/output/CS 243/lectures/08L2-Feat
ure Extraction/figures/14.3.png, id=793, 348.30125pt x 259.97125pt>
File: /Users/ashoksaravanan/Coding/ScribeLec/server/output/CS 243/lectures/08L2
-Feature Extraction/figures/14.3.png Graphic file (type png)
<use /Users/ashoksaravanan/Coding/ScribeLec/server/output/CS 243/lectures/08L2-
Feature Extraction/figures/14.3.png>
Package pdftex.def Info: /Users/ashoksaravanan/Coding/ScribeLec/server/output/C
S 243/lectures/08L2-Feature Extraction/figures/14.3.png  used on input line 409
.
(pdftex.def)             Requested size: 70.46037pt x 52.58835pt.

[14 </Users/ashoksaravanan/Coding/ScribeLec/server/output/CS 243/lectures/08L2-
Feature Extraction/figures/14.1.png (PNG copy)> </Users/ashoksaravanan/Coding/S
cribeLec/server/output/CS 243/lectures/08L2-Feature Extraction/figures/14.2.png
 (PNG copy)> </Users/ashoksaravanan/Coding/ScribeLec/server/output/CS 243/lectu
res/08L2-Feature Extraction/figures/14.3.png (PNG copy)>]
LaTeX Font Info:    External font `lmex10' loaded for size
(Font)              <10> on input line 422.
LaTeX Font Info:    External font `lmex10' loaded for size
(Font)              <7> on input line 422.
LaTeX Font Info:    External font `lmex10' loaded for size
(Font)              <5> on input line 422.
 [15{/usr/local/texlive/2024/texmf-dist/fonts/enc/dvips/lm/lm-mathit.enc}{/usr/
local/texlive/2024/texmf-dist/fonts/enc/dvips/lm/lm-rm.enc}{/usr/local/texlive/
2024/texmf-dist/fonts/enc/dvips/lm/lm-mathsy.enc}{/usr/local/texlive/2024/texmf
-dist/fonts/enc/dvips/lm/lm-mathex.enc}] [16]
</Users/ashoksaravanan/Coding/ScribeLec/server/output/CS 243/lectures/08L2-Feat
ure Extraction/figures/17.1.png, id=814, 479.7925pt x 426.59375pt>
File: /Users/ashoksaravanan/Coding/ScribeLec/server/output/CS 243/lectures/08L2
-Feature Extraction/figures/17.1.png Graphic file (type png)
<use /Users/ashoksaravanan/Coding/ScribeLec/server/output/CS 243/lectures/08L2-
Feature Extraction/figures/17.1.png>
Package pdftex.def Info: /Users/ashoksaravanan/Coding/ScribeLec/server/output/C
S 243/lectures/08L2-Feature Extraction/figures/17.1.png  used on input line 465
.
(pdftex.def)             Requested size: 70.46037pt x 62.64539pt.
 [17 </Users/ashoksaravanan/Coding/ScribeLec/server/output/CS 243/lectures/08L2
-Feature Extraction/figures/17.1.png (PNG copy)>]
</Users/ashoksaravanan/Coding/ScribeLec/server/output/CS 243/lectures/08L2-Feat
ure Extraction/figures/18.1.png, id=821, 752.8125pt x 100.375pt>
File: /Users/ashoksaravanan/Coding/ScribeLec/server/output/CS 243/lectures/08L2
-Feature Extraction/figures/18.1.png Graphic file (type png)
<use /Users/ashoksaravanan/Coding/ScribeLec/server/output/CS 243/lectures/08L2-
Feature Extraction/figures/18.1.png>
Package pdftex.def Info: /Users/ashoksaravanan/Coding/ScribeLec/server/output/C
S 243/lectures/08L2-Feature Extraction/figures/18.1.png  used on input line 485
.
(pdftex.def)             Requested size: 70.46037pt x 9.39328pt.

[18 </Users/ashoksaravanan/Coding/ScribeLec/server/output/CS 243/lectures/08L2-
Feature Extraction/figures/18.1.png (PNG copy)>]
</Users/ashoksaravanan/Coding/ScribeLec/server/output/CS 243/lectures/08L2-Feat
ure Extraction/figures/19.1.png, id=827, 337.26pt x 224.84pt>
File: /Users/ashoksaravanan/Coding/ScribeLec/server/output/CS 243/lectures/08L2
-Feature Extraction/figures/19.1.png Graphic file (type png)
<use /Users/ashoksaravanan/Coding/ScribeLec/server/output/CS 243/lectures/08L2-
Feature Extraction/figures/19.1.png>
Package pdftex.def Info: /Users/ashoksaravanan/Coding/ScribeLec/server/output/C
S 243/lectures/08L2-Feature Extraction/figures/19.1.png  used on input line 505
.
(pdftex.def)             Requested size: 70.46037pt x 46.97076pt.
</Users/ashoksaravanan/Coding/ScribeLec/server/output/CS 243/lectures/08L2-Feat
ure Extraction/figures/19.2.png, id=828, 337.26pt x 224.84pt>
File: /Users/ashoksaravanan/Coding/ScribeLec/server/output/CS 243/lectures/08L2
-Feature Extraction/figures/19.2.png Graphic file (type png)
<use /Users/ashoksaravanan/Coding/ScribeLec/server/output/CS 243/lectures/08L2-
Feature Extraction/figures/19.2.png>
Package pdftex.def Info: /Users/ashoksaravanan/Coding/ScribeLec/server/output/C
S 243/lectures/08L2-Feature Extraction/figures/19.2.png  used on input line 511
.
(pdftex.def)             Requested size: 70.46037pt x 46.97076pt.
</Users/ashoksaravanan/Coding/ScribeLec/server/output/CS 243/lectures/08L2-Feat
ure Extraction/figures/19.3.png, id=829, 337.26pt x 224.84pt>
File: /Users/ashoksaravanan/Coding/ScribeLec/server/output/CS 243/lectures/08L2
-Feature Extraction/figures/19.3.png Graphic file (type png)
<use /Users/ashoksaravanan/Coding/ScribeLec/server/output/CS 243/lectures/08L2-
Feature Extraction/figures/19.3.png>
Package pdftex.def Info: /Users/ashoksaravanan/Coding/ScribeLec/server/output/C
S 243/lectures/08L2-Feature Extraction/figures/19.3.png  used on input line 517
.
(pdftex.def)             Requested size: 70.46037pt x 46.97076pt.
 [19 </Users/ashoksaravanan/Coding/ScribeLec/server/output/CS 243/lectures/08L2
-Feature Extraction/figures/19.1.png (PNG copy)> </Users/ashoksaravanan/Coding/
ScribeLec/server/output/CS 243/lectures/08L2-Feature Extraction/figures/19.2.pn
g (PNG copy)> </Users/ashoksaravanan/Coding/ScribeLec/server/output/CS 243/lect
ures/08L2-Feature Extraction/figures/19.3.png (PNG copy)>] [20] [21] [22]
</Users/ashoksaravanan/Coding/ScribeLec/server/output/CS 243/lectures/08L2-Feat
ure Extraction/figures/23.1.png, id=852, 187.70125pt x 187.70125pt>
File: /Users/ashoksaravanan/Coding/ScribeLec/server/output/CS 243/lectures/08L2
-Feature Extraction/figures/23.1.png Graphic file (type png)
<use /Users/ashoksaravanan/Coding/ScribeLec/server/output/CS 243/lectures/08L2-
Feature Extraction/figures/23.1.png>
Package pdftex.def Info: /Users/ashoksaravanan/Coding/ScribeLec/server/output/C
S 243/lectures/08L2-Feature Extraction/figures/23.1.png  used on input line 599
.
(pdftex.def)             Requested size: 70.46037pt x 70.46225pt.
</Users/ashoksaravanan/Coding/ScribeLec/server/output/CS 243/lectures/08L2-Feat
ure Extraction/figures/23.2.png, id=853, 188.705pt x 187.70125pt>
File: /Users/ashoksaravanan/Coding/ScribeLec/server/output/CS 243/lectures/08L2
-Feature Extraction/figures/23.2.png Graphic file (type png)
<use /Users/ashoksaravanan/Coding/ScribeLec/server/output/CS 243/lectures/08L2-
Feature Extraction/figures/23.2.png>
Package pdftex.def Info: /Users/ashoksaravanan/Coding/ScribeLec/server/output/C
S 243/lectures/08L2-Feature Extraction/figures/23.2.png  used on input line 605
.
(pdftex.def)             Requested size: 70.46037pt x 70.0842pt.
</Users/ashoksaravanan/Coding/ScribeLec/server/output/CS 243/lectures/08L2-Feat
ure Extraction/figures/23.3.png, id=854, 188.705pt x 187.70125pt>
File: /Users/ashoksaravanan/Coding/ScribeLec/server/output/CS 243/lectures/08L2
-Feature Extraction/figures/23.3.png Graphic file (type png)
<use /Users/ashoksaravanan/Coding/ScribeLec/server/output/CS 243/lectures/08L2-
Feature Extraction/figures/23.3.png>
Package pdftex.def Info: /Users/ashoksaravanan/Coding/ScribeLec/server/output/C
S 243/lectures/08L2-Feature Extraction/figures/23.3.png  used on input line 611
.
(pdftex.def)             Requested size: 70.46037pt x 70.0842pt.
 [23 </Users/ashoksaravanan/Coding/ScribeLec/server/output/CS 243/lectures/08L2
-Feature Extraction/figures/23.1.png (PNG copy)> </Users/ashoksaravanan/Coding/
ScribeLec/server/output/CS 243/lectures/08L2-Feature Extraction/figures/23.2.pn
g (PNG copy)> </Users/ashoksaravanan/Coding/ScribeLec/server/output/CS 243/lect
ures/08L2-Feature Extraction/figures/23.3.png (PNG copy)>] [24]
Underfull \hbox (badness 10000) in paragraph at lines 643--647

 []

[25]
</Users/ashoksaravanan/Coding/ScribeLec/server/output/CS 243/lectures/08L2-Feat
ure Extraction/figures/26.1.png, id=872, 228.855pt x 228.855pt>
File: /Users/ashoksaravanan/Coding/ScribeLec/server/output/CS 243/lectures/08L2
-Feature Extraction/figures/26.1.png Graphic file (type png)
<use /Users/ashoksaravanan/Coding/ScribeLec/server/output/CS 243/lectures/08L2-
Feature Extraction/figures/26.1.png>
Package pdftex.def Info: /Users/ashoksaravanan/Coding/ScribeLec/server/output/C
S 243/lectures/08L2-Feature Extraction/figures/26.1.png  used on input line 677
.
(pdftex.def)             Requested size: 70.46037pt x 70.45891pt.
</Users/ashoksaravanan/Coding/ScribeLec/server/output/CS 243/lectures/08L2-Feat
ure Extraction/figures/26.2.png, id=873, 162.6075pt x 163.61125pt>
File: /Users/ashoksaravanan/Coding/ScribeLec/server/output/CS 243/lectures/08L2
-Feature Extraction/figures/26.2.png Graphic file (type png)
<use /Users/ashoksaravanan/Coding/ScribeLec/server/output/CS 243/lectures/08L2-
Feature Extraction/figures/26.2.png>
Package pdftex.def Info: /Users/ashoksaravanan/Coding/ScribeLec/server/output/C
S 243/lectures/08L2-Feature Extraction/figures/26.2.png  used on input line 683
.
(pdftex.def)             Requested size: 70.46037pt x 70.89569pt.
 [26 </Users/ashoksaravanan/Coding/ScribeLec/server/output/CS 243/lectures/08L2
-Feature Extraction/figures/26.1.png (PNG copy)> </Users/ashoksaravanan/Coding/
ScribeLec/server/output/CS 243/lectures/08L2-Feature Extraction/figures/26.2.pn
g (PNG copy)>] [27]
</Users/ashoksaravanan/Coding/ScribeLec/server/output/CS 243/lectures/08L2-Feat
ure Extraction/figures/28.1.png, id=884, 671.50874pt x 434.62375pt>
File: /Users/ashoksaravanan/Coding/ScribeLec/server/output/CS 243/lectures/08L2
-Feature Extraction/figures/28.1.png Graphic file (type png)
<use /Users/ashoksaravanan/Coding/ScribeLec/server/output/CS 243/lectures/08L2-
Feature Extraction/figures/28.1.png>
Package pdftex.def Info: /Users/ashoksaravanan/Coding/ScribeLec/server/output/C
S 243/lectures/08L2-Feature Extraction/figures/28.1.png  used on input line 716
.
(pdftex.def)             Requested size: 70.46037pt x 45.60036pt.
 [28 </Users/ashoksaravanan/Coding/ScribeLec/server/output/CS 243/lectures/08L2
-Feature Extraction/figures/28.1.png (PNG copy)>]
</Users/ashoksaravanan/Coding/ScribeLec/server/output/CS 243/lectures/08L2-Feat
ure Extraction/figures/29.1.png, id=890, 671.50874pt x 434.62375pt>
File: /Users/ashoksaravanan/Coding/ScribeLec/server/output/CS 243/lectures/08L2
-Feature Extraction/figures/29.1.png Graphic file (type png)
<use /Users/ashoksaravanan/Coding/ScribeLec/server/output/CS 243/lectures/08L2-
Feature Extraction/figures/29.1.png>
Package pdftex.def Info: /Users/ashoksaravanan/Coding/ScribeLec/server/output/C
S 243/lectures/08L2-Feature Extraction/figures/29.1.png  used on input line 736
.
(pdftex.def)             Requested size: 70.46037pt x 45.60036pt.

[29 </Users/ashoksaravanan/Coding/ScribeLec/server/output/CS 243/lectures/08L2-
Feature Extraction/figures/29.1.png (PNG copy)>]
</Users/ashoksaravanan/Coding/ScribeLec/server/output/CS 243/lectures/08L2-Feat
ure Extraction/figures/30.1.png, id=896, 23.08624pt x 31.11626pt>
File: /Users/ashoksaravanan/Coding/ScribeLec/server/output/CS 243/lectures/08L2
-Feature Extraction/figures/30.1.png Graphic file (type png)
<use /Users/ashoksaravanan/Coding/ScribeLec/server/output/CS 243/lectures/08L2-
Feature Extraction/figures/30.1.png>
Package pdftex.def Info: /Users/ashoksaravanan/Coding/ScribeLec/server/output/C
S 243/lectures/08L2-Feature Extraction/figures/30.1.png  used on input line 756
.
(pdftex.def)             Requested size: 70.46037pt x 94.96896pt.
</Users/ashoksaravanan/Coding/ScribeLec/server/output/CS 243/lectures/08L2-Feat
ure Extraction/figures/30.10.png, id=897, 31.11626pt x 37.13875pt>
File: /Users/ashoksaravanan/Coding/ScribeLec/server/output/CS 243/lectures/08L2
-Feature Extraction/figures/30.10.png Graphic file (type png)
<use /Users/ashoksaravanan/Coding/ScribeLec/server/output/CS 243/lectures/08L2-
Feature Extraction/figures/30.10.png>
Package pdftex.def Info: /Users/ashoksaravanan/Coding/ScribeLec/server/output/C
S 243/lectures/08L2-Feature Extraction/figures/30.10.png  used on input line 76
2.
(pdftex.def)             Requested size: 70.46037pt x 84.1162pt.
</Users/ashoksaravanan/Coding/ScribeLec/server/output/CS 243/lectures/08L2-Feat
ure Extraction/figures/30.11.png, id=898, 31.11626pt x 37.13875pt>
File: /Users/ashoksaravanan/Coding/ScribeLec/server/output/CS 243/lectures/08L2
-Feature Extraction/figures/30.11.png Graphic file (type png)
<use /Users/ashoksaravanan/Coding/ScribeLec/server/output/CS 243/lectures/08L2-
Feature Extraction/figures/30.11.png>
Package pdftex.def Info: /Users/ashoksaravanan/Coding/ScribeLec/server/output/C
S 243/lectures/08L2-Feature Extraction/figures/30.11.png  used on input line 76
8.
(pdftex.def)             Requested size: 70.46037pt x 84.1162pt.
</Users/ashoksaravanan/Coding/ScribeLec/server/output/CS 243/lectures/08L2-Feat
ure Extraction/figures/30.12.png, id=899, 30.1125pt x 38.1425pt>
File: /Users/ashoksaravanan/Coding/ScribeLec/server/output/CS 243/lectures/08L2
-Feature Extraction/figures/30.12.png Graphic file (type png)
<use /Users/ashoksaravanan/Coding/ScribeLec/server/output/CS 243/lectures/08L2-
Feature Extraction/figures/30.12.png>
Package pdftex.def Info: /Users/ashoksaravanan/Coding/ScribeLec/server/output/C
S 243/lectures/08L2-Feature Extraction/figures/30.12.png  used on input line 77
4.
(pdftex.def)             Requested size: 70.46037pt x 89.2583pt.
</Users/ashoksaravanan/Coding/ScribeLec/server/output/CS 243/lectures/08L2-Feat
ure Extraction/figures/30.13.png, id=900, 91.34125pt x 120.45pt>
File: /Users/ashoksaravanan/Coding/ScribeLec/server/output/CS 243/lectures/08L2
-Feature Extraction/figures/30.13.png Graphic file (type png)
<use /Users/ashoksaravanan/Coding/ScribeLec/server/output/CS 243/lectures/08L2-
Feature Extraction/figures/30.13.png>
Package pdftex.def Info: /Users/ashoksaravanan/Coding/ScribeLec/server/output/C
S 243/lectures/08L2-Feature Extraction/figures/30.13.png  used on input line 78
0.
(pdftex.def)             Requested size: 70.46037pt x 92.91954pt.
 [30 </Users/ashoksaravanan/Coding/ScribeLec/server/output/CS 243/lectures/08L2
-Feature Extraction/figures/30.1.png (PNG copy)> </Users/ashoksaravanan/Coding/
ScribeLec/server/output/CS 243/lectures/08L2-Feature Extraction/figures/30.10.p
ng (PNG copy)> </Users/ashoksaravanan/Coding/ScribeLec/server/output/CS 243/lec
tures/08L2-Feature Extraction/figures/30.11.png (PNG copy)> </Users/ashoksarava
nan/Coding/ScribeLec/server/output/CS 243/lectures/08L2-Feature Extraction/figu
res/30.12.png (PNG copy)> </Users/ashoksaravanan/Coding/ScribeLec/server/output
/CS 243/lectures/08L2-Feature Extraction/figures/30.13.png (PNG copy)>]
</Users/ashoksaravanan/Coding/ScribeLec/server/output/CS 243/lectures/08L2-Feat
ure Extraction/figures/31.1.png, id=906, 392.46625pt x 298.11375pt>
File: /Users/ashoksaravanan/Coding/ScribeLec/server/output/CS 243/lectures/08L2
-Feature Extraction/figures/31.1.png Graphic file (type png)
<use /Users/ashoksaravanan/Coding/ScribeLec/server/output/CS 243/lectures/08L2-
Feature Extraction/figures/31.1.png>
Package pdftex.def Info: /Users/ashoksaravanan/Coding/ScribeLec/server/output/C
S 243/lectures/08L2-Feature Extraction/figures/31.1.png  used on input line 798
.
(pdftex.def)             Requested size: 70.46037pt x 53.51714pt.
 [31 </Users/ashoksaravanan/Coding/ScribeLec/server/output/CS 243/lectures/08L2
-Feature Extraction/figures/31.1.png (PNG copy)>]
</Users/ashoksaravanan/Coding/ScribeLec/server/output/CS 243/lectures/08L2-Feat
ure Extraction/figures/32.1.png, id=913, 529.98pt x 361.35pt>
File: /Users/ashoksaravanan/Coding/ScribeLec/server/output/CS 243/lectures/08L2
-Feature Extraction/figures/32.1.png Graphic file (type png)
<use /Users/ashoksaravanan/Coding/ScribeLec/server/output/CS 243/lectures/08L2-
Feature Extraction/figures/32.1.png>
Package pdftex.def Info: /Users/ashoksaravanan/Coding/ScribeLec/server/output/C
S 243/lectures/08L2-Feature Extraction/figures/32.1.png  used on input line 816
.
(pdftex.def)             Requested size: 70.46037pt x 48.04129pt.
 [32 </Users/ashoksaravanan/Coding/ScribeLec/server/output/CS 243/lectures/08L2
-Feature Extraction/figures/32.1.png (PNG copy)>] [33] [34]
</Users/ashoksaravanan/Coding/ScribeLec/server/output/CS 243/lectures/08L2-Feat
ure Extraction/figures/35.1.png, id=930, 439.6425pt x 329.23pt>
File: /Users/ashoksaravanan/Coding/ScribeLec/server/output/CS 243/lectures/08L2
-Feature Extraction/figures/35.1.png Graphic file (type png)
<use /Users/ashoksaravanan/Coding/ScribeLec/server/output/CS 243/lectures/08L2-
Feature Extraction/figures/35.1.png>
Package pdftex.def Info: /Users/ashoksaravanan/Coding/ScribeLec/server/output/C
S 243/lectures/08L2-Feature Extraction/figures/35.1.png  used on input line 886
.
(pdftex.def)             Requested size: 70.46037pt x 52.76328pt.
</Users/ashoksaravanan/Coding/ScribeLec/server/output/CS 243/lectures/08L2-Feat
ure Extraction/figures/35.2.png, id=931, 339.2675pt x 451.6875pt>
File: /Users/ashoksaravanan/Coding/ScribeLec/server/output/CS 243/lectures/08L2
-Feature Extraction/figures/35.2.png Graphic file (type png)
<use /Users/ashoksaravanan/Coding/ScribeLec/server/output/CS 243/lectures/08L2-
Feature Extraction/figures/35.2.png>
Package pdftex.def Info: /Users/ashoksaravanan/Coding/ScribeLec/server/output/C
S 243/lectures/08L2-Feature Extraction/figures/35.2.png  used on input line 892
.
(pdftex.def)             Requested size: 70.46037pt x 93.80266pt.
 [35 </Users/ashoksaravanan/Coding/ScribeLec/server/output/CS 243/lectures/08L2
-Feature Extraction/figures/35.1.png (PNG copy)> </Users/ashoksaravanan/Coding/
ScribeLec/server/output/CS 243/lectures/08L2-Feature Extraction/figures/35.2.pn
g (PNG copy)>]
</Users/ashoksaravanan/Coding/ScribeLec/server/output/CS 243/lectures/08L2-Feat
ure Extraction/figures/36.1.png, id=937, 182.6825pt x 181.67876pt>
File: /Users/ashoksaravanan/Coding/ScribeLec/server/output/CS 243/lectures/08L2
-Feature Extraction/figures/36.1.png Graphic file (type png)
<use /Users/ashoksaravanan/Coding/ScribeLec/server/output/CS 243/lectures/08L2-
Feature Extraction/figures/36.1.png>
Package pdftex.def Info: /Users/ashoksaravanan/Coding/ScribeLec/server/output/C
S 243/lectures/08L2-Feature Extraction/figures/36.1.png  used on input line 910
.
(pdftex.def)             Requested size: 70.46037pt x 70.07266pt.
</Users/ashoksaravanan/Coding/ScribeLec/server/output/CS 243/lectures/08L2-Feat
ure Extraction/figures/36.2.png, id=938, 542.025pt x 184.69pt>
File: /Users/ashoksaravanan/Coding/ScribeLec/server/output/CS 243/lectures/08L2
-Feature Extraction/figures/36.2.png Graphic file (type png)
<use /Users/ashoksaravanan/Coding/ScribeLec/server/output/CS 243/lectures/08L2-
Feature Extraction/figures/36.2.png>
Package pdftex.def Info: /Users/ashoksaravanan/Coding/ScribeLec/server/output/C
S 243/lectures/08L2-Feature Extraction/figures/36.2.png  used on input line 916
.
(pdftex.def)             Requested size: 70.46037pt x 24.00772pt.
</Users/ashoksaravanan/Coding/ScribeLec/server/output/CS 243/lectures/08L2-Feat
ure Extraction/figures/36.3.png, id=939, 531.9875pt x 200.75pt>
File: /Users/ashoksaravanan/Coding/ScribeLec/server/output/CS 243/lectures/08L2
-Feature Extraction/figures/36.3.png Graphic file (type png)
<use /Users/ashoksaravanan/Coding/ScribeLec/server/output/CS 243/lectures/08L2-
Feature Extraction/figures/36.3.png>
Package pdftex.def Info: /Users/ashoksaravanan/Coding/ScribeLec/server/output/C
S 243/lectures/08L2-Feature Extraction/figures/36.3.png  used on input line 922
.
(pdftex.def)             Requested size: 70.46037pt x 26.58852pt.
 [36 </Users/ashoksaravanan/Coding/ScribeLec/server/output/CS 243/lectures/08L2
-Feature Extraction/figures/36.1.png (PNG copy)> </Users/ashoksaravanan/Coding/
ScribeLec/server/output/CS 243/lectures/08L2-Feature Extraction/figures/36.2.pn
g (PNG copy)> </Users/ashoksaravanan/Coding/ScribeLec/server/output/CS 243/lect
ures/08L2-Feature Extraction/figures/36.3.png (PNG copy)>] [37]
</Users/ashoksaravanan/Coding/ScribeLec/server/output/CS 243/lectures/08L2-Feat
ure Extraction/figures/38.1.png, id=951, 437.635pt x 114.4275pt>
File: /Users/ashoksaravanan/Coding/ScribeLec/server/output/CS 243/lectures/08L2
-Feature Extraction/figures/38.1.png Graphic file (type png)
<use /Users/ashoksaravanan/Coding/ScribeLec/server/output/CS 243/lectures/08L2-
Feature Extraction/figures/38.1.png>
Package pdftex.def Info: /Users/ashoksaravanan/Coding/ScribeLec/server/output/C
S 243/lectures/08L2-Feature Extraction/figures/38.1.png  used on input line 961
.
(pdftex.def)             Requested size: 70.46037pt x 18.42226pt.
</Users/ashoksaravanan/Coding/ScribeLec/server/output/CS 243/lectures/08L2-Feat
ure Extraction/figures/38.2.png, id=952, 437.635pt x 92.345pt>
File: /Users/ashoksaravanan/Coding/ScribeLec/server/output/CS 243/lectures/08L2
-Feature Extraction/figures/38.2.png Graphic file (type png)
<use /Users/ashoksaravanan/Coding/ScribeLec/server/output/CS 243/lectures/08L2-
Feature Extraction/figures/38.2.png>
Package pdftex.def Info: /Users/ashoksaravanan/Coding/ScribeLec/server/output/C
S 243/lectures/08L2-Feature Extraction/figures/38.2.png  used on input line 967
.
(pdftex.def)             Requested size: 70.46037pt x 14.86708pt.
</Users/ashoksaravanan/Coding/ScribeLec/server/output/CS 243/lectures/08L2-Feat
ure Extraction/figures/38.3.png, id=953, 437.635pt x 91.34125pt>
File: /Users/ashoksaravanan/Coding/ScribeLec/server/output/CS 243/lectures/08L2
-Feature Extraction/figures/38.3.png Graphic file (type png)
<use /Users/ashoksaravanan/Coding/ScribeLec/server/output/CS 243/lectures/08L2-
Feature Extraction/figures/38.3.png>
Package pdftex.def Info: /Users/ashoksaravanan/Coding/ScribeLec/server/output/C
S 243/lectures/08L2-Feature Extraction/figures/38.3.png  used on input line 973
.
(pdftex.def)             Requested size: 70.46037pt x 14.70549pt.
</Users/ashoksaravanan/Coding/ScribeLec/server/output/CS 243/lectures/08L2-Feat
ure Extraction/figures/38.4.png, id=954, 437.635pt x 95.35625pt>
File: /Users/ashoksaravanan/Coding/ScribeLec/server/output/CS 243/lectures/08L2
-Feature Extraction/figures/38.4.png Graphic file (type png)
<use /Users/ashoksaravanan/Coding/ScribeLec/server/output/CS 243/lectures/08L2-
Feature Extraction/figures/38.4.png>
Package pdftex.def Info: /Users/ashoksaravanan/Coding/ScribeLec/server/output/C
S 243/lectures/08L2-Feature Extraction/figures/38.4.png  used on input line 979
.
(pdftex.def)             Requested size: 70.46037pt x 15.35188pt.
 [38 </Users/ashoksaravanan/Coding/ScribeLec/server/output/CS 243/lectures/08L2
-Feature Extraction/figures/38.1.png (PNG copy)> </Users/ashoksaravanan/Coding/
ScribeLec/server/output/CS 243/lectures/08L2-Feature Extraction/figures/38.2.pn
g (PNG copy)> </Users/ashoksaravanan/Coding/ScribeLec/server/output/CS 243/lect
ures/08L2-Feature Extraction/figures/38.3.png (PNG copy)> </Users/ashoksaravana
n/Coding/ScribeLec/server/output/CS 243/lectures/08L2-Feature Extraction/figure
s/38.4.png (PNG copy)>]
</Users/ashoksaravanan/Coding/ScribeLec/server/output/CS 243/lectures/08L2-Feat
ure Extraction/figures/39.1.png, id=960, 395.4775pt x 308.15125pt>
File: /Users/ashoksaravanan/Coding/ScribeLec/server/output/CS 243/lectures/08L2
-Feature Extraction/figures/39.1.png Graphic file (type png)
<use /Users/ashoksaravanan/Coding/ScribeLec/server/output/CS 243/lectures/08L2-
Feature Extraction/figures/39.1.png>
Package pdftex.def Info: /Users/ashoksaravanan/Coding/ScribeLec/server/output/C
S 243/lectures/08L2-Feature Extraction/figures/39.1.png  used on input line 100
4.
(pdftex.def)             Requested size: 70.46037pt x 54.90059pt.
</Users/ashoksaravanan/Coding/ScribeLec/server/output/CS 243/lectures/08L2-Feat
ure Extraction/figures/39.2.png, id=961, 395.4775pt x 307.1475pt>
File: /Users/ashoksaravanan/Coding/ScribeLec/server/output/CS 243/lectures/08L2
-Feature Extraction/figures/39.2.png Graphic file (type png)
<use /Users/ashoksaravanan/Coding/ScribeLec/server/output/CS 243/lectures/08L2-
Feature Extraction/figures/39.2.png>
Package pdftex.def Info: /Users/ashoksaravanan/Coding/ScribeLec/server/output/C
S 243/lectures/08L2-Feature Extraction/figures/39.2.png  used on input line 101
0.
(pdftex.def)             Requested size: 70.46037pt x 54.72176pt.
</Users/ashoksaravanan/Coding/ScribeLec/server/output/CS 243/lectures/08L2-Feat
ure Extraction/figures/39.3.png, id=962, 395.4775pt x 307.1475pt>
File: /Users/ashoksaravanan/Coding/ScribeLec/server/output/CS 243/lectures/08L2
-Feature Extraction/figures/39.3.png Graphic file (type png)
<use /Users/ashoksaravanan/Coding/ScribeLec/server/output/CS 243/lectures/08L2-
Feature Extraction/figures/39.3.png>
Package pdftex.def Info: /Users/ashoksaravanan/Coding/ScribeLec/server/output/C
S 243/lectures/08L2-Feature Extraction/figures/39.3.png  used on input line 101
6.
(pdftex.def)             Requested size: 70.46037pt x 54.72176pt.
 [39 </Users/ashoksaravanan/Coding/ScribeLec/server/output/CS 243/lectures/08L2
-Feature Extraction/figures/39.1.png (PNG copy)> </Users/ashoksaravanan/Coding/
ScribeLec/server/output/CS 243/lectures/08L2-Feature Extraction/figures/39.2.pn
g (PNG copy)> </Users/ashoksaravanan/Coding/ScribeLec/server/output/CS 243/lect
ures/08L2-Feature Extraction/figures/39.3.png (PNG copy)>]
</Users/ashoksaravanan/Coding/ScribeLec/server/output/CS 243/lectures/08L2-Feat
ure Extraction/figures/40.1.png, id=968, 266.9975pt x 187.70125pt>
File: /Users/ashoksaravanan/Coding/ScribeLec/server/output/CS 243/lectures/08L2
-Feature Extraction/figures/40.1.png Graphic file (type png)
<use /Users/ashoksaravanan/Coding/ScribeLec/server/output/CS 243/lectures/08L2-
Feature Extraction/figures/40.1.png>
Package pdftex.def Info: /Users/ashoksaravanan/Coding/ScribeLec/server/output/C
S 243/lectures/08L2-Feature Extraction/figures/40.1.png  used on input line 104
3.
(pdftex.def)             Requested size: 70.46037pt x 49.53438pt.
</Users/ashoksaravanan/Coding/ScribeLec/server/output/CS 243/lectures/08L2-Feat
ure Extraction/figures/40.2.png, id=969, 266.9975pt x 116.435pt>
File: /Users/ashoksaravanan/Coding/ScribeLec/server/output/CS 243/lectures/08L2
-Feature Extraction/figures/40.2.png Graphic file (type png)
<use /Users/ashoksaravanan/Coding/ScribeLec/server/output/CS 243/lectures/08L2-
Feature Extraction/figures/40.2.png>
Package pdftex.def Info: /Users/ashoksaravanan/Coding/ScribeLec/server/output/C
S 243/lectures/08L2-Feature Extraction/figures/40.2.png  used on input line 104
9.
(pdftex.def)             Requested size: 70.46037pt x 30.7272pt.
 [40 </Users/ashoksaravanan/Coding/ScribeLec/server/output/CS 243/lectures/08L2
-Feature Extraction/figures/40.1.png (PNG copy)> </Users/ashoksaravanan/Coding/
ScribeLec/server/output/CS 243/lectures/08L2-Feature Extraction/figures/40.2.pn
g (PNG copy)>]
</Users/ashoksaravanan/Coding/ScribeLec/server/output/CS 243/lectures/08L2-Feat
ure Extraction/figures/41.1.png, id=977, 143.53625pt x 143.53625pt>
File: /Users/ashoksaravanan/Coding/ScribeLec/server/output/CS 243/lectures/08L2
-Feature Extraction/figures/41.1.png Graphic file (type png)
<use /Users/ashoksaravanan/Coding/ScribeLec/server/output/CS 243/lectures/08L2-
Feature Extraction/figures/41.1.png>
Package pdftex.def Info: /Users/ashoksaravanan/Coding/ScribeLec/server/output/C
S 243/lectures/08L2-Feature Extraction/figures/41.1.png  used on input line 106
7.
(pdftex.def)             Requested size: 70.46037pt x 70.46259pt.
</Users/ashoksaravanan/Coding/ScribeLec/server/output/CS 243/lectures/08L2-Feat
ure Extraction/figures/41.2.png, id=978, 144.54pt x 143.53625pt>
File: /Users/ashoksaravanan/Coding/ScribeLec/server/output/CS 243/lectures/08L2
-Feature Extraction/figures/41.2.png Graphic file (type png)
<use /Users/ashoksaravanan/Coding/ScribeLec/server/output/CS 243/lectures/08L2-
Feature Extraction/figures/41.2.png>
Package pdftex.def Info: /Users/ashoksaravanan/Coding/ScribeLec/server/output/C
S 243/lectures/08L2-Feature Extraction/figures/41.2.png  used on input line 107
3.
(pdftex.def)             Requested size: 70.46037pt x 69.9698pt.
</Users/ashoksaravanan/Coding/ScribeLec/server/output/CS 243/lectures/08L2-Feat
ure Extraction/figures/41.3.png, id=979, 282.05376pt x 221.82875pt>
File: /Users/ashoksaravanan/Coding/ScribeLec/server/output/CS 243/lectures/08L2
-Feature Extraction/figures/41.3.png Graphic file (type png)
<use /Users/ashoksaravanan/Coding/ScribeLec/server/output/CS 243/lectures/08L2-
Feature Extraction/figures/41.3.png>
Package pdftex.def Info: /Users/ashoksaravanan/Coding/ScribeLec/server/output/C
S 243/lectures/08L2-Feature Extraction/figures/41.3.png  used on input line 107
9.
(pdftex.def)             Requested size: 70.46037pt x 55.41643pt.
</Users/ashoksaravanan/Coding/ScribeLec/server/output/CS 243/lectures/08L2-Feat
ure Extraction/figures/41.4.png, id=980, 277.035pt x 227.85126pt>
File: /Users/ashoksaravanan/Coding/ScribeLec/server/output/CS 243/lectures/08L2
-Feature Extraction/figures/41.4.png Graphic file (type png)
<use /Users/ashoksaravanan/Coding/ScribeLec/server/output/CS 243/lectures/08L2-
Feature Extraction/figures/41.4.png>
Package pdftex.def Info: /Users/ashoksaravanan/Coding/ScribeLec/server/output/C
S 243/lectures/08L2-Feature Extraction/figures/41.4.png  used on input line 108
5.
(pdftex.def)             Requested size: 70.46037pt x 57.95006pt.
 [41 </Users/ashoksaravanan/Coding/ScribeLec/server/output/CS 243/lectures/08L2
-Feature Extraction/figures/41.1.png (PNG copy)> </Users/ashoksaravanan/Coding/
ScribeLec/server/output/CS 243/lectures/08L2-Feature Extraction/figures/41.2.pn
g (PNG copy)> </Users/ashoksaravanan/Coding/ScribeLec/server/output/CS 243/lect
ures/08L2-Feature Extraction/figures/41.3.png (PNG copy)> </Users/ashoksaravana
n/Coding/ScribeLec/server/output/CS 243/lectures/08L2-Feature Extraction/figure
s/41.4.png (PNG copy)>]
</Users/ashoksaravanan/Coding/ScribeLec/server/output/CS 243/lectures/08L2-Feat
ure Extraction/figures/42.1.png, id=986, 752.8125pt x 430.60875pt>
File: /Users/ashoksaravanan/Coding/ScribeLec/server/output/CS 243/lectures/08L2
-Feature Extraction/figures/42.1.png Graphic file (type png)
<use /Users/ashoksaravanan/Coding/ScribeLec/server/output/CS 243/lectures/08L2-
Feature Extraction/figures/42.1.png>
Package pdftex.def Info: /Users/ashoksaravanan/Coding/ScribeLec/server/output/C
S 243/lectures/08L2-Feature Extraction/figures/42.1.png  used on input line 110
5.
(pdftex.def)             Requested size: 70.46037pt x 40.29718pt.
 [42 </Users/ashoksaravanan/Coding/ScribeLec/server/output/CS 243/lectures/08L2
-Feature Extraction/figures/42.1.png (PNG copy)>]
[43] 
enddocument/afterlastpage: lastpage setting LastPage.
(_logs/notes.aux)
 ***********
LaTeX2e <2023-11-01> patch level 1
L3 programming layer <2024-02-20>
 ***********
Package rerunfilecheck Info: File `notes.out' has not changed.
(rerunfilecheck)             Checksum: 4B3E3D06F39259F7836AB3C5A15D2448;16855.
 ) 
Here is how much of TeX's memory you used:
 15328 strings out of 474116
 288473 string characters out of 5743682
 1938187 words of memory out of 5000000
 37171 multiletter control sequences out of 15000+600000
 613466 words of font info for 79 fonts, out of 8000000 for 9000
 1141 hyphenation exceptions out of 8191
 83i,11n,131p,1758b,683s stack positions out of 10000i,1000n,20000p,200000b,200000s
</usr/local/texlive/2024/texmf-dist/fonts/type1/public/lm/lmbx10.pfb></usr/lo
cal/texlive/2024/texmf-dist/fonts/type1/public/lm/lmbx12.pfb></usr/local/texliv
e/2024/texmf-dist/fonts/type1/public/lm/lmbx8.pfb></usr/local/texlive/2024/texm
f-dist/fonts/type1/public/lm/lmex10.pfb></usr/local/texlive/2024/texmf-dist/fon
ts/type1/public/lm/lmmi10.pfb></usr/local/texlive/2024/texmf-dist/fonts/type1/p
ublic/lm/lmmi5.pfb></usr/local/texlive/2024/texmf-dist/fonts/type1/public/lm/lm
mi7.pfb></usr/local/texlive/2024/texmf-dist/fonts/type1/public/lm/lmr10.pfb></u
sr/local/texlive/2024/texmf-dist/fonts/type1/public/lm/lmr12.pfb></usr/local/te
xlive/2024/texmf-dist/fonts/type1/public/lm/lmr17.pfb></usr/local/texlive/2024/
texmf-dist/fonts/type1/public/lm/lmr5.pfb></usr/local/texlive/2024/texmf-dist/f
onts/type1/public/lm/lmr7.pfb></usr/local/texlive/2024/texmf-dist/fonts/type1/p
ublic/lm/lmsy10.pfb></usr/local/texlive/2024/texmf-dist/fonts/type1/public/lm/l
msy7.pfb>
Output written on _logs/notes.pdf (43 pages, 5546855 bytes).
PDF statistics:
 1129 PDF objects out of 1200 (max. 8388607)
 983 compressed objects within 10 object streams
 259 named destinations out of 1000 (max. 500000)
 1682 words of extra memory for PDF output out of 10000 (max. 10000000)

