\BOOKMARK [1][-]{section.1}{\376\377\000S\000l\000i\000d\000e\000\040\0001}{}% 1
\BOOKMARK [2][-]{subsection.1.1}{\376\377\000C\000o\000n\000t\000e\000n\000t}{section.1}% 2
\BOOKMARK [2][-]{subsection.1.2}{\376\377\000D\000e\000s\000c\000r\000i\000p\000t\000i\000o\000n}{section.1}% 3
\BOOKMARK [2][-]{subsection.1.3}{\376\377\000F\000i\000g\000u\000r\000e\000s}{section.1}% 4
\BOOKMARK [1][-]{section.2}{\376\377\000S\000l\000i\000d\000e\000\040\0002}{}% 5
\BOOKMARK [2][-]{subsection.2.1}{\376\377\000C\000o\000n\000t\000e\000n\000t}{section.2}% 6
\BOOKMARK [2][-]{subsection.2.2}{\376\377\000D\000e\000s\000c\000r\000i\000p\000t\000i\000o\000n}{section.2}% 7
\BOOKMARK [2][-]{subsection.2.3}{\376\377\000F\000i\000g\000u\000r\000e\000s}{section.2}% 8
\BOOKMARK [1][-]{section.3}{\376\377\000S\000l\000i\000d\000e\000\040\0003}{}% 9
\BOOKMARK [2][-]{subsection.3.1}{\376\377\000C\000o\000n\000t\000e\000n\000t}{section.3}% 10
\BOOKMARK [2][-]{subsection.3.2}{\376\377\000D\000e\000s\000c\000r\000i\000p\000t\000i\000o\000n}{section.3}% 11
\BOOKMARK [2][-]{subsection.3.3}{\376\377\000F\000i\000g\000u\000r\000e\000s}{section.3}% 12
\BOOKMARK [1][-]{section.4}{\376\377\000S\000l\000i\000d\000e\000\040\0004}{}% 13
\BOOKMARK [2][-]{subsection.4.1}{\376\377\000C\000o\000n\000t\000e\000n\000t}{section.4}% 14
\BOOKMARK [2][-]{subsection.4.2}{\376\377\000D\000e\000s\000c\000r\000i\000p\000t\000i\000o\000n}{section.4}% 15
\BOOKMARK [2][-]{subsection.4.3}{\376\377\000F\000i\000g\000u\000r\000e\000s}{section.4}% 16
\BOOKMARK [1][-]{section.5}{\376\377\000S\000l\000i\000d\000e\000\040\0005}{}% 17
\BOOKMARK [2][-]{subsection.5.1}{\376\377\000C\000o\000n\000t\000e\000n\000t}{section.5}% 18
\BOOKMARK [2][-]{subsection.5.2}{\376\377\000D\000e\000s\000c\000r\000i\000p\000t\000i\000o\000n}{section.5}% 19
\BOOKMARK [2][-]{subsection.5.3}{\376\377\000F\000i\000g\000u\000r\000e\000s}{section.5}% 20
\BOOKMARK [1][-]{section.6}{\376\377\000S\000l\000i\000d\000e\000\040\0006}{}% 21
\BOOKMARK [2][-]{subsection.6.1}{\376\377\000C\000o\000n\000t\000e\000n\000t}{section.6}% 22
\BOOKMARK [2][-]{subsection.6.2}{\376\377\000D\000e\000s\000c\000r\000i\000p\000t\000i\000o\000n}{section.6}% 23
\BOOKMARK [2][-]{subsection.6.3}{\376\377\000F\000i\000g\000u\000r\000e\000s}{section.6}% 24
\BOOKMARK [1][-]{section.7}{\376\377\000S\000l\000i\000d\000e\000\040\0007}{}% 25
\BOOKMARK [2][-]{subsection.7.1}{\376\377\000C\000o\000n\000t\000e\000n\000t}{section.7}% 26
\BOOKMARK [2][-]{subsection.7.2}{\376\377\000D\000e\000s\000c\000r\000i\000p\000t\000i\000o\000n}{section.7}% 27
\BOOKMARK [2][-]{subsection.7.3}{\376\377\000F\000i\000g\000u\000r\000e\000s}{section.7}% 28
\BOOKMARK [1][-]{section.8}{\376\377\000S\000l\000i\000d\000e\000\040\0008}{}% 29
\BOOKMARK [2][-]{subsection.8.1}{\376\377\000C\000o\000n\000t\000e\000n\000t}{section.8}% 30
\BOOKMARK [2][-]{subsection.8.2}{\376\377\000D\000e\000s\000c\000r\000i\000p\000t\000i\000o\000n}{section.8}% 31
\BOOKMARK [2][-]{subsection.8.3}{\376\377\000F\000i\000g\000u\000r\000e\000s}{section.8}% 32
\BOOKMARK [1][-]{section.9}{\376\377\000S\000l\000i\000d\000e\000\040\0009}{}% 33
\BOOKMARK [2][-]{subsection.9.1}{\376\377\000C\000o\000n\000t\000e\000n\000t}{section.9}% 34
\BOOKMARK [2][-]{subsection.9.2}{\376\377\000D\000e\000s\000c\000r\000i\000p\000t\000i\000o\000n}{section.9}% 35
\BOOKMARK [2][-]{subsection.9.3}{\376\377\000F\000i\000g\000u\000r\000e\000s}{section.9}% 36
\BOOKMARK [1][-]{section.10}{\376\377\000S\000l\000i\000d\000e\000\040\0001\0000}{}% 37
\BOOKMARK [2][-]{subsection.10.1}{\376\377\000C\000o\000n\000t\000e\000n\000t}{section.10}% 38
\BOOKMARK [2][-]{subsection.10.2}{\376\377\000D\000e\000s\000c\000r\000i\000p\000t\000i\000o\000n}{section.10}% 39
\BOOKMARK [2][-]{subsection.10.3}{\376\377\000F\000i\000g\000u\000r\000e\000s}{section.10}% 40
\BOOKMARK [1][-]{section.11}{\376\377\000S\000l\000i\000d\000e\000\040\0001\0001}{}% 41
\BOOKMARK [2][-]{subsection.11.1}{\376\377\000C\000o\000n\000t\000e\000n\000t}{section.11}% 42
\BOOKMARK [2][-]{subsection.11.2}{\376\377\000D\000e\000s\000c\000r\000i\000p\000t\000i\000o\000n}{section.11}% 43
\BOOKMARK [2][-]{subsection.11.3}{\376\377\000F\000i\000g\000u\000r\000e\000s}{section.11}% 44
\BOOKMARK [1][-]{section.12}{\376\377\000S\000l\000i\000d\000e\000\040\0001\0002}{}% 45
\BOOKMARK [2][-]{subsection.12.1}{\376\377\000C\000o\000n\000t\000e\000n\000t}{section.12}% 46
\BOOKMARK [2][-]{subsection.12.2}{\376\377\000D\000e\000s\000c\000r\000i\000p\000t\000i\000o\000n}{section.12}% 47
\BOOKMARK [2][-]{subsection.12.3}{\376\377\000F\000i\000g\000u\000r\000e\000s}{section.12}% 48
\BOOKMARK [1][-]{section.13}{\376\377\000S\000l\000i\000d\000e\000\040\0001\0003}{}% 49
\BOOKMARK [2][-]{subsection.13.1}{\376\377\000C\000o\000n\000t\000e\000n\000t}{section.13}% 50
\BOOKMARK [2][-]{subsection.13.2}{\376\377\000D\000e\000s\000c\000r\000i\000p\000t\000i\000o\000n}{section.13}% 51
\BOOKMARK [2][-]{subsection.13.3}{\376\377\000F\000i\000g\000u\000r\000e\000s}{section.13}% 52
\BOOKMARK [1][-]{section.14}{\376\377\000S\000l\000i\000d\000e\000\040\0001\0004}{}% 53
\BOOKMARK [2][-]{subsection.14.1}{\376\377\000C\000o\000n\000t\000e\000n\000t}{section.14}% 54
\BOOKMARK [2][-]{subsection.14.2}{\376\377\000D\000e\000s\000c\000r\000i\000p\000t\000i\000o\000n}{section.14}% 55
\BOOKMARK [2][-]{subsection.14.3}{\376\377\000F\000i\000g\000u\000r\000e\000s}{section.14}% 56
\BOOKMARK [1][-]{section.15}{\376\377\000S\000l\000i\000d\000e\000\040\0001\0005}{}% 57
\BOOKMARK [2][-]{subsection.15.1}{\376\377\000C\000o\000n\000t\000e\000n\000t}{section.15}% 58
\BOOKMARK [2][-]{subsection.15.2}{\376\377\000D\000e\000s\000c\000r\000i\000p\000t\000i\000o\000n}{section.15}% 59
\BOOKMARK [2][-]{subsection.15.3}{\376\377\000F\000i\000g\000u\000r\000e\000s}{section.15}% 60
\BOOKMARK [1][-]{section.16}{\376\377\000S\000l\000i\000d\000e\000\040\0001\0006}{}% 61
\BOOKMARK [2][-]{subsection.16.1}{\376\377\000C\000o\000n\000t\000e\000n\000t}{section.16}% 62
\BOOKMARK [2][-]{subsection.16.2}{\376\377\000D\000e\000s\000c\000r\000i\000p\000t\000i\000o\000n}{section.16}% 63
\BOOKMARK [2][-]{subsection.16.3}{\376\377\000F\000i\000g\000u\000r\000e\000s}{section.16}% 64
\BOOKMARK [1][-]{section.17}{\376\377\000S\000l\000i\000d\000e\000\040\0001\0007}{}% 65
\BOOKMARK [2][-]{subsection.17.1}{\376\377\000C\000o\000n\000t\000e\000n\000t}{section.17}% 66
\BOOKMARK [2][-]{subsection.17.2}{\376\377\000D\000e\000s\000c\000r\000i\000p\000t\000i\000o\000n}{section.17}% 67
\BOOKMARK [2][-]{subsection.17.3}{\376\377\000F\000i\000g\000u\000r\000e\000s}{section.17}% 68
\BOOKMARK [1][-]{section.18}{\376\377\000S\000l\000i\000d\000e\000\040\0001\0008}{}% 69
\BOOKMARK [2][-]{subsection.18.1}{\376\377\000C\000o\000n\000t\000e\000n\000t}{section.18}% 70
\BOOKMARK [2][-]{subsection.18.2}{\376\377\000D\000e\000s\000c\000r\000i\000p\000t\000i\000o\000n}{section.18}% 71
\BOOKMARK [2][-]{subsection.18.3}{\376\377\000F\000i\000g\000u\000r\000e\000s}{section.18}% 72
\BOOKMARK [1][-]{section.19}{\376\377\000S\000l\000i\000d\000e\000\040\0001\0009}{}% 73
\BOOKMARK [2][-]{subsection.19.1}{\376\377\000C\000o\000n\000t\000e\000n\000t}{section.19}% 74
\BOOKMARK [2][-]{subsection.19.2}{\376\377\000D\000e\000s\000c\000r\000i\000p\000t\000i\000o\000n}{section.19}% 75
\BOOKMARK [2][-]{subsection.19.3}{\376\377\000F\000i\000g\000u\000r\000e\000s}{section.19}% 76
\BOOKMARK [1][-]{section.20}{\376\377\000S\000l\000i\000d\000e\000\040\0002\0000}{}% 77
\BOOKMARK [2][-]{subsection.20.1}{\376\377\000C\000o\000n\000t\000e\000n\000t}{section.20}% 78
\BOOKMARK [2][-]{subsection.20.2}{\376\377\000D\000e\000s\000c\000r\000i\000p\000t\000i\000o\000n}{section.20}% 79
\BOOKMARK [2][-]{subsection.20.3}{\376\377\000F\000i\000g\000u\000r\000e\000s}{section.20}% 80
\BOOKMARK [1][-]{section.21}{\376\377\000S\000l\000i\000d\000e\000\040\0002\0001}{}% 81
\BOOKMARK [2][-]{subsection.21.1}{\376\377\000C\000o\000n\000t\000e\000n\000t}{section.21}% 82
\BOOKMARK [2][-]{subsection.21.2}{\376\377\000D\000e\000s\000c\000r\000i\000p\000t\000i\000o\000n}{section.21}% 83
\BOOKMARK [2][-]{subsection.21.3}{\376\377\000F\000i\000g\000u\000r\000e\000s}{section.21}% 84
\BOOKMARK [1][-]{section.22}{\376\377\000S\000l\000i\000d\000e\000\040\0002\0002}{}% 85
\BOOKMARK [2][-]{subsection.22.1}{\376\377\000C\000o\000n\000t\000e\000n\000t}{section.22}% 86
\BOOKMARK [2][-]{subsection.22.2}{\376\377\000D\000e\000s\000c\000r\000i\000p\000t\000i\000o\000n}{section.22}% 87
\BOOKMARK [2][-]{subsection.22.3}{\376\377\000F\000i\000g\000u\000r\000e\000s}{section.22}% 88
\BOOKMARK [1][-]{section.23}{\376\377\000S\000l\000i\000d\000e\000\040\0002\0003}{}% 89
\BOOKMARK [2][-]{subsection.23.1}{\376\377\000C\000o\000n\000t\000e\000n\000t}{section.23}% 90
\BOOKMARK [2][-]{subsection.23.2}{\376\377\000D\000e\000s\000c\000r\000i\000p\000t\000i\000o\000n}{section.23}% 91
\BOOKMARK [2][-]{subsection.23.3}{\376\377\000F\000i\000g\000u\000r\000e\000s}{section.23}% 92
\BOOKMARK [1][-]{section.24}{\376\377\000S\000l\000i\000d\000e\000\040\0002\0004}{}% 93
\BOOKMARK [2][-]{subsection.24.1}{\376\377\000C\000o\000n\000t\000e\000n\000t}{section.24}% 94
\BOOKMARK [2][-]{subsection.24.2}{\376\377\000D\000e\000s\000c\000r\000i\000p\000t\000i\000o\000n}{section.24}% 95
\BOOKMARK [2][-]{subsection.24.3}{\376\377\000F\000i\000g\000u\000r\000e\000s}{section.24}% 96
