This is pdfTeX, Version 3.141592653-2.6-1.40.26 (TeX Live 2024) (preloaded format=pdflatex 2024.12.3)  31 DEC 2024 15:20
entering extended mode
 \write18 enabled.
 file:line:error style messages enabled.
 %&-line parsing enabled.
**"/Users/ashoksaravanan/Coding/ScribeLec/server/output/MA 421/lectures/2024-10
-31-IntLinProg/notes.tex"

(/Users/ashoksaravanan/Coding/ScribeLec/server/output/MA 421/lectures/2024-10-3
1-IntLinProg/notes.tex
LaTeX2e <2023-11-01> patch level 1
L3 programming layer <2024-02-20>
(/usr/local/texlive/2024/texmf-dist/tex/latex/base/article.cls
Document Class: article 2023/05/17 v1.4n Standard LaTeX document class
(/usr/local/texlive/2024/texmf-dist/tex/latex/base/size10.clo
File: size10.clo 2023/05/17 v1.4n Standard LaTeX file (size option)
)
\c@part=\count188
\c@section=\count189
\c@subsection=\count190
\c@subsubsection=\count191
\c@paragraph=\count192
\c@subparagraph=\count193
\c@figure=\count194
\c@table=\count195
\abovecaptionskip=\skip48
\belowcaptionskip=\skip49
\bibindent=\dimen140
)
(/usr/local/texlive/2024/texmf-dist/tex/latex/base/fontenc.sty
Package: fontenc 2021/04/29 v2.0v Standard LaTeX package
)
(/usr/local/texlive/2024/texmf-dist/tex/latex/base/inputenc.sty
Package: inputenc 2021/02/14 v1.3d Input encoding file
\inpenc@prehook=\toks17
\inpenc@posthook=\toks18
)
(/usr/local/texlive/2024/texmf-dist/tex/latex/lm/lmodern.sty
Package: lmodern 2015/05/01 v1.6.1 Latin Modern Fonts
LaTeX Font Info:    Overwriting symbol font `operators' in version `normal'
(Font)                  OT1/cmr/m/n --> OT1/lmr/m/n on input line 22.
LaTeX Font Info:    Overwriting symbol font `letters' in version `normal'
(Font)                  OML/cmm/m/it --> OML/lmm/m/it on input line 23.
LaTeX Font Info:    Overwriting symbol font `symbols' in version `normal'
(Font)                  OMS/cmsy/m/n --> OMS/lmsy/m/n on input line 24.
LaTeX Font Info:    Overwriting symbol font `largesymbols' in version `normal'
(Font)                  OMX/cmex/m/n --> OMX/lmex/m/n on input line 25.
LaTeX Font Info:    Overwriting symbol font `operators' in version `bold'
(Font)                  OT1/cmr/bx/n --> OT1/lmr/bx/n on input line 26.
LaTeX Font Info:    Overwriting symbol font `letters' in version `bold'
(Font)                  OML/cmm/b/it --> OML/lmm/b/it on input line 27.
LaTeX Font Info:    Overwriting symbol font `symbols' in version `bold'
(Font)                  OMS/cmsy/b/n --> OMS/lmsy/b/n on input line 28.
LaTeX Font Info:    Overwriting symbol font `largesymbols' in version `bold'
(Font)                  OMX/cmex/m/n --> OMX/lmex/m/n on input line 29.
LaTeX Font Info:    Overwriting math alphabet `\mathbf' in version `normal'
(Font)                  OT1/cmr/bx/n --> OT1/lmr/bx/n on input line 31.
LaTeX Font Info:    Overwriting math alphabet `\mathsf' in version `normal'
(Font)                  OT1/cmss/m/n --> OT1/lmss/m/n on input line 32.
LaTeX Font Info:    Overwriting math alphabet `\mathit' in version `normal'
(Font)                  OT1/cmr/m/it --> OT1/lmr/m/it on input line 33.
LaTeX Font Info:    Overwriting math alphabet `\mathtt' in version `normal'
(Font)                  OT1/cmtt/m/n --> OT1/lmtt/m/n on input line 34.
LaTeX Font Info:    Overwriting math alphabet `\mathbf' in version `bold'
(Font)                  OT1/cmr/bx/n --> OT1/lmr/bx/n on input line 35.
LaTeX Font Info:    Overwriting math alphabet `\mathsf' in version `bold'
(Font)                  OT1/cmss/bx/n --> OT1/lmss/bx/n on input line 36.
LaTeX Font Info:    Overwriting math alphabet `\mathit' in version `bold'
(Font)                  OT1/cmr/bx/it --> OT1/lmr/bx/it on input line 37.
LaTeX Font Info:    Overwriting math alphabet `\mathtt' in version `bold'
(Font)                  OT1/cmtt/m/n --> OT1/lmtt/m/n on input line 38.
)
(/usr/local/texlive/2024/texmf-dist/tex/latex/base/textcomp.sty
Package: textcomp 2020/02/02 v2.0n Standard LaTeX package
)
(/usr/local/texlive/2024/texmf-dist/tex/latex/lastpage/lastpage.sty
Package: lastpage 2023/10/14 v2.0e lastpage: 2.09 or 2e? (HMM)

(/usr/local/texlive/2024/texmf-dist/tex/latex/lastpage/lastpage2e.sty
Package: lastpage2e 2023/10/14 v2.0e Decide which 2e lastpage version to use (H
MM)

(/usr/local/texlive/2024/texmf-dist/tex/latex/lastpage/lastpagemodern.sty
Package: lastpagemodern 2023-10-14 v2.0e Refers to last page's name (HMM; JPG)
\c@lastpagecount=\count196
) 
)) (/usr/local/texlive/2024/texmf-dist/tex/latex/geometry/geometry.sty
Package: geometry 2020/01/02 v5.9 Page Geometry

(/usr/local/texlive/2024/texmf-dist/tex/latex/graphics/keyval.sty
Package: keyval 2022/05/29 v1.15 key=value parser (DPC)
\KV@toks@=\toks19
)
(/usr/local/texlive/2024/texmf-dist/tex/generic/iftex/ifvtex.sty
Package: ifvtex 2019/10/25 v1.7 ifvtex legacy package. Use iftex instead.

(/usr/local/texlive/2024/texmf-dist/tex/generic/iftex/iftex.sty
Package: iftex 2022/02/03 v1.0f TeX engine tests
))
\Gm@cnth=\count197
\Gm@cntv=\count198
\c@Gm@tempcnt=\count199
\Gm@bindingoffset=\dimen141
\Gm@wd@mp=\dimen142
\Gm@odd@mp=\dimen143
\Gm@even@mp=\dimen144
\Gm@layoutwidth=\dimen145
\Gm@layoutheight=\dimen146
\Gm@layouthoffset=\dimen147
\Gm@layoutvoffset=\dimen148
\Gm@dimlist=\toks20
)
(/usr/local/texlive/2024/texmf-dist/tex/latex/hyperref/hyperref.sty
Package: hyperref 2024-01-20 v7.01h Hypertext links for LaTeX

(/usr/local/texlive/2024/texmf-dist/tex/latex/kvsetkeys/kvsetkeys.sty
Package: kvsetkeys 2022-10-05 v1.19 Key value parser (HO)
)
(/usr/local/texlive/2024/texmf-dist/tex/generic/kvdefinekeys/kvdefinekeys.sty
Package: kvdefinekeys 2019-12-19 v1.6 Define keys (HO)
)
(/usr/local/texlive/2024/texmf-dist/tex/generic/pdfescape/pdfescape.sty
Package: pdfescape 2019/12/09 v1.15 Implements pdfTeX's escape features (HO)

(/usr/local/texlive/2024/texmf-dist/tex/generic/ltxcmds/ltxcmds.sty
Package: ltxcmds 2023-12-04 v1.26 LaTeX kernel commands for general use (HO)
)
(/usr/local/texlive/2024/texmf-dist/tex/generic/pdftexcmds/pdftexcmds.sty
Package: pdftexcmds 2020-06-27 v0.33 Utility functions of pdfTeX for LuaTeX (HO
)

(/usr/local/texlive/2024/texmf-dist/tex/generic/infwarerr/infwarerr.sty
Package: infwarerr 2019/12/03 v1.5 Providing info/warning/error messages (HO)
)
Package pdftexcmds Info: \pdf@primitive is available.
Package pdftexcmds Info: \pdf@ifprimitive is available.
Package pdftexcmds Info: \pdfdraftmode found.
))
(/usr/local/texlive/2024/texmf-dist/tex/latex/hycolor/hycolor.sty
Package: hycolor 2020-01-27 v1.10 Color options for hyperref/bookmark (HO)
)
(/usr/local/texlive/2024/texmf-dist/tex/latex/auxhook/auxhook.sty
Package: auxhook 2019-12-17 v1.6 Hooks for auxiliary files (HO)
)
(/usr/local/texlive/2024/texmf-dist/tex/latex/hyperref/nameref.sty
Package: nameref 2023-11-26 v2.56 Cross-referencing by name of section

(/usr/local/texlive/2024/texmf-dist/tex/latex/refcount/refcount.sty
Package: refcount 2019/12/15 v3.6 Data extraction from label references (HO)
)
(/usr/local/texlive/2024/texmf-dist/tex/generic/gettitlestring/gettitlestring.s
ty
Package: gettitlestring 2019/12/15 v1.6 Cleanup title references (HO)
 (/usr/local/texlive/2024/texmf-dist/tex/latex/kvoptions/kvoptions.sty
Package: kvoptions 2022-06-15 v3.15 Key value format for package options (HO)
))
\c@section@level=\count266
)
(/usr/local/texlive/2024/texmf-dist/tex/latex/etoolbox/etoolbox.sty
Package: etoolbox 2020/10/05 v2.5k e-TeX tools for LaTeX (JAW)
\etb@tempcnta=\count267
)
\@linkdim=\dimen149
\Hy@linkcounter=\count268
\Hy@pagecounter=\count269

(/usr/local/texlive/2024/texmf-dist/tex/latex/hyperref/pd1enc.def
File: pd1enc.def 2024-01-20 v7.01h Hyperref: PDFDocEncoding definition (HO)
Now handling font encoding PD1 ...
... no UTF-8 mapping file for font encoding PD1
)
(/usr/local/texlive/2024/texmf-dist/tex/generic/intcalc/intcalc.sty
Package: intcalc 2019/12/15 v1.3 Expandable calculations with integers (HO)
)
\Hy@SavedSpaceFactor=\count270

(/usr/local/texlive/2024/texmf-dist/tex/latex/hyperref/puenc.def
File: puenc.def 2024-01-20 v7.01h Hyperref: PDF Unicode definition (HO)
Now handling font encoding PU ...
... no UTF-8 mapping file for font encoding PU
)
Package hyperref Info: Hyper figures OFF on input line 4179.
Package hyperref Info: Link nesting OFF on input line 4184.
Package hyperref Info: Hyper index ON on input line 4187.
Package hyperref Info: Plain pages OFF on input line 4194.
Package hyperref Info: Backreferencing OFF on input line 4199.
Package hyperref Info: Implicit mode ON; LaTeX internals redefined.
Package hyperref Info: Bookmarks ON on input line 4446.
\c@Hy@tempcnt=\count271

(/usr/local/texlive/2024/texmf-dist/tex/latex/url/url.sty
\Urlmuskip=\muskip16
Package: url 2013/09/16  ver 3.4  Verb mode for urls, etc.
)
LaTeX Info: Redefining \url on input line 4784.
\XeTeXLinkMargin=\dimen150

(/usr/local/texlive/2024/texmf-dist/tex/generic/bitset/bitset.sty
Package: bitset 2019/12/09 v1.3 Handle bit-vector datatype (HO)

(/usr/local/texlive/2024/texmf-dist/tex/generic/bigintcalc/bigintcalc.sty
Package: bigintcalc 2019/12/15 v1.5 Expandable calculations on big integers (HO
)
))
\Fld@menulength=\count272
\Field@Width=\dimen151
\Fld@charsize=\dimen152
Package hyperref Info: Hyper figures OFF on input line 6063.
Package hyperref Info: Link nesting OFF on input line 6068.
Package hyperref Info: Hyper index ON on input line 6071.
Package hyperref Info: backreferencing OFF on input line 6078.
Package hyperref Info: Link coloring OFF on input line 6083.
Package hyperref Info: Link coloring with OCG OFF on input line 6088.
Package hyperref Info: PDF/A mode OFF on input line 6093.

(/usr/local/texlive/2024/texmf-dist/tex/latex/base/atbegshi-ltx.sty
Package: atbegshi-ltx 2021/01/10 v1.0c Emulation of the original atbegshi
package with kernel methods
)
\Hy@abspage=\count273
\c@Item=\count274
\c@Hfootnote=\count275
)
Package hyperref Info: Driver (autodetected): hpdftex.

(/usr/local/texlive/2024/texmf-dist/tex/latex/hyperref/hpdftex.def
File: hpdftex.def 2024-01-20 v7.01h Hyperref driver for pdfTeX

(/usr/local/texlive/2024/texmf-dist/tex/latex/base/atveryend-ltx.sty
Package: atveryend-ltx 2020/08/19 v1.0a Emulation of the original atveryend pac
kage
with kernel methods
)
\Fld@listcount=\count276
\c@bookmark@seq@number=\count277

(/usr/local/texlive/2024/texmf-dist/tex/latex/rerunfilecheck/rerunfilecheck.sty
Package: rerunfilecheck 2022-07-10 v1.10 Rerun checks for auxiliary files (HO)

(/usr/local/texlive/2024/texmf-dist/tex/generic/uniquecounter/uniquecounter.sty
Package: uniquecounter 2019/12/15 v1.4 Provide unlimited unique counter (HO)
)
Package uniquecounter Info: New unique counter `rerunfilecheck' on input line 2
85.
)
\Hy@SectionHShift=\skip50
) (/usr/local/texlive/2024/texmf-dist/tex/latex/enumitem/enumitem.sty
Package: enumitem 2019/06/20 v3.9 Customized lists
\labelindent=\skip51
\enit@outerparindent=\dimen153
\enit@toks=\toks21
\enit@inbox=\box51
\enit@count@id=\count278
\enitdp@description=\count279
)
(/usr/local/texlive/2024/texmf-dist/tex/latex/fancyhdr/fancyhdr.sty
Package: fancyhdr 2022/11/09 v4.1 Extensive control of page headers and footers

\f@nch@headwidth=\skip52
\f@nch@O@elh=\skip53
\f@nch@O@erh=\skip54
\f@nch@O@olh=\skip55
\f@nch@O@orh=\skip56
\f@nch@O@elf=\skip57
\f@nch@O@erf=\skip58
\f@nch@O@olf=\skip59
\f@nch@O@orf=\skip60
)
(/usr/local/texlive/2024/texmf-dist/tex/latex/xcolor/xcolor.sty
Package: xcolor 2023/11/15 v3.01 LaTeX color extensions (UK)

(/usr/local/texlive/2024/texmf-dist/tex/latex/graphics-cfg/color.cfg
File: color.cfg 2016/01/02 v1.6 sample color configuration
)
Package xcolor Info: Driver file: pdftex.def on input line 274.

(/usr/local/texlive/2024/texmf-dist/tex/latex/graphics-def/pdftex.def
File: pdftex.def 2022/09/22 v1.2b Graphics/color driver for pdftex
)
(/usr/local/texlive/2024/texmf-dist/tex/latex/graphics/mathcolor.ltx)
Package xcolor Info: Model `cmy' substituted by `cmy0' on input line 1350.
Package xcolor Info: Model `hsb' substituted by `rgb' on input line 1354.
Package xcolor Info: Model `RGB' extended on input line 1366.
Package xcolor Info: Model `HTML' substituted by `rgb' on input line 1368.
Package xcolor Info: Model `Hsb' substituted by `hsb' on input line 1369.
Package xcolor Info: Model `tHsb' substituted by `hsb' on input line 1370.
Package xcolor Info: Model `HSB' substituted by `hsb' on input line 1371.
Package xcolor Info: Model `Gray' substituted by `gray' on input line 1372.
Package xcolor Info: Model `wave' substituted by `hsb' on input line 1373.
)
(/usr/local/texlive/2024/texmf-dist/tex/latex/breakurl/breakurl.sty
Package: breakurl 2013/04/10 v1.40 Breakable hyperref URLs

(/usr/local/texlive/2024/texmf-dist/tex/latex/xkeyval/xkeyval.sty
Package: xkeyval 2022/06/16 v2.9 package option processing (HA)

(/usr/local/texlive/2024/texmf-dist/tex/generic/xkeyval/xkeyval.tex
(/usr/local/texlive/2024/texmf-dist/tex/generic/xkeyval/xkvutils.tex
\XKV@toks=\toks22
\XKV@tempa@toks=\toks23
)
\XKV@depth=\count280
File: xkeyval.tex 2014/12/03 v2.7a key=value parser (HA)
))
(/usr/local/texlive/2024/texmf-dist/tex/generic/iftex/ifpdf.sty
Package: ifpdf 2019/10/25 v3.4 ifpdf legacy package. Use iftex instead.
)

Package breakurl Warning: You are using breakurl while processing via pdflatex.

(breakurl)                \burl will be just a synonym of \url.
(breakurl)                 on input line 48.

) (/usr/local/texlive/2024/texmf-dist/tex/latex/amsmath/amsmath.sty
Package: amsmath 2023/05/13 v2.17o AMS math features
\@mathmargin=\skip61

For additional information on amsmath, use the `?' option.
(/usr/local/texlive/2024/texmf-dist/tex/latex/amsmath/amstext.sty
Package: amstext 2021/08/26 v2.01 AMS text

(/usr/local/texlive/2024/texmf-dist/tex/latex/amsmath/amsgen.sty
File: amsgen.sty 1999/11/30 v2.0 generic functions
\@emptytoks=\toks24
\ex@=\dimen154
))
(/usr/local/texlive/2024/texmf-dist/tex/latex/amsmath/amsbsy.sty
Package: amsbsy 1999/11/29 v1.2d Bold Symbols
\pmbraise@=\dimen155
)
(/usr/local/texlive/2024/texmf-dist/tex/latex/amsmath/amsopn.sty
Package: amsopn 2022/04/08 v2.04 operator names
)
\inf@bad=\count281
LaTeX Info: Redefining \frac on input line 234.
\uproot@=\count282
\leftroot@=\count283
LaTeX Info: Redefining \overline on input line 399.
LaTeX Info: Redefining \colon on input line 410.
\classnum@=\count284
\DOTSCASE@=\count285
LaTeX Info: Redefining \ldots on input line 496.
LaTeX Info: Redefining \dots on input line 499.
LaTeX Info: Redefining \cdots on input line 620.
\Mathstrutbox@=\box52
\strutbox@=\box53
LaTeX Info: Redefining \big on input line 722.
LaTeX Info: Redefining \Big on input line 723.
LaTeX Info: Redefining \bigg on input line 724.
LaTeX Info: Redefining \Bigg on input line 725.
\big@size=\dimen156
LaTeX Font Info:    Redeclaring font encoding OML on input line 743.
LaTeX Font Info:    Redeclaring font encoding OMS on input line 744.
\macc@depth=\count286
LaTeX Info: Redefining \bmod on input line 905.
LaTeX Info: Redefining \pmod on input line 910.
LaTeX Info: Redefining \smash on input line 940.
LaTeX Info: Redefining \relbar on input line 970.
LaTeX Info: Redefining \Relbar on input line 971.
\c@MaxMatrixCols=\count287
\dotsspace@=\muskip17
\c@parentequation=\count288
\dspbrk@lvl=\count289
\tag@help=\toks25
\row@=\count290
\column@=\count291
\maxfields@=\count292
\andhelp@=\toks26
\eqnshift@=\dimen157
\alignsep@=\dimen158
\tagshift@=\dimen159
\tagwidth@=\dimen160
\totwidth@=\dimen161
\lineht@=\dimen162
\@envbody=\toks27
\multlinegap=\skip62
\multlinetaggap=\skip63
\mathdisplay@stack=\toks28
LaTeX Info: Redefining \[ on input line 2953.
LaTeX Info: Redefining \] on input line 2954.
)
(/usr/local/texlive/2024/texmf-dist/tex/latex/amsfonts/amssymb.sty
Package: amssymb 2013/01/14 v3.01 AMS font symbols

(/usr/local/texlive/2024/texmf-dist/tex/latex/amsfonts/amsfonts.sty
Package: amsfonts 2013/01/14 v3.01 Basic AMSFonts support
\symAMSa=\mathgroup4
\symAMSb=\mathgroup5
LaTeX Font Info:    Redeclaring math symbol \hbar on input line 98.
LaTeX Font Info:    Overwriting math alphabet `\mathfrak' in version `bold'
(Font)                  U/euf/m/n --> U/euf/b/n on input line 106.
))
(/usr/local/texlive/2024/texmf-dist/tex/latex/mathtools/mathtools.sty
Package: mathtools 2024/03/11 v1.30 mathematical typesetting tools

(/usr/local/texlive/2024/texmf-dist/tex/latex/tools/calc.sty
Package: calc 2023/07/08 v4.3 Infix arithmetic (KKT,FJ)
\calc@Acount=\count293
\calc@Bcount=\count294
\calc@Adimen=\dimen163
\calc@Bdimen=\dimen164
\calc@Askip=\skip64
\calc@Bskip=\skip65
LaTeX Info: Redefining \setlength on input line 80.
LaTeX Info: Redefining \addtolength on input line 81.
\calc@Ccount=\count295
\calc@Cskip=\skip66
)
(/usr/local/texlive/2024/texmf-dist/tex/latex/mathtools/mhsetup.sty
Package: mhsetup 2021/03/18 v1.4 programming setup (MH)
)
\g_MT_multlinerow_int=\count296
\l_MT_multwidth_dim=\dimen165
\origjot=\skip67
\l_MT_shortvdotswithinadjustabove_dim=\dimen166
\l_MT_shortvdotswithinadjustbelow_dim=\dimen167
\l_MT_above_intertext_sep=\dimen168
\l_MT_below_intertext_sep=\dimen169
\l_MT_above_shortintertext_sep=\dimen170
\l_MT_below_shortintertext_sep=\dimen171
\xmathstrut@box=\box54
\xmathstrut@dim=\dimen172
)
(/usr/local/texlive/2024/texmf-dist/tex/latex/amscls/amsthm.sty
Package: amsthm 2020/05/29 v2.20.6
\thm@style=\toks29
\thm@bodyfont=\toks30
\thm@headfont=\toks31
\thm@notefont=\toks32
\thm@headpunct=\toks33
\thm@preskip=\skip68
\thm@postskip=\skip69
\thm@headsep=\skip70
\dth@everypar=\toks34
)
(/usr/local/texlive/2024/texmf-dist/tex/latex/thmtools/thmtools.sty
Package: thmtools 2023/05/04 v0.76
\thmt@toks=\toks35
\c@thmt@dummyctr=\count297

(/usr/local/texlive/2024/texmf-dist/tex/latex/thmtools/thm-patch.sty
Package: thm-patch 2023/05/04 v0.76

(/usr/local/texlive/2024/texmf-dist/tex/latex/thmtools/parseargs.sty
Package: parseargs 2023/05/04 v0.76
\@parsespec=\toks36
))
(/usr/local/texlive/2024/texmf-dist/tex/latex/thmtools/thm-kv.sty
Package: thm-kv 2023/05/04 v0.76
Package thm-kv Info: Theorem names will be uppercased on input line 42.
Package thm-kv Info: kvsetkeys patch (v1.16 or later) on input line 158.
)
(/usr/local/texlive/2024/texmf-dist/tex/latex/thmtools/thm-autoref.sty
Package: thm-autoref 2023/05/04 v0.76

(/usr/local/texlive/2024/texmf-dist/tex/latex/thmtools/aliasctr.sty
Package: aliasctr 2023/05/04 v0.76
))
(/usr/local/texlive/2024/texmf-dist/tex/latex/thmtools/thm-listof.sty
Package: thm-listof 2023/05/04 v0.76
)
(/usr/local/texlive/2024/texmf-dist/tex/latex/thmtools/thm-restate.sty
Package: thm-restate 2023/05/04 v0.76
)
(/usr/local/texlive/2024/texmf-dist/tex/latex/thmtools/thm-amsthm.sty
Package: thm-amsthm 2023/05/04 v0.76
\thmt@style@headstyle=\toks37
))
(/usr/local/texlive/2024/texmf-dist/tex/latex/float/float.sty
Package: float 2001/11/08 v1.3d Float enhancements (AL)
\c@float@type=\count298
\float@exts=\toks38
\float@box=\box55
\@float@everytoks=\toks39
\@floatcapt=\box56
)
(/usr/local/texlive/2024/texmf-dist/tex/latex/caption/subcaption.sty
Package: subcaption 2023/07/28 v1.6b Sub-captions (AR)

(/usr/local/texlive/2024/texmf-dist/tex/latex/caption/caption.sty
Package: caption 2023/08/05 v3.6o Customizing captions (AR)

(/usr/local/texlive/2024/texmf-dist/tex/latex/caption/caption3.sty
Package: caption3 2023/07/31 v2.4d caption3 kernel (AR)
\caption@tempdima=\dimen173
\captionmargin=\dimen174
\caption@leftmargin=\dimen175
\caption@rightmargin=\dimen176
\caption@width=\dimen177
\caption@indent=\dimen178
\caption@parindent=\dimen179
\caption@hangindent=\dimen180
Package caption Info: Standard document class detected.
)
\c@caption@flags=\count299
\c@continuedfloat=\count300
Package caption Info: float package is loaded.
Package caption Info: hyperref package is loaded.
)
Package caption Info: New subtype `subfigure' on input line 238.
\c@subfigure=\count301
Package caption Info: New subtype `subtable' on input line 238.
\c@subtable=\count302
)
Package hyperref Info: Option `colorlinks' set `true' on input line 33.
Package hyperref Info: Option `breaklinks' set `true' on input line 33.


Package hyperref Warning: Option `bookmarks' has already been used,
(hyperref)                setting the option has no effect on input line 33.


(/usr/local/texlive/2024/texmf-dist/tex/latex/newunicodechar/newunicodechar.sty
Package: newunicodechar 2018/04/08 v1.2 Defining Unicode characters
)
LaTeX Font Info:    Trying to load font information for T1+lmr on input line 68
.
 (/usr/local/texlive/2024/texmf-dist/tex/latex/lm/t1lmr.fd
File: t1lmr.fd 2015/05/01 v1.6.1 Font defs for Latin Modern
)
(/usr/local/texlive/2024/texmf-dist/tex/latex/l3backend/l3backend-pdftex.def
File: l3backend-pdftex.def 2024-02-20 L3 backend support: PDF output (pdfTeX)
\l__color_backend_stack_int=\count303
\l__pdf_internal_box=\box57
)
(_logs/notes.aux)
\openout1 = `notes.aux'.

LaTeX Font Info:    Checking defaults for OML/cmm/m/it on input line 68.
LaTeX Font Info:    ... okay on input line 68.
LaTeX Font Info:    Checking defaults for OMS/cmsy/m/n on input line 68.
LaTeX Font Info:    ... okay on input line 68.
LaTeX Font Info:    Checking defaults for OT1/cmr/m/n on input line 68.
LaTeX Font Info:    ... okay on input line 68.
LaTeX Font Info:    Checking defaults for T1/cmr/m/n on input line 68.
LaTeX Font Info:    ... okay on input line 68.
LaTeX Font Info:    Checking defaults for TS1/cmr/m/n on input line 68.
LaTeX Font Info:    ... okay on input line 68.
LaTeX Font Info:    Checking defaults for OMX/cmex/m/n on input line 68.
LaTeX Font Info:    ... okay on input line 68.
LaTeX Font Info:    Checking defaults for U/cmr/m/n on input line 68.
LaTeX Font Info:    ... okay on input line 68.
LaTeX Font Info:    Checking defaults for PD1/pdf/m/n on input line 68.
LaTeX Font Info:    ... okay on input line 68.
LaTeX Font Info:    Checking defaults for PU/pdf/m/n on input line 68.
LaTeX Font Info:    ... okay on input line 68.

*geometry* driver: auto-detecting
*geometry* detected driver: pdftex
*geometry* verbose mode - [ preamble ] result:
* driver: pdftex
* paper: <default>
* layout: <same size as paper>
* layoutoffset:(h,v)=(0.0pt,0.0pt)
* modes: 
* h-part:(L,W,R)=(72.26999pt, 469.75502pt, 72.26999pt)
* v-part:(T,H,B)=(72.26999pt, 650.43001pt, 72.26999pt)
* \paperwidth=614.295pt
* \paperheight=794.96999pt
* \textwidth=469.75502pt
* \textheight=650.43001pt
* \oddsidemargin=0.0pt
* \evensidemargin=0.0pt
* \topmargin=-39.0pt
* \headheight=14.0pt
* \headsep=25.0pt
* \topskip=10.0pt
* \footskip=30.0pt
* \marginparwidth=65.0pt
* \marginparsep=11.0pt
* \columnsep=10.0pt
* \skip\footins=9.0pt plus 4.0pt minus 2.0pt
* \hoffset=0.0pt
* \voffset=0.0pt
* \mag=1000
* \@twocolumnfalse
* \@twosidefalse
* \@mparswitchfalse
* \@reversemarginfalse
* (1in=72.27pt=25.4mm, 1cm=28.453pt)

Package hyperref Info: Link coloring ON on input line 68.
\@outlinefile=\write3
\openout3 = `notes.out'.

(/usr/local/texlive/2024/texmf-dist/tex/context/base/mkii/supp-pdf.mkii
[Loading MPS to PDF converter (version 2006.09.02).]
\scratchcounter=\count304
\scratchdimen=\dimen181
\scratchbox=\box58
\nofMPsegments=\count305
\nofMParguments=\count306
\everyMPshowfont=\toks40
\MPscratchCnt=\count307
\MPscratchDim=\dimen182
\MPnumerator=\count308
\makeMPintoPDFobject=\count309
\everyMPtoPDFconversion=\toks41
) (/usr/local/texlive/2024/texmf-dist/tex/latex/graphics/graphicx.sty
Package: graphicx 2021/09/16 v1.2d Enhanced LaTeX Graphics (DPC,SPQR)

(/usr/local/texlive/2024/texmf-dist/tex/latex/graphics/graphics.sty
Package: graphics 2022/03/10 v1.4e Standard LaTeX Graphics (DPC,SPQR)

(/usr/local/texlive/2024/texmf-dist/tex/latex/graphics/trig.sty
Package: trig 2021/08/11 v1.11 sin cos tan (DPC)
)
(/usr/local/texlive/2024/texmf-dist/tex/latex/graphics-cfg/graphics.cfg
File: graphics.cfg 2016/06/04 v1.11 sample graphics configuration
)
Package graphics Info: Driver file: pdftex.def on input line 107.
)
\Gin@req@height=\dimen183
\Gin@req@width=\dimen184
)
Package caption Info: Begin \AtBeginDocument code.
Package caption Info: End \AtBeginDocument code.
LaTeX Font Info:    Trying to load font information for OT1+lmr on input line 7
1.

(/usr/local/texlive/2024/texmf-dist/tex/latex/lm/ot1lmr.fd
File: ot1lmr.fd 2015/05/01 v1.6.1 Font defs for Latin Modern
)
LaTeX Font Info:    Trying to load font information for OML+lmm on input line 7
1.

(/usr/local/texlive/2024/texmf-dist/tex/latex/lm/omllmm.fd
File: omllmm.fd 2015/05/01 v1.6.1 Font defs for Latin Modern
)
LaTeX Font Info:    Trying to load font information for OMS+lmsy on input line 
71.

(/usr/local/texlive/2024/texmf-dist/tex/latex/lm/omslmsy.fd
File: omslmsy.fd 2015/05/01 v1.6.1 Font defs for Latin Modern
)
LaTeX Font Info:    Trying to load font information for OMX+lmex on input line 
71.

(/usr/local/texlive/2024/texmf-dist/tex/latex/lm/omxlmex.fd
File: omxlmex.fd 2015/05/01 v1.6.1 Font defs for Latin Modern
)
LaTeX Font Info:    External font `lmex10' loaded for size
(Font)              <12> on input line 71.
LaTeX Font Info:    External font `lmex10' loaded for size
(Font)              <8> on input line 71.
LaTeX Font Info:    External font `lmex10' loaded for size
(Font)              <6> on input line 71.
LaTeX Font Info:    Trying to load font information for U+msa on input line 71.


(/usr/local/texlive/2024/texmf-dist/tex/latex/amsfonts/umsa.fd
File: umsa.fd 2013/01/14 v3.01 AMS symbols A
)
LaTeX Font Info:    Trying to load font information for U+msb on input line 71.


(/usr/local/texlive/2024/texmf-dist/tex/latex/amsfonts/umsb.fd
File: umsb.fd 2013/01/14 v3.01 AMS symbols B
)
/Users/ashoksaravanan/Coding/ScribeLec/server/output/MA 421/lectures/2024-10-31
-IntLinProg/notes.tex:76: Missing $ inserted.
<inserted text> 
                $
l.76 \max
          \quad \xi(x) = c^T x \\
I've inserted a begin-math/end-math symbol since I think
you left one out. Proceed, with fingers crossed.

LaTeX Font Info:    External font `lmex10' loaded for size
(Font)              <10> on input line 76.
LaTeX Font Info:    External font `lmex10' loaded for size
(Font)              <7> on input line 76.
LaTeX Font Info:    External font `lmex10' loaded for size
(Font)              <5> on input line 76.
/Users/ashoksaravanan/Coding/ScribeLec/server/output/MA 421/lectures/2024-10-31
-IntLinProg/notes.tex:80: Missing $ inserted.
<inserted text> 
                $
l.80 \subsection
                {Description}%
I've inserted a begin-math/end-math symbol since I think
you left one out. Proceed, with fingers crossed.

</Users/ashoksaravanan/Coding/ScribeLec/server/output/MA 421/lectures/2024-10-3
1-IntLinProg/figures/1.1.png, id=4, 371.3875pt x 170.6375pt>
File: /Users/ashoksaravanan/Coding/ScribeLec/server/output/MA 421/lectures/2024
-10-31-IntLinProg/figures/1.1.png Graphic file (type png)
<use /Users/ashoksaravanan/Coding/ScribeLec/server/output/MA 421/lectures/2024-
10-31-IntLinProg/figures/1.1.png>
Package pdftex.def Info: /Users/ashoksaravanan/Coding/ScribeLec/server/output/M
A 421/lectures/2024-10-31-IntLinProg/figures/1.1.png  used on input line 87.
(pdftex.def)             Requested size: 70.46037pt x 32.37198pt.

Underfull \hbox (badness 10000) in paragraph at lines 88--88
[]\T1/lmr/bx/n/8 (a) |\T1/lmr/m/n/8 Hand-writ-ten
 []


Underfull \hbox (badness 10000) in paragraph at lines 88--88
\T1/lmr/m/n/8 in-te-ger pro-gram-
 []


Underfull \hbox (badness 10000) in paragraph at lines 88--88
\T1/lmr/m/n/8 ming prob-lem.
 []


Underfull \hbox (badness 10000) in paragraph at lines 88--88
\T1/lmr/m/n/8 The ob-jec-tive
 []

[1

{/usr/local/texlive/2024/texmf-var/fonts/map/pdftex/updmap/pdftex.map}{/usr/loc
al/texlive/2024/texmf-dist/fonts/enc/dvips/lm/lm-ec.enc}{/usr/local/texlive/202
4/texmf-dist/fonts/enc/dvips/lm/lm-rm.enc}{/usr/local/texlive/2024/texmf-dist/f
onts/enc/dvips/lm/lm-mathit.enc}{/usr/local/texlive/2024/texmf-dist/fonts/enc/d
vips/lm/lm-mathsy.enc} </Users/ashoksaravanan/Coding/ScribeLec/server/output/MA
 421/lectures/2024-10-31-IntLinProg/figures/1.1.png (PNG copy)>]
/Users/ashoksaravanan/Coding/ScribeLec/server/output/MA 421/lectures/2024-10-31
-IntLinProg/notes.tex:99: Missing $ inserted.
<inserted text> 
                $
l.99 \max
          \quad \xi(x) = c^T x \\
I've inserted a begin-math/end-math symbol since I think
you left one out. Proceed, with fingers crossed.

/Users/ashoksaravanan/Coding/ScribeLec/server/output/MA 421/lectures/2024-10-31
-IntLinProg/notes.tex:109: Missing $ inserted.
<inserted text> 
                $
l.109 \subsection
                 {Description}%
I've inserted a begin-math/end-math symbol since I think
you left one out. Proceed, with fingers crossed.

</Users/ashoksaravanan/Coding/ScribeLec/server/output/MA 421/lectures/2024-10-3
1-IntLinProg/figures/2.1.png, id=30, 271.0125pt x 271.0125pt>
File: /Users/ashoksaravanan/Coding/ScribeLec/server/output/MA 421/lectures/2024
-10-31-IntLinProg/figures/2.1.png Graphic file (type png)
<use /Users/ashoksaravanan/Coding/ScribeLec/server/output/MA 421/lectures/2024-
10-31-IntLinProg/figures/2.1.png>
Package pdftex.def Info: /Users/ashoksaravanan/Coding/ScribeLec/server/output/M
A 421/lectures/2024-10-31-IntLinProg/figures/2.1.png  used on input line 116.
(pdftex.def)             Requested size: 70.46037pt x 70.45744pt.

Underfull \hbox (badness 10000) in paragraph at lines 117--117
[]\T1/lmr/bx/n/8 (a) |\T1/lmr/m/n/8 Hand-writ-ten
 []


Underfull \hbox (badness 10000) in paragraph at lines 117--117
\T1/lmr/m/n/8 notes de-scrib-ing
 []


Underfull \hbox (badness 10000) in paragraph at lines 117--117
\T1/lmr/m/n/8 in-te-ger pro-gram-
 []


Underfull \hbox (badness 10000) in paragraph at lines 117--117
\T1/lmr/m/n/8 ming and the
 []


Underfull \hbox (badness 10000) in paragraph at lines 117--117
\T1/lmr/m/n/8 lim-i-ta-tions of
 []


Underfull \hbox (badness 3260) in paragraph at lines 117--117
\T1/lmr/m/n/8 from the re-laxed
 []

[2 </Users/ashoksaravanan/Coding/ScribeLec/server/output/MA 421/lectures/2024-1
0-31-IntLinProg/figures/2.1.png (PNG copy)>]
/Users/ashoksaravanan/Coding/ScribeLec/server/output/MA 421/lectures/2024-10-31
-IntLinProg/notes.tex:128: Missing $ inserted.
<inserted text> 
                $
l.128 \text{maximize } 17x_
                           1 + 12x_2 \\
I've inserted a begin-math/end-math symbol since I think
you left one out. Proceed, with fingers crossed.

/Users/ashoksaravanan/Coding/ScribeLec/server/output/MA 421/lectures/2024-10-31
-IntLinProg/notes.tex:134: Missing $ inserted.
<inserted text> 
                $
l.134 \subsection
                 {Description}%
I've inserted a begin-math/end-math symbol since I think
you left one out. Proceed, with fingers crossed.

</Users/ashoksaravanan/Coding/ScribeLec/server/output/MA 421/lectures/2024-10-3
1-IntLinProg/figures/3.1.png, id=40, 220.825pt x 170.6375pt>
File: /Users/ashoksaravanan/Coding/ScribeLec/server/output/MA 421/lectures/2024
-10-31-IntLinProg/figures/3.1.png Graphic file (type png)
<use /Users/ashoksaravanan/Coding/ScribeLec/server/output/MA 421/lectures/2024-
10-31-IntLinProg/figures/3.1.png>
Package pdftex.def Info: /Users/ashoksaravanan/Coding/ScribeLec/server/output/M
A 421/lectures/2024-10-31-IntLinProg/figures/3.1.png  used on input line 141.
(pdftex.def)             Requested size: 70.46037pt x 54.44627pt.

Underfull \hbox (badness 10000) in paragraph at lines 142--142
[]\T1/lmr/bx/n/8 (a) |\T1/lmr/m/n/8 Hand-writ-ten
 []


Underfull \hbox (badness 1412) in paragraph at lines 142--142
\T1/lmr/m/n/8 notes show-ing an
 []


Underfull \hbox (badness 10000) in paragraph at lines 142--142
\T1/lmr/m/n/8 in-te-ger pro-gram-
 []


Underfull \hbox (badness 10000) in paragraph at lines 142--142
\T1/lmr/m/n/8 ming prob-lem.
 []


Underfull \hbox (badness 10000) in paragraph at lines 142--142
\T1/lmr/m/n/8 The ob-jec-tive
 []


Underfull \hbox (badness 10000) in paragraph at lines 142--142
\T1/lmr/m/n/8 sub-ject to the
 []


Underfull \hbox (badness 10000) in paragraph at lines 142--142
\T1/lmr/m/n/8 con-straints
 []


Underfull \hbox (badness 4913) in paragraph at lines 142--142
\OML/lmm/m/it/8 x[] \OT1/lmr/m/n/8 + \OML/lmm/m/it/8 x[] \OMS/lmsy/m/n/8  \OT1
/lmr/m/n/8 5$\T1/lmr/m/n/8 ,
 []


Underfull \hbox (badness 3579) in paragraph at lines 142--142
\T1/lmr/m/n/8 and $\OML/lmm/m/it/8 x[]; x[]$ \T1/lmr/m/n/8 be-ing
 []

[3 </Users/ashoksaravanan/Coding/ScribeLec/server/output/MA 421/lectures/2024-1
0-31-IntLinProg/figures/3.1.png (PNG copy)>]
/Users/ashoksaravanan/Coding/ScribeLec/server/output/MA 421/lectures/2024-10-31
-IntLinProg/notes.tex:153: Missing $ inserted.
<inserted text> 
                $
l.153 maximize \quad 17x_
                         1 + 12x_2 \\
I've inserted a begin-math/end-math symbol since I think
you left one out. Proceed, with fingers crossed.

/Users/ashoksaravanan/Coding/ScribeLec/server/output/MA 421/lectures/2024-10-31
-IntLinProg/notes.tex:160: Missing $ inserted.
<inserted text> 
                $
l.160 \subsection
                 {Description}%
I've inserted a begin-math/end-math symbol since I think
you left one out. Proceed, with fingers crossed.

</Users/ashoksaravanan/Coding/ScribeLec/server/output/MA 421/lectures/2024-10-3
1-IntLinProg/figures/4.1.png, id=52, 220.825pt x 170.6375pt>
File: /Users/ashoksaravanan/Coding/ScribeLec/server/output/MA 421/lectures/2024
-10-31-IntLinProg/figures/4.1.png Graphic file (type png)
<use /Users/ashoksaravanan/Coding/ScribeLec/server/output/MA 421/lectures/2024-
10-31-IntLinProg/figures/4.1.png>
Package pdftex.def Info: /Users/ashoksaravanan/Coding/ScribeLec/server/output/M
A 421/lectures/2024-10-31-IntLinProg/figures/4.1.png  used on input line 167.
(pdftex.def)             Requested size: 70.46037pt x 54.44627pt.

Underfull \hbox (badness 10000) in paragraph at lines 168--168
[]\T1/lmr/bx/n/8 (a) |\T1/lmr/m/n/8 Hand-writ-ten
 []


Underfull \hbox (badness 10000) in paragraph at lines 168--168
\T1/lmr/m/n/8 notes show-ing
 []


Underfull \hbox (badness 10000) in paragraph at lines 168--168
\T1/lmr/m/n/8 the so-lu-tion to
 []


Underfull \hbox (badness 10000) in paragraph at lines 168--168
\T1/lmr/m/n/8 the re-laxed LP
 []

</Users/ashoksaravanan/Coding/ScribeLec/server/output/MA 421/lectures/2024-10-3
1-IntLinProg/figures/4.2.png, id=53, 521.95pt x 772.8875pt>
File: /Users/ashoksaravanan/Coding/ScribeLec/server/output/MA 421/lectures/2024
-10-31-IntLinProg/figures/4.2.png Graphic file (type png)
<use /Users/ashoksaravanan/Coding/ScribeLec/server/output/MA 421/lectures/2024-
10-31-IntLinProg/figures/4.2.png>
Package pdftex.def Info: /Users/ashoksaravanan/Coding/ScribeLec/server/output/M
A 421/lectures/2024-10-31-IntLinProg/figures/4.2.png  used on input line 173.
(pdftex.def)             Requested size: 70.46037pt x 104.3353pt.

Underfull \hbox (badness 10000) in paragraph at lines 174--174
\T1/lmr/m/n/8 ing the fea-si-ble
 []


Underfull \hbox (badness 10000) in paragraph at lines 174--174
\T1/lmr/m/n/8 ger pro-gram-ming
 []


Underfull \hbox (badness 3271) in paragraph at lines 174--174
\T1/lmr/m/n/8 prob-lem and the
 []


Underfull \hbox (badness 10000) in paragraph at lines 174--174
\T1/lmr/m/n/8 op-ti-mal so-lu-tions
 []


Underfull \hbox (badness 3271) in paragraph at lines 174--174
\T1/lmr/m/n/8 prob-lem and the
 []


Underfull \hbox (badness 10000) in paragraph at lines 174--174
\T1/lmr/m/n/8 in-te-ger pro-gram-
 []

[4{/usr/local/texlive/2024/texmf-dist/fonts/enc/dvips/lm/lm-mathex.enc} </Users
/ashoksaravanan/Coding/ScribeLec/server/output/MA 421/lectures/2024-10-31-IntLi
nProg/figures/4.1.png (PNG copy)> </Users/ashoksaravanan/Coding/ScribeLec/serve
r/output/MA 421/lectures/2024-10-31-IntLinProg/figures/4.2.png (PNG copy)>]
/Users/ashoksaravanan/Coding/ScribeLec/server/output/MA 421/lectures/2024-10-31
-IntLinProg/notes.tex:185: Missing $ inserted.
<inserted text> 
                $
l.185 \text{maximize } 17x_
                           1 + 12x_2 \\
I've inserted a begin-math/end-math symbol since I think
you left one out. Proceed, with fingers crossed.

/Users/ashoksaravanan/Coding/ScribeLec/server/output/MA 421/lectures/2024-10-31
-IntLinProg/notes.tex:194: Missing $ inserted.
<inserted text> 
                $
l.194 \subsection
                 {Description}%
I've inserted a begin-math/end-math symbol since I think
you left one out. Proceed, with fingers crossed.

</Users/ashoksaravanan/Coding/ScribeLec/server/output/MA 421/lectures/2024-10-3
1-IntLinProg/figures/5.1.png, id=65, 572.1375pt x 672.5125pt>
File: /Users/ashoksaravanan/Coding/ScribeLec/server/output/MA 421/lectures/2024
-10-31-IntLinProg/figures/5.1.png Graphic file (type png)
<use /Users/ashoksaravanan/Coding/ScribeLec/server/output/MA 421/lectures/2024-
10-31-IntLinProg/figures/5.1.png>
Package pdftex.def Info: /Users/ashoksaravanan/Coding/ScribeLec/server/output/M
A 421/lectures/2024-10-31-IntLinProg/figures/5.1.png  used on input line 201.
(pdftex.def)             Requested size: 70.46037pt x 82.82219pt.

Underfull \hbox (badness 7344) in paragraph at lines 202--202
\T1/lmr/m/n/8 gion of the in-
 []


Underfull \hbox (badness 1622) in paragraph at lines 202--202
\T1/lmr/m/n/8 re-laxed LP prob-
 []


Underfull \hbox (badness 3260) in paragraph at lines 202--202
\T1/lmr/m/n/8 from the re-laxed
 []

[5 </Users/ashoksaravanan/Coding/ScribeLec/server/output/MA 421/lectures/2024-1
0-31-IntLinProg/figures/5.1.png (PNG copy)>]
</Users/ashoksaravanan/Coding/ScribeLec/server/output/MA 421/lectures/2024-10-3
1-IntLinProg/figures/6.1.png, id=75, 371.3875pt x 371.3875pt>
File: /Users/ashoksaravanan/Coding/ScribeLec/server/output/MA 421/lectures/2024
-10-31-IntLinProg/figures/6.1.png Graphic file (type png)
<use /Users/ashoksaravanan/Coding/ScribeLec/server/output/MA 421/lectures/2024-
10-31-IntLinProg/figures/6.1.png>
Package pdftex.def Info: /Users/ashoksaravanan/Coding/ScribeLec/server/output/M
A 421/lectures/2024-10-31-IntLinProg/figures/6.1.png  used on input line 221.
(pdftex.def)             Requested size: 70.46037pt x 70.45668pt.

Underfull \hbox (badness 10000) in paragraph at lines 222--222
\T1/lmr/m/n/8 ing the fea-si-ble
 []


Underfull \hbox (badness 10000) in paragraph at lines 222--222
\T1/lmr/m/n/8 ger pro-gram-ming
 []


Underfull \hbox (badness 1635) in paragraph at lines 222--222
\T1/lmr/m/n/8 prob-lem. Points
 []


Underfull \hbox (badness 10000) in paragraph at lines 222--222
\T1/lmr/m/n/8 fea-si-ble re-gion
 []


Underfull \hbox (badness 10000) in paragraph at lines 222--222
\T1/lmr/m/n/8 is di-vided into
 []


Underfull \hbox (badness 7344) in paragraph at lines 222--222
\OML/lmm/m/it/8 P[]$ \T1/lmr/m/n/8 and $\OML/lmm/m/it/8 P[]$ \T1/lmr/m/n/8 are
 []

</Users/ashoksaravanan/Coding/ScribeLec/server/output/MA 421/lectures/2024-10-3
1-IntLinProg/figures/6.2.png, id=76, 321.2pt x 371.3875pt>
File: /Users/ashoksaravanan/Coding/ScribeLec/server/output/MA 421/lectures/2024
-10-31-IntLinProg/figures/6.2.png Graphic file (type png)
<use /Users/ashoksaravanan/Coding/ScribeLec/server/output/MA 421/lectures/2024-
10-31-IntLinProg/figures/6.2.png>
Package pdftex.def Info: /Users/ashoksaravanan/Coding/ScribeLec/server/output/M
A 421/lectures/2024-10-31-IntLinProg/figures/6.2.png  used on input line 227.
(pdftex.def)             Requested size: 70.46037pt x 81.46748pt.

Underfull \hbox (badness 10000) in paragraph at lines 228--228
[]\T1/lmr/bx/n/8 (b) |\T1/lmr/m/n/8 A branch-
 []


Underfull \hbox (badness 10000) in paragraph at lines 228--228
\T1/lmr/m/n/8 and-bound tree.
 []


Underfull \hbox (badness 10000) in paragraph at lines 228--228
\T1/lmr/m/n/8 The root node
 []


Underfull \hbox (badness 10000) in paragraph at lines 228--228
\T1/lmr/m/n/8 rep-re-sents the
 []


Underfull \hbox (badness 10000) in paragraph at lines 228--228
\T1/lmr/m/n/8 with so-lu-tion
 []


Underfull \hbox (badness 10000) in paragraph at lines 228--228
\T1/lmr/m/n/8 The branches
 []


Underfull \hbox (badness 10000) in paragraph at lines 228--228
\T1/lmr/m/n/8 rep-re-sent the
 []


Underfull \hbox (badness 10000) in paragraph at lines 228--228
\T1/lmr/m/n/8 nodes re-sult-ing
 []


Underfull \hbox (badness 10000) in paragraph at lines 228--228
\T1/lmr/m/n/8 rep-re-sent sub-
 []


Underfull \hbox (badness 10000) in paragraph at lines 228--228
\T1/lmr/m/n/8 prob-lems with
 []


Underfull \hbox (badness 10000) in paragraph at lines 228--228
\T1/lmr/m/n/8 these ad-di-tional
 []


Underfull \hbox (badness 1014) in paragraph at lines 228--228
\T1/lmr/m/n/8 con-straints. The
 []


Underfull \hbox (badness 2435) in paragraph at lines 228--228
\T1/lmr/m/n/8 ob-jec-tive func-tion
 []


Underfull \hbox (badness 10000) in paragraph at lines 228--228
\T1/lmr/m/n/8 val-ues for these
 []


Underfull \hbox (badness 10000) in paragraph at lines 228--228
\T1/lmr/m/n/8 sub-prob-lems are
 []

[6 </Users/ashoksaravanan/Coding/ScribeLec/server/output/MA 421/lectures/2024-1
0-31-IntLinProg/figures/6.1.png (PNG copy)> </Users/ashoksaravanan/Coding/Scrib
eLec/server/output/MA 421/lectures/2024-10-31-IntLinProg/figures/6.2.png (PNG c
opy)>]
</Users/ashoksaravanan/Coding/ScribeLec/server/output/MA 421/lectures/2024-10-3
1-IntLinProg/figures/7.1.png, id=86, 371.3875pt x 371.3875pt>
File: /Users/ashoksaravanan/Coding/ScribeLec/server/output/MA 421/lectures/2024
-10-31-IntLinProg/figures/7.1.png Graphic file (type png)
<use /Users/ashoksaravanan/Coding/ScribeLec/server/output/MA 421/lectures/2024-
10-31-IntLinProg/figures/7.1.png>
Package pdftex.def Info: /Users/ashoksaravanan/Coding/ScribeLec/server/output/M
A 421/lectures/2024-10-31-IntLinProg/figures/7.1.png  used on input line 247.
(pdftex.def)             Requested size: 70.46037pt x 70.45668pt.

Underfull \hbox (badness 1406) in paragraph at lines 248--248
[]\T1/lmr/bx/n/8 (a) |\T1/lmr/m/n/8 A 3D graph
 []


Underfull \hbox (badness 1231) in paragraph at lines 248--248
\OML/lmm/m/it/8 P[]$\T1/lmr/m/n/8 . Point $\OT1/lmr/m/n/8 (2\OML/lmm/m/it/8 ; \
OT1/lmr/m/n/8 2)$
 []

</Users/ashoksaravanan/Coding/ScribeLec/server/output/MA 421/lectures/2024-10-3
1-IntLinProg/figures/7.2.png, id=87, 321.2pt x 371.3875pt>
File: /Users/ashoksaravanan/Coding/ScribeLec/server/output/MA 421/lectures/2024
-10-31-IntLinProg/figures/7.2.png Graphic file (type png)
<use /Users/ashoksaravanan/Coding/ScribeLec/server/output/MA 421/lectures/2024-
10-31-IntLinProg/figures/7.2.png>
Package pdftex.def Info: /Users/ashoksaravanan/Coding/ScribeLec/server/output/M
A 421/lectures/2024-10-31-IntLinProg/figures/7.2.png  used on input line 253.
(pdftex.def)             Requested size: 70.46037pt x 81.46748pt.

Underfull \hbox (badness 10000) in paragraph at lines 254--254
[]\T1/lmr/bx/n/8 (b) |\T1/lmr/m/n/8 A branch-
 []


Underfull \hbox (badness 10000) in paragraph at lines 254--254
\T1/lmr/m/n/8 and-bound tree.
 []


Underfull \hbox (badness 10000) in paragraph at lines 254--254
\T1/lmr/m/n/8 The root node
 []


Underfull \hbox (badness 10000) in paragraph at lines 254--254
\T1/lmr/m/n/8 rep-re-sents the
 []


Underfull \hbox (badness 2435) in paragraph at lines 254--254
\T1/lmr/m/n/8 ob-jec-tive func-tion
 []


Underfull \hbox (badness 10000) in paragraph at lines 254--254
\T1/lmr/m/n/8 the con-straints
 []


Underfull \hbox (badness 10000) in paragraph at lines 254--254
\T1/lmr/m/n/8 nodes rep-re-sent
 []


Underfull \hbox (badness 3690) in paragraph at lines 254--254
\T1/lmr/m/n/8 sub-prob-lems with
 []


Underfull \hbox (badness 10000) in paragraph at lines 254--254
\T1/lmr/m/n/8 these ad-di-tional
 []


Underfull \hbox (badness 1014) in paragraph at lines 254--254
\T1/lmr/m/n/8 con-straints. The
 []


Underfull \hbox (badness 2435) in paragraph at lines 254--254
\T1/lmr/m/n/8 ob-jec-tive func-tion
 []


Underfull \hbox (badness 10000) in paragraph at lines 254--254
\T1/lmr/m/n/8 val-ues for these
 []


Underfull \hbox (badness 10000) in paragraph at lines 254--254
\T1/lmr/m/n/8 sub-prob-lems are
 []


Underfull \hbox (badness 7540) in paragraph at lines 254--254
\T1/lmr/m/n/8 given. A red
 []


Underfull \hbox (badness 10000) in paragraph at lines 254--254
\T1/lmr/m/n/8 line high-lights
 []


Underfull \hbox (badness 10000) in paragraph at lines 254--254
\T1/lmr/m/n/8 the best in-te-ger
 []


Underfull \hbox (badness 1412) in paragraph at lines 254--254
\T1/lmr/m/n/8 so-lu-tion found so
 []


Underfull \hbox (badness 10000) in paragraph at lines 254--254
\T1/lmr/m/n/8 The enu-mer-a-tion
 []


Underfull \hbox (badness 1917) in paragraph at lines 254--254
\T1/lmr/m/n/8 tree af-ter solv-ing
 []

[7] [8 </Users/ashoksaravanan/Coding/ScribeLec/server/output/MA 421/lectures/20
24-10-31-IntLinProg/figures/7.1.png (PNG copy)> </Users/ashoksaravanan/Coding/S
cribeLec/server/output/MA 421/lectures/2024-10-31-IntLinProg/figures/7.2.png (P
NG copy)>]
</Users/ashoksaravanan/Coding/ScribeLec/server/output/MA 421/lectures/2024-10-3
1-IntLinProg/figures/8.1.png, id=102, 371.3875pt x 371.3875pt>
File: /Users/ashoksaravanan/Coding/ScribeLec/server/output/MA 421/lectures/2024
-10-31-IntLinProg/figures/8.1.png Graphic file (type png)
<use /Users/ashoksaravanan/Coding/ScribeLec/server/output/MA 421/lectures/2024-
10-31-IntLinProg/figures/8.1.png>
Package pdftex.def Info: /Users/ashoksaravanan/Coding/ScribeLec/server/output/M
A 421/lectures/2024-10-31-IntLinProg/figures/8.1.png  used on input line 273.
(pdftex.def)             Requested size: 70.46037pt x 70.45668pt.

Underfull \hbox (badness 1406) in paragraph at lines 274--274
[]\T1/lmr/bx/n/8 (a) |\T1/lmr/m/n/8 A 3D graph
 []


Underfull \hbox (badness 1824) in paragraph at lines 274--274
\T1/lmr/m/n/8 and $\OML/lmm/m/it/8 P[]$\T1/lmr/m/n/8 . Points
 []


Underfull \hbox (badness 3792) in paragraph at lines 274--274
\T1/lmr/m/n/8 are marked with
 []

</Users/ashoksaravanan/Coding/ScribeLec/server/output/MA 421/lectures/2024-10-3
1-IntLinProg/figures/8.2.png, id=103, 321.2pt x 371.3875pt>
File: /Users/ashoksaravanan/Coding/ScribeLec/server/output/MA 421/lectures/2024
-10-31-IntLinProg/figures/8.2.png Graphic file (type png)
<use /Users/ashoksaravanan/Coding/ScribeLec/server/output/MA 421/lectures/2024-
10-31-IntLinProg/figures/8.2.png>
Package pdftex.def Info: /Users/ashoksaravanan/Coding/ScribeLec/server/output/M
A 421/lectures/2024-10-31-IntLinProg/figures/8.2.png  used on input line 279.
(pdftex.def)             Requested size: 70.46037pt x 81.46748pt.

Underfull \hbox (badness 10000) in paragraph at lines 280--280
[]\T1/lmr/bx/n/8 (b) |\T1/lmr/m/n/8 A branch-
 []


Underfull \hbox (badness 10000) in paragraph at lines 280--280
\T1/lmr/m/n/8 and-bound tree.
 []


Underfull \hbox (badness 10000) in paragraph at lines 280--280
\T1/lmr/m/n/8 The root node
 []


Underfull \hbox (badness 10000) in paragraph at lines 280--280
\T1/lmr/m/n/8 rep-re-sents the
 []


Underfull \hbox (badness 2435) in paragraph at lines 280--280
\T1/lmr/m/n/8 ob-jec-tive func-tion
 []


Underfull \hbox (badness 10000) in paragraph at lines 280--280
\T1/lmr/m/n/8 the con-straints
 []


Underfull \hbox (badness 10000) in paragraph at lines 280--280
\T1/lmr/m/n/8 oc-curs on $\OML/lmm/m/it/8 x[]$
 []


Underfull \hbox (badness 7777) in paragraph at lines 280--280
\T1/lmr/m/n/8 and $\OML/lmm/m/it/8 x[]$\T1/lmr/m/n/8 . The
 []


Underfull \hbox (badness 10000) in paragraph at lines 280--280
\T1/lmr/m/n/8 nodes rep-re-sent
 []


Underfull \hbox (badness 3690) in paragraph at lines 280--280
\T1/lmr/m/n/8 sub-prob-lems with
 []


Underfull \hbox (badness 10000) in paragraph at lines 280--280
\T1/lmr/m/n/8 these ad-di-tional
 []


Underfull \hbox (badness 1014) in paragraph at lines 280--280
\T1/lmr/m/n/8 con-straints. The
 []


Underfull \hbox (badness 2435) in paragraph at lines 280--280
\T1/lmr/m/n/8 ob-jec-tive func-tion
 []


Underfull \hbox (badness 10000) in paragraph at lines 280--280
\T1/lmr/m/n/8 val-ues for these
 []


Underfull \hbox (badness 10000) in paragraph at lines 280--280
\T1/lmr/m/n/8 sub-prob-lems are
 []


Underfull \hbox (badness 10000) in paragraph at lines 280--280
\T1/lmr/m/n/8 box around $\OML/lmm/m/it/8 P[]$
 []


Underfull \hbox (badness 5696) in paragraph at lines 280--280
\T1/lmr/m/n/8 in-di-cates that it
 []


Underfull \hbox (badness 10000) in paragraph at lines 280--280
\T1/lmr/m/n/8 is a leaf node.
 []


Underfull \hbox (badness 10000) in paragraph at lines 280--280
\T1/lmr/m/n/8 The cap-tion is
 []


Underfull \hbox (badness 10000) in paragraph at lines 280--280
\T1/lmr/m/n/8 "FIG-URE 23.11.
 []


Underfull \hbox (badness 10000) in paragraph at lines 280--280
\T1/lmr/m/n/8 The enu-mer-a-tion
 []


Underfull \hbox (badness 1917) in paragraph at lines 280--280
\T1/lmr/m/n/8 tree af-ter solv-ing
 []


Underfull \hbox (badness 1132) in paragraph at lines 280--280
\OML/lmm/m/it/8 P[]$\T1/lmr/m/n/8 . The dou-ble
 []


Underfull \hbox (badness 10000) in paragraph at lines 280--280
\T1/lmr/m/n/8 box around $\OML/lmm/m/it/8 P[]$
 []

[9] [10 </Users/ashoksaravanan/Coding/ScribeLec/server/output/MA 421/lectures/2
024-10-31-IntLinProg/figures/8.1.png (PNG copy)> </Users/ashoksaravanan/Coding/
ScribeLec/server/output/MA 421/lectures/2024-10-31-IntLinProg/figures/8.2.png (
PNG copy)>]
</Users/ashoksaravanan/Coding/ScribeLec/server/output/MA 421/lectures/2024-10-3
1-IntLinProg/figures/9.1.png, id=117, 371.3875pt x 371.3875pt>
File: /Users/ashoksaravanan/Coding/ScribeLec/server/output/MA 421/lectures/2024
-10-31-IntLinProg/figures/9.1.png Graphic file (type png)
<use /Users/ashoksaravanan/Coding/ScribeLec/server/output/MA 421/lectures/2024-
10-31-IntLinProg/figures/9.1.png>
Package pdftex.def Info: /Users/ashoksaravanan/Coding/ScribeLec/server/output/M
A 421/lectures/2024-10-31-IntLinProg/figures/9.1.png  used on input line 299.
(pdftex.def)             Requested size: 70.46037pt x 70.45668pt.

Underfull \hbox (badness 1406) in paragraph at lines 300--300
[]\T1/lmr/bx/n/8 (a) |\T1/lmr/m/n/8 A 2D graph
 []


Underfull \hbox (badness 4341) in paragraph at lines 300--300
\T1/lmr/m/n/8 show-ing the fea-
 []


Underfull \hbox (badness 10000) in paragraph at lines 300--300
\T1/lmr/m/n/8 in-te-ger pro-gram-
 []


Underfull \hbox (badness 10000) in paragraph at lines 300--300
\T1/lmr/m/n/8 ming prob-lem.
 []


Underfull \hbox (badness 10000) in paragraph at lines 300--300
\T1/lmr/m/n/8 The fea-si-ble re-
 []


Underfull \hbox (badness 7851) in paragraph at lines 300--300
\T1/lmr/m/n/8 bounded by the
 []


Underfull \hbox (badness 6078) in paragraph at lines 300--300
\T1/lmr/m/n/8 lines $\OML/lmm/m/it/8 x[] \OT1/lmr/m/n/8 = 0$\T1/lmr/m/n/8 ,
 []


Underfull \hbox (badness 7203) in paragraph at lines 300--300
\OML/lmm/m/it/8 x[] \OT1/lmr/m/n/8 = 0$\T1/lmr/m/n/8 , and
 []


Underfull \hbox (badness 4913) in paragraph at lines 300--300
\OML/lmm/m/it/8 x[] \OT1/lmr/m/n/8 + \OML/lmm/m/it/8 x[] \OT1/lmr/m/n/8 = 6$\T1
/lmr/m/n/8 .
 []


Underfull \hbox (badness 10000) in paragraph at lines 300--300
\T1/lmr/m/n/8 The re-gion is
 []


Underfull \hbox (badness 10000) in paragraph at lines 300--300
\T1/lmr/m/n/8 par-ti-tioned into
 []


Underfull \hbox (badness 10000) in paragraph at lines 300--300
\T1/lmr/m/n/8 sub-re-gions $\OML/lmm/m/it/8 P[]$\T1/lmr/m/n/8 ,
 []


Underfull \hbox (badness 1603) in paragraph at lines 300--300
\OML/lmm/m/it/8 P[]$\T1/lmr/m/n/8 , $\OML/lmm/m/it/8 P[]$\T1/lmr/m/n/8 , and $\
OML/lmm/m/it/8 P[]$\T1/lmr/m/n/8 .
 []


Underfull \hbox (badness 10000) in paragraph at lines 300--300
\T1/lmr/m/n/8 Point $\OT1/lmr/m/n/8 (3\OML/lmm/m/it/8 ; \OT1/lmr/m/n/8 3)$ \T1/
lmr/m/n/8 is
 []


Underfull \hbox (badness 10000) in paragraph at lines 300--300
\T1/lmr/m/n/8 la-beled $\OML/lmm/m/it/8 x[]$ \T1/lmr/m/n/8 and
 []


Underfull \hbox (badness 10000) in paragraph at lines 300--300
\T1/lmr/m/n/8 "FIG-URE 23.12.
 []

</Users/ashoksaravanan/Coding/ScribeLec/server/output/MA 421/lectures/2024-10-3
1-IntLinProg/figures/9.2.png, id=118, 321.2pt x 371.3875pt>
File: /Users/ashoksaravanan/Coding/ScribeLec/server/output/MA 421/lectures/2024
-10-31-IntLinProg/figures/9.2.png Graphic file (type png)
<use /Users/ashoksaravanan/Coding/ScribeLec/server/output/MA 421/lectures/2024-
10-31-IntLinProg/figures/9.2.png>
Package pdftex.def Info: /Users/ashoksaravanan/Coding/ScribeLec/server/output/M
A 421/lectures/2024-10-31-IntLinProg/figures/9.2.png  used on input line 305.
(pdftex.def)             Requested size: 70.46037pt x 81.46748pt.

Underfull \hbox (badness 10000) in paragraph at lines 306--306
[]\T1/lmr/bx/n/8 (b) |\T1/lmr/m/n/8 A branch-
 []


Underfull \hbox (badness 10000) in paragraph at lines 306--306
\T1/lmr/m/n/8 and-bound tree.
 []


Underfull \hbox (badness 10000) in paragraph at lines 306--306
\T1/lmr/m/n/8 The root node
 []


Underfull \hbox (badness 10000) in paragraph at lines 306--306
\T1/lmr/m/n/8 rep-re-sents the
 []


Underfull \hbox (badness 2435) in paragraph at lines 306--306
\T1/lmr/m/n/8 ob-jec-tive func-tion
 []


Underfull \hbox (badness 10000) in paragraph at lines 306--306
\T1/lmr/m/n/8 the con-straints
 []


Underfull \hbox (badness 10000) in paragraph at lines 306--306
\T1/lmr/m/n/8 oc-curs on $\OML/lmm/m/it/8 x[]$
 []


Underfull \hbox (badness 7777) in paragraph at lines 306--306
\T1/lmr/m/n/8 and $\OML/lmm/m/it/8 x[]$\T1/lmr/m/n/8 . The
 []


Underfull \hbox (badness 10000) in paragraph at lines 306--306
\T1/lmr/m/n/8 nodes rep-re-sent
 []


Underfull \hbox (badness 3690) in paragraph at lines 306--306
\T1/lmr/m/n/8 sub-prob-lems with
 []


Underfull \hbox (badness 10000) in paragraph at lines 306--306
\T1/lmr/m/n/8 these ad-di-tional
 []


Underfull \hbox (badness 1014) in paragraph at lines 306--306
\T1/lmr/m/n/8 con-straints. The
 []


Underfull \hbox (badness 2435) in paragraph at lines 306--306
\T1/lmr/m/n/8 ob-jec-tive func-tion
 []


Underfull \hbox (badness 10000) in paragraph at lines 306--306
\T1/lmr/m/n/8 val-ues for these
 []


Underfull \hbox (badness 10000) in paragraph at lines 306--306
\T1/lmr/m/n/8 sub-prob-lems are
 []


Underfull \hbox (badness 1303) in paragraph at lines 306--306
\OML/lmm/m/it/8 P[]$\T1/lmr/m/n/8 , $\OML/lmm/m/it/8 P[]$\T1/lmr/m/n/8 , $\OML/
lmm/m/it/8 P[]$\T1/lmr/m/n/8 , and
 []


Underfull \hbox (badness 10000) in paragraph at lines 306--306
\T1/lmr/m/n/8 The cap-tion is
 []


Underfull \hbox (badness 10000) in paragraph at lines 306--306
\T1/lmr/m/n/8 "FIG-URE 23.14.
 []


Underfull \hbox (badness 10000) in paragraph at lines 306--306
\T1/lmr/m/n/8 The enu-mer-a-tion
 []


Underfull \hbox (badness 1917) in paragraph at lines 306--306
\T1/lmr/m/n/8 tree af-ter solv-ing
 []

[11] [12 </Users/ashoksaravanan/Coding/ScribeLec/server/output/MA 421/lectures/
2024-10-31-IntLinProg/figures/9.1.png (PNG copy)> </Users/ashoksaravanan/Coding
/ScribeLec/server/output/MA 421/lectures/2024-10-31-IntLinProg/figures/9.2.png 
(PNG copy)>]
</Users/ashoksaravanan/Coding/ScribeLec/server/output/MA 421/lectures/2024-10-3
1-IntLinProg/figures/10.1.png, id=132, 371.3875pt x 371.3875pt>
File: /Users/ashoksaravanan/Coding/ScribeLec/server/output/MA 421/lectures/2024
-10-31-IntLinProg/figures/10.1.png Graphic file (type png)
<use /Users/ashoksaravanan/Coding/ScribeLec/server/output/MA 421/lectures/2024-
10-31-IntLinProg/figures/10.1.png>
Package pdftex.def Info: /Users/ashoksaravanan/Coding/ScribeLec/server/output/M
A 421/lectures/2024-10-31-IntLinProg/figures/10.1.png  used on input line 325.
(pdftex.def)             Requested size: 70.46037pt x 70.45668pt.

Underfull \hbox (badness 1406) in paragraph at lines 326--326
[]\T1/lmr/bx/n/8 (a) |\T1/lmr/m/n/8 A 2D graph
 []


Underfull \hbox (badness 4341) in paragraph at lines 326--326
\T1/lmr/m/n/8 show-ing the fea-
 []


Underfull \hbox (badness 10000) in paragraph at lines 326--326
\T1/lmr/m/n/8 in-te-ger pro-gram-
 []


Underfull \hbox (badness 10000) in paragraph at lines 326--326
\T1/lmr/m/n/8 ming prob-lem.
 []


Underfull \hbox (badness 10000) in paragraph at lines 326--326
\T1/lmr/m/n/8 The fea-si-ble re-
 []


Underfull \hbox (badness 7851) in paragraph at lines 326--326
\T1/lmr/m/n/8 bounded by the
 []


Underfull \hbox (badness 6078) in paragraph at lines 326--326
\T1/lmr/m/n/8 lines $\OML/lmm/m/it/8 x[] \OT1/lmr/m/n/8 = 0$\T1/lmr/m/n/8 ,
 []


Underfull \hbox (badness 7203) in paragraph at lines 326--326
\OML/lmm/m/it/8 x[] \OT1/lmr/m/n/8 = 0$\T1/lmr/m/n/8 , and
 []


Underfull \hbox (badness 4913) in paragraph at lines 326--326
\OML/lmm/m/it/8 x[] \OT1/lmr/m/n/8 + \OML/lmm/m/it/8 x[] \OT1/lmr/m/n/8 = 6$\T1
/lmr/m/n/8 .
 []


Underfull \hbox (badness 10000) in paragraph at lines 326--326
\T1/lmr/m/n/8 The re-gion is
 []


Underfull \hbox (badness 10000) in paragraph at lines 326--326
\T1/lmr/m/n/8 par-ti-tioned into
 []


Underfull \hbox (badness 10000) in paragraph at lines 326--326
\T1/lmr/m/n/8 "FIG-URE 23.13.
 []


Underfull \hbox (badness 10000) in paragraph at lines 326--326
\T1/lmr/m/n/8 The re-fine-ment
 []


Underfull \hbox (badness 1917) in paragraph at lines 326--326
\T1/lmr/m/n/8 sin-gle point: (4,
 []

</Users/ashoksaravanan/Coding/ScribeLec/server/output/MA 421/lectures/2024-10-3
1-IntLinProg/figures/10.2.png, id=133, 321.2pt x 371.3875pt>
File: /Users/ashoksaravanan/Coding/ScribeLec/server/output/MA 421/lectures/2024
-10-31-IntLinProg/figures/10.2.png Graphic file (type png)
<use /Users/ashoksaravanan/Coding/ScribeLec/server/output/MA 421/lectures/2024-
10-31-IntLinProg/figures/10.2.png>
Package pdftex.def Info: /Users/ashoksaravanan/Coding/ScribeLec/server/output/M
A 421/lectures/2024-10-31-IntLinProg/figures/10.2.png  used on input line 331.
(pdftex.def)             Requested size: 70.46037pt x 81.46748pt.

Underfull \hbox (badness 10000) in paragraph at lines 332--332
[]\T1/lmr/bx/n/8 (b) |\T1/lmr/m/n/8 A branch-
 []


Underfull \hbox (badness 10000) in paragraph at lines 332--332
\T1/lmr/m/n/8 and-bound tree.
 []


Underfull \hbox (badness 10000) in paragraph at lines 332--332
\T1/lmr/m/n/8 The root node
 []


Underfull \hbox (badness 10000) in paragraph at lines 332--332
\T1/lmr/m/n/8 rep-re-sents the
 []


Underfull \hbox (badness 2435) in paragraph at lines 332--332
\T1/lmr/m/n/8 ob-jec-tive func-tion
 []


Underfull \hbox (badness 10000) in paragraph at lines 332--332
\T1/lmr/m/n/8 the con-straints
 []


Underfull \hbox (badness 10000) in paragraph at lines 332--332
\T1/lmr/m/n/8 oc-curs on $\OML/lmm/m/it/8 x[]$
 []


Underfull \hbox (badness 7777) in paragraph at lines 332--332
\T1/lmr/m/n/8 and $\OML/lmm/m/it/8 x[]$\T1/lmr/m/n/8 . The
 []


Underfull \hbox (badness 10000) in paragraph at lines 332--332
\T1/lmr/m/n/8 nodes rep-re-sent
 []


Underfull \hbox (badness 3690) in paragraph at lines 332--332
\T1/lmr/m/n/8 sub-prob-lems with
 []


Underfull \hbox (badness 10000) in paragraph at lines 332--332
\T1/lmr/m/n/8 these ad-di-tional
 []


Underfull \hbox (badness 1014) in paragraph at lines 332--332
\T1/lmr/m/n/8 con-straints. The
 []


Underfull \hbox (badness 2435) in paragraph at lines 332--332
\T1/lmr/m/n/8 ob-jec-tive func-tion
 []


Underfull \hbox (badness 10000) in paragraph at lines 332--332
\T1/lmr/m/n/8 val-ues for these
 []


Underfull \hbox (badness 10000) in paragraph at lines 332--332
\T1/lmr/m/n/8 sub-prob-lems are
 []


Underfull \hbox (badness 7344) in paragraph at lines 332--332
\OML/lmm/m/it/8 P[]$ \T1/lmr/m/n/8 and $\OML/lmm/m/it/8 P[]$ \T1/lmr/m/n/8 are
 []


Underfull \hbox (badness 10000) in paragraph at lines 332--332
\T1/lmr/m/n/8 The com-plete
 []

[13] [14 </Users/ashoksaravanan/Coding/ScribeLec/server/output/MA 421/lectures/
2024-10-31-IntLinProg/figures/10.1.png (PNG copy)> </Users/ashoksaravanan/Codin
g/ScribeLec/server/output/MA 421/lectures/2024-10-31-IntLinProg/figures/10.2.pn
g (PNG copy)>]
</Users/ashoksaravanan/Coding/ScribeLec/server/output/MA 421/lectures/2024-10-3
1-IntLinProg/figures/11.1.png, id=148, 75.28125pt x 70.2625pt>
File: /Users/ashoksaravanan/Coding/ScribeLec/server/output/MA 421/lectures/2024
-10-31-IntLinProg/figures/11.1.png Graphic file (type png)
<use /Users/ashoksaravanan/Coding/ScribeLec/server/output/MA 421/lectures/2024-
10-31-IntLinProg/figures/11.1.png>
Package pdftex.def Info: /Users/ashoksaravanan/Coding/ScribeLec/server/output/M
A 421/lectures/2024-10-31-IntLinProg/figures/11.1.png  used on input line 353.
(pdftex.def)             Requested size: 70.46037pt x 65.76906pt.
</Users/ashoksaravanan/Coding/ScribeLec/server/output/MA 421/lectures/2024-10-3
1-IntLinProg/figures/11.2.png, id=149, 75.28125pt x 100.375pt>
File: /Users/ashoksaravanan/Coding/ScribeLec/server/output/MA 421/lectures/2024
-10-31-IntLinProg/figures/11.2.png Graphic file (type png)
<use /Users/ashoksaravanan/Coding/ScribeLec/server/output/MA 421/lectures/2024-
10-31-IntLinProg/figures/11.2.png>
Package pdftex.def Info: /Users/ashoksaravanan/Coding/ScribeLec/server/output/M
A 421/lectures/2024-10-31-IntLinProg/figures/11.2.png  used on input line 359.
(pdftex.def)             Requested size: 70.46037pt x 93.95581pt.
 [15 </Users/ashoksaravanan/Coding/ScribeLec/server/output/MA 421/lectures/2024
-10-31-IntLinProg/figures/11.1.png (PNG copy)> </Users/ashoksaravanan/Coding/Sc
ribeLec/server/output/MA 421/lectures/2024-10-31-IntLinProg/figures/11.2.png (P
NG copy)>]
LaTeX Font Info:    Trying to load font information for OMS+lmr on input line 3
73.

(/usr/local/texlive/2024/texmf-dist/tex/latex/lm/omslmr.fd
File: omslmr.fd 2015/05/01 v1.6.1 Font defs for Latin Modern
)
LaTeX Font Info:    Font shape `OMS/lmr/m/n' in size <10> not available
(Font)              Font shape `OMS/lmsy/m/n' tried instead on input line 373.
</Users/ashoksaravanan/Coding/ScribeLec/server/output/MA 421/lectures/2024-10-3
1-IntLinProg/figures/12.1.png, id=160, 90.3375pt x 120.45pt>
File: /Users/ashoksaravanan/Coding/ScribeLec/server/output/MA 421/lectures/2024
-10-31-IntLinProg/figures/12.1.png Graphic file (type png)
<use /Users/ashoksaravanan/Coding/ScribeLec/server/output/MA 421/lectures/2024-
10-31-IntLinProg/figures/12.1.png>
Package pdftex.def Info: /Users/ashoksaravanan/Coding/ScribeLec/server/output/M
A 421/lectures/2024-10-31-IntLinProg/figures/12.1.png  used on input line 385.
(pdftex.def)             Requested size: 70.46037pt x 93.94693pt.
 [16 </Users/ashoksaravanan/Coding/ScribeLec/server/output/MA 421/lectures/2024
-10-31-IntLinProg/figures/12.1.png (PNG copy)>]
</Users/ashoksaravanan/Coding/ScribeLec/server/output/MA 421/lectures/2024-10-3
1-IntLinProg/figures/13.1.png, id=170, 271.0125pt x 190.7125pt>
File: /Users/ashoksaravanan/Coding/ScribeLec/server/output/MA 421/lectures/2024
-10-31-IntLinProg/figures/13.1.png Graphic file (type png)
<use /Users/ashoksaravanan/Coding/ScribeLec/server/output/MA 421/lectures/2024-
10-31-IntLinProg/figures/13.1.png>
Package pdftex.def Info: /Users/ashoksaravanan/Coding/ScribeLec/server/output/M
A 421/lectures/2024-10-31-IntLinProg/figures/13.1.png  used on input line 403.
(pdftex.def)             Requested size: 70.46037pt x 49.58116pt.

Underfull \hbox (badness 10000) in paragraph at lines 404--404
[]\T1/lmr/bx/n/8 (a) |\T1/lmr/m/n/8 A sim-plex
 []


Underfull \hbox (badness 1783) in paragraph at lines 404--404
\T1/lmr/m/n/8 tableau for prob-
 []

</Users/ashoksaravanan/Coding/ScribeLec/server/output/MA 421/lectures/2024-10-3
1-IntLinProg/figures/13.2.png, id=171, 271.0125pt x 120.45pt>
File: /Users/ashoksaravanan/Coding/ScribeLec/server/output/MA 421/lectures/2024
-10-31-IntLinProg/figures/13.2.png Graphic file (type png)
<use /Users/ashoksaravanan/Coding/ScribeLec/server/output/MA 421/lectures/2024-
10-31-IntLinProg/figures/13.2.png>
Package pdftex.def Info: /Users/ashoksaravanan/Coding/ScribeLec/server/output/M
A 421/lectures/2024-10-31-IntLinProg/figures/13.2.png  used on input line 409.
(pdftex.def)             Requested size: 70.46037pt x 31.3144pt.

Underfull \hbox (badness 10000) in paragraph at lines 410--410
[]\T1/lmr/bx/n/8 (b) |\T1/lmr/m/n/8 An ar-row
 []


Underfull \hbox (badness 10000) in paragraph at lines 410--410
\T1/lmr/m/n/8 point-ing to
 []


Underfull \hbox (badness 10000) in paragraph at lines 410--410
\T1/lmr/m/n/8 the equa-tion
 []

[17 </Users/ashoksaravanan/Coding/ScribeLec/server/output/MA 421/lectures/2024-
10-31-IntLinProg/figures/13.1.png (PNG copy)> </Users/ashoksaravanan/Coding/Scr
ibeLec/server/output/MA 421/lectures/2024-10-31-IntLinProg/figures/13.2.png (PN
G copy)>]
/Users/ashoksaravanan/Coding/ScribeLec/server/output/MA 421/lectures/2024-10-31
-IntLinProg/notes.tex:424: Missing $ inserted.
<inserted text> 
                $
l.424 \text{of } P_
                   2: \\
I've inserted a begin-math/end-math symbol since I think
you left one out. Proceed, with fingers crossed.

/Users/ashoksaravanan/Coding/ScribeLec/server/output/MA 421/lectures/2024-10-31
-IntLinProg/notes.tex:434: Missing $ inserted.
<inserted text> 
                $
l.434 \subsection
                 {Description}%
I've inserted a begin-math/end-math symbol since I think
you left one out. Proceed, with fingers crossed.

</Users/ashoksaravanan/Coding/ScribeLec/server/output/MA 421/lectures/2024-10-3
1-IntLinProg/figures/14.1.png, id=181, 100.375pt x 150.5625pt>
File: /Users/ashoksaravanan/Coding/ScribeLec/server/output/MA 421/lectures/2024
-10-31-IntLinProg/figures/14.1.png Graphic file (type png)
<use /Users/ashoksaravanan/Coding/ScribeLec/server/output/MA 421/lectures/2024-
10-31-IntLinProg/figures/14.1.png>
Package pdftex.def Info: /Users/ashoksaravanan/Coding/ScribeLec/server/output/M
A 421/lectures/2024-10-31-IntLinProg/figures/14.1.png  used on input line 441.
(pdftex.def)             Requested size: 70.46037pt x 105.69627pt.
</Users/ashoksaravanan/Coding/ScribeLec/server/output/MA 421/lectures/2024-10-3
1-IntLinProg/figures/14.2.png, id=182, 210.7875pt x 170.6375pt>
File: /Users/ashoksaravanan/Coding/ScribeLec/server/output/MA 421/lectures/2024
-10-31-IntLinProg/figures/14.2.png Graphic file (type png)
<use /Users/ashoksaravanan/Coding/ScribeLec/server/output/MA 421/lectures/2024-
10-31-IntLinProg/figures/14.2.png>
Package pdftex.def Info: /Users/ashoksaravanan/Coding/ScribeLec/server/output/M
A 421/lectures/2024-10-31-IntLinProg/figures/14.2.png  used on input line 447.
(pdftex.def)             Requested size: 70.46037pt x 57.03958pt.

Underfull \hbox (badness 10000) in paragraph at lines 448--448
[]\T1/lmr/bx/n/8 (b) |\T1/lmr/m/n/8 A sim-plex
 []


Underfull \hbox (badness 1783) in paragraph at lines 448--448
\T1/lmr/m/n/8 tableau for prob-
 []

</Users/ashoksaravanan/Coding/ScribeLec/server/output/MA 421/lectures/2024-10-3
1-IntLinProg/figures/14.3.png, id=183, 170.6375pt x 90.3375pt>
File: /Users/ashoksaravanan/Coding/ScribeLec/server/output/MA 421/lectures/2024
-10-31-IntLinProg/figures/14.3.png Graphic file (type png)
<use /Users/ashoksaravanan/Coding/ScribeLec/server/output/MA 421/lectures/2024-
10-31-IntLinProg/figures/14.3.png>
Package pdftex.def Info: /Users/ashoksaravanan/Coding/ScribeLec/server/output/M
A 421/lectures/2024-10-31-IntLinProg/figures/14.3.png  used on input line 453.
(pdftex.def)             Requested size: 70.46037pt x 37.30327pt.

Underfull \hbox (badness 10000) in paragraph at lines 454--454
[]\T1/lmr/bx/n/8 (c) |\T1/lmr/m/n/8 An ar-row
 []


Underfull \hbox (badness 10000) in paragraph at lines 454--454
\T1/lmr/m/n/8 point-ing to the
 []


Underfull \hbox (badness 10000) in paragraph at lines 454--454
\T1/lmr/m/n/8 equa-tion $\OML/lmm/m/it/8  \OT1/lmr/m/n/8 =
 []

</Users/ashoksaravanan/Coding/ScribeLec/server/output/MA 421/lectures/2024-10-3
1-IntLinProg/figures/14.4.png, id=184, 170.6375pt x 90.3375pt>
File: /Users/ashoksaravanan/Coding/ScribeLec/server/output/MA 421/lectures/2024
-10-31-IntLinProg/figures/14.4.png Graphic file (type png)
<use /Users/ashoksaravanan/Coding/ScribeLec/server/output/MA 421/lectures/2024-
10-31-IntLinProg/figures/14.4.png>
Package pdftex.def Info: /Users/ashoksaravanan/Coding/ScribeLec/server/output/M
A 421/lectures/2024-10-31-IntLinProg/figures/14.4.png  used on input line 459.
(pdftex.def)             Requested size: 70.46037pt x 37.30327pt.

Underfull \hbox (badness 10000) in paragraph at lines 460--460
[]\T1/lmr/bx/n/8 (d) |\T1/lmr/m/n/8 An ar-row
 []


Underfull \hbox (badness 10000) in paragraph at lines 460--460
\T1/lmr/m/n/8 point-ing to the
 []


Underfull \hbox (badness 10000) in paragraph at lines 460--460
\T1/lmr/m/n/8 equa-tion $\OML/lmm/m/it/8 g[] \OT1/lmr/m/n/8 =
 []

[18 </Users/ashoksaravanan/Coding/ScribeLec/server/output/MA 421/lectures/2024-
10-31-IntLinProg/figures/14.1.png (PNG copy)> </Users/ashoksaravanan/Coding/Scr
ibeLec/server/output/MA 421/lectures/2024-10-31-IntLinProg/figures/14.2.png (PN
G copy)> </Users/ashoksaravanan/Coding/ScribeLec/server/output/MA 421/lectures/
2024-10-31-IntLinProg/figures/14.3.png (PNG copy)> </Users/ashoksaravanan/Codin
g/ScribeLec/server/output/MA 421/lectures/2024-10-31-IntLinProg/figures/14.4.pn
g (PNG copy)>]
/Users/ashoksaravanan/Coding/ScribeLec/server/output/MA 421/lectures/2024-10-31
-IntLinProg/notes.tex:471: Missing $ inserted.
<inserted text> 
                $
l.471 \text{maximize } 8x_
                          1 + 13x_2 \\
I've inserted a begin-math/end-math symbol since I think
you left one out. Proceed, with fingers crossed.

/Users/ashoksaravanan/Coding/ScribeLec/server/output/MA 421/lectures/2024-10-31
-IntLinProg/notes.tex:478: Missing $ inserted.
<inserted text> 
                $
l.478 \subsection
                 {Description}%
I've inserted a begin-math/end-math symbol since I think
you left one out. Proceed, with fingers crossed.

</Users/ashoksaravanan/Coding/ScribeLec/server/output/MA 421/lectures/2024-10-3
1-IntLinProg/figures/15.1.png, id=194, 220.825pt x 140.525pt>
File: /Users/ashoksaravanan/Coding/ScribeLec/server/output/MA 421/lectures/2024
-10-31-IntLinProg/figures/15.1.png Graphic file (type png)
<use /Users/ashoksaravanan/Coding/ScribeLec/server/output/MA 421/lectures/2024-
10-31-IntLinProg/figures/15.1.png>
Package pdftex.def Info: /Users/ashoksaravanan/Coding/ScribeLec/server/output/M
A 421/lectures/2024-10-31-IntLinProg/figures/15.1.png  used on input line 485.
(pdftex.def)             Requested size: 70.46037pt x 44.8381pt.
[19 </Users/ashoksaravanan/Coding/ScribeLec/server/output/MA 421/lectures/2024-
10-31-IntLinProg/figures/15.1.png (PNG copy)>]
/Users/ashoksaravanan/Coding/ScribeLec/server/output/MA 421/lectures/2024-10-31
-IntLinProg/notes.tex:497: Missing $ inserted.
<inserted text> 
                $
l.497 \text{maximize } 8x_
                          1 + 13x_2 \\
I've inserted a begin-math/end-math symbol since I think
you left one out. Proceed, with fingers crossed.

/Users/ashoksaravanan/Coding/ScribeLec/server/output/MA 421/lectures/2024-10-31
-IntLinProg/notes.tex:516: Missing $ inserted.
<inserted text> 
                $
l.516 \subsection
                 {Description}%
I've inserted a begin-math/end-math symbol since I think
you left one out. Proceed, with fingers crossed.

</Users/ashoksaravanan/Coding/ScribeLec/server/output/MA 421/lectures/2024-10-3
1-IntLinProg/figures/16.1.png, id=205, 271.0125pt x 321.2pt>
File: /Users/ashoksaravanan/Coding/ScribeLec/server/output/MA 421/lectures/2024
-10-31-IntLinProg/figures/16.1.png Graphic file (type png)
<use /Users/ashoksaravanan/Coding/ScribeLec/server/output/MA 421/lectures/2024-
10-31-IntLinProg/figures/16.1.png>
Package pdftex.def Info: /Users/ashoksaravanan/Coding/ScribeLec/server/output/M
A 421/lectures/2024-10-31-IntLinProg/figures/16.1.png  used on input line 523.
(pdftex.def)             Requested size: 70.46037pt x 83.50513pt.

Underfull \hbox (badness 2343) in paragraph at lines 524--524
\T1/lmr/m/n/8 pro-gram and the
 []

[20 </Users/ashoksaravanan/Coding/ScribeLec/server/output/MA 421/lectures/2024-
10-31-IntLinProg/figures/16.1.png (PNG copy)>]
/Users/ashoksaravanan/Coding/ScribeLec/server/output/MA 421/lectures/2024-10-31
-IntLinProg/notes.tex:536: Missing $ inserted.
<inserted text> 
                $
l.536 x_
        1 = \frac{11}{3} - \frac{5}{54} w_1 - \frac{5}{54} w_2 \implies x_1 ...
I've inserted a begin-math/end-math symbol since I think
you left one out. Proceed, with fingers crossed.

/Users/ashoksaravanan/Coding/ScribeLec/server/output/MA 421/lectures/2024-10-31
-IntLinProg/notes.tex:539: Missing $ inserted.
<inserted text> 
                $
l.539 \subsection
                 {Description}%
I've inserted a begin-math/end-math symbol since I think
you left one out. Proceed, with fingers crossed.

</Users/ashoksaravanan/Coding/ScribeLec/server/output/MA 421/lectures/2024-10-3
1-IntLinProg/figures/17.1.png, id=215, 371.3875pt x 170.6375pt>
File: /Users/ashoksaravanan/Coding/ScribeLec/server/output/MA 421/lectures/2024
-10-31-IntLinProg/figures/17.1.png Graphic file (type png)
<use /Users/ashoksaravanan/Coding/ScribeLec/server/output/MA 421/lectures/2024-
10-31-IntLinProg/figures/17.1.png>
Package pdftex.def Info: /Users/ashoksaravanan/Coding/ScribeLec/server/output/M
A 421/lectures/2024-10-31-IntLinProg/figures/17.1.png  used on input line 546.
(pdftex.def)             Requested size: 70.46037pt x 32.37198pt.
</Users/ashoksaravanan/Coding/ScribeLec/server/output/MA 421/lectures/2024-10-3
1-IntLinProg/figures/17.2.png, id=216, 170.6375pt x 170.6375pt>
File: /Users/ashoksaravanan/Coding/ScribeLec/server/output/MA 421/lectures/2024
-10-31-IntLinProg/figures/17.2.png Graphic file (type png)
<use /Users/ashoksaravanan/Coding/ScribeLec/server/output/MA 421/lectures/2024-
10-31-IntLinProg/figures/17.2.png>
Package pdftex.def Info: /Users/ashoksaravanan/Coding/ScribeLec/server/output/M
A 421/lectures/2024-10-31-IntLinProg/figures/17.2.png  used on input line 552.
(pdftex.def)             Requested size: 70.46037pt x 70.46173pt.

Underfull \hbox (badness 10000) in paragraph at lines 553--553
[]\T1/lmr/bx/n/8 (b) |\T1/lmr/m/n/8 New con-
 []

[21 </Users/ashoksaravanan/Coding/ScribeLec/server/output/MA 421/lectures/2024-
10-31-IntLinProg/figures/17.1.png (PNG copy)> </Users/ashoksaravanan/Coding/Scr
ibeLec/server/output/MA 421/lectures/2024-10-31-IntLinProg/figures/17.2.png (PN
G copy)>]
/Users/ashoksaravanan/Coding/ScribeLec/server/output/MA 421/lectures/2024-10-31
-IntLinProg/notes.tex:564: Missing $ inserted.
<inserted text> 
                $
l.564 x_
        1 = \frac{11}{3} - \frac{5}{54}w_1 - \frac{5}{54}w_2 \implies x_1 + ...
I've inserted a begin-math/end-math symbol since I think
you left one out. Proceed, with fingers crossed.

/Users/ashoksaravanan/Coding/ScribeLec/server/output/MA 421/lectures/2024-10-31
-IntLinProg/notes.tex:572: Missing $ inserted.
<inserted text> 
                $
l.572 \subsection
                 {Description}%
I've inserted a begin-math/end-math symbol since I think
you left one out. Proceed, with fingers crossed.

</Users/ashoksaravanan/Coding/ScribeLec/server/output/MA 421/lectures/2024-10-3
1-IntLinProg/figures/18.1.png, id=226, 371.3875pt x 471.7625pt>
File: /Users/ashoksaravanan/Coding/ScribeLec/server/output/MA 421/lectures/2024
-10-31-IntLinProg/figures/18.1.png Graphic file (type png)
<use /Users/ashoksaravanan/Coding/ScribeLec/server/output/MA 421/lectures/2024-
10-31-IntLinProg/figures/18.1.png>
Package pdftex.def Info: /Users/ashoksaravanan/Coding/ScribeLec/server/output/M
A 421/lectures/2024-10-31-IntLinProg/figures/18.1.png  used on input line 579.
(pdftex.def)             Requested size: 70.46037pt x 89.49902pt.
[22 </Users/ashoksaravanan/Coding/ScribeLec/server/output/MA 421/lectures/2024-
10-31-IntLinProg/figures/18.1.png (PNG copy)>]
/Users/ashoksaravanan/Coding/ScribeLec/server/output/MA 421/lectures/2024-10-31
-IntLinProg/notes.tex:591: Missing $ inserted.
<inserted text> 
                $
l.591 x_
        1 = \frac{11}{3} - \frac{5}{54}w_1 - \frac{5}{54}w_2 \implies x_1 + ...
I've inserted a begin-math/end-math symbol since I think
you left one out. Proceed, with fingers crossed.

/Users/ashoksaravanan/Coding/ScribeLec/server/output/MA 421/lectures/2024-10-31
-IntLinProg/notes.tex:599: Missing $ inserted.
<inserted text> 
                $
l.599 \subsection
                 {Description}%
I've inserted a begin-math/end-math symbol since I think
you left one out. Proceed, with fingers crossed.

</Users/ashoksaravanan/Coding/ScribeLec/server/output/MA 421/lectures/2024-10-3
1-IntLinProg/figures/19.1.png, id=236, 421.575pt x 371.3875pt>
File: /Users/ashoksaravanan/Coding/ScribeLec/server/output/MA 421/lectures/2024
-10-31-IntLinProg/figures/19.1.png Graphic file (type png)
<use /Users/ashoksaravanan/Coding/ScribeLec/server/output/MA 421/lectures/2024-
10-31-IntLinProg/figures/19.1.png>
Package pdftex.def Info: /Users/ashoksaravanan/Coding/ScribeLec/server/output/M
A 421/lectures/2024-10-31-IntLinProg/figures/19.1.png  used on input line 606.
(pdftex.def)             Requested size: 70.46037pt x 62.06966pt.

Underfull \hbox (badness 10000) in paragraph at lines 607--607
\T1/lmr/m/n/8 equa-tions and
 []

</Users/ashoksaravanan/Coding/ScribeLec/server/output/MA 421/lectures/2024-10-3
1-IntLinProg/figures/19.2.png, id=237, 120.45pt x 371.3875pt>
File: /Users/ashoksaravanan/Coding/ScribeLec/server/output/MA 421/lectures/2024
-10-31-IntLinProg/figures/19.2.png Graphic file (type png)
<use /Users/ashoksaravanan/Coding/ScribeLec/server/output/MA 421/lectures/2024-
10-31-IntLinProg/figures/19.2.png>
Package pdftex.def Info: /Users/ashoksaravanan/Coding/ScribeLec/server/output/M
A 421/lectures/2024-10-31-IntLinProg/figures/19.2.png  used on input line 612.
(pdftex.def)             Requested size: 70.46037pt x 217.25797pt.

Underfull \hbox (badness 10000) in paragraph at lines 613--613
[]\T1/lmr/bx/n/8 (b) |\T1/lmr/m/n/8 New con-
 []


Underfull \hbox (badness 2922) in paragraph at lines 613--613
\T1/lmr/m/n/8 straint and slack
 []

[23] [24 </Users/ashoksaravanan/Coding/ScribeLec/server/output/MA 421/lectures/
2024-10-31-IntLinProg/figures/19.1.png (PNG copy)> </Users/ashoksaravanan/Codin
g/ScribeLec/server/output/MA 421/lectures/2024-10-31-IntLinProg/figures/19.2.pn
g (PNG copy)>]
/Users/ashoksaravanan/Coding/ScribeLec/server/output/MA 421/lectures/2024-10-31
-IntLinProg/notes.tex:624: Missing $ inserted.
<inserted text> 
                $
l.624 \zeta
            = \frac{179}{3} - \frac{7}{54} w_1 - \frac{73}{54} w_2 \\
I've inserted a begin-math/end-math symbol since I think
you left one out. Proceed, with fingers crossed.

/Users/ashoksaravanan/Coding/ScribeLec/server/output/MA 421/lectures/2024-10-31
-IntLinProg/notes.tex:637: Missing $ inserted.
<inserted text> 
                $
l.637 \subsection
                 {Description}%
I've inserted a begin-math/end-math symbol since I think
you left one out. Proceed, with fingers crossed.

</Users/ashoksaravanan/Coding/ScribeLec/server/output/MA 421/lectures/2024-10-3
1-IntLinProg/figures/20.1.png, id=251, 321.2pt x 321.2pt>
File: /Users/ashoksaravanan/Coding/ScribeLec/server/output/MA 421/lectures/2024
-10-31-IntLinProg/figures/20.1.png Graphic file (type png)
<use /Users/ashoksaravanan/Coding/ScribeLec/server/output/MA 421/lectures/2024-
10-31-IntLinProg/figures/20.1.png>
Package pdftex.def Info: /Users/ashoksaravanan/Coding/ScribeLec/server/output/M
A 421/lectures/2024-10-31-IntLinProg/figures/20.1.png  used on input line 644.
(pdftex.def)             Requested size: 70.46037pt x 70.45836pt.

Underfull \hbox (badness 4084) in paragraph at lines 645--645
\T1/lmr/m/n/8 The in-te-ger pro-
 []


Underfull \hbox (badness 2503) in paragraph at lines 645--645
\T1/lmr/m/n/8 new Go-mory cut
 []

</Users/ashoksaravanan/Coding/ScribeLec/server/output/MA 421/lectures/2024-10-3
1-IntLinProg/figures/20.2.png, id=252, 421.575pt x 271.0125pt>
File: /Users/ashoksaravanan/Coding/ScribeLec/server/output/MA 421/lectures/2024
-10-31-IntLinProg/figures/20.2.png Graphic file (type png)
<use /Users/ashoksaravanan/Coding/ScribeLec/server/output/MA 421/lectures/2024-
10-31-IntLinProg/figures/20.2.png>
Package pdftex.def Info: /Users/ashoksaravanan/Coding/ScribeLec/server/output/M
A 421/lectures/2024-10-31-IntLinProg/figures/20.2.png  used on input line 650.
(pdftex.def)             Requested size: 70.46037pt x 45.29407pt.

Underfull \hbox (badness 1521) in paragraph at lines 651--651
[]\T1/lmr/bx/n/8 (b) |\T1/lmr/m/n/8 Two sim-plex
 []


Underfull \hbox (badness 10000) in paragraph at lines 651--651
\T1/lmr/m/n/8 tableaus show-ing
 []


Underfull \hbox (badness 10000) in paragraph at lines 651--651
\T1/lmr/m/n/8 the be-fore and
 []

[25] [26 </Users/ashoksaravanan/Coding/ScribeLec/server/output/MA 421/lectures/
2024-10-31-IntLinProg/figures/20.1.png (PNG copy)> </Users/ashoksaravanan/Codin
g/ScribeLec/server/output/MA 421/lectures/2024-10-31-IntLinProg/figures/20.2.pn
g (PNG copy)>]
/Users/ashoksaravanan/Coding/ScribeLec/server/output/MA 421/lectures/2024-10-31
-IntLinProg/notes.tex:663: Missing $ inserted.
<inserted text> 
                $
l.663 \zeta
            = \frac{289}{5} - \frac{14}{5} w_4 - \frac{13}{10} w_2 \\
I've inserted a begin-math/end-math symbol since I think
you left one out. Proceed, with fingers crossed.

/Users/ashoksaravanan/Coding/ScribeLec/server/output/MA 421/lectures/2024-10-31
-IntLinProg/notes.tex:672: Missing $ inserted.
<inserted text> 
                $
l.672 \subsection
                 {Description}%
I've inserted a begin-math/end-math symbol since I think
you left one out. Proceed, with fingers crossed.

</Users/ashoksaravanan/Coding/ScribeLec/server/output/MA 421/lectures/2024-10-3
1-IntLinProg/figures/21.1.png, id=267, 371.3875pt x 371.3875pt>
File: /Users/ashoksaravanan/Coding/ScribeLec/server/output/MA 421/lectures/2024
-10-31-IntLinProg/figures/21.1.png Graphic file (type png)
<use /Users/ashoksaravanan/Coding/ScribeLec/server/output/MA 421/lectures/2024-
10-31-IntLinProg/figures/21.1.png>
Package pdftex.def Info: /Users/ashoksaravanan/Coding/ScribeLec/server/output/M
A 421/lectures/2024-10-31-IntLinProg/figures/21.1.png  used on input line 679.
(pdftex.def)             Requested size: 70.46037pt x 70.45668pt.

Underfull \hbox (badness 1533) in paragraph at lines 680--680
[]\T1/lmr/bx/n/8 (a) |\T1/lmr/m/n/8 Op-ti-mal dic-
 []

</Users/ashoksaravanan/Coding/ScribeLec/server/output/MA 421/lectures/2024-10-3
1-IntLinProg/figures/21.2.png, id=268, 271.0125pt x 371.3875pt>
File: /Users/ashoksaravanan/Coding/ScribeLec/server/output/MA 421/lectures/2024
-10-31-IntLinProg/figures/21.2.png Graphic file (type png)
<use /Users/ashoksaravanan/Coding/ScribeLec/server/output/MA 421/lectures/2024-
10-31-IntLinProg/figures/21.2.png>
Package pdftex.def Info: /Users/ashoksaravanan/Coding/ScribeLec/server/output/M
A 421/lectures/2024-10-31-IntLinProg/figures/21.2.png  used on input line 685.
(pdftex.def)             Requested size: 70.46037pt x 96.5528pt.
[27 </Users/ashoksaravanan/Coding/ScribeLec/server/output/MA 421/lectures/2024-
10-31-IntLinProg/figures/21.1.png (PNG copy)> </Users/ashoksaravanan/Coding/Scr
ibeLec/server/output/MA 421/lectures/2024-10-31-IntLinProg/figures/21.2.png (PN
G copy)>]
/Users/ashoksaravanan/Coding/ScribeLec/server/output/MA 421/lectures/2024-10-31
-IntLinProg/notes.tex:698: Missing $ inserted.
<inserted text> 
                $
l.698 \zeta
            = \frac{289}{5} - \frac{14}{5} w_4 - \frac{13}{10} w_2 \\
I've inserted a begin-math/end-math symbol since I think
you left one out. Proceed, with fingers crossed.

/Users/ashoksaravanan/Coding/ScribeLec/server/output/MA 421/lectures/2024-10-31
-IntLinProg/notes.tex:709: Missing $ inserted.
<inserted text> 
                $
l.709 \subsection
                 {Description}%
I've inserted a begin-math/end-math symbol since I think
you left one out. Proceed, with fingers crossed.

</Users/ashoksaravanan/Coding/ScribeLec/server/output/MA 421/lectures/2024-10-3
1-IntLinProg/figures/22.1.png, id=278, 371.3875pt x 371.3875pt>
File: /Users/ashoksaravanan/Coding/ScribeLec/server/output/MA 421/lectures/2024
-10-31-IntLinProg/figures/22.1.png Graphic file (type png)
<use /Users/ashoksaravanan/Coding/ScribeLec/server/output/MA 421/lectures/2024-
10-31-IntLinProg/figures/22.1.png>
Package pdftex.def Info: /Users/ashoksaravanan/Coding/ScribeLec/server/output/M
A 421/lectures/2024-10-31-IntLinProg/figures/22.1.png  used on input line 716.
(pdftex.def)             Requested size: 70.46037pt x 70.45668pt.

Underfull \hbox (badness 1533) in paragraph at lines 717--717
[]\T1/lmr/bx/n/8 (a) |\T1/lmr/m/n/8 Op-ti-mal dic-
 []

</Users/ashoksaravanan/Coding/ScribeLec/server/output/MA 421/lectures/2024-10-3
1-IntLinProg/figures/22.2.png, id=279, 371.3875pt x 220.825pt>
File: /Users/ashoksaravanan/Coding/ScribeLec/server/output/MA 421/lectures/2024
-10-31-IntLinProg/figures/22.2.png Graphic file (type png)
<use /Users/ashoksaravanan/Coding/ScribeLec/server/output/MA 421/lectures/2024-
10-31-IntLinProg/figures/22.2.png>
Package pdftex.def Info: /Users/ashoksaravanan/Coding/ScribeLec/server/output/M
A 421/lectures/2024-10-31-IntLinProg/figures/22.2.png  used on input line 722.
(pdftex.def)             Requested size: 70.46037pt x 41.89316pt.
[28 </Users/ashoksaravanan/Coding/ScribeLec/server/output/MA 421/lectures/2024-
10-31-IntLinProg/figures/22.1.png (PNG copy)> </Users/ashoksaravanan/Coding/Scr
ibeLec/server/output/MA 421/lectures/2024-10-31-IntLinProg/figures/22.2.png (PN
G copy)>]
/Users/ashoksaravanan/Coding/ScribeLec/server/output/MA 421/lectures/2024-10-31
-IntLinProg/notes.tex:734: Missing $ inserted.
<inserted text> 
                $
l.734 \zeta
            = \frac{289}{5} - \frac{14}{5} w_4 - \frac{13}{10} w_2 \\
I've inserted a begin-math/end-math symbol since I think
you left one out. Proceed, with fingers crossed.

/Users/ashoksaravanan/Coding/ScribeLec/server/output/MA 421/lectures/2024-10-31
-IntLinProg/notes.tex:749: Missing $ inserted.
<inserted text> 
                $
l.749 \subsection
                 {Description}%
I've inserted a begin-math/end-math symbol since I think
you left one out. Proceed, with fingers crossed.

</Users/ashoksaravanan/Coding/ScribeLec/server/output/MA 421/lectures/2024-10-3
1-IntLinProg/figures/23.1.png, id=289, 371.3875pt x 371.3875pt>
File: /Users/ashoksaravanan/Coding/ScribeLec/server/output/MA 421/lectures/2024
-10-31-IntLinProg/figures/23.1.png Graphic file (type png)
<use /Users/ashoksaravanan/Coding/ScribeLec/server/output/MA 421/lectures/2024-
10-31-IntLinProg/figures/23.1.png>
Package pdftex.def Info: /Users/ashoksaravanan/Coding/ScribeLec/server/output/M
A 421/lectures/2024-10-31-IntLinProg/figures/23.1.png  used on input line 756.
(pdftex.def)             Requested size: 70.46037pt x 70.45668pt.

Underfull \hbox (badness 10000) in paragraph at lines 757--757
\T1/lmr/m/n/8 tableau be-fore
 []

</Users/ashoksaravanan/Coding/ScribeLec/server/output/MA 421/lectures/2024-10-3
1-IntLinProg/figures/23.2.png, id=290, 371.3875pt x 371.3875pt>
File: /Users/ashoksaravanan/Coding/ScribeLec/server/output/MA 421/lectures/2024
-10-31-IntLinProg/figures/23.2.png Graphic file (type png)
<use /Users/ashoksaravanan/Coding/ScribeLec/server/output/MA 421/lectures/2024-
10-31-IntLinProg/figures/23.2.png>
Package pdftex.def Info: /Users/ashoksaravanan/Coding/ScribeLec/server/output/M
A 421/lectures/2024-10-31-IntLinProg/figures/23.2.png  used on input line 762.
(pdftex.def)             Requested size: 70.46037pt x 70.45668pt.
</Users/ashoksaravanan/Coding/ScribeLec/server/output/MA 421/lectures/2024-10-3
1-IntLinProg/figures/23.3.png, id=291, 371.3875pt x 371.3875pt>
File: /Users/ashoksaravanan/Coding/ScribeLec/server/output/MA 421/lectures/2024
-10-31-IntLinProg/figures/23.3.png Graphic file (type png)
<use /Users/ashoksaravanan/Coding/ScribeLec/server/output/MA 421/lectures/2024-
10-31-IntLinProg/figures/23.3.png>
Package pdftex.def Info: /Users/ashoksaravanan/Coding/ScribeLec/server/output/M
A 421/lectures/2024-10-31-IntLinProg/figures/23.3.png  used on input line 768.
(pdftex.def)             Requested size: 70.46037pt x 70.45668pt.
[29 </Users/ashoksaravanan/Coding/ScribeLec/server/output/MA 421/lectures/2024-
10-31-IntLinProg/figures/23.1.png (PNG copy)> </Users/ashoksaravanan/Coding/Scr
ibeLec/server/output/MA 421/lectures/2024-10-31-IntLinProg/figures/23.2.png (PN
G copy)> </Users/ashoksaravanan/Coding/ScribeLec/server/output/MA 421/lectures/
2024-10-31-IntLinProg/figures/23.3.png (PNG copy)>]

enddocument/afterlastpage: lastpage setting LastPage.
(_logs/notes.aux)
 ***********
LaTeX2e <2023-11-01> patch level 1
L3 programming layer <2024-02-20>
 ***********


LaTeX Warning: Label(s) may have changed. Rerun to get cross-references right.


Package rerunfilecheck Warning: File `notes.out' has changed.
(rerunfilecheck)                Rerun to get outlines right
(rerunfilecheck)                or use package `bookmark'.

Package rerunfilecheck Info: Checksums for `notes.out':
(rerunfilecheck)             Before: <no file>
(rerunfilecheck)             After:  E72B6CA6A0ABE768F3716A7F82098035;8922.

Package lastpage Warning: Rerun to get the references right on input line 775.

 ) 
Here is how much of TeX's memory you used:
 14860 strings out of 474116
 266469 string characters out of 5743682
 1943187 words of memory out of 5000000
 36822 multiletter control sequences out of 15000+600000
 616079 words of font info for 79 fonts, out of 8000000 for 9000
 1141 hyphenation exceptions out of 8191
 83i,11n,131p,1793b,681s stack positions out of 10000i,1000n,20000p,200000b,200000s
</usr/local/texlive/2024/texmf-dist/fonts/type1/public/lm/lmbx12.pfb></usr/lo
cal/texlive/2024/texmf-dist/fonts/type1/public/lm/lmbx8.pfb></usr/local/texlive
/2024/texmf-dist/fonts/type1/public/lm/lmex10.pfb></usr/local/texlive/2024/texm
f-dist/fonts/type1/public/lm/lmmi10.pfb></usr/local/texlive/2024/texmf-dist/fon
ts/type1/public/lm/lmmi6.pfb></usr/local/texlive/2024/texmf-dist/fonts/type1/pu
blic/lm/lmmi7.pfb></usr/local/texlive/2024/texmf-dist/fonts/type1/public/lm/lmm
i8.pfb></usr/local/texlive/2024/texmf-dist/fonts/type1/public/lm/lmr10.pfb></us
r/local/texlive/2024/texmf-dist/fonts/type1/public/lm/lmr12.pfb></usr/local/tex
live/2024/texmf-dist/fonts/type1/public/lm/lmr17.pfb></usr/local/texlive/2024/t
exmf-dist/fonts/type1/public/lm/lmr6.pfb></usr/local/texlive/2024/texmf-dist/fo
nts/type1/public/lm/lmr7.pfb></usr/local/texlive/2024/texmf-dist/fonts/type1/pu
blic/lm/lmr8.pfb></usr/local/texlive/2024/texmf-dist/fonts/type1/public/lm/lmsy
10.pfb></usr/local/texlive/2024/texmf-dist/fonts/type1/public/lm/lmsy7.pfb></us
r/local/texlive/2024/texmf-dist/fonts/type1/public/lm/lmsy8.pfb></usr/local/tex
live/2024/texmf-dist/fonts/type1/public/amsfonts/symbols/msbm10.pfb>
Output written on _logs/notes.pdf (29 pages, 1549044 bytes).
PDF statistics:
 415 PDF objects out of 1000 (max. 8388607)
 303 compressed objects within 4 object streams
 145 named destinations out of 1000 (max. 500000)
 206 words of extra memory for PDF output out of 10000 (max. 10000000)

