This is pdfTeX, Version 3.141592653-2.6-1.40.26 (TeX Live 2024) (preloaded format=pdflatex 2024.12.3)  18 DEC 2024 14:17
entering extended mode
 \write18 enabled.
 file:line:error style messages enabled.
 %&-line parsing enabled.
**"/Users/ashoksaravanan/Coding/ScribeLec/server/output/CS 243/lectures/16L2-et
hics/notes.tex"

(/Users/ashoksaravanan/Coding/ScribeLec/server/output/CS 243/lectures/16L2-ethi
cs/notes.tex
LaTeX2e <2023-11-01> patch level 1
L3 programming layer <2024-02-20>
(/usr/local/texlive/2024/texmf-dist/tex/latex/base/article.cls
Document Class: article 2023/05/17 v1.4n Standard LaTeX document class
(/usr/local/texlive/2024/texmf-dist/tex/latex/base/size10.clo
File: size10.clo 2023/05/17 v1.4n Standard LaTeX file (size option)
)
\c@part=\count188
\c@section=\count189
\c@subsection=\count190
\c@subsubsection=\count191
\c@paragraph=\count192
\c@subparagraph=\count193
\c@figure=\count194
\c@table=\count195
\abovecaptionskip=\skip48
\belowcaptionskip=\skip49
\bibindent=\dimen140
)
(/usr/local/texlive/2024/texmf-dist/tex/latex/base/fontenc.sty
Package: fontenc 2021/04/29 v2.0v Standard LaTeX package
)
(/usr/local/texlive/2024/texmf-dist/tex/latex/base/inputenc.sty
Package: inputenc 2021/02/14 v1.3d Input encoding file
\inpenc@prehook=\toks17
\inpenc@posthook=\toks18
)
(/usr/local/texlive/2024/texmf-dist/tex/latex/lm/lmodern.sty
Package: lmodern 2015/05/01 v1.6.1 Latin Modern Fonts
LaTeX Font Info:    Overwriting symbol font `operators' in version `normal'
(Font)                  OT1/cmr/m/n --> OT1/lmr/m/n on input line 22.
LaTeX Font Info:    Overwriting symbol font `letters' in version `normal'
(Font)                  OML/cmm/m/it --> OML/lmm/m/it on input line 23.
LaTeX Font Info:    Overwriting symbol font `symbols' in version `normal'
(Font)                  OMS/cmsy/m/n --> OMS/lmsy/m/n on input line 24.
LaTeX Font Info:    Overwriting symbol font `largesymbols' in version `normal'
(Font)                  OMX/cmex/m/n --> OMX/lmex/m/n on input line 25.
LaTeX Font Info:    Overwriting symbol font `operators' in version `bold'
(Font)                  OT1/cmr/bx/n --> OT1/lmr/bx/n on input line 26.
LaTeX Font Info:    Overwriting symbol font `letters' in version `bold'
(Font)                  OML/cmm/b/it --> OML/lmm/b/it on input line 27.
LaTeX Font Info:    Overwriting symbol font `symbols' in version `bold'
(Font)                  OMS/cmsy/b/n --> OMS/lmsy/b/n on input line 28.
LaTeX Font Info:    Overwriting symbol font `largesymbols' in version `bold'
(Font)                  OMX/cmex/m/n --> OMX/lmex/m/n on input line 29.
LaTeX Font Info:    Overwriting math alphabet `\mathbf' in version `normal'
(Font)                  OT1/cmr/bx/n --> OT1/lmr/bx/n on input line 31.
LaTeX Font Info:    Overwriting math alphabet `\mathsf' in version `normal'
(Font)                  OT1/cmss/m/n --> OT1/lmss/m/n on input line 32.
LaTeX Font Info:    Overwriting math alphabet `\mathit' in version `normal'
(Font)                  OT1/cmr/m/it --> OT1/lmr/m/it on input line 33.
LaTeX Font Info:    Overwriting math alphabet `\mathtt' in version `normal'
(Font)                  OT1/cmtt/m/n --> OT1/lmtt/m/n on input line 34.
LaTeX Font Info:    Overwriting math alphabet `\mathbf' in version `bold'
(Font)                  OT1/cmr/bx/n --> OT1/lmr/bx/n on input line 35.
LaTeX Font Info:    Overwriting math alphabet `\mathsf' in version `bold'
(Font)                  OT1/cmss/bx/n --> OT1/lmss/bx/n on input line 36.
LaTeX Font Info:    Overwriting math alphabet `\mathit' in version `bold'
(Font)                  OT1/cmr/bx/it --> OT1/lmr/bx/it on input line 37.
LaTeX Font Info:    Overwriting math alphabet `\mathtt' in version `bold'
(Font)                  OT1/cmtt/m/n --> OT1/lmtt/m/n on input line 38.
)
(/usr/local/texlive/2024/texmf-dist/tex/latex/base/textcomp.sty
Package: textcomp 2020/02/02 v2.0n Standard LaTeX package
)
(/usr/local/texlive/2024/texmf-dist/tex/latex/lastpage/lastpage.sty
Package: lastpage 2023/10/14 v2.0e lastpage: 2.09 or 2e? (HMM)

(/usr/local/texlive/2024/texmf-dist/tex/latex/lastpage/lastpage2e.sty
Package: lastpage2e 2023/10/14 v2.0e Decide which 2e lastpage version to use (H
MM)

(/usr/local/texlive/2024/texmf-dist/tex/latex/lastpage/lastpagemodern.sty
Package: lastpagemodern 2023-10-14 v2.0e Refers to last page's name (HMM; JPG)
\c@lastpagecount=\count196
) 
)) (/usr/local/texlive/2024/texmf-dist/tex/latex/geometry/geometry.sty
Package: geometry 2020/01/02 v5.9 Page Geometry

(/usr/local/texlive/2024/texmf-dist/tex/latex/graphics/keyval.sty
Package: keyval 2022/05/29 v1.15 key=value parser (DPC)
\KV@toks@=\toks19
)
(/usr/local/texlive/2024/texmf-dist/tex/generic/iftex/ifvtex.sty
Package: ifvtex 2019/10/25 v1.7 ifvtex legacy package. Use iftex instead.

(/usr/local/texlive/2024/texmf-dist/tex/generic/iftex/iftex.sty
Package: iftex 2022/02/03 v1.0f TeX engine tests
))
\Gm@cnth=\count197
\Gm@cntv=\count198
\c@Gm@tempcnt=\count199
\Gm@bindingoffset=\dimen141
\Gm@wd@mp=\dimen142
\Gm@odd@mp=\dimen143
\Gm@even@mp=\dimen144
\Gm@layoutwidth=\dimen145
\Gm@layoutheight=\dimen146
\Gm@layouthoffset=\dimen147
\Gm@layoutvoffset=\dimen148
\Gm@dimlist=\toks20
)
(/usr/local/texlive/2024/texmf-dist/tex/latex/hyperref/hyperref.sty
Package: hyperref 2024-01-20 v7.01h Hypertext links for LaTeX

(/usr/local/texlive/2024/texmf-dist/tex/latex/kvsetkeys/kvsetkeys.sty
Package: kvsetkeys 2022-10-05 v1.19 Key value parser (HO)
)
(/usr/local/texlive/2024/texmf-dist/tex/generic/kvdefinekeys/kvdefinekeys.sty
Package: kvdefinekeys 2019-12-19 v1.6 Define keys (HO)
)
(/usr/local/texlive/2024/texmf-dist/tex/generic/pdfescape/pdfescape.sty
Package: pdfescape 2019/12/09 v1.15 Implements pdfTeX's escape features (HO)

(/usr/local/texlive/2024/texmf-dist/tex/generic/ltxcmds/ltxcmds.sty
Package: ltxcmds 2023-12-04 v1.26 LaTeX kernel commands for general use (HO)
)
(/usr/local/texlive/2024/texmf-dist/tex/generic/pdftexcmds/pdftexcmds.sty
Package: pdftexcmds 2020-06-27 v0.33 Utility functions of pdfTeX for LuaTeX (HO
)

(/usr/local/texlive/2024/texmf-dist/tex/generic/infwarerr/infwarerr.sty
Package: infwarerr 2019/12/03 v1.5 Providing info/warning/error messages (HO)
)
Package pdftexcmds Info: \pdf@primitive is available.
Package pdftexcmds Info: \pdf@ifprimitive is available.
Package pdftexcmds Info: \pdfdraftmode found.
))
(/usr/local/texlive/2024/texmf-dist/tex/latex/hycolor/hycolor.sty
Package: hycolor 2020-01-27 v1.10 Color options for hyperref/bookmark (HO)
)
(/usr/local/texlive/2024/texmf-dist/tex/latex/auxhook/auxhook.sty
Package: auxhook 2019-12-17 v1.6 Hooks for auxiliary files (HO)
)
(/usr/local/texlive/2024/texmf-dist/tex/latex/hyperref/nameref.sty
Package: nameref 2023-11-26 v2.56 Cross-referencing by name of section

(/usr/local/texlive/2024/texmf-dist/tex/latex/refcount/refcount.sty
Package: refcount 2019/12/15 v3.6 Data extraction from label references (HO)
)
(/usr/local/texlive/2024/texmf-dist/tex/generic/gettitlestring/gettitlestring.s
ty
Package: gettitlestring 2019/12/15 v1.6 Cleanup title references (HO)
 (/usr/local/texlive/2024/texmf-dist/tex/latex/kvoptions/kvoptions.sty
Package: kvoptions 2022-06-15 v3.15 Key value format for package options (HO)
))
\c@section@level=\count266
)
(/usr/local/texlive/2024/texmf-dist/tex/latex/etoolbox/etoolbox.sty
Package: etoolbox 2020/10/05 v2.5k e-TeX tools for LaTeX (JAW)
\etb@tempcnta=\count267
)
\@linkdim=\dimen149
\Hy@linkcounter=\count268
\Hy@pagecounter=\count269

(/usr/local/texlive/2024/texmf-dist/tex/latex/hyperref/pd1enc.def
File: pd1enc.def 2024-01-20 v7.01h Hyperref: PDFDocEncoding definition (HO)
Now handling font encoding PD1 ...
... no UTF-8 mapping file for font encoding PD1
)
(/usr/local/texlive/2024/texmf-dist/tex/generic/intcalc/intcalc.sty
Package: intcalc 2019/12/15 v1.3 Expandable calculations with integers (HO)
)
\Hy@SavedSpaceFactor=\count270

(/usr/local/texlive/2024/texmf-dist/tex/latex/hyperref/puenc.def
File: puenc.def 2024-01-20 v7.01h Hyperref: PDF Unicode definition (HO)
Now handling font encoding PU ...
... no UTF-8 mapping file for font encoding PU
)
Package hyperref Info: Hyper figures OFF on input line 4179.
Package hyperref Info: Link nesting OFF on input line 4184.
Package hyperref Info: Hyper index ON on input line 4187.
Package hyperref Info: Plain pages OFF on input line 4194.
Package hyperref Info: Backreferencing OFF on input line 4199.
Package hyperref Info: Implicit mode ON; LaTeX internals redefined.
Package hyperref Info: Bookmarks ON on input line 4446.
\c@Hy@tempcnt=\count271

(/usr/local/texlive/2024/texmf-dist/tex/latex/url/url.sty
\Urlmuskip=\muskip16
Package: url 2013/09/16  ver 3.4  Verb mode for urls, etc.
)
LaTeX Info: Redefining \url on input line 4784.
\XeTeXLinkMargin=\dimen150

(/usr/local/texlive/2024/texmf-dist/tex/generic/bitset/bitset.sty
Package: bitset 2019/12/09 v1.3 Handle bit-vector datatype (HO)

(/usr/local/texlive/2024/texmf-dist/tex/generic/bigintcalc/bigintcalc.sty
Package: bigintcalc 2019/12/15 v1.5 Expandable calculations on big integers (HO
)
))
\Fld@menulength=\count272
\Field@Width=\dimen151
\Fld@charsize=\dimen152
Package hyperref Info: Hyper figures OFF on input line 6063.
Package hyperref Info: Link nesting OFF on input line 6068.
Package hyperref Info: Hyper index ON on input line 6071.
Package hyperref Info: backreferencing OFF on input line 6078.
Package hyperref Info: Link coloring OFF on input line 6083.
Package hyperref Info: Link coloring with OCG OFF on input line 6088.
Package hyperref Info: PDF/A mode OFF on input line 6093.

(/usr/local/texlive/2024/texmf-dist/tex/latex/base/atbegshi-ltx.sty
Package: atbegshi-ltx 2021/01/10 v1.0c Emulation of the original atbegshi
package with kernel methods
)
\Hy@abspage=\count273
\c@Item=\count274
\c@Hfootnote=\count275
)
Package hyperref Info: Driver (autodetected): hpdftex.

(/usr/local/texlive/2024/texmf-dist/tex/latex/hyperref/hpdftex.def
File: hpdftex.def 2024-01-20 v7.01h Hyperref driver for pdfTeX

(/usr/local/texlive/2024/texmf-dist/tex/latex/base/atveryend-ltx.sty
Package: atveryend-ltx 2020/08/19 v1.0a Emulation of the original atveryend pac
kage
with kernel methods
)
\Fld@listcount=\count276
\c@bookmark@seq@number=\count277

(/usr/local/texlive/2024/texmf-dist/tex/latex/rerunfilecheck/rerunfilecheck.sty
Package: rerunfilecheck 2022-07-10 v1.10 Rerun checks for auxiliary files (HO)

(/usr/local/texlive/2024/texmf-dist/tex/generic/uniquecounter/uniquecounter.sty
Package: uniquecounter 2019/12/15 v1.4 Provide unlimited unique counter (HO)
)
Package uniquecounter Info: New unique counter `rerunfilecheck' on input line 2
85.
)
\Hy@SectionHShift=\skip50
) (/usr/local/texlive/2024/texmf-dist/tex/latex/enumitem/enumitem.sty
Package: enumitem 2019/06/20 v3.9 Customized lists
\labelindent=\skip51
\enit@outerparindent=\dimen153
\enit@toks=\toks21
\enit@inbox=\box51
\enit@count@id=\count278
\enitdp@description=\count279
)
(/usr/local/texlive/2024/texmf-dist/tex/latex/fancyhdr/fancyhdr.sty
Package: fancyhdr 2022/11/09 v4.1 Extensive control of page headers and footers

\f@nch@headwidth=\skip52
\f@nch@O@elh=\skip53
\f@nch@O@erh=\skip54
\f@nch@O@olh=\skip55
\f@nch@O@orh=\skip56
\f@nch@O@elf=\skip57
\f@nch@O@erf=\skip58
\f@nch@O@olf=\skip59
\f@nch@O@orf=\skip60
)
(/usr/local/texlive/2024/texmf-dist/tex/latex/xcolor/xcolor.sty
Package: xcolor 2023/11/15 v3.01 LaTeX color extensions (UK)

(/usr/local/texlive/2024/texmf-dist/tex/latex/graphics-cfg/color.cfg
File: color.cfg 2016/01/02 v1.6 sample color configuration
)
Package xcolor Info: Driver file: pdftex.def on input line 274.

(/usr/local/texlive/2024/texmf-dist/tex/latex/graphics-def/pdftex.def
File: pdftex.def 2022/09/22 v1.2b Graphics/color driver for pdftex
)
(/usr/local/texlive/2024/texmf-dist/tex/latex/graphics/mathcolor.ltx)
Package xcolor Info: Model `cmy' substituted by `cmy0' on input line 1350.
Package xcolor Info: Model `hsb' substituted by `rgb' on input line 1354.
Package xcolor Info: Model `RGB' extended on input line 1366.
Package xcolor Info: Model `HTML' substituted by `rgb' on input line 1368.
Package xcolor Info: Model `Hsb' substituted by `hsb' on input line 1369.
Package xcolor Info: Model `tHsb' substituted by `hsb' on input line 1370.
Package xcolor Info: Model `HSB' substituted by `hsb' on input line 1371.
Package xcolor Info: Model `Gray' substituted by `gray' on input line 1372.
Package xcolor Info: Model `wave' substituted by `hsb' on input line 1373.
)
(/usr/local/texlive/2024/texmf-dist/tex/latex/breakurl/breakurl.sty
Package: breakurl 2013/04/10 v1.40 Breakable hyperref URLs

(/usr/local/texlive/2024/texmf-dist/tex/latex/xkeyval/xkeyval.sty
Package: xkeyval 2022/06/16 v2.9 package option processing (HA)

(/usr/local/texlive/2024/texmf-dist/tex/generic/xkeyval/xkeyval.tex
(/usr/local/texlive/2024/texmf-dist/tex/generic/xkeyval/xkvutils.tex
\XKV@toks=\toks22
\XKV@tempa@toks=\toks23
)
\XKV@depth=\count280
File: xkeyval.tex 2014/12/03 v2.7a key=value parser (HA)
))
(/usr/local/texlive/2024/texmf-dist/tex/generic/iftex/ifpdf.sty
Package: ifpdf 2019/10/25 v3.4 ifpdf legacy package. Use iftex instead.
)

Package breakurl Warning: You are using breakurl while processing via pdflatex.

(breakurl)                \burl will be just a synonym of \url.
(breakurl)                 on input line 48.

) (/usr/local/texlive/2024/texmf-dist/tex/latex/amsmath/amsmath.sty
Package: amsmath 2023/05/13 v2.17o AMS math features
\@mathmargin=\skip61

For additional information on amsmath, use the `?' option.
(/usr/local/texlive/2024/texmf-dist/tex/latex/amsmath/amstext.sty
Package: amstext 2021/08/26 v2.01 AMS text

(/usr/local/texlive/2024/texmf-dist/tex/latex/amsmath/amsgen.sty
File: amsgen.sty 1999/11/30 v2.0 generic functions
\@emptytoks=\toks24
\ex@=\dimen154
))
(/usr/local/texlive/2024/texmf-dist/tex/latex/amsmath/amsbsy.sty
Package: amsbsy 1999/11/29 v1.2d Bold Symbols
\pmbraise@=\dimen155
)
(/usr/local/texlive/2024/texmf-dist/tex/latex/amsmath/amsopn.sty
Package: amsopn 2022/04/08 v2.04 operator names
)
\inf@bad=\count281
LaTeX Info: Redefining \frac on input line 234.
\uproot@=\count282
\leftroot@=\count283
LaTeX Info: Redefining \overline on input line 399.
LaTeX Info: Redefining \colon on input line 410.
\classnum@=\count284
\DOTSCASE@=\count285
LaTeX Info: Redefining \ldots on input line 496.
LaTeX Info: Redefining \dots on input line 499.
LaTeX Info: Redefining \cdots on input line 620.
\Mathstrutbox@=\box52
\strutbox@=\box53
LaTeX Info: Redefining \big on input line 722.
LaTeX Info: Redefining \Big on input line 723.
LaTeX Info: Redefining \bigg on input line 724.
LaTeX Info: Redefining \Bigg on input line 725.
\big@size=\dimen156
LaTeX Font Info:    Redeclaring font encoding OML on input line 743.
LaTeX Font Info:    Redeclaring font encoding OMS on input line 744.
\macc@depth=\count286
LaTeX Info: Redefining \bmod on input line 905.
LaTeX Info: Redefining \pmod on input line 910.
LaTeX Info: Redefining \smash on input line 940.
LaTeX Info: Redefining \relbar on input line 970.
LaTeX Info: Redefining \Relbar on input line 971.
\c@MaxMatrixCols=\count287
\dotsspace@=\muskip17
\c@parentequation=\count288
\dspbrk@lvl=\count289
\tag@help=\toks25
\row@=\count290
\column@=\count291
\maxfields@=\count292
\andhelp@=\toks26
\eqnshift@=\dimen157
\alignsep@=\dimen158
\tagshift@=\dimen159
\tagwidth@=\dimen160
\totwidth@=\dimen161
\lineht@=\dimen162
\@envbody=\toks27
\multlinegap=\skip62
\multlinetaggap=\skip63
\mathdisplay@stack=\toks28
LaTeX Info: Redefining \[ on input line 2953.
LaTeX Info: Redefining \] on input line 2954.
)
(/usr/local/texlive/2024/texmf-dist/tex/latex/amsfonts/amssymb.sty
Package: amssymb 2013/01/14 v3.01 AMS font symbols

(/usr/local/texlive/2024/texmf-dist/tex/latex/amsfonts/amsfonts.sty
Package: amsfonts 2013/01/14 v3.01 Basic AMSFonts support
\symAMSa=\mathgroup4
\symAMSb=\mathgroup5
LaTeX Font Info:    Redeclaring math symbol \hbar on input line 98.
LaTeX Font Info:    Overwriting math alphabet `\mathfrak' in version `bold'
(Font)                  U/euf/m/n --> U/euf/b/n on input line 106.
))
(/usr/local/texlive/2024/texmf-dist/tex/latex/mathtools/mathtools.sty
Package: mathtools 2024/03/11 v1.30 mathematical typesetting tools

(/usr/local/texlive/2024/texmf-dist/tex/latex/tools/calc.sty
Package: calc 2023/07/08 v4.3 Infix arithmetic (KKT,FJ)
\calc@Acount=\count293
\calc@Bcount=\count294
\calc@Adimen=\dimen163
\calc@Bdimen=\dimen164
\calc@Askip=\skip64
\calc@Bskip=\skip65
LaTeX Info: Redefining \setlength on input line 80.
LaTeX Info: Redefining \addtolength on input line 81.
\calc@Ccount=\count295
\calc@Cskip=\skip66
)
(/usr/local/texlive/2024/texmf-dist/tex/latex/mathtools/mhsetup.sty
Package: mhsetup 2021/03/18 v1.4 programming setup (MH)
)
\g_MT_multlinerow_int=\count296
\l_MT_multwidth_dim=\dimen165
\origjot=\skip67
\l_MT_shortvdotswithinadjustabove_dim=\dimen166
\l_MT_shortvdotswithinadjustbelow_dim=\dimen167
\l_MT_above_intertext_sep=\dimen168
\l_MT_below_intertext_sep=\dimen169
\l_MT_above_shortintertext_sep=\dimen170
\l_MT_below_shortintertext_sep=\dimen171
\xmathstrut@box=\box54
\xmathstrut@dim=\dimen172
)
(/usr/local/texlive/2024/texmf-dist/tex/latex/amscls/amsthm.sty
Package: amsthm 2020/05/29 v2.20.6
\thm@style=\toks29
\thm@bodyfont=\toks30
\thm@headfont=\toks31
\thm@notefont=\toks32
\thm@headpunct=\toks33
\thm@preskip=\skip68
\thm@postskip=\skip69
\thm@headsep=\skip70
\dth@everypar=\toks34
)
(/usr/local/texlive/2024/texmf-dist/tex/latex/thmtools/thmtools.sty
Package: thmtools 2023/05/04 v0.76
\thmt@toks=\toks35
\c@thmt@dummyctr=\count297

(/usr/local/texlive/2024/texmf-dist/tex/latex/thmtools/thm-patch.sty
Package: thm-patch 2023/05/04 v0.76

(/usr/local/texlive/2024/texmf-dist/tex/latex/thmtools/parseargs.sty
Package: parseargs 2023/05/04 v0.76
\@parsespec=\toks36
))
(/usr/local/texlive/2024/texmf-dist/tex/latex/thmtools/thm-kv.sty
Package: thm-kv 2023/05/04 v0.76
Package thm-kv Info: Theorem names will be uppercased on input line 42.
Package thm-kv Info: kvsetkeys patch (v1.16 or later) on input line 158.
)
(/usr/local/texlive/2024/texmf-dist/tex/latex/thmtools/thm-autoref.sty
Package: thm-autoref 2023/05/04 v0.76

(/usr/local/texlive/2024/texmf-dist/tex/latex/thmtools/aliasctr.sty
Package: aliasctr 2023/05/04 v0.76
))
(/usr/local/texlive/2024/texmf-dist/tex/latex/thmtools/thm-listof.sty
Package: thm-listof 2023/05/04 v0.76
)
(/usr/local/texlive/2024/texmf-dist/tex/latex/thmtools/thm-restate.sty
Package: thm-restate 2023/05/04 v0.76
)
(/usr/local/texlive/2024/texmf-dist/tex/latex/thmtools/thm-amsthm.sty
Package: thm-amsthm 2023/05/04 v0.76
\thmt@style@headstyle=\toks37
))
(/usr/local/texlive/2024/texmf-dist/tex/latex/float/float.sty
Package: float 2001/11/08 v1.3d Float enhancements (AL)
\c@float@type=\count298
\float@exts=\toks38
\float@box=\box55
\@float@everytoks=\toks39
\@floatcapt=\box56
)
(/usr/local/texlive/2024/texmf-dist/tex/latex/caption/subcaption.sty
Package: subcaption 2023/07/28 v1.6b Sub-captions (AR)

(/usr/local/texlive/2024/texmf-dist/tex/latex/caption/caption.sty
Package: caption 2023/08/05 v3.6o Customizing captions (AR)

(/usr/local/texlive/2024/texmf-dist/tex/latex/caption/caption3.sty
Package: caption3 2023/07/31 v2.4d caption3 kernel (AR)
\caption@tempdima=\dimen173
\captionmargin=\dimen174
\caption@leftmargin=\dimen175
\caption@rightmargin=\dimen176
\caption@width=\dimen177
\caption@indent=\dimen178
\caption@parindent=\dimen179
\caption@hangindent=\dimen180
Package caption Info: Standard document class detected.
)
\c@caption@flags=\count299
\c@continuedfloat=\count300
Package caption Info: float package is loaded.
Package caption Info: hyperref package is loaded.
)
Package caption Info: New subtype `subfigure' on input line 238.
\c@subfigure=\count301
Package caption Info: New subtype `subtable' on input line 238.
\c@subtable=\count302
)
Package hyperref Info: Option `colorlinks' set `true' on input line 33.
Package hyperref Info: Option `breaklinks' set `true' on input line 33.


Package hyperref Warning: Option `bookmarks' has already been used,
(hyperref)                setting the option has no effect on input line 33.


(/usr/local/texlive/2024/texmf-dist/tex/latex/newunicodechar/newunicodechar.sty
Package: newunicodechar 2018/04/08 v1.2 Defining Unicode characters
)
LaTeX Font Info:    Trying to load font information for T1+lmr on input line 68
.
 (/usr/local/texlive/2024/texmf-dist/tex/latex/lm/t1lmr.fd
File: t1lmr.fd 2015/05/01 v1.6.1 Font defs for Latin Modern
)
(/usr/local/texlive/2024/texmf-dist/tex/latex/l3backend/l3backend-pdftex.def
File: l3backend-pdftex.def 2024-02-20 L3 backend support: PDF output (pdfTeX)
\l__color_backend_stack_int=\count303
\l__pdf_internal_box=\box57
)
(_logs/notes.aux)
\openout1 = `notes.aux'.

LaTeX Font Info:    Checking defaults for OML/cmm/m/it on input line 68.
LaTeX Font Info:    ... okay on input line 68.
LaTeX Font Info:    Checking defaults for OMS/cmsy/m/n on input line 68.
LaTeX Font Info:    ... okay on input line 68.
LaTeX Font Info:    Checking defaults for OT1/cmr/m/n on input line 68.
LaTeX Font Info:    ... okay on input line 68.
LaTeX Font Info:    Checking defaults for T1/cmr/m/n on input line 68.
LaTeX Font Info:    ... okay on input line 68.
LaTeX Font Info:    Checking defaults for TS1/cmr/m/n on input line 68.
LaTeX Font Info:    ... okay on input line 68.
LaTeX Font Info:    Checking defaults for OMX/cmex/m/n on input line 68.
LaTeX Font Info:    ... okay on input line 68.
LaTeX Font Info:    Checking defaults for U/cmr/m/n on input line 68.
LaTeX Font Info:    ... okay on input line 68.
LaTeX Font Info:    Checking defaults for PD1/pdf/m/n on input line 68.
LaTeX Font Info:    ... okay on input line 68.
LaTeX Font Info:    Checking defaults for PU/pdf/m/n on input line 68.
LaTeX Font Info:    ... okay on input line 68.

*geometry* driver: auto-detecting
*geometry* detected driver: pdftex
*geometry* verbose mode - [ preamble ] result:
* driver: pdftex
* paper: <default>
* layout: <same size as paper>
* layoutoffset:(h,v)=(0.0pt,0.0pt)
* modes: 
* h-part:(L,W,R)=(72.26999pt, 469.75502pt, 72.26999pt)
* v-part:(T,H,B)=(72.26999pt, 650.43001pt, 72.26999pt)
* \paperwidth=614.295pt
* \paperheight=794.96999pt
* \textwidth=469.75502pt
* \textheight=650.43001pt
* \oddsidemargin=0.0pt
* \evensidemargin=0.0pt
* \topmargin=-39.0pt
* \headheight=14.0pt
* \headsep=25.0pt
* \topskip=10.0pt
* \footskip=30.0pt
* \marginparwidth=65.0pt
* \marginparsep=11.0pt
* \columnsep=10.0pt
* \skip\footins=9.0pt plus 4.0pt minus 2.0pt
* \hoffset=0.0pt
* \voffset=0.0pt
* \mag=1000
* \@twocolumnfalse
* \@twosidefalse
* \@mparswitchfalse
* \@reversemarginfalse
* (1in=72.27pt=25.4mm, 1cm=28.453pt)

Package hyperref Info: Link coloring ON on input line 68.
\@outlinefile=\write3
\openout3 = `notes.out'.

(/usr/local/texlive/2024/texmf-dist/tex/context/base/mkii/supp-pdf.mkii
[Loading MPS to PDF converter (version 2006.09.02).]
\scratchcounter=\count304
\scratchdimen=\dimen181
\scratchbox=\box58
\nofMPsegments=\count305
\nofMParguments=\count306
\everyMPshowfont=\toks40
\MPscratchCnt=\count307
\MPscratchDim=\dimen182
\MPnumerator=\count308
\makeMPintoPDFobject=\count309
\everyMPtoPDFconversion=\toks41
) (/usr/local/texlive/2024/texmf-dist/tex/latex/graphics/graphicx.sty
Package: graphicx 2021/09/16 v1.2d Enhanced LaTeX Graphics (DPC,SPQR)

(/usr/local/texlive/2024/texmf-dist/tex/latex/graphics/graphics.sty
Package: graphics 2022/03/10 v1.4e Standard LaTeX Graphics (DPC,SPQR)

(/usr/local/texlive/2024/texmf-dist/tex/latex/graphics/trig.sty
Package: trig 2021/08/11 v1.11 sin cos tan (DPC)
)
(/usr/local/texlive/2024/texmf-dist/tex/latex/graphics-cfg/graphics.cfg
File: graphics.cfg 2016/06/04 v1.11 sample graphics configuration
)
Package graphics Info: Driver file: pdftex.def on input line 107.
)
\Gin@req@height=\dimen183
\Gin@req@width=\dimen184
)
Package caption Info: Begin \AtBeginDocument code.
Package caption Info: End \AtBeginDocument code.
LaTeX Font Info:    Trying to load font information for OT1+lmr on input line 7
1.

(/usr/local/texlive/2024/texmf-dist/tex/latex/lm/ot1lmr.fd
File: ot1lmr.fd 2015/05/01 v1.6.1 Font defs for Latin Modern
)
LaTeX Font Info:    Trying to load font information for OML+lmm on input line 7
1.

(/usr/local/texlive/2024/texmf-dist/tex/latex/lm/omllmm.fd
File: omllmm.fd 2015/05/01 v1.6.1 Font defs for Latin Modern
)
LaTeX Font Info:    Trying to load font information for OMS+lmsy on input line 
71.

(/usr/local/texlive/2024/texmf-dist/tex/latex/lm/omslmsy.fd
File: omslmsy.fd 2015/05/01 v1.6.1 Font defs for Latin Modern
)
LaTeX Font Info:    Trying to load font information for OMX+lmex on input line 
71.

(/usr/local/texlive/2024/texmf-dist/tex/latex/lm/omxlmex.fd
File: omxlmex.fd 2015/05/01 v1.6.1 Font defs for Latin Modern
)
LaTeX Font Info:    External font `lmex10' loaded for size
(Font)              <12> on input line 71.
LaTeX Font Info:    External font `lmex10' loaded for size
(Font)              <8> on input line 71.
LaTeX Font Info:    External font `lmex10' loaded for size
(Font)              <6> on input line 71.
LaTeX Font Info:    Trying to load font information for U+msa on input line 71.


(/usr/local/texlive/2024/texmf-dist/tex/latex/amsfonts/umsa.fd
File: umsa.fd 2013/01/14 v3.01 AMS symbols A
)
LaTeX Font Info:    Trying to load font information for U+msb on input line 71.


(/usr/local/texlive/2024/texmf-dist/tex/latex/amsfonts/umsb.fd
File: umsb.fd 2013/01/14 v3.01 AMS symbols B
) [1

{/usr/local/texlive/2024/texmf-var/fonts/map/pdftex/updmap/pdftex.map}{/usr/loc
al/texlive/2024/texmf-dist/fonts/enc/dvips/lm/lm-ec.enc}] [2]
LaTeX Font Info:    Trying to load font information for TS1+lmr on input line 1
07.

(/usr/local/texlive/2024/texmf-dist/tex/latex/lm/ts1lmr.fd
File: ts1lmr.fd 2015/05/01 v1.6.1 Font defs for Latin Modern
)
Underfull \hbox (badness 10000) in paragraph at lines 103--107

 []

[3{/usr/local/texlive/2024/texmf-dist/fonts/enc/dvips/lm/lm-ts1.enc}]
/Users/ashoksaravanan/Coding/ScribeLec/server/output/CS 243/lectures/16L2-ethic
s/notes.tex:129: Misplaced alignment tab character &.
l.129 ... visual analysis of funding and mergers &
                                                   acquisitions (M&A) activi...
I can't figure out why you would want to use a tab mark
here. If you just want an ampersand, the remedy is
simple: Just type `I\&' now. But if some right brace
up above has ended a previous alignment prematurely,
you're probably due for more error messages, and you
might try typing `S' now just to see what is salvageable.

/Users/ashoksaravanan/Coding/ScribeLec/server/output/CS 243/lectures/16L2-ethic
s/notes.tex:129: Misplaced alignment tab character &.
l.129 ...of funding and mergers & acquisitions (M&
                                                  A) activity related to AI ...
I can't figure out why you would want to use a tab mark
here. If you just want an ampersand, the remedy is
simple: Just type `I\&' now. But if some right brace
up above has ended a previous alignment prematurely,
you're probably due for more error messages, and you
might try typing `S' now just to see what is salvageable.

/Users/ashoksaravanan/Coding/ScribeLec/server/output/CS 243/lectures/16L2-ethic
s/notes.tex:129: Misplaced alignment tab character &.
l.129 ...aph, on the right, shows the number of M&
                                                  A deals in the AI sector f...
I can't figure out why you would want to use a tab mark
here. If you just want an ampersand, the remedy is
simple: Just type `I\&' now. But if some right brace
up above has ended a previous alignment prematurely,
you're probably due for more error messages, and you
might try typing `S' now just to see what is salvageable.

/Users/ashoksaravanan/Coding/ScribeLec/server/output/CS 243/lectures/16L2-ethic
s/notes.tex:129: Misplaced alignment tab character &.
l.129 ...he AI industry in terms of funding and M&
                                                  A activity. The context of...
I can't figure out why you would want to use a tab mark
here. If you just want an ampersand, the remedy is
simple: Just type `I\&' now. But if some right brace
up above has ended a previous alignment prematurely,
you're probably due for more error messages, and you
might try typing `S' now just to see what is salvageable.

</Users/ashoksaravanan/Coding/ScribeLec/server/output/CS 243/lectures/16L2-ethi
cs/figures/4.1.png, id=39, 511.9125pt x 76.285pt>
File: /Users/ashoksaravanan/Coding/ScribeLec/server/output/CS 243/lectures/16L2
-ethics/figures/4.1.png Graphic file (type png)
<use /Users/ashoksaravanan/Coding/ScribeLec/server/output/CS 243/lectures/16L2-
ethics/figures/4.1.png>
Package pdftex.def Info: /Users/ashoksaravanan/Coding/ScribeLec/server/output/C
S 243/lectures/16L2-ethics/figures/4.1.png  used on input line 135.
(pdftex.def)             Requested size: 70.46037pt x 10.49939pt.
</Users/ashoksaravanan/Coding/ScribeLec/server/output/CS 243/lectures/16L2-ethi
cs/figures/4.2.png, id=40, 314.17375pt x 250.9375pt>
File: /Users/ashoksaravanan/Coding/ScribeLec/server/output/CS 243/lectures/16L2
-ethics/figures/4.2.png Graphic file (type png)
<use /Users/ashoksaravanan/Coding/ScribeLec/server/output/CS 243/lectures/16L2-
ethics/figures/4.2.png>
Package pdftex.def Info: /Users/ashoksaravanan/Coding/ScribeLec/server/output/C
S 243/lectures/16L2-ethics/figures/4.2.png  used on input line 141.
(pdftex.def)             Requested size: 70.46037pt x 56.2747pt.
</Users/ashoksaravanan/Coding/ScribeLec/server/output/CS 243/lectures/16L2-ethi
cs/figures/4.3.png, id=41, 536.0025pt x 292.09125pt>
File: /Users/ashoksaravanan/Coding/ScribeLec/server/output/CS 243/lectures/16L2
-ethics/figures/4.3.png Graphic file (type png)
<use /Users/ashoksaravanan/Coding/ScribeLec/server/output/CS 243/lectures/16L2-
ethics/figures/4.3.png>
Package pdftex.def Info: /Users/ashoksaravanan/Coding/ScribeLec/server/output/C
S 243/lectures/16L2-ethics/figures/4.3.png  used on input line 147.
(pdftex.def)             Requested size: 70.46037pt x 38.39659pt.
[4 </Users/ashoksaravanan/Coding/ScribeLec/server/output/CS 243/lectures/16L2-e
thics/figures/4.1.png (PNG copy)> </Users/ashoksaravanan/Coding/ScribeLec/serve
r/output/CS 243/lectures/16L2-ethics/figures/4.2.png (PNG copy)> </Users/ashoks
aravanan/Coding/ScribeLec/server/output/CS 243/lectures/16L2-ethics/figures/4.3
.png (PNG copy)>]
Underfull \hbox (badness 10000) in paragraph at lines 158--160

 []

</Users/ashoksaravanan/Coding/ScribeLec/server/output/CS 243/lectures/16L2-ethi
cs/figures/5.1.png, id=52, 484.81125pt x 402.50375pt>
File: /Users/ashoksaravanan/Coding/ScribeLec/server/output/CS 243/lectures/16L2
-ethics/figures/5.1.png Graphic file (type png)
<use /Users/ashoksaravanan/Coding/ScribeLec/server/output/CS 243/lectures/16L2-
ethics/figures/5.1.png>
Package pdftex.def Info: /Users/ashoksaravanan/Coding/ScribeLec/server/output/C
S 243/lectures/16L2-ethics/figures/5.1.png  used on input line 174.
(pdftex.def)             Requested size: 70.46037pt x 58.49359pt.
[5 </Users/ashoksaravanan/Coding/ScribeLec/server/output/CS 243/lectures/16L2-e
thics/figures/5.1.png (PNG copy)>]
Underfull \hbox (badness 10000) in paragraph at lines 185--190

 []


Underfull \hbox (badness 10000) in paragraph at lines 199--206

 []

[6]
</Users/ashoksaravanan/Coding/ScribeLec/server/output/CS 243/lectures/16L2-ethi
cs/figures/6.1.png, id=68, 434.62375pt x 434.62375pt>
File: /Users/ashoksaravanan/Coding/ScribeLec/server/output/CS 243/lectures/16L2
-ethics/figures/6.1.png Graphic file (type png)
<use /Users/ashoksaravanan/Coding/ScribeLec/server/output/CS 243/lectures/16L2-
ethics/figures/6.1.png>
Package pdftex.def Info: /Users/ashoksaravanan/Coding/ScribeLec/server/output/C
S 243/lectures/16L2-ethics/figures/6.1.png  used on input line 227.
(pdftex.def)             Requested size: 70.46037pt x 70.4564pt.
</Users/ashoksaravanan/Coding/ScribeLec/server/output/CS 243/lectures/16L2-ethi
cs/figures/6.2.png, id=69, 435.6275pt x 434.62375pt>
File: /Users/ashoksaravanan/Coding/ScribeLec/server/output/CS 243/lectures/16L2
-ethics/figures/6.2.png Graphic file (type png)
<use /Users/ashoksaravanan/Coding/ScribeLec/server/output/CS 243/lectures/16L2-
ethics/figures/6.2.png>
Package pdftex.def Info: /Users/ashoksaravanan/Coding/ScribeLec/server/output/C
S 243/lectures/16L2-ethics/figures/6.2.png  used on input line 233.
(pdftex.def)             Requested size: 70.46037pt x 70.29724pt.
 [7 </Users/ashoksaravanan/Coding/ScribeLec/server/output/CS 243/lectures/16L2-
ethics/figures/6.1.png (PNG copy)> </Users/ashoksaravanan/Coding/ScribeLec/serv
er/output/CS 243/lectures/16L2-ethics/figures/6.2.png (PNG copy)>] [8]
Underfull \hbox (badness 10000) in paragraph at lines 259--264

 []


/Users/ashoksaravanan/Coding/ScribeLec/server/output/CS 243/lectures/16L2-ethic
s/notes.tex:269: LaTeX Error: There's no line here to end.

See the LaTeX manual or LaTeX Companion for explanation.
Type  H <return>  for immediate help.
 ...                                              
                                                  
l.269 I
       mportant new uses \\
Your command was ignored.
Type  I <command> <return>  to replace it with another command,
or  <return>  to continue without it.


Underfull \hbox (badness 10000) in paragraph at lines 269--271

 []

[9]
Underfull \hbox (badness 10000) in paragraph at lines 290--293

 []


/Users/ashoksaravanan/Coding/ScribeLec/server/output/CS 243/lectures/16L2-ethic
s/notes.tex:296: LaTeX Error: There's no line here to end.

See the LaTeX manual or LaTeX Companion for explanation.
Type  H <return>  for immediate help.
 ...                                              
                                                  
l.296 \textbf
             {Avoiding bias} \\
Your command was ignored.
Type  I <command> <return>  to replace it with another command,
or  <return>  to continue without it.


Underfull \hbox (badness 10000) in paragraph at lines 296--298

 []


/Users/ashoksaravanan/Coding/ScribeLec/server/output/CS 243/lectures/16L2-ethic
s/notes.tex:301: LaTeX Error: There's no line here to end.

See the LaTeX manual or LaTeX Companion for explanation.
Type  H <return>  for immediate help.
 ...                                              
                                                  
l.301 \textbf
             {Mitigating malicious attacks} \\
Your command was ignored.
Type  I <command> <return>  to replace it with another command,
or  <return>  to continue without it.


Underfull \hbox (badness 10000) in paragraph at lines 301--303

 []


/Users/ashoksaravanan/Coding/ScribeLec/server/output/CS 243/lectures/16L2-ethic
s/notes.tex:306: LaTeX Error: There's no line here to end.

See the LaTeX manual or LaTeX Companion for explanation.
Type  H <return>  for immediate help.
 ...                                              
                                                  
l.306 S
       ource: Lawrence Hunter, Colorado School of Mines
Your command was ignored.
Type  I <command> <return>  to replace it with another command,
or  <return>  to continue without it.

[10]
Underfull \hbox (badness 10000) in paragraph at lines 321--324

 []


/Users/ashoksaravanan/Coding/ScribeLec/server/output/CS 243/lectures/16L2-ethic
s/notes.tex:329: LaTeX Error: There's no line here to end.

See the LaTeX manual or LaTeX Companion for explanation.
Type  H <return>  for immediate help.
 ...                                              
                                                  
l.329 S
       imilar with Netflix (using IMDB) and search logs \\
Your command was ignored.
Type  I <command> <return>  to replace it with another command,
or  <return>  to continue without it.

[11]
Underfull \hbox (badness 10000) in paragraph at lines 345--348

 []


/Users/ashoksaravanan/Coding/ScribeLec/server/output/CS 243/lectures/16L2-ethic
s/notes.tex:351: LaTeX Error: There's no line here to end.

See the LaTeX manual or LaTeX Companion for explanation.
Type  H <return>  for immediate help.
 ...                                              
                                                  
l.351 O
       ften, people's desires about their data involve questions of trust \\
Your command was ignored.
Type  I <command> <return>  to replace it with another command,
or  <return>  to continue without it.


Underfull \hbox (badness 10000) in paragraph at lines 351--353

 []


/Users/ashoksaravanan/Coding/ScribeLec/server/output/CS 243/lectures/16L2-ethic
s/notes.tex:355: LaTeX Error: There's no line here to end.

See the LaTeX manual or LaTeX Companion for explanation.
Type  H <return>  for immediate help.
 ...                                              
                                                  
l.355 P
       rivacy is not a binary value \\
Your command was ignored.
Type  I <command> <return>  to replace it with another command,
or  <return>  to continue without it.


Underfull \hbox (badness 10000) in paragraph at lines 355--357

 []


/Users/ashoksaravanan/Coding/ScribeLec/server/output/CS 243/lectures/16L2-ethic
s/notes.tex:359: LaTeX Error: There's no line here to end.

See the LaTeX manual or LaTeX Companion for explanation.
Type  H <return>  for immediate help.
 ...                                              
                                                  
l.359 S
       ource: Lawrence Hunter, Colorado School of Mines
Your command was ignored.
Type  I <command> <return>  to replace it with another command,
or  <return>  to continue without it.

[12] [13]
Underfull \hbox (badness 10000) in paragraph at lines 394--398

 []


/Users/ashoksaravanan/Coding/ScribeLec/server/output/CS 243/lectures/16L2-ethic
s/notes.tex:402: LaTeX Error: There's no line here to end.

See the LaTeX manual or LaTeX Companion for explanation.
Type  H <return>  for immediate help.
 ...                                              
                                                  
l.402 M
       achine learning that uses biased historical record + any proxy is lik...

Your command was ignored.
Type  I <command> <return>  to replace it with another command,
or  <return>  to continue without it.

[14] [15]
</Users/ashoksaravanan/Coding/ScribeLec/server/output/CS 243/lectures/16L2-ethi
cs/figures/15.1.png, id=152, 526.96875pt x 549.05125pt>
File: /Users/ashoksaravanan/Coding/ScribeLec/server/output/CS 243/lectures/16L2
-ethics/figures/15.1.png Graphic file (type png)
<use /Users/ashoksaravanan/Coding/ScribeLec/server/output/CS 243/lectures/16L2-
ethics/figures/15.1.png>
Package pdftex.def Info: /Users/ashoksaravanan/Coding/ScribeLec/server/output/C
S 243/lectures/16L2-ethics/figures/15.1.png  used on input line 452.
(pdftex.def)             Requested size: 70.46037pt x 73.4066pt.
 [16 </Users/ashoksaravanan/Coding/ScribeLec/server/output/CS 243/lectures/16L2
-ethics/figures/15.1.png (PNG copy)>]
</Users/ashoksaravanan/Coding/ScribeLec/server/output/CS 243/lectures/16L2-ethi
cs/figures/16.1.png, id=162, 749.80125pt x 398.48875pt>
File: /Users/ashoksaravanan/Coding/ScribeLec/server/output/CS 243/lectures/16L2
-ethics/figures/16.1.png Graphic file (type png)
<use /Users/ashoksaravanan/Coding/ScribeLec/server/output/CS 243/lectures/16L2-
ethics/figures/16.1.png>
Package pdftex.def Info: /Users/ashoksaravanan/Coding/ScribeLec/server/output/C
S 243/lectures/16L2-ethics/figures/16.1.png  used on input line 475.
(pdftex.def)             Requested size: 70.46037pt x 37.44334pt.
</Users/ashoksaravanan/Coding/ScribeLec/server/output/CS 243/lectures/16L2-ethi
cs/figures/16.2.png, id=163, 456.70625pt x 142.5325pt>
File: /Users/ashoksaravanan/Coding/ScribeLec/server/output/CS 243/lectures/16L2
-ethics/figures/16.2.png Graphic file (type png)
<use /Users/ashoksaravanan/Coding/ScribeLec/server/output/CS 243/lectures/16L2-
ethics/figures/16.2.png>
Package pdftex.def Info: /Users/ashoksaravanan/Coding/ScribeLec/server/output/C
S 243/lectures/16L2-ethics/figures/16.2.png  used on input line 481.
(pdftex.def)             Requested size: 70.46037pt x 21.9879pt.
 [17 </Users/ashoksaravanan/Coding/ScribeLec/server/output/CS 243/lectures/16L2
-ethics/figures/16.1.png (PNG copy)> </Users/ashoksaravanan/Coding/ScribeLec/se
rver/output/CS 243/lectures/16L2-ethics/figures/16.2.png (PNG copy)>]
</Users/ashoksaravanan/Coding/ScribeLec/server/output/CS 243/lectures/16L2-ethi
cs/figures/17.1.png, id=173, 755.82375pt x 349.305pt>
File: /Users/ashoksaravanan/Coding/ScribeLec/server/output/CS 243/lectures/16L2
-ethics/figures/17.1.png Graphic file (type png)
<use /Users/ashoksaravanan/Coding/ScribeLec/server/output/CS 243/lectures/16L2-
ethics/figures/17.1.png>
Package pdftex.def Info: /Users/ashoksaravanan/Coding/ScribeLec/server/output/C
S 243/lectures/16L2-ethics/figures/17.1.png  used on input line 499.
(pdftex.def)             Requested size: 70.46037pt x 32.5607pt.
 [18 </Users/ashoksaravanan/Coding/ScribeLec/server/output/CS 243/lectures/16L2
-ethics/figures/17.1.png (PNG copy)>]
</Users/ashoksaravanan/Coding/ScribeLec/server/output/CS 243/lectures/16L2-ethi
cs/figures/18.1.png, id=183, 775.89874pt x 200.75pt>
File: /Users/ashoksaravanan/Coding/ScribeLec/server/output/CS 243/lectures/16L2
-ethics/figures/18.1.png Graphic file (type png)
<use /Users/ashoksaravanan/Coding/ScribeLec/server/output/CS 243/lectures/16L2-
ethics/figures/18.1.png>
Package pdftex.def Info: /Users/ashoksaravanan/Coding/ScribeLec/server/output/C
S 243/lectures/16L2-ethics/figures/18.1.png  used on input line 523.
(pdftex.def)             Requested size: 70.46037pt x 18.22906pt.

[19 </Users/ashoksaravanan/Coding/ScribeLec/server/output/CS 243/lectures/16L2-
ethics/figures/18.1.png (PNG copy)>]
Underfull \hbox (badness 10000) in paragraph at lines 534--539

 []


Underfull \hbox (badness 10000) in paragraph at lines 539--541

 []

</Users/ashoksaravanan/Coding/ScribeLec/server/output/CS 243/lectures/16L2-ethi
cs/figures/19.1.png, id=194, 773.89125pt x 167.62625pt>
File: /Users/ashoksaravanan/Coding/ScribeLec/server/output/CS 243/lectures/16L2
-ethics/figures/19.1.png Graphic file (type png)
<use /Users/ashoksaravanan/Coding/ScribeLec/server/output/CS 243/lectures/16L2-
ethics/figures/19.1.png>
Package pdftex.def Info: /Users/ashoksaravanan/Coding/ScribeLec/server/output/C
S 243/lectures/16L2-ethics/figures/19.1.png  used on input line 555.
(pdftex.def)             Requested size: 70.46037pt x 15.25963pt.
[20 </Users/ashoksaravanan/Coding/ScribeLec/server/output/CS 243/lectures/16L2-
ethics/figures/19.1.png (PNG copy)>]
LaTeX Font Info:    External font `lmex10' loaded for size
(Font)              <10> on input line 568.
LaTeX Font Info:    External font `lmex10' loaded for size
(Font)              <7> on input line 568.
LaTeX Font Info:    External font `lmex10' loaded for size
(Font)              <5> on input line 568.
</Users/ashoksaravanan/Coding/ScribeLec/server/output/CS 243/lectures/16L2-ethi
cs/figures/20.1.png, id=204, 769.87625pt x 377.41pt>
File: /Users/ashoksaravanan/Coding/ScribeLec/server/output/CS 243/lectures/16L2
-ethics/figures/20.1.png Graphic file (type png)
<use /Users/ashoksaravanan/Coding/ScribeLec/server/output/CS 243/lectures/16L2-
ethics/figures/20.1.png>
Package pdftex.def Info: /Users/ashoksaravanan/Coding/ScribeLec/server/output/C
S 243/lectures/16L2-ethics/figures/20.1.png  used on input line 589.
(pdftex.def)             Requested size: 70.46037pt x 34.5413pt.
 [21 </Users/ashoksaravanan/Coding/ScribeLec/server/output/CS 243/lectures/16L2
-ethics/figures/20.1.png (PNG copy)>]
Underfull \hbox (badness 10000) in paragraph at lines 600--604

 []


/Users/ashoksaravanan/Coding/ScribeLec/server/output/CS 243/lectures/16L2-ethic
s/notes.tex:606: LaTeX Error: There's no line here to end.

See the LaTeX manual or LaTeX Companion for explanation.
Type  H <return>  for immediate help.
 ...                                              
                                                  
l.606 S
       ource: Richard Johansson, University of Gothenburg
Your command was ignored.
Type  I <command> <return>  to replace it with another command,
or  <return>  to continue without it.

</Users/ashoksaravanan/Coding/ScribeLec/server/output/CS 243/lectures/16L2-ethi
cs/figures/21.1.png, id=214, 775.89874pt x 81.30376pt>
File: /Users/ashoksaravanan/Coding/ScribeLec/server/output/CS 243/lectures/16L2
-ethics/figures/21.1.png Graphic file (type png)
<use /Users/ashoksaravanan/Coding/ScribeLec/server/output/CS 243/lectures/16L2-
ethics/figures/21.1.png>
Package pdftex.def Info: /Users/ashoksaravanan/Coding/ScribeLec/server/output/C
S 243/lectures/16L2-ethics/figures/21.1.png  used on input line 615.
(pdftex.def)             Requested size: 70.46037pt x 7.38277pt.
[22 </Users/ashoksaravanan/Coding/ScribeLec/server/output/CS 243/lectures/16L2-
ethics/figures/21.1.png (PNG copy)>] [23]
</Users/ashoksaravanan/Coding/ScribeLec/server/output/CS 243/lectures/16L2-ethi
cs/figures/23.1.png, id=233, 694.595pt x 291.0875pt>
File: /Users/ashoksaravanan/Coding/ScribeLec/server/output/CS 243/lectures/16L2
-ethics/figures/23.1.png Graphic file (type png)
<use /Users/ashoksaravanan/Coding/ScribeLec/server/output/CS 243/lectures/16L2-
ethics/figures/23.1.png>
Package pdftex.def Info: /Users/ashoksaravanan/Coding/ScribeLec/server/output/C
S 243/lectures/16L2-ethics/figures/23.1.png  used on input line 648.
(pdftex.def)             Requested size: 70.46037pt x 29.52795pt.
</Users/ashoksaravanan/Coding/ScribeLec/server/output/CS 243/lectures/16L2-ethi
cs/figures/23.2.png, id=234, 694.595pt x 291.0875pt>
File: /Users/ashoksaravanan/Coding/ScribeLec/server/output/CS 243/lectures/16L2
-ethics/figures/23.2.png Graphic file (type png)
<use /Users/ashoksaravanan/Coding/ScribeLec/server/output/CS 243/lectures/16L2-
ethics/figures/23.2.png>
Package pdftex.def Info: /Users/ashoksaravanan/Coding/ScribeLec/server/output/C
S 243/lectures/16L2-ethics/figures/23.2.png  used on input line 654.
(pdftex.def)             Requested size: 70.46037pt x 29.52795pt.
</Users/ashoksaravanan/Coding/ScribeLec/server/output/CS 243/lectures/16L2-ethi
cs/figures/23.3.png, id=235, 720.6925pt x 82.3075pt>
File: /Users/ashoksaravanan/Coding/ScribeLec/server/output/CS 243/lectures/16L2
-ethics/figures/23.3.png Graphic file (type png)
<use /Users/ashoksaravanan/Coding/ScribeLec/server/output/CS 243/lectures/16L2-
ethics/figures/23.3.png>
Package pdftex.def Info: /Users/ashoksaravanan/Coding/ScribeLec/server/output/C
S 243/lectures/16L2-ethics/figures/23.3.png  used on input line 660.
(pdftex.def)             Requested size: 70.46037pt x 8.0466pt.
</Users/ashoksaravanan/Coding/ScribeLec/server/output/CS 243/lectures/16L2-ethi
cs/figures/23.4.png, id=236, 674.52pt x 110.4125pt>
File: /Users/ashoksaravanan/Coding/ScribeLec/server/output/CS 243/lectures/16L2
-ethics/figures/23.4.png Graphic file (type png)
<use /Users/ashoksaravanan/Coding/ScribeLec/server/output/CS 243/lectures/16L2-
ethics/figures/23.4.png>
Package pdftex.def Info: /Users/ashoksaravanan/Coding/ScribeLec/server/output/C
S 243/lectures/16L2-ethics/figures/23.4.png  used on input line 666.
(pdftex.def)             Requested size: 70.46037pt x 11.53215pt.
</Users/ashoksaravanan/Coding/ScribeLec/server/output/CS 243/lectures/16L2-ethi
cs/figures/23.5.png, id=237, 694.595pt x 87.32625pt>
File: /Users/ashoksaravanan/Coding/ScribeLec/server/output/CS 243/lectures/16L2
-ethics/figures/23.5.png Graphic file (type png)
<use /Users/ashoksaravanan/Coding/ScribeLec/server/output/CS 243/lectures/16L2-
ethics/figures/23.5.png>
Package pdftex.def Info: /Users/ashoksaravanan/Coding/ScribeLec/server/output/C
S 243/lectures/16L2-ethics/figures/23.5.png  used on input line 672.
(pdftex.def)             Requested size: 70.46037pt x 8.85838pt.
 [24 </Users/ashoksaravanan/Coding/ScribeLec/server/output/CS 243/lectures/16L2
-ethics/figures/23.1.png (PNG copy)> </Users/ashoksaravanan/Coding/ScribeLec/se
rver/output/CS 243/lectures/16L2-ethics/figures/23.2.png (PNG copy)> </Users/as
hoksaravanan/Coding/ScribeLec/server/output/CS 243/lectures/16L2-ethics/figures
/23.3.png (PNG copy)> </Users/ashoksaravanan/Coding/ScribeLec/server/output/CS 
243/lectures/16L2-ethics/figures/23.4.png (PNG copy)> </Users/ashoksaravanan/Co
ding/ScribeLec/server/output/CS 243/lectures/16L2-ethics/figures/23.5.png (PNG 
copy)>] [25] [26] [27{/usr/local/texlive/2024/texmf-dist/fonts/enc/dvips/lm/lm-
mathit.enc}{/usr/local/texlive/2024/texmf-dist/fonts/enc/dvips/lm/lm-rm.enc}{/u
sr/local/texlive/2024/texmf-dist/fonts/enc/dvips/lm/lm-mathsy.enc}]
</Users/ashoksaravanan/Coding/ScribeLec/server/output/CS 243/lectures/16L2-ethi
cs/figures/27.1.png, id=279, 746.79pt x 184.69pt>
File: /Users/ashoksaravanan/Coding/ScribeLec/server/output/CS 243/lectures/16L2
-ethics/figures/27.1.png Graphic file (type png)
<use /Users/ashoksaravanan/Coding/ScribeLec/server/output/CS 243/lectures/16L2-
ethics/figures/27.1.png>
Package pdftex.def Info: /Users/ashoksaravanan/Coding/ScribeLec/server/output/C
S 243/lectures/16L2-ethics/figures/27.1.png  used on input line 768.
(pdftex.def)             Requested size: 70.46037pt x 17.42455pt.
 [28 </Users/ashoksaravanan/Coding/ScribeLec/server/output/CS 243/lectures/16L2
-ethics/figures/27.1.png (PNG copy)>] [29]
</Users/ashoksaravanan/Coding/ScribeLec/server/output/CS 243/lectures/16L2-ethi
cs/figures/29.1.png, id=298, 633.36626pt x 424.58624pt>
File: /Users/ashoksaravanan/Coding/ScribeLec/server/output/CS 243/lectures/16L2
-ethics/figures/29.1.png Graphic file (type png)
<use /Users/ashoksaravanan/Coding/ScribeLec/server/output/CS 243/lectures/16L2-
ethics/figures/29.1.png>
Package pdftex.def Info: /Users/ashoksaravanan/Coding/ScribeLec/server/output/C
S 243/lectures/16L2-ethics/figures/29.1.png  used on input line 813.
(pdftex.def)             Requested size: 70.46037pt x 47.2294pt.

[30 </Users/ashoksaravanan/Coding/ScribeLec/server/output/CS 243/lectures/16L2-
ethics/figures/29.1.png (PNG copy)>]
</Users/ashoksaravanan/Coding/ScribeLec/server/output/CS 243/lectures/16L2-ethi
cs/figures/30.1.png, id=308, 615.29875pt x 412.54124pt>
File: /Users/ashoksaravanan/Coding/ScribeLec/server/output/CS 243/lectures/16L2
-ethics/figures/30.1.png Graphic file (type png)
<use /Users/ashoksaravanan/Coding/ScribeLec/server/output/CS 243/lectures/16L2-
ethics/figures/30.1.png>
Package pdftex.def Info: /Users/ashoksaravanan/Coding/ScribeLec/server/output/C
S 243/lectures/16L2-ethics/figures/30.1.png  used on input line 848.
(pdftex.def)             Requested size: 70.46037pt x 47.23665pt.
 [31 </Users/ashoksaravanan/Coding/ScribeLec/server/output/CS 243/lectures/16L2
-ethics/figures/30.1.png (PNG copy)>]
</Users/ashoksaravanan/Coding/ScribeLec/server/output/CS 243/lectures/16L2-ethi
cs/figures/31.1.png, id=319, 665.48625pt x 386.44376pt>
File: /Users/ashoksaravanan/Coding/ScribeLec/server/output/CS 243/lectures/16L2
-ethics/figures/31.1.png Graphic file (type png)
<use /Users/ashoksaravanan/Coding/ScribeLec/server/output/CS 243/lectures/16L2-
ethics/figures/31.1.png>
Package pdftex.def Info: /Users/ashoksaravanan/Coding/ScribeLec/server/output/C
S 243/lectures/16L2-ethics/figures/31.1.png  used on input line 881.
(pdftex.def)             Requested size: 70.46037pt x 40.91095pt.

[32 </Users/ashoksaravanan/Coding/ScribeLec/server/output/CS 243/lectures/16L2-
ethics/figures/31.1.png (PNG copy)>]
</Users/ashoksaravanan/Coding/ScribeLec/server/output/CS 243/lectures/16L2-ethi
cs/figures/32.1.png, id=329, 429.605pt x 347.2975pt>
File: /Users/ashoksaravanan/Coding/ScribeLec/server/output/CS 243/lectures/16L2
-ethics/figures/32.1.png Graphic file (type png)
<use /Users/ashoksaravanan/Coding/ScribeLec/server/output/CS 243/lectures/16L2-
ethics/figures/32.1.png>
Package pdftex.def Info: /Users/ashoksaravanan/Coding/ScribeLec/server/output/C
S 243/lectures/16L2-ethics/figures/32.1.png  used on input line 919.
(pdftex.def)             Requested size: 70.46037pt x 56.95715pt.
 [33 </Users/ashoksaravanan/Coding/ScribeLec/server/output/CS 243/lectures/16L2
-ethics/figures/32.1.png (PNG copy)>]
LaTeX Font Info:    Trying to load font information for T1+lmtt on input line 9
35.

(/usr/local/texlive/2024/texmf-dist/tex/latex/lm/t1lmtt.fd
File: t1lmtt.fd 2015/05/01 v1.6.1 Font defs for Latin Modern
)
</Users/ashoksaravanan/Coding/ScribeLec/server/output/CS 243/lectures/16L2-ethi
cs/figures/33.1.png, id=339, 429.605pt x 347.2975pt>
File: /Users/ashoksaravanan/Coding/ScribeLec/server/output/CS 243/lectures/16L2
-ethics/figures/33.1.png Graphic file (type png)
<use /Users/ashoksaravanan/Coding/ScribeLec/server/output/CS 243/lectures/16L2-
ethics/figures/33.1.png>
Package pdftex.def Info: /Users/ashoksaravanan/Coding/ScribeLec/server/output/C
S 243/lectures/16L2-ethics/figures/33.1.png  used on input line 965.
(pdftex.def)             Requested size: 70.46037pt x 56.95715pt.
 [34 </Users/ashoksaravanan/Coding/ScribeLec/server/output/CS 243/lectures/16L2
-ethics/figures/33.1.png (PNG copy)>]
</Users/ashoksaravanan/Coding/ScribeLec/server/output/CS 243/lectures/16L2-ethi
cs/figures/34.1.png, id=350, 862.22125pt x 137.51375pt>
File: /Users/ashoksaravanan/Coding/ScribeLec/server/output/CS 243/lectures/16L2
-ethics/figures/34.1.png Graphic file (type png)
<use /Users/ashoksaravanan/Coding/ScribeLec/server/output/CS 243/lectures/16L2-
ethics/figures/34.1.png>
Package pdftex.def Info: /Users/ashoksaravanan/Coding/ScribeLec/server/output/C
S 243/lectures/16L2-ethics/figures/34.1.png  used on input line 1015.
(pdftex.def)             Requested size: 70.46037pt x 11.23633pt.
 [35 </Users/ashoksaravanan/Coding/ScribeLec/server/output/CS 243/lectures/16L2
-ethics/figures/34.1.png (PNG copy)>]
</Users/ashoksaravanan/Coding/ScribeLec/server/output/CS 243/lectures/16L2-ethi
cs/figures/35.1.png, id=360, 452.69125pt x 301.125pt>
File: /Users/ashoksaravanan/Coding/ScribeLec/server/output/CS 243/lectures/16L2
-ethics/figures/35.1.png Graphic file (type png)
<use /Users/ashoksaravanan/Coding/ScribeLec/server/output/CS 243/lectures/16L2-
ethics/figures/35.1.png>
Package pdftex.def Info: /Users/ashoksaravanan/Coding/ScribeLec/server/output/C
S 243/lectures/16L2-ethics/figures/35.1.png  used on input line 1033.
(pdftex.def)             Requested size: 70.46037pt x 46.86687pt.
</Users/ashoksaravanan/Coding/ScribeLec/server/output/CS 243/lectures/16L2-ethi
cs/figures/35.2.png, id=361, 352.31625pt x 372.39125pt>
File: /Users/ashoksaravanan/Coding/ScribeLec/server/output/CS 243/lectures/16L2
-ethics/figures/35.2.png Graphic file (type png)
<use /Users/ashoksaravanan/Coding/ScribeLec/server/output/CS 243/lectures/16L2-
ethics/figures/35.2.png>
Package pdftex.def Info: /Users/ashoksaravanan/Coding/ScribeLec/server/output/C
S 243/lectures/16L2-ethics/figures/35.2.png  used on input line 1039.
(pdftex.def)             Requested size: 70.46037pt x 74.47124pt.
 [36 </Users/ashoksaravanan/Coding/ScribeLec/server/output/CS 243/lectures/16L2
-ethics/figures/35.1.png (PNG copy)> </Users/ashoksaravanan/Coding/ScribeLec/se
rver/output/CS 243/lectures/16L2-ethics/figures/35.2.png (PNG copy)>]
Overfull \hbox (2.94115pt too wide) in paragraph at lines 1070--1072
[]\T1/lmr/m/it/10 https://www.wsj.com/business/new-york-city-passed-an-ai-hirin
g-law-so-far-few-companies-are-following-
 []

</Users/ashoksaravanan/Coding/ScribeLec/server/output/CS 243/lectures/16L2-ethi
cs/figures/36.1.png, id=371, 465.74pt x 425.59pt>
File: /Users/ashoksaravanan/Coding/ScribeLec/server/output/CS 243/lectures/16L2
-ethics/figures/36.1.png Graphic file (type png)
<use /Users/ashoksaravanan/Coding/ScribeLec/server/output/CS 243/lectures/16L2-
ethics/figures/36.1.png>
Package pdftex.def Info: /Users/ashoksaravanan/Coding/ScribeLec/server/output/C
S 243/lectures/16L2-ethics/figures/36.1.png  used on input line 1079.
(pdftex.def)             Requested size: 70.46037pt x 64.38123pt.
</Users/ashoksaravanan/Coding/ScribeLec/server/output/CS 243/lectures/16L2-ethi
cs/figures/36.2.png, id=372, 541.02126pt x 561.09625pt>
File: /Users/ashoksaravanan/Coding/ScribeLec/server/output/CS 243/lectures/16L2
-ethics/figures/36.2.png Graphic file (type png)
<use /Users/ashoksaravanan/Coding/ScribeLec/server/output/CS 243/lectures/16L2-
ethics/figures/36.2.png>
Package pdftex.def Info: /Users/ashoksaravanan/Coding/ScribeLec/server/output/C
S 243/lectures/16L2-ethics/figures/36.2.png  used on input line 1085.
(pdftex.def)             Requested size: 70.46037pt x 73.07349pt.
[37 </Users/ashoksaravanan/Coding/ScribeLec/server/output/CS 243/lectures/16L2-
ethics/figures/36.1.png (PNG copy)> </Users/ashoksaravanan/Coding/ScribeLec/ser
ver/output/CS 243/lectures/16L2-ethics/figures/36.2.png (PNG copy)>]
</Users/ashoksaravanan/Coding/ScribeLec/server/output/CS 243/lectures/16L2-ethi
cs/figures/37.1.png, id=383, 388.45125pt x 583.17876pt>
File: /Users/ashoksaravanan/Coding/ScribeLec/server/output/CS 243/lectures/16L2
-ethics/figures/37.1.png Graphic file (type png)
<use /Users/ashoksaravanan/Coding/ScribeLec/server/output/CS 243/lectures/16L2-
ethics/figures/37.1.png>
Package pdftex.def Info: /Users/ashoksaravanan/Coding/ScribeLec/server/output/C
S 243/lectures/16L2-ethics/figures/37.1.png  used on input line 1109.
(pdftex.def)             Requested size: 70.46037pt x 105.77742pt.
 [38 </Users/ashoksaravanan/Coding/ScribeLec/server/output/CS 243/lectures/16L2
-ethics/figures/37.1.png (PNG copy)>]

enddocument/afterlastpage: lastpage setting LastPage.
(_logs/notes.aux)
 ***********
LaTeX2e <2023-11-01> patch level 1
L3 programming layer <2024-02-20>
 ***********


LaTeX Warning: Label(s) may have changed. Rerun to get cross-references right.


Package rerunfilecheck Warning: File `notes.out' has changed.
(rerunfilecheck)                Rerun to get outlines right
(rerunfilecheck)                or use package `bookmark'.

Package rerunfilecheck Info: Checksums for `notes.out':
(rerunfilecheck)             Before: <no file>
(rerunfilecheck)             After:  E2ECFA0F345B8BC6A421E1C4D2FD65AF;14473.

Package lastpage Warning: Rerun to get the references right on input line 1116.


 ) 
Here is how much of TeX's memory you used:
 14946 strings out of 474116
 258918 string characters out of 5743682
 1936187 words of memory out of 5000000
 36822 multiletter control sequences out of 15000+600000
 624021 words of font info for 83 fonts, out of 8000000 for 9000
 1141 hyphenation exceptions out of 8191
 83i,11n,131p,1504b,683s stack positions out of 10000i,1000n,20000p,200000b,200000s
</usr/local/texlive/2024/texmf-dist/fonts/type1/public/lm/lmbx10.pfb></usr/lo
cal/texlive/2024/texmf-dist/fonts/type1/public/lm/lmbx12.pfb></usr/local/texliv
e/2024/texmf-dist/fonts/type1/public/lm/lmbx8.pfb></usr/local/texlive/2024/texm
f-dist/fonts/type1/public/lm/lmmi10.pfb></usr/local/texlive/2024/texmf-dist/fon
ts/type1/public/lm/lmr10.pfb></usr/local/texlive/2024/texmf-dist/fonts/type1/pu
blic/lm/lmr12.pfb></usr/local/texlive/2024/texmf-dist/fonts/type1/public/lm/lmr
17.pfb></usr/local/texlive/2024/texmf-dist/fonts/type1/public/lm/lmri10.pfb></u
sr/local/texlive/2024/texmf-dist/fonts/type1/public/lm/lmsy10.pfb></usr/local/t
exlive/2024/texmf-dist/fonts/type1/public/lm/lmtt10.pfb>
Output written on _logs/notes.pdf (38 pages, 3418432 bytes).
PDF statistics:
 497 PDF objects out of 1000 (max. 8388607)
 400 compressed objects within 4 object streams
 224 named destinations out of 1000 (max. 500000)
 156 words of extra memory for PDF output out of 10000 (max. 10000000)

