This is pdfTeX, Version 3.141592653-2.6-1.40.26 (TeX Live 2024) (preloaded format=pdflatex 2024.12.3)  13 DEC 2024 17:02
entering extended mode
 \write18 enabled.
 file:line:error style messages enabled.
 %&-line parsing enabled.
**/Users/ashoksaravanan/Coding/ScribeLec/server/output/MA421/lectures/2024-10-2
2-Convexity/notes.tex

(/Users/ashoksaravanan/Coding/ScribeLec/server/output/MA421/lectures/2024-10-22
-Convexity/notes.tex
LaTeX2e <2023-11-01> patch level 1
L3 programming layer <2024-02-20>
(/usr/local/texlive/2024/texmf-dist/tex/latex/base/article.cls
Document Class: article 2023/05/17 v1.4n Standard LaTeX document class
(/usr/local/texlive/2024/texmf-dist/tex/latex/base/size10.clo
File: size10.clo 2023/05/17 v1.4n Standard LaTeX file (size option)
)
\c@part=\count188
\c@section=\count189
\c@subsection=\count190
\c@subsubsection=\count191
\c@paragraph=\count192
\c@subparagraph=\count193
\c@figure=\count194
\c@table=\count195
\abovecaptionskip=\skip48
\belowcaptionskip=\skip49
\bibindent=\dimen140
)
(/usr/local/texlive/2024/texmf-dist/tex/latex/base/fontenc.sty
Package: fontenc 2021/04/29 v2.0v Standard LaTeX package
)
(/usr/local/texlive/2024/texmf-dist/tex/latex/base/inputenc.sty
Package: inputenc 2021/02/14 v1.3d Input encoding file
\inpenc@prehook=\toks17
\inpenc@posthook=\toks18
)
(/usr/local/texlive/2024/texmf-dist/tex/latex/lm/lmodern.sty
Package: lmodern 2015/05/01 v1.6.1 Latin Modern Fonts
LaTeX Font Info:    Overwriting symbol font `operators' in version `normal'
(Font)                  OT1/cmr/m/n --> OT1/lmr/m/n on input line 22.
LaTeX Font Info:    Overwriting symbol font `letters' in version `normal'
(Font)                  OML/cmm/m/it --> OML/lmm/m/it on input line 23.
LaTeX Font Info:    Overwriting symbol font `symbols' in version `normal'
(Font)                  OMS/cmsy/m/n --> OMS/lmsy/m/n on input line 24.
LaTeX Font Info:    Overwriting symbol font `largesymbols' in version `normal'
(Font)                  OMX/cmex/m/n --> OMX/lmex/m/n on input line 25.
LaTeX Font Info:    Overwriting symbol font `operators' in version `bold'
(Font)                  OT1/cmr/bx/n --> OT1/lmr/bx/n on input line 26.
LaTeX Font Info:    Overwriting symbol font `letters' in version `bold'
(Font)                  OML/cmm/b/it --> OML/lmm/b/it on input line 27.
LaTeX Font Info:    Overwriting symbol font `symbols' in version `bold'
(Font)                  OMS/cmsy/b/n --> OMS/lmsy/b/n on input line 28.
LaTeX Font Info:    Overwriting symbol font `largesymbols' in version `bold'
(Font)                  OMX/cmex/m/n --> OMX/lmex/m/n on input line 29.
LaTeX Font Info:    Overwriting math alphabet `\mathbf' in version `normal'
(Font)                  OT1/cmr/bx/n --> OT1/lmr/bx/n on input line 31.
LaTeX Font Info:    Overwriting math alphabet `\mathsf' in version `normal'
(Font)                  OT1/cmss/m/n --> OT1/lmss/m/n on input line 32.
LaTeX Font Info:    Overwriting math alphabet `\mathit' in version `normal'
(Font)                  OT1/cmr/m/it --> OT1/lmr/m/it on input line 33.
LaTeX Font Info:    Overwriting math alphabet `\mathtt' in version `normal'
(Font)                  OT1/cmtt/m/n --> OT1/lmtt/m/n on input line 34.
LaTeX Font Info:    Overwriting math alphabet `\mathbf' in version `bold'
(Font)                  OT1/cmr/bx/n --> OT1/lmr/bx/n on input line 35.
LaTeX Font Info:    Overwriting math alphabet `\mathsf' in version `bold'
(Font)                  OT1/cmss/bx/n --> OT1/lmss/bx/n on input line 36.
LaTeX Font Info:    Overwriting math alphabet `\mathit' in version `bold'
(Font)                  OT1/cmr/bx/it --> OT1/lmr/bx/it on input line 37.
LaTeX Font Info:    Overwriting math alphabet `\mathtt' in version `bold'
(Font)                  OT1/cmtt/m/n --> OT1/lmtt/m/n on input line 38.
)
(/usr/local/texlive/2024/texmf-dist/tex/latex/base/textcomp.sty
Package: textcomp 2020/02/02 v2.0n Standard LaTeX package
)
(/usr/local/texlive/2024/texmf-dist/tex/latex/lastpage/lastpage.sty
Package: lastpage 2023/10/14 v2.0e lastpage: 2.09 or 2e? (HMM)

(/usr/local/texlive/2024/texmf-dist/tex/latex/lastpage/lastpage2e.sty
Package: lastpage2e 2023/10/14 v2.0e Decide which 2e lastpage version to use (H
MM)

(/usr/local/texlive/2024/texmf-dist/tex/latex/lastpage/lastpagemodern.sty
Package: lastpagemodern 2023-10-14 v2.0e Refers to last page's name (HMM; JPG)
\c@lastpagecount=\count196
) 
)) (/usr/local/texlive/2024/texmf-dist/tex/latex/geometry/geometry.sty
Package: geometry 2020/01/02 v5.9 Page Geometry

(/usr/local/texlive/2024/texmf-dist/tex/latex/graphics/keyval.sty
Package: keyval 2022/05/29 v1.15 key=value parser (DPC)
\KV@toks@=\toks19
)
(/usr/local/texlive/2024/texmf-dist/tex/generic/iftex/ifvtex.sty
Package: ifvtex 2019/10/25 v1.7 ifvtex legacy package. Use iftex instead.

(/usr/local/texlive/2024/texmf-dist/tex/generic/iftex/iftex.sty
Package: iftex 2022/02/03 v1.0f TeX engine tests
))
\Gm@cnth=\count197
\Gm@cntv=\count198
\c@Gm@tempcnt=\count199
\Gm@bindingoffset=\dimen141
\Gm@wd@mp=\dimen142
\Gm@odd@mp=\dimen143
\Gm@even@mp=\dimen144
\Gm@layoutwidth=\dimen145
\Gm@layoutheight=\dimen146
\Gm@layouthoffset=\dimen147
\Gm@layoutvoffset=\dimen148
\Gm@dimlist=\toks20
)
(/usr/local/texlive/2024/texmf-dist/tex/latex/hyperref/hyperref.sty
Package: hyperref 2024-01-20 v7.01h Hypertext links for LaTeX

(/usr/local/texlive/2024/texmf-dist/tex/latex/kvsetkeys/kvsetkeys.sty
Package: kvsetkeys 2022-10-05 v1.19 Key value parser (HO)
)
(/usr/local/texlive/2024/texmf-dist/tex/generic/kvdefinekeys/kvdefinekeys.sty
Package: kvdefinekeys 2019-12-19 v1.6 Define keys (HO)
)
(/usr/local/texlive/2024/texmf-dist/tex/generic/pdfescape/pdfescape.sty
Package: pdfescape 2019/12/09 v1.15 Implements pdfTeX's escape features (HO)

(/usr/local/texlive/2024/texmf-dist/tex/generic/ltxcmds/ltxcmds.sty
Package: ltxcmds 2023-12-04 v1.26 LaTeX kernel commands for general use (HO)
)
(/usr/local/texlive/2024/texmf-dist/tex/generic/pdftexcmds/pdftexcmds.sty
Package: pdftexcmds 2020-06-27 v0.33 Utility functions of pdfTeX for LuaTeX (HO
)

(/usr/local/texlive/2024/texmf-dist/tex/generic/infwarerr/infwarerr.sty
Package: infwarerr 2019/12/03 v1.5 Providing info/warning/error messages (HO)
)
Package pdftexcmds Info: \pdf@primitive is available.
Package pdftexcmds Info: \pdf@ifprimitive is available.
Package pdftexcmds Info: \pdfdraftmode found.
))
(/usr/local/texlive/2024/texmf-dist/tex/latex/hycolor/hycolor.sty
Package: hycolor 2020-01-27 v1.10 Color options for hyperref/bookmark (HO)
)
(/usr/local/texlive/2024/texmf-dist/tex/latex/auxhook/auxhook.sty
Package: auxhook 2019-12-17 v1.6 Hooks for auxiliary files (HO)
)
(/usr/local/texlive/2024/texmf-dist/tex/latex/hyperref/nameref.sty
Package: nameref 2023-11-26 v2.56 Cross-referencing by name of section

(/usr/local/texlive/2024/texmf-dist/tex/latex/refcount/refcount.sty
Package: refcount 2019/12/15 v3.6 Data extraction from label references (HO)
)
(/usr/local/texlive/2024/texmf-dist/tex/generic/gettitlestring/gettitlestring.s
ty
Package: gettitlestring 2019/12/15 v1.6 Cleanup title references (HO)
 (/usr/local/texlive/2024/texmf-dist/tex/latex/kvoptions/kvoptions.sty
Package: kvoptions 2022-06-15 v3.15 Key value format for package options (HO)
))
\c@section@level=\count266
)
(/usr/local/texlive/2024/texmf-dist/tex/latex/etoolbox/etoolbox.sty
Package: etoolbox 2020/10/05 v2.5k e-TeX tools for LaTeX (JAW)
\etb@tempcnta=\count267
)
\@linkdim=\dimen149
\Hy@linkcounter=\count268
\Hy@pagecounter=\count269

(/usr/local/texlive/2024/texmf-dist/tex/latex/hyperref/pd1enc.def
File: pd1enc.def 2024-01-20 v7.01h Hyperref: PDFDocEncoding definition (HO)
Now handling font encoding PD1 ...
... no UTF-8 mapping file for font encoding PD1
)
(/usr/local/texlive/2024/texmf-dist/tex/generic/intcalc/intcalc.sty
Package: intcalc 2019/12/15 v1.3 Expandable calculations with integers (HO)
)
\Hy@SavedSpaceFactor=\count270

(/usr/local/texlive/2024/texmf-dist/tex/latex/hyperref/puenc.def
File: puenc.def 2024-01-20 v7.01h Hyperref: PDF Unicode definition (HO)
Now handling font encoding PU ...
... no UTF-8 mapping file for font encoding PU
)
Package hyperref Info: Hyper figures OFF on input line 4179.
Package hyperref Info: Link nesting OFF on input line 4184.
Package hyperref Info: Hyper index ON on input line 4187.
Package hyperref Info: Plain pages OFF on input line 4194.
Package hyperref Info: Backreferencing OFF on input line 4199.
Package hyperref Info: Implicit mode ON; LaTeX internals redefined.
Package hyperref Info: Bookmarks ON on input line 4446.
\c@Hy@tempcnt=\count271

(/usr/local/texlive/2024/texmf-dist/tex/latex/url/url.sty
\Urlmuskip=\muskip16
Package: url 2013/09/16  ver 3.4  Verb mode for urls, etc.
)
LaTeX Info: Redefining \url on input line 4784.
\XeTeXLinkMargin=\dimen150

(/usr/local/texlive/2024/texmf-dist/tex/generic/bitset/bitset.sty
Package: bitset 2019/12/09 v1.3 Handle bit-vector datatype (HO)

(/usr/local/texlive/2024/texmf-dist/tex/generic/bigintcalc/bigintcalc.sty
Package: bigintcalc 2019/12/15 v1.5 Expandable calculations on big integers (HO
)
))
\Fld@menulength=\count272
\Field@Width=\dimen151
\Fld@charsize=\dimen152
Package hyperref Info: Hyper figures OFF on input line 6063.
Package hyperref Info: Link nesting OFF on input line 6068.
Package hyperref Info: Hyper index ON on input line 6071.
Package hyperref Info: backreferencing OFF on input line 6078.
Package hyperref Info: Link coloring OFF on input line 6083.
Package hyperref Info: Link coloring with OCG OFF on input line 6088.
Package hyperref Info: PDF/A mode OFF on input line 6093.

(/usr/local/texlive/2024/texmf-dist/tex/latex/base/atbegshi-ltx.sty
Package: atbegshi-ltx 2021/01/10 v1.0c Emulation of the original atbegshi
package with kernel methods
)
\Hy@abspage=\count273
\c@Item=\count274
\c@Hfootnote=\count275
)
Package hyperref Info: Driver (autodetected): hpdftex.

(/usr/local/texlive/2024/texmf-dist/tex/latex/hyperref/hpdftex.def
File: hpdftex.def 2024-01-20 v7.01h Hyperref driver for pdfTeX

(/usr/local/texlive/2024/texmf-dist/tex/latex/base/atveryend-ltx.sty
Package: atveryend-ltx 2020/08/19 v1.0a Emulation of the original atveryend pac
kage
with kernel methods
)
\Fld@listcount=\count276
\c@bookmark@seq@number=\count277

(/usr/local/texlive/2024/texmf-dist/tex/latex/rerunfilecheck/rerunfilecheck.sty
Package: rerunfilecheck 2022-07-10 v1.10 Rerun checks for auxiliary files (HO)

(/usr/local/texlive/2024/texmf-dist/tex/generic/uniquecounter/uniquecounter.sty
Package: uniquecounter 2019/12/15 v1.4 Provide unlimited unique counter (HO)
)
Package uniquecounter Info: New unique counter `rerunfilecheck' on input line 2
85.
)
\Hy@SectionHShift=\skip50
) (/usr/local/texlive/2024/texmf-dist/tex/latex/enumitem/enumitem.sty
Package: enumitem 2019/06/20 v3.9 Customized lists
\labelindent=\skip51
\enit@outerparindent=\dimen153
\enit@toks=\toks21
\enit@inbox=\box51
\enit@count@id=\count278
\enitdp@description=\count279
)
(/usr/local/texlive/2024/texmf-dist/tex/latex/fancyhdr/fancyhdr.sty
Package: fancyhdr 2022/11/09 v4.1 Extensive control of page headers and footers

\f@nch@headwidth=\skip52
\f@nch@O@elh=\skip53
\f@nch@O@erh=\skip54
\f@nch@O@olh=\skip55
\f@nch@O@orh=\skip56
\f@nch@O@elf=\skip57
\f@nch@O@erf=\skip58
\f@nch@O@olf=\skip59
\f@nch@O@orf=\skip60
)
(/usr/local/texlive/2024/texmf-dist/tex/latex/xcolor/xcolor.sty
Package: xcolor 2023/11/15 v3.01 LaTeX color extensions (UK)

(/usr/local/texlive/2024/texmf-dist/tex/latex/graphics-cfg/color.cfg
File: color.cfg 2016/01/02 v1.6 sample color configuration
)
Package xcolor Info: Driver file: pdftex.def on input line 274.

(/usr/local/texlive/2024/texmf-dist/tex/latex/graphics-def/pdftex.def
File: pdftex.def 2022/09/22 v1.2b Graphics/color driver for pdftex
)
(/usr/local/texlive/2024/texmf-dist/tex/latex/graphics/mathcolor.ltx)
Package xcolor Info: Model `cmy' substituted by `cmy0' on input line 1350.
Package xcolor Info: Model `hsb' substituted by `rgb' on input line 1354.
Package xcolor Info: Model `RGB' extended on input line 1366.
Package xcolor Info: Model `HTML' substituted by `rgb' on input line 1368.
Package xcolor Info: Model `Hsb' substituted by `hsb' on input line 1369.
Package xcolor Info: Model `tHsb' substituted by `hsb' on input line 1370.
Package xcolor Info: Model `HSB' substituted by `hsb' on input line 1371.
Package xcolor Info: Model `Gray' substituted by `gray' on input line 1372.
Package xcolor Info: Model `wave' substituted by `hsb' on input line 1373.
)
(/usr/local/texlive/2024/texmf-dist/tex/latex/breakurl/breakurl.sty
Package: breakurl 2013/04/10 v1.40 Breakable hyperref URLs

(/usr/local/texlive/2024/texmf-dist/tex/latex/xkeyval/xkeyval.sty
Package: xkeyval 2022/06/16 v2.9 package option processing (HA)

(/usr/local/texlive/2024/texmf-dist/tex/generic/xkeyval/xkeyval.tex
(/usr/local/texlive/2024/texmf-dist/tex/generic/xkeyval/xkvutils.tex
\XKV@toks=\toks22
\XKV@tempa@toks=\toks23
)
\XKV@depth=\count280
File: xkeyval.tex 2014/12/03 v2.7a key=value parser (HA)
))
(/usr/local/texlive/2024/texmf-dist/tex/generic/iftex/ifpdf.sty
Package: ifpdf 2019/10/25 v3.4 ifpdf legacy package. Use iftex instead.
)

Package breakurl Warning: You are using breakurl while processing via pdflatex.

(breakurl)                \burl will be just a synonym of \url.
(breakurl)                 on input line 48.

) (/usr/local/texlive/2024/texmf-dist/tex/latex/amsmath/amsmath.sty
Package: amsmath 2023/05/13 v2.17o AMS math features
\@mathmargin=\skip61

For additional information on amsmath, use the `?' option.
(/usr/local/texlive/2024/texmf-dist/tex/latex/amsmath/amstext.sty
Package: amstext 2021/08/26 v2.01 AMS text

(/usr/local/texlive/2024/texmf-dist/tex/latex/amsmath/amsgen.sty
File: amsgen.sty 1999/11/30 v2.0 generic functions
\@emptytoks=\toks24
\ex@=\dimen154
))
(/usr/local/texlive/2024/texmf-dist/tex/latex/amsmath/amsbsy.sty
Package: amsbsy 1999/11/29 v1.2d Bold Symbols
\pmbraise@=\dimen155
)
(/usr/local/texlive/2024/texmf-dist/tex/latex/amsmath/amsopn.sty
Package: amsopn 2022/04/08 v2.04 operator names
)
\inf@bad=\count281
LaTeX Info: Redefining \frac on input line 234.
\uproot@=\count282
\leftroot@=\count283
LaTeX Info: Redefining \overline on input line 399.
LaTeX Info: Redefining \colon on input line 410.
\classnum@=\count284
\DOTSCASE@=\count285
LaTeX Info: Redefining \ldots on input line 496.
LaTeX Info: Redefining \dots on input line 499.
LaTeX Info: Redefining \cdots on input line 620.
\Mathstrutbox@=\box52
\strutbox@=\box53
LaTeX Info: Redefining \big on input line 722.
LaTeX Info: Redefining \Big on input line 723.
LaTeX Info: Redefining \bigg on input line 724.
LaTeX Info: Redefining \Bigg on input line 725.
\big@size=\dimen156
LaTeX Font Info:    Redeclaring font encoding OML on input line 743.
LaTeX Font Info:    Redeclaring font encoding OMS on input line 744.
\macc@depth=\count286
LaTeX Info: Redefining \bmod on input line 905.
LaTeX Info: Redefining \pmod on input line 910.
LaTeX Info: Redefining \smash on input line 940.
LaTeX Info: Redefining \relbar on input line 970.
LaTeX Info: Redefining \Relbar on input line 971.
\c@MaxMatrixCols=\count287
\dotsspace@=\muskip17
\c@parentequation=\count288
\dspbrk@lvl=\count289
\tag@help=\toks25
\row@=\count290
\column@=\count291
\maxfields@=\count292
\andhelp@=\toks26
\eqnshift@=\dimen157
\alignsep@=\dimen158
\tagshift@=\dimen159
\tagwidth@=\dimen160
\totwidth@=\dimen161
\lineht@=\dimen162
\@envbody=\toks27
\multlinegap=\skip62
\multlinetaggap=\skip63
\mathdisplay@stack=\toks28
LaTeX Info: Redefining \[ on input line 2953.
LaTeX Info: Redefining \] on input line 2954.
)
(/usr/local/texlive/2024/texmf-dist/tex/latex/amsfonts/amssymb.sty
Package: amssymb 2013/01/14 v3.01 AMS font symbols

(/usr/local/texlive/2024/texmf-dist/tex/latex/amsfonts/amsfonts.sty
Package: amsfonts 2013/01/14 v3.01 Basic AMSFonts support
\symAMSa=\mathgroup4
\symAMSb=\mathgroup5
LaTeX Font Info:    Redeclaring math symbol \hbar on input line 98.
LaTeX Font Info:    Overwriting math alphabet `\mathfrak' in version `bold'
(Font)                  U/euf/m/n --> U/euf/b/n on input line 106.
))
(/usr/local/texlive/2024/texmf-dist/tex/latex/mathtools/mathtools.sty
Package: mathtools 2024/03/11 v1.30 mathematical typesetting tools

(/usr/local/texlive/2024/texmf-dist/tex/latex/tools/calc.sty
Package: calc 2023/07/08 v4.3 Infix arithmetic (KKT,FJ)
\calc@Acount=\count293
\calc@Bcount=\count294
\calc@Adimen=\dimen163
\calc@Bdimen=\dimen164
\calc@Askip=\skip64
\calc@Bskip=\skip65
LaTeX Info: Redefining \setlength on input line 80.
LaTeX Info: Redefining \addtolength on input line 81.
\calc@Ccount=\count295
\calc@Cskip=\skip66
)
(/usr/local/texlive/2024/texmf-dist/tex/latex/mathtools/mhsetup.sty
Package: mhsetup 2021/03/18 v1.4 programming setup (MH)
)
\g_MT_multlinerow_int=\count296
\l_MT_multwidth_dim=\dimen165
\origjot=\skip67
\l_MT_shortvdotswithinadjustabove_dim=\dimen166
\l_MT_shortvdotswithinadjustbelow_dim=\dimen167
\l_MT_above_intertext_sep=\dimen168
\l_MT_below_intertext_sep=\dimen169
\l_MT_above_shortintertext_sep=\dimen170
\l_MT_below_shortintertext_sep=\dimen171
\xmathstrut@box=\box54
\xmathstrut@dim=\dimen172
)
(/usr/local/texlive/2024/texmf-dist/tex/latex/amscls/amsthm.sty
Package: amsthm 2020/05/29 v2.20.6
\thm@style=\toks29
\thm@bodyfont=\toks30
\thm@headfont=\toks31
\thm@notefont=\toks32
\thm@headpunct=\toks33
\thm@preskip=\skip68
\thm@postskip=\skip69
\thm@headsep=\skip70
\dth@everypar=\toks34
)
(/usr/local/texlive/2024/texmf-dist/tex/latex/thmtools/thmtools.sty
Package: thmtools 2023/05/04 v0.76
\thmt@toks=\toks35
\c@thmt@dummyctr=\count297

(/usr/local/texlive/2024/texmf-dist/tex/latex/thmtools/thm-patch.sty
Package: thm-patch 2023/05/04 v0.76

(/usr/local/texlive/2024/texmf-dist/tex/latex/thmtools/parseargs.sty
Package: parseargs 2023/05/04 v0.76
\@parsespec=\toks36
))
(/usr/local/texlive/2024/texmf-dist/tex/latex/thmtools/thm-kv.sty
Package: thm-kv 2023/05/04 v0.76
Package thm-kv Info: Theorem names will be uppercased on input line 42.
Package thm-kv Info: kvsetkeys patch (v1.16 or later) on input line 158.
)
(/usr/local/texlive/2024/texmf-dist/tex/latex/thmtools/thm-autoref.sty
Package: thm-autoref 2023/05/04 v0.76

(/usr/local/texlive/2024/texmf-dist/tex/latex/thmtools/aliasctr.sty
Package: aliasctr 2023/05/04 v0.76
))
(/usr/local/texlive/2024/texmf-dist/tex/latex/thmtools/thm-listof.sty
Package: thm-listof 2023/05/04 v0.76
)
(/usr/local/texlive/2024/texmf-dist/tex/latex/thmtools/thm-restate.sty
Package: thm-restate 2023/05/04 v0.76
)
(/usr/local/texlive/2024/texmf-dist/tex/latex/thmtools/thm-amsthm.sty
Package: thm-amsthm 2023/05/04 v0.76
\thmt@style@headstyle=\toks37
))
Package hyperref Info: Option `colorlinks' set `true' on input line 30.
Package hyperref Info: Option `breaklinks' set `true' on input line 30.


Package hyperref Warning: Option `bookmarks' has already been used,
(hyperref)                setting the option has no effect on input line 30.


(/usr/local/texlive/2024/texmf-dist/tex/latex/newunicodechar/newunicodechar.sty
Package: newunicodechar 2018/04/08 v1.2 Defining Unicode characters
)

/Users/ashoksaravanan/Coding/ScribeLec/server/output/MA421/lectures/2024-10-22-
Convexity/notes.tex:47: LaTeX Error: Option clash for package hyperref.

See the LaTeX manual or LaTeX Companion for explanation.
Type  H <return>  for immediate help.
 ...                                              
                                                  
l.47             \setlength
                           {\itemsep}{1em} % Adds spacing between items
The package hyperref has already been loaded with options:
  []
There has now been an attempt to load it with options
  [breaklinks=true]
Adding the global options:
  ,breaklinks=true
to your \documentclass declaration may fix this.
Try typing  <return>  to proceed.

LaTeX Font Info:    Trying to load font information for T1+lmr on input line 62
.
(/usr/local/texlive/2024/texmf-dist/tex/latex/lm/t1lmr.fd
File: t1lmr.fd 2015/05/01 v1.6.1 Font defs for Latin Modern
)
(/usr/local/texlive/2024/texmf-dist/tex/latex/l3backend/l3backend-pdftex.def
File: l3backend-pdftex.def 2024-02-20 L3 backend support: PDF output (pdfTeX)
\l__color_backend_stack_int=\count298
\l__pdf_internal_box=\box55
)
(_logs/notes.aux)
\openout1 = `notes.aux'.

LaTeX Font Info:    Checking defaults for OML/cmm/m/it on input line 62.
LaTeX Font Info:    ... okay on input line 62.
LaTeX Font Info:    Checking defaults for OMS/cmsy/m/n on input line 62.
LaTeX Font Info:    ... okay on input line 62.
LaTeX Font Info:    Checking defaults for OT1/cmr/m/n on input line 62.
LaTeX Font Info:    ... okay on input line 62.
LaTeX Font Info:    Checking defaults for T1/cmr/m/n on input line 62.
LaTeX Font Info:    ... okay on input line 62.
LaTeX Font Info:    Checking defaults for TS1/cmr/m/n on input line 62.
LaTeX Font Info:    ... okay on input line 62.
LaTeX Font Info:    Checking defaults for OMX/cmex/m/n on input line 62.
LaTeX Font Info:    ... okay on input line 62.
LaTeX Font Info:    Checking defaults for U/cmr/m/n on input line 62.
LaTeX Font Info:    ... okay on input line 62.
LaTeX Font Info:    Checking defaults for PD1/pdf/m/n on input line 62.
LaTeX Font Info:    ... okay on input line 62.
LaTeX Font Info:    Checking defaults for PU/pdf/m/n on input line 62.
LaTeX Font Info:    ... okay on input line 62.

*geometry* driver: auto-detecting
*geometry* detected driver: pdftex
*geometry* verbose mode - [ preamble ] result:
* driver: pdftex
* paper: <default>
* layout: <same size as paper>
* layoutoffset:(h,v)=(0.0pt,0.0pt)
* modes: 
* h-part:(L,W,R)=(72.26999pt, 469.75502pt, 72.26999pt)
* v-part:(T,H,B)=(72.26999pt, 650.43001pt, 72.26999pt)
* \paperwidth=614.295pt
* \paperheight=794.96999pt
* \textwidth=469.75502pt
* \textheight=650.43001pt
* \oddsidemargin=0.0pt
* \evensidemargin=0.0pt
* \topmargin=-39.0pt
* \headheight=14.0pt
* \headsep=25.0pt
* \topskip=10.0pt
* \footskip=30.0pt
* \marginparwidth=65.0pt
* \marginparsep=11.0pt
* \columnsep=10.0pt
* \skip\footins=9.0pt plus 4.0pt minus 2.0pt
* \hoffset=0.0pt
* \voffset=0.0pt
* \mag=1000
* \@twocolumnfalse
* \@twosidefalse
* \@mparswitchfalse
* \@reversemarginfalse
* (1in=72.27pt=25.4mm, 1cm=28.453pt)

Package hyperref Info: Link coloring ON on input line 62.
(_logs/notes.out) (_logs/notes.out)
\@outlinefile=\write3
\openout3 = `notes.out'.


(/usr/local/texlive/2024/texmf-dist/tex/context/base/mkii/supp-pdf.mkii
[Loading MPS to PDF converter (version 2006.09.02).]
\scratchcounter=\count299
\scratchdimen=\dimen173
\scratchbox=\box56
\nofMPsegments=\count300
\nofMParguments=\count301
\everyMPshowfont=\toks38
\MPscratchCnt=\count302
\MPscratchDim=\dimen174
\MPnumerator=\count303
\makeMPintoPDFobject=\count304
\everyMPtoPDFconversion=\toks39
) (/usr/local/texlive/2024/texmf-dist/tex/latex/graphics/graphicx.sty
Package: graphicx 2021/09/16 v1.2d Enhanced LaTeX Graphics (DPC,SPQR)

(/usr/local/texlive/2024/texmf-dist/tex/latex/graphics/graphics.sty
Package: graphics 2022/03/10 v1.4e Standard LaTeX Graphics (DPC,SPQR)

(/usr/local/texlive/2024/texmf-dist/tex/latex/graphics/trig.sty
Package: trig 2021/08/11 v1.11 sin cos tan (DPC)
)
(/usr/local/texlive/2024/texmf-dist/tex/latex/graphics-cfg/graphics.cfg
File: graphics.cfg 2016/06/04 v1.11 sample graphics configuration
)
Package graphics Info: Driver file: pdftex.def on input line 107.
)
\Gin@req@height=\dimen175
\Gin@req@width=\dimen176
)
LaTeX Font Info:    Trying to load font information for OT1+lmr on input line 6
5.

(/usr/local/texlive/2024/texmf-dist/tex/latex/lm/ot1lmr.fd
File: ot1lmr.fd 2015/05/01 v1.6.1 Font defs for Latin Modern
)
LaTeX Font Info:    Trying to load font information for OML+lmm on input line 6
5.

(/usr/local/texlive/2024/texmf-dist/tex/latex/lm/omllmm.fd
File: omllmm.fd 2015/05/01 v1.6.1 Font defs for Latin Modern
)
LaTeX Font Info:    Trying to load font information for OMS+lmsy on input line 
65.

(/usr/local/texlive/2024/texmf-dist/tex/latex/lm/omslmsy.fd
File: omslmsy.fd 2015/05/01 v1.6.1 Font defs for Latin Modern
)
LaTeX Font Info:    Trying to load font information for OMX+lmex on input line 
65.

(/usr/local/texlive/2024/texmf-dist/tex/latex/lm/omxlmex.fd
File: omxlmex.fd 2015/05/01 v1.6.1 Font defs for Latin Modern
)
LaTeX Font Info:    External font `lmex10' loaded for size
(Font)              <12> on input line 65.
LaTeX Font Info:    External font `lmex10' loaded for size
(Font)              <8> on input line 65.
LaTeX Font Info:    External font `lmex10' loaded for size
(Font)              <6> on input line 65.
LaTeX Font Info:    Trying to load font information for U+msa on input line 65.


(/usr/local/texlive/2024/texmf-dist/tex/latex/amsfonts/umsa.fd
File: umsa.fd 2013/01/14 v3.01 AMS symbols A
)
LaTeX Font Info:    Trying to load font information for U+msb on input line 65.


(/usr/local/texlive/2024/texmf-dist/tex/latex/amsfonts/umsb.fd
File: umsb.fd 2013/01/14 v3.01 AMS symbols B
)
LaTeX Font Info:    External font `lmex10' loaded for size
(Font)              <10> on input line 69.
LaTeX Font Info:    External font `lmex10' loaded for size
(Font)              <7> on input line 69.
LaTeX Font Info:    External font `lmex10' loaded for size
(Font)              <5> on input line 69.
</Users/ashoksaravanan/Coding/ScribeLec/server/output/MA421/lectures/2024-10-22
-Convexity/figures/1.4.png, id=229, 40.15pt x 30.1125pt>
File: /Users/ashoksaravanan/Coding/ScribeLec/server/output/MA421/lectures/2024-
10-22-Convexity/figures/1.4.png Graphic file (type png)
<use /Users/ashoksaravanan/Coding/ScribeLec/server/output/MA421/lectures/2024-1
0-22-Convexity/figures/1.4.png>
Package pdftex.def Info: /Users/ashoksaravanan/Coding/ScribeLec/server/output/M
A421/lectures/2024-10-22-Convexity/figures/1.4.png  used on input line 87.
(pdftex.def)             Requested size: 56.3685pt x 42.27757pt.

Underfull \hbox (badness 10000) in paragraph at lines 88--88
[]\T1/lmr/m/n/10 Figure 1:
 []


Underfull \hbox (badness 1158) in paragraph at lines 88--88
[]\T1/lmr/m/n/10 Definition 1 of
 []

</Users/ashoksaravanan/Coding/ScribeLec/server/output/MA421/lectures/2024-10-22
-Convexity/figures/1.5.png, id=230, 30.1125pt x 30.1125pt>
File: /Users/ashoksaravanan/Coding/ScribeLec/server/output/MA421/lectures/2024-
10-22-Convexity/figures/1.5.png Graphic file (type png)
<use /Users/ashoksaravanan/Coding/ScribeLec/server/output/MA421/lectures/2024-1
0-22-Convexity/figures/1.5.png>
Package pdftex.def Info: /Users/ashoksaravanan/Coding/ScribeLec/server/output/M
A421/lectures/2024-10-22-Convexity/figures/1.5.png  used on input line 93.
(pdftex.def)             Requested size: 56.3685pt x 56.37392pt.

Underfull \hbox (badness 10000) in paragraph at lines 94--94
[]\T1/lmr/m/n/10 Figure 2:
 []


Underfull \hbox (badness 10000) in paragraph at lines 94--94
[]\T1/lmr/m/n/10 Illustration of
 []

</Users/ashoksaravanan/Coding/ScribeLec/server/output/MA421/lectures/2024-10-22
-Convexity/figures/1.6.png, id=231, 30.1125pt x 30.1125pt>
File: /Users/ashoksaravanan/Coding/ScribeLec/server/output/MA421/lectures/2024-
10-22-Convexity/figures/1.6.png Graphic file (type png)
<use /Users/ashoksaravanan/Coding/ScribeLec/server/output/MA421/lectures/2024-1
0-22-Convexity/figures/1.6.png>
Package pdftex.def Info: /Users/ashoksaravanan/Coding/ScribeLec/server/output/M
A421/lectures/2024-10-22-Convexity/figures/1.6.png  used on input line 99.
(pdftex.def)             Requested size: 56.3685pt x 56.37392pt.

Underfull \hbox (badness 10000) in paragraph at lines 100--100
[]\T1/lmr/m/n/10 Figure 3:
 []


Underfull \hbox (badness 1158) in paragraph at lines 100--100
[]\T1/lmr/m/n/10 Definition 2 of
 []


Underfull \hbox (badness 10000) in paragraph at lines 100--100
\T1/lmr/m/n/10 con-vex com-bi-
 []

[1

{/usr/local/texlive/2024/texmf-var/fonts/map/pdftex/updmap/pdftex.map}{/usr/loc
al/texlive/2024/texmf-dist/fonts/enc/dvips/lm/lm-ec.enc}{/usr/local/texlive/202
4/texmf-dist/fonts/enc/dvips/lm/lm-mathit.enc}{/usr/local/texlive/2024/texmf-di
st/fonts/enc/dvips/lm/lm-mathsy.enc}{/usr/local/texlive/2024/texmf-dist/fonts/e
nc/dvips/lm/lm-rm.enc}{/usr/local/texlive/2024/texmf-dist/fonts/enc/dvips/lm/lm
-mathex.enc} </Users/ashoksaravanan/Coding/ScribeLec/server/output/MA421/lectur
es/2024-10-22-Convexity/figures/1.4.png (PNG copy)> </Users/ashoksaravanan/Codi
ng/ScribeLec/server/output/MA421/lectures/2024-10-22-Convexity/figures/1.5.png 
(PNG copy)> </Users/ashoksaravanan/Coding/ScribeLec/server/output/MA421/lecture
s/2024-10-22-Convexity/figures/1.6.png (PNG copy)>]
</Users/ashoksaravanan/Coding/ScribeLec/server/output/MA421/lectures/2024-10-22
-Convexity/figures/2.5.png, id=251, 90.3375pt x 20.075pt>
File: /Users/ashoksaravanan/Coding/ScribeLec/server/output/MA421/lectures/2024-
10-22-Convexity/figures/2.5.png Graphic file (type png)
<use /Users/ashoksaravanan/Coding/ScribeLec/server/output/MA421/lectures/2024-1
0-22-Convexity/figures/2.5.png>
Package pdftex.def Info: /Users/ashoksaravanan/Coding/ScribeLec/server/output/M
A421/lectures/2024-10-22-Convexity/figures/2.5.png  used on input line 129.
(pdftex.def)             Requested size: 56.3685pt x 12.5263pt.

Underfull \hbox (badness 10000) in paragraph at lines 130--130
[]\T1/lmr/m/n/10 Figure 4:
 []


Underfull \hbox (badness 10000) in paragraph at lines 130--130
[]\T1/lmr/m/n/10 Theorem 10.1
 []

</Users/ashoksaravanan/Coding/ScribeLec/server/output/MA421/lectures/2024-10-22
-Convexity/figures/2.4.png, id=252, 90.3375pt x 20.075pt>
File: /Users/ashoksaravanan/Coding/ScribeLec/server/output/MA421/lectures/2024-
10-22-Convexity/figures/2.4.png Graphic file (type png)
<use /Users/ashoksaravanan/Coding/ScribeLec/server/output/MA421/lectures/2024-1
0-22-Convexity/figures/2.4.png>
Package pdftex.def Info: /Users/ashoksaravanan/Coding/ScribeLec/server/output/M
A421/lectures/2024-10-22-Convexity/figures/2.4.png  used on input line 135.
(pdftex.def)             Requested size: 56.3685pt x 12.5263pt.
</Users/ashoksaravanan/Coding/ScribeLec/server/output/MA421/lectures/2024-10-22
-Convexity/figures/2.3.png, id=253, 90.3375pt x 20.075pt>
File: /Users/ashoksaravanan/Coding/ScribeLec/server/output/MA421/lectures/2024-
10-22-Convexity/figures/2.3.png Graphic file (type png)
<use /Users/ashoksaravanan/Coding/ScribeLec/server/output/MA421/lectures/2024-1
0-22-Convexity/figures/2.3.png>
Package pdftex.def Info: /Users/ashoksaravanan/Coding/ScribeLec/server/output/M
A421/lectures/2024-10-22-Convexity/figures/2.3.png  used on input line 141.
(pdftex.def)             Requested size: 56.3685pt x 12.5263pt.

Underfull \hbox (badness 10000) in paragraph at lines 142--142
[]\T1/lmr/m/n/10 Figure 6:
 []


Underfull \hbox (badness 7451) in paragraph at lines 142--142
[]\T1/lmr/m/n/10 Assumption of
 []

[2 </Users/ashoksaravanan/Coding/ScribeLec/server/output/MA421/lectures/2024-10
-22-Convexity/figures/2.5.png (PNG copy)> </Users/ashoksaravanan/Coding/ScribeL
ec/server/output/MA421/lectures/2024-10-22-Convexity/figures/2.4.png (PNG copy)
> </Users/ashoksaravanan/Coding/ScribeLec/server/output/MA421/lectures/2024-10-
22-Convexity/figures/2.3.png (PNG copy)>]
/Users/ashoksaravanan/Coding/ScribeLec/server/output/MA421/lectures/2024-10-22-
Convexity/notes.tex:153: Missing $ inserted.
<inserted text> 
                $
l.153 ...hm 10.1}} \quad S \text{ is convex } \iff
                                                   \\
I've inserted a begin-math/end-math symbol since I think
you left one out. Proceed, with fingers crossed.

/Users/ashoksaravanan/Coding/ScribeLec/server/output/MA421/lectures/2024-10-22-
Convexity/notes.tex:164: Missing $ inserted.
<inserted text> 
                $
l.164 \subsection
                 {Description}%
I've inserted a begin-math/end-math symbol since I think
you left one out. Proceed, with fingers crossed.

</Users/ashoksaravanan/Coding/ScribeLec/server/output/MA421/lectures/2024-10-22
-Convexity/figures/3.5.png, id=261, 10.0375pt x 15.05624pt>
File: /Users/ashoksaravanan/Coding/ScribeLec/server/output/MA421/lectures/2024-
10-22-Convexity/figures/3.5.png Graphic file (type png)
<use /Users/ashoksaravanan/Coding/ScribeLec/server/output/MA421/lectures/2024-1
0-22-Convexity/figures/3.5.png>
Package pdftex.def Info: /Users/ashoksaravanan/Coding/ScribeLec/server/output/M
A421/lectures/2024-10-22-Convexity/figures/3.5.png  used on input line 173.
(pdftex.def)             Requested size: 56.3685pt x 84.5721pt.

Underfull \hbox (badness 10000) in paragraph at lines 174--174
[]\T1/lmr/m/n/10 Figure 7:
 []


Underfull \hbox (badness 10000) in paragraph at lines 174--174
[]\T1/lmr/m/n/10 Theorem 10.1
 []

</Users/ashoksaravanan/Coding/ScribeLec/server/output/MA421/lectures/2024-10-22
-Convexity/figures/3.4.png, id=262, 30.1125pt x 40.15pt>
File: /Users/ashoksaravanan/Coding/ScribeLec/server/output/MA421/lectures/2024-
10-22-Convexity/figures/3.4.png Graphic file (type png)
<use /Users/ashoksaravanan/Coding/ScribeLec/server/output/MA421/lectures/2024-1
0-22-Convexity/figures/3.4.png>
Package pdftex.def Info: /Users/ashoksaravanan/Coding/ScribeLec/server/output/M
A421/lectures/2024-10-22-Convexity/figures/3.4.png  used on input line 179.
(pdftex.def)             Requested size: 56.3685pt x 75.16524pt.
</Users/ashoksaravanan/Coding/ScribeLec/server/output/MA421/lectures/2024-10-22
-Convexity/figures/3.1.png, id=263, 30.1125pt x 30.1125pt>
File: /Users/ashoksaravanan/Coding/ScribeLec/server/output/MA421/lectures/2024-
10-22-Convexity/figures/3.1.png Graphic file (type png)
<use /Users/ashoksaravanan/Coding/ScribeLec/server/output/MA421/lectures/2024-1
0-22-Convexity/figures/3.1.png>
Package pdftex.def Info: /Users/ashoksaravanan/Coding/ScribeLec/server/output/M
A421/lectures/2024-10-22-Convexity/figures/3.1.png  used on input line 185.
(pdftex.def)             Requested size: 56.3685pt x 56.37392pt.

Underfull \hbox (badness 10000) in paragraph at lines 186--186
[]\T1/lmr/m/n/10 Figure 9:
 []


Underfull \hbox (badness 7451) in paragraph at lines 186--186
[]\T1/lmr/m/n/10 Assumption of
 []


Underfull \hbox (badness 10000) in paragraph at lines 186--186
\T1/lmr/m/n/10 the proof for
 []

[3 </Users/ashoksaravanan/Coding/ScribeLec/server/output/MA421/lectures/2024-10
-22-Convexity/figures/3.5.png (PNG copy)> </Users/ashoksaravanan/Coding/ScribeL
ec/server/output/MA421/lectures/2024-10-22-Convexity/figures/3.4.png (PNG copy)
> </Users/ashoksaravanan/Coding/ScribeLec/server/output/MA421/lectures/2024-10-
22-Convexity/figures/3.1.png (PNG copy)>]
/Users/ashoksaravanan/Coding/ScribeLec/server/output/MA421/lectures/2024-10-22-
Convexity/notes.tex:197: Missing $ inserted.
<inserted text> 
                $
l.197 ...hm 10.1}} \quad S \text{ is convex } \iff
                                                   \\
I've inserted a begin-math/end-math symbol since I think
you left one out. Proceed, with fingers crossed.

/Users/ashoksaravanan/Coding/ScribeLec/server/output/MA421/lectures/2024-10-22-
Convexity/notes.tex:209: Missing $ inserted.
<inserted text> 
                $
l.209 \subsection
                 {Description}%
I've inserted a begin-math/end-math symbol since I think
you left one out. Proceed, with fingers crossed.

</Users/ashoksaravanan/Coding/ScribeLec/server/output/MA421/lectures/2024-10-22
-Convexity/figures/4.3.png, id=271, 90.3375pt x 20.075pt>
File: /Users/ashoksaravanan/Coding/ScribeLec/server/output/MA421/lectures/2024-
10-22-Convexity/figures/4.3.png Graphic file (type png)
<use /Users/ashoksaravanan/Coding/ScribeLec/server/output/MA421/lectures/2024-1
0-22-Convexity/figures/4.3.png>
Package pdftex.def Info: /Users/ashoksaravanan/Coding/ScribeLec/server/output/M
A421/lectures/2024-10-22-Convexity/figures/4.3.png  used on input line 218.
(pdftex.def)             Requested size: 56.3685pt x 12.5263pt.

Underfull \hbox (badness 10000) in paragraph at lines 219--219
[]\T1/lmr/m/n/10 Figure 10:
 []


Underfull \hbox (badness 10000) in paragraph at lines 219--219
[]\T1/lmr/m/n/10 Theorem 10.1
 []

</Users/ashoksaravanan/Coding/ScribeLec/server/output/MA421/lectures/2024-10-22
-Convexity/figures/4.2.png, id=272, 90.3375pt x 20.075pt>
File: /Users/ashoksaravanan/Coding/ScribeLec/server/output/MA421/lectures/2024-
10-22-Convexity/figures/4.2.png Graphic file (type png)
<use /Users/ashoksaravanan/Coding/ScribeLec/server/output/MA421/lectures/2024-1
0-22-Convexity/figures/4.2.png>
Package pdftex.def Info: /Users/ashoksaravanan/Coding/ScribeLec/server/output/M
A421/lectures/2024-10-22-Convexity/figures/4.2.png  used on input line 224.
(pdftex.def)             Requested size: 56.3685pt x 12.5263pt.

Underfull \hbox (badness 10000) in paragraph at lines 225--225
[]\T1/lmr/m/n/10 Figure 11:
 []

</Users/ashoksaravanan/Coding/ScribeLec/server/output/MA421/lectures/2024-10-22
-Convexity/figures/4.1.png, id=273, 90.3375pt x 30.1125pt>
File: /Users/ashoksaravanan/Coding/ScribeLec/server/output/MA421/lectures/2024-
10-22-Convexity/figures/4.1.png Graphic file (type png)
<use /Users/ashoksaravanan/Coding/ScribeLec/server/output/MA421/lectures/2024-1
0-22-Convexity/figures/4.1.png>
Package pdftex.def Info: /Users/ashoksaravanan/Coding/ScribeLec/server/output/M
A421/lectures/2024-10-22-Convexity/figures/4.1.png  used on input line 230.
(pdftex.def)             Requested size: 56.3685pt x 18.78946pt.

Underfull \hbox (badness 10000) in paragraph at lines 231--231
[]\T1/lmr/m/n/10 Figure 12:
 []


Underfull \hbox (badness 7451) in paragraph at lines 231--231
[]\T1/lmr/m/n/10 Assumption of
 []


Underfull \hbox (badness 10000) in paragraph at lines 231--231
\T1/lmr/m/n/10 the proof for
 []

[4 </Users/ashoksaravanan/Coding/ScribeLec/server/output/MA421/lectures/2024-10
-22-Convexity/figures/4.3.png (PNG copy)> </Users/ashoksaravanan/Coding/ScribeL
ec/server/output/MA421/lectures/2024-10-22-Convexity/figures/4.2.png (PNG copy)
> </Users/ashoksaravanan/Coding/ScribeLec/server/output/MA421/lectures/2024-10-
22-Convexity/figures/4.1.png (PNG copy)>]
</Users/ashoksaravanan/Coding/ScribeLec/server/output/MA421/lectures/2024-10-22
-Convexity/figures/5.1.png, id=281, 90.3375pt x 60.225pt>
File: /Users/ashoksaravanan/Coding/ScribeLec/server/output/MA421/lectures/2024-
10-22-Convexity/figures/5.1.png Graphic file (type png)
<use /Users/ashoksaravanan/Coding/ScribeLec/server/output/MA421/lectures/2024-1
0-22-Convexity/figures/5.1.png>
Package pdftex.def Info: /Users/ashoksaravanan/Coding/ScribeLec/server/output/M
A421/lectures/2024-10-22-Convexity/figures/5.1.png  used on input line 260.
(pdftex.def)             Requested size: 56.3685pt x 37.57895pt.

Underfull \hbox (badness 10000) in paragraph at lines 261--261
[]\T1/lmr/m/n/10 Figure 13:
 []


Underfull \hbox (badness 10000) in paragraph at lines 261--261
[]\T1/lmr/m/n/10 Definition of
 []

</Users/ashoksaravanan/Coding/ScribeLec/server/output/MA421/lectures/2024-10-22
-Convexity/figures/5.3.png, id=282, 90.3375pt x 60.225pt>
File: /Users/ashoksaravanan/Coding/ScribeLec/server/output/MA421/lectures/2024-
10-22-Convexity/figures/5.3.png Graphic file (type png)
<use /Users/ashoksaravanan/Coding/ScribeLec/server/output/MA421/lectures/2024-1
0-22-Convexity/figures/5.3.png>
Package pdftex.def Info: /Users/ashoksaravanan/Coding/ScribeLec/server/output/M
A421/lectures/2024-10-22-Convexity/figures/5.3.png  used on input line 266.
(pdftex.def)             Requested size: 56.3685pt x 37.57895pt.

Underfull \hbox (badness 5161) in paragraph at lines 267--267
\T1/lmr/m/n/10 on in-ter-sec-tion
 []

</Users/ashoksaravanan/Coding/ScribeLec/server/output/MA421/lectures/2024-10-22
-Convexity/figures/5.2.png, id=283, 90.3375pt x 30.1125pt>
File: /Users/ashoksaravanan/Coding/ScribeLec/server/output/MA421/lectures/2024-
10-22-Convexity/figures/5.2.png Graphic file (type png)
<use /Users/ashoksaravanan/Coding/ScribeLec/server/output/MA421/lectures/2024-1
0-22-Convexity/figures/5.2.png>
Package pdftex.def Info: /Users/ashoksaravanan/Coding/ScribeLec/server/output/M
A421/lectures/2024-10-22-Convexity/figures/5.2.png  used on input line 272.
(pdftex.def)             Requested size: 56.3685pt x 18.78946pt.

Underfull \hbox (badness 10000) in paragraph at lines 273--273
[]\T1/lmr/m/n/10 Figure 15:
 []


Underfull \hbox (badness 10000) in paragraph at lines 273--273
[]\T1/lmr/m/n/10 Theorem 10.2
 []

[5 </Users/ashoksaravanan/Coding/ScribeLec/server/output/MA421/lectures/2024-10
-22-Convexity/figures/5.1.png (PNG copy)> </Users/ashoksaravanan/Coding/ScribeL
ec/server/output/MA421/lectures/2024-10-22-Convexity/figures/5.3.png (PNG copy)
> </Users/ashoksaravanan/Coding/ScribeLec/server/output/MA421/lectures/2024-10-
22-Convexity/figures/5.2.png (PNG copy)>]
/Users/ashoksaravanan/Coding/ScribeLec/server/output/MA421/lectures/2024-10-22-
Convexity/notes.tex:284: Missing $ inserted.
<inserted text> 
                $
l.284 ...erline{\text{Thm 10.2}} \quad S \subseteq
                                                   \mathbb{R}^m, \quad Conv(...
I've inserted a begin-math/end-math symbol since I think
you left one out. Proceed, with fingers crossed.

/Users/ashoksaravanan/Coding/ScribeLec/server/output/MA421/lectures/2024-10-22-
Convexity/notes.tex:292: Missing $ inserted.
<inserted text> 
                $
l.292 \subsection
                 {Description}%
I've inserted a begin-math/end-math symbol since I think
you left one out. Proceed, with fingers crossed.

</Users/ashoksaravanan/Coding/ScribeLec/server/output/MA421/lectures/2024-10-22
-Convexity/figures/6.1.png, id=291, 90.3375pt x 60.225pt>
File: /Users/ashoksaravanan/Coding/ScribeLec/server/output/MA421/lectures/2024-
10-22-Convexity/figures/6.1.png Graphic file (type png)
<use /Users/ashoksaravanan/Coding/ScribeLec/server/output/MA421/lectures/2024-1
0-22-Convexity/figures/6.1.png>
Package pdftex.def Info: /Users/ashoksaravanan/Coding/ScribeLec/server/output/M
A421/lectures/2024-10-22-Convexity/figures/6.1.png  used on input line 301.
(pdftex.def)             Requested size: 56.3685pt x 37.57895pt.

Underfull \hbox (badness 10000) in paragraph at lines 302--302
[]\T1/lmr/m/n/10 Figure 16:
 []


Underfull \hbox (badness 10000) in paragraph at lines 302--302
[]\T1/lmr/m/n/10 Theorem 10.2
 []

</Users/ashoksaravanan/Coding/ScribeLec/server/output/MA421/lectures/2024-10-22
-Convexity/figures/6.2.png, id=292, 90.3375pt x 30.1125pt>
File: /Users/ashoksaravanan/Coding/ScribeLec/server/output/MA421/lectures/2024-
10-22-Convexity/figures/6.2.png Graphic file (type png)
<use /Users/ashoksaravanan/Coding/ScribeLec/server/output/MA421/lectures/2024-1
0-22-Convexity/figures/6.2.png>
Package pdftex.def Info: /Users/ashoksaravanan/Coding/ScribeLec/server/output/M
A421/lectures/2024-10-22-Convexity/figures/6.2.png  used on input line 307.
(pdftex.def)             Requested size: 56.3685pt x 18.78946pt.

Underfull \hbox (badness 10000) in paragraph at lines 308--308
[]\T1/lmr/m/n/10 Figure 17:
 []

</Users/ashoksaravanan/Coding/ScribeLec/server/output/MA421/lectures/2024-10-22
-Convexity/figures/6.3.png, id=293, 90.3375pt x 30.1125pt>
File: /Users/ashoksaravanan/Coding/ScribeLec/server/output/MA421/lectures/2024-
10-22-Convexity/figures/6.3.png Graphic file (type png)
<use /Users/ashoksaravanan/Coding/ScribeLec/server/output/MA421/lectures/2024-1
0-22-Convexity/figures/6.3.png>
Package pdftex.def Info: /Users/ashoksaravanan/Coding/ScribeLec/server/output/M
A421/lectures/2024-10-22-Convexity/figures/6.3.png  used on input line 313.
(pdftex.def)             Requested size: 56.3685pt x 18.78946pt.
[6 </Users/ashoksaravanan/Coding/ScribeLec/server/output/MA421/lectures/2024-10
-22-Convexity/figures/6.1.png (PNG copy)> </Users/ashoksaravanan/Coding/ScribeL
ec/server/output/MA421/lectures/2024-10-22-Convexity/figures/6.2.png (PNG copy)
> </Users/ashoksaravanan/Coding/ScribeLec/server/output/MA421/lectures/2024-10-
22-Convexity/figures/6.3.png (PNG copy)>]
/Users/ashoksaravanan/Coding/ScribeLec/server/output/MA421/lectures/2024-10-22-
Convexity/notes.tex:325: Missing $ inserted.
<inserted text> 
                $
l.325 ...erline{\text{Thm 10.2}} \quad S \subseteq
                                                   \mathbb{R}^m, \quad Conv(...
I've inserted a begin-math/end-math symbol since I think
you left one out. Proceed, with fingers crossed.

/Users/ashoksaravanan/Coding/ScribeLec/server/output/MA421/lectures/2024-10-22-
Convexity/notes.tex:333: Missing $ inserted.
<inserted text> 
                $
l.333 \subsection
                 {Description}%
I've inserted a begin-math/end-math symbol since I think
you left one out. Proceed, with fingers crossed.

</Users/ashoksaravanan/Coding/ScribeLec/server/output/MA421/lectures/2024-10-22
-Convexity/figures/7.2.png, id=302, 90.3375pt x 30.1125pt>
File: /Users/ashoksaravanan/Coding/ScribeLec/server/output/MA421/lectures/2024-
10-22-Convexity/figures/7.2.png Graphic file (type png)
<use /Users/ashoksaravanan/Coding/ScribeLec/server/output/MA421/lectures/2024-1
0-22-Convexity/figures/7.2.png>
Package pdftex.def Info: /Users/ashoksaravanan/Coding/ScribeLec/server/output/M
A421/lectures/2024-10-22-Convexity/figures/7.2.png  used on input line 342.
(pdftex.def)             Requested size: 56.3685pt x 18.78946pt.

Underfull \hbox (badness 10000) in paragraph at lines 343--343
[]\T1/lmr/m/n/10 Figure 19:
 []


Underfull \hbox (badness 10000) in paragraph at lines 343--343
[]\T1/lmr/m/n/10 Theorem 10.2
 []

</Users/ashoksaravanan/Coding/ScribeLec/server/output/MA421/lectures/2024-10-22
-Convexity/figures/7.3.png, id=303, 90.3375pt x 30.1125pt>
File: /Users/ashoksaravanan/Coding/ScribeLec/server/output/MA421/lectures/2024-
10-22-Convexity/figures/7.3.png Graphic file (type png)
<use /Users/ashoksaravanan/Coding/ScribeLec/server/output/MA421/lectures/2024-1
0-22-Convexity/figures/7.3.png>
Package pdftex.def Info: /Users/ashoksaravanan/Coding/ScribeLec/server/output/M
A421/lectures/2024-10-22-Convexity/figures/7.3.png  used on input line 348.
(pdftex.def)             Requested size: 56.3685pt x 18.78946pt.

Underfull \hbox (badness 10000) in paragraph at lines 349--349
[]\T1/lmr/m/n/10 Figure 20:
 []

</Users/ashoksaravanan/Coding/ScribeLec/server/output/MA421/lectures/2024-10-22
-Convexity/figures/7.1.png, id=304, 90.3375pt x 60.225pt>
File: /Users/ashoksaravanan/Coding/ScribeLec/server/output/MA421/lectures/2024-
10-22-Convexity/figures/7.1.png Graphic file (type png)
<use /Users/ashoksaravanan/Coding/ScribeLec/server/output/MA421/lectures/2024-1
0-22-Convexity/figures/7.1.png>
Package pdftex.def Info: /Users/ashoksaravanan/Coding/ScribeLec/server/output/M
A421/lectures/2024-10-22-Convexity/figures/7.1.png  used on input line 354.
(pdftex.def)             Requested size: 56.3685pt x 37.57895pt.
[7 </Users/ashoksaravanan/Coding/ScribeLec/server/output/MA421/lectures/2024-10
-22-Convexity/figures/7.2.png (PNG copy)> </Users/ashoksaravanan/Coding/ScribeL
ec/server/output/MA421/lectures/2024-10-22-Convexity/figures/7.3.png (PNG copy)
> </Users/ashoksaravanan/Coding/ScribeLec/server/output/MA421/lectures/2024-10-
22-Convexity/figures/7.1.png (PNG copy)>]

/Users/ashoksaravanan/Coding/ScribeLec/server/output/MA421/lectures/2024-10-22-
Convexity/notes.tex:367: LaTeX Error: \mathbb allowed only in math mode.

See the LaTeX manual or LaTeX Companion for explanation.
Type  H <return>  for immediate help.
 ...                                              
                                                  
l.367 ...) \text{ of a set } S \text{ in } \mathbb
                                                  {R}^m \text{ consists of a...

You're in trouble here.  Try typing  <return>  to proceed.
If that doesn't work, type  X <return>  to quit.

/Users/ashoksaravanan/Coding/ScribeLec/server/output/MA421/lectures/2024-10-22-
Convexity/notes.tex:367: Missing $ inserted.
<inserted text> 
                $
l.367 ...ext{ of a set } S \text{ in } \mathbb{R}^
                                                  m \text{ consists of all c...
I've inserted a begin-math/end-math symbol since I think
you left one out. Proceed, with fingers crossed.

/Users/ashoksaravanan/Coding/ScribeLec/server/output/MA421/lectures/2024-10-22-
Convexity/notes.tex:377: Missing $ inserted.
<inserted text> 
                $
l.377 \subsection
                 {Description}%
I've inserted a begin-math/end-math symbol since I think
you left one out. Proceed, with fingers crossed.

</Users/ashoksaravanan/Coding/ScribeLec/server/output/MA421/lectures/2024-10-22
-Convexity/figures/8.1.png, id=313, 90.3375pt x 90.3375pt>
File: /Users/ashoksaravanan/Coding/ScribeLec/server/output/MA421/lectures/2024-
10-22-Convexity/figures/8.1.png Graphic file (type png)
<use /Users/ashoksaravanan/Coding/ScribeLec/server/output/MA421/lectures/2024-1
0-22-Convexity/figures/8.1.png>
Package pdftex.def Info: /Users/ashoksaravanan/Coding/ScribeLec/server/output/M
A421/lectures/2024-10-22-Convexity/figures/8.1.png  used on input line 386.
(pdftex.def)             Requested size: 56.3685pt x 56.36842pt.

Underfull \hbox (badness 10000) in paragraph at lines 387--387
[]\T1/lmr/m/n/10 Figure 22:
 []


Underfull \hbox (badness 10000) in paragraph at lines 387--387
[]\T1/lmr/m/n/10 Theorem 10.3
 []


Underfull \hbox (badness 10000) in paragraph at lines 387--387
\T1/lmr/m/n/10 state-ment and
 []

</Users/ashoksaravanan/Coding/ScribeLec/server/output/MA421/lectures/2024-10-22
-Convexity/figures/8.2.png, id=314, 90.3375pt x 70.2625pt>
File: /Users/ashoksaravanan/Coding/ScribeLec/server/output/MA421/lectures/2024-
10-22-Convexity/figures/8.2.png Graphic file (type png)
<use /Users/ashoksaravanan/Coding/ScribeLec/server/output/MA421/lectures/2024-1
0-22-Convexity/figures/8.2.png>
Package pdftex.def Info: /Users/ashoksaravanan/Coding/ScribeLec/server/output/M
A421/lectures/2024-10-22-Convexity/figures/8.2.png  used on input line 392.
(pdftex.def)             Requested size: 56.3685pt x 43.8421pt.

Underfull \hbox (badness 10000) in paragraph at lines 393--393
[]\T1/lmr/m/n/10 Figure 23:
 []


Underfull \hbox (badness 10000) in paragraph at lines 393--393
[]\T1/lmr/m/n/10 Linear Pro-
 []


Underfull \hbox (badness 10000) in paragraph at lines 393--393
\T1/lmr/m/n/10 gram-ming
 []

</Users/ashoksaravanan/Coding/ScribeLec/server/output/MA421/lectures/2024-10-22
-Convexity/figures/8.3.png, id=315, 90.3375pt x 30.1125pt>
File: /Users/ashoksaravanan/Coding/ScribeLec/server/output/MA421/lectures/2024-
10-22-Convexity/figures/8.3.png Graphic file (type png)
<use /Users/ashoksaravanan/Coding/ScribeLec/server/output/MA421/lectures/2024-1
0-22-Convexity/figures/8.3.png>
Package pdftex.def Info: /Users/ashoksaravanan/Coding/ScribeLec/server/output/M
A421/lectures/2024-10-22-Convexity/figures/8.3.png  used on input line 398.
(pdftex.def)             Requested size: 56.3685pt x 18.78946pt.

Underfull \hbox (badness 10000) in paragraph at lines 399--399
[]\T1/lmr/m/n/10 Figure 24:
 []


Underfull \hbox (badness 1082) in paragraph at lines 399--399
[]\T1/lmr/m/n/10 Matrix A def-i-
 []

[8 </Users/ashoksaravanan/Coding/ScribeLec/server/output/MA421/lectures/2024-10
-22-Convexity/figures/8.1.png (PNG copy)> </Users/ashoksaravanan/Coding/ScribeL
ec/server/output/MA421/lectures/2024-10-22-Convexity/figures/8.2.png (PNG copy)
> </Users/ashoksaravanan/Coding/ScribeLec/server/output/MA421/lectures/2024-10-
22-Convexity/figures/8.3.png (PNG copy)>]

/Users/ashoksaravanan/Coding/ScribeLec/server/output/MA421/lectures/2024-10-22-
Convexity/notes.tex:411: LaTeX Error: \mathbb allowed only in math mode.

See the LaTeX manual or LaTeX Companion for explanation.
Type  H <return>  for immediate help.
 ...                                              
                                                  
l.411 ...) \text{ of a set } S \text{ in } \mathbb
                                                  {R}^m \text{ consists of a...

You're in trouble here.  Try typing  <return>  to proceed.
If that doesn't work, type  X <return>  to quit.

/Users/ashoksaravanan/Coding/ScribeLec/server/output/MA421/lectures/2024-10-22-
Convexity/notes.tex:411: Missing $ inserted.
<inserted text> 
                $
l.411 ...ext{ of a set } S \text{ in } \mathbb{R}^
                                                  m \text{ consists of all c...
I've inserted a begin-math/end-math symbol since I think
you left one out. Proceed, with fingers crossed.

/Users/ashoksaravanan/Coding/ScribeLec/server/output/MA421/lectures/2024-10-22-
Convexity/notes.tex:423: Missing $ inserted.
<inserted text> 
                $
l.423 \subsection
                 {Description}%
I've inserted a begin-math/end-math symbol since I think
you left one out. Proceed, with fingers crossed.

</Users/ashoksaravanan/Coding/ScribeLec/server/output/MA421/lectures/2024-10-22
-Convexity/figures/9.2.png, id=323, 90.3375pt x 70.2625pt>
File: /Users/ashoksaravanan/Coding/ScribeLec/server/output/MA421/lectures/2024-
10-22-Convexity/figures/9.2.png Graphic file (type png)
<use /Users/ashoksaravanan/Coding/ScribeLec/server/output/MA421/lectures/2024-1
0-22-Convexity/figures/9.2.png>
Package pdftex.def Info: /Users/ashoksaravanan/Coding/ScribeLec/server/output/M
A421/lectures/2024-10-22-Convexity/figures/9.2.png  used on input line 432.
(pdftex.def)             Requested size: 56.3685pt x 43.8421pt.

Underfull \hbox (badness 10000) in paragraph at lines 433--433
[]\T1/lmr/m/n/10 Figure 25:
 []


Underfull \hbox (badness 10000) in paragraph at lines 433--433
[]\T1/lmr/m/n/10 Theorem 10.3
 []


Underfull \hbox (badness 10000) in paragraph at lines 433--433
\T1/lmr/m/n/10 state-ment and
 []

</Users/ashoksaravanan/Coding/ScribeLec/server/output/MA421/lectures/2024-10-22
-Convexity/figures/9.3.png, id=324, 90.3375pt x 30.1125pt>
File: /Users/ashoksaravanan/Coding/ScribeLec/server/output/MA421/lectures/2024-
10-22-Convexity/figures/9.3.png Graphic file (type png)
<use /Users/ashoksaravanan/Coding/ScribeLec/server/output/MA421/lectures/2024-1
0-22-Convexity/figures/9.3.png>
Package pdftex.def Info: /Users/ashoksaravanan/Coding/ScribeLec/server/output/M
A421/lectures/2024-10-22-Convexity/figures/9.3.png  used on input line 438.
(pdftex.def)             Requested size: 56.3685pt x 18.78946pt.

Underfull \hbox (badness 10000) in paragraph at lines 439--439
[]\T1/lmr/m/n/10 Figure 26:
 []


Underfull \hbox (badness 10000) in paragraph at lines 439--439
[]\T1/lmr/m/n/10 Linear Pro-
 []


Underfull \hbox (badness 10000) in paragraph at lines 439--439
\T1/lmr/m/n/10 gram-ming
 []

</Users/ashoksaravanan/Coding/ScribeLec/server/output/MA421/lectures/2024-10-22
-Convexity/figures/9.1.png, id=325, 90.3375pt x 90.3375pt>
File: /Users/ashoksaravanan/Coding/ScribeLec/server/output/MA421/lectures/2024-
10-22-Convexity/figures/9.1.png Graphic file (type png)
<use /Users/ashoksaravanan/Coding/ScribeLec/server/output/MA421/lectures/2024-1
0-22-Convexity/figures/9.1.png>
Package pdftex.def Info: /Users/ashoksaravanan/Coding/ScribeLec/server/output/M
A421/lectures/2024-10-22-Convexity/figures/9.1.png  used on input line 444.
(pdftex.def)             Requested size: 56.3685pt x 56.36842pt.

Underfull \hbox (badness 10000) in paragraph at lines 445--445
[]\T1/lmr/m/n/10 Figure 27:
 []


Underfull \hbox (badness 2600) in paragraph at lines 445--445
[]\T1/lmr/m/n/10 Matrix A def-
 []


Underfull \hbox (badness 10000) in paragraph at lines 445--445
\T1/lmr/m/n/10 i-ni-tion and
 []

[9 </Users/ashoksaravanan/Coding/ScribeLec/server/output/MA421/lectures/2024-10
-22-Convexity/figures/9.2.png (PNG copy)> </Users/ashoksaravanan/Coding/ScribeL
ec/server/output/MA421/lectures/2024-10-22-Convexity/figures/9.3.png (PNG copy)
> </Users/ashoksaravanan/Coding/ScribeLec/server/output/MA421/lectures/2024-10-
22-Convexity/figures/9.1.png (PNG copy)>]

/Users/ashoksaravanan/Coding/ScribeLec/server/output/MA421/lectures/2024-10-22-
Convexity/notes.tex:457: Package amsmath Error: \bar allowed only in math mode.


See the amsmath package documentation for explanation.
Type  H <return>  for immediate help.
 ...                                              
                                                  
l.457 ...HEOREM 10.4. Let } P \text{ and } \bar{P}
                                                   \text{ be two disjoint no...

You're in trouble here.  Try typing  <return>  to proceed.
If that doesn't work, type  X <return>  to quit.


/Users/ashoksaravanan/Coding/ScribeLec/server/output/MA421/lectures/2024-10-22-
Convexity/notes.tex:457: LaTeX Error: \mathbb allowed only in math mode.

See the LaTeX manual or LaTeX Companion for explanation.
Type  H <return>  for immediate help.
 ...                                              
                                                  
l.457 ... disjoint nonempty polyhedra in } \mathbb
                                                  {R}^n \text{. Then} \\
You're in trouble here.  Try typing  <return>  to proceed.
If that doesn't work, type  X <return>  to quit.

/Users/ashoksaravanan/Coding/ScribeLec/server/output/MA421/lectures/2024-10-22-
Convexity/notes.tex:457: Missing $ inserted.
<inserted text> 
                $
l.457 ...joint nonempty polyhedra in } \mathbb{R}^
                                                  n \text{. Then} \\
I've inserted a begin-math/end-math symbol since I think
you left one out. Proceed, with fingers crossed.

/Users/ashoksaravanan/Coding/ScribeLec/server/output/MA421/lectures/2024-10-22-
Convexity/notes.tex:461: Missing $ inserted.
<inserted text> 
                $
l.461 \subsection
                 {Description}%
I've inserted a begin-math/end-math symbol since I think
you left one out. Proceed, with fingers crossed.

</Users/ashoksaravanan/Coding/ScribeLec/server/output/MA421/lectures/2024-10-22
-Convexity/figures/10.1.png, id=334, 110.4125pt x 40.15pt>
File: /Users/ashoksaravanan/Coding/ScribeLec/server/output/MA421/lectures/2024-
10-22-Convexity/figures/10.1.png Graphic file (type png)
<use /Users/ashoksaravanan/Coding/ScribeLec/server/output/MA421/lectures/2024-1
0-22-Convexity/figures/10.1.png>
Package pdftex.def Info: /Users/ashoksaravanan/Coding/ScribeLec/server/output/M
A421/lectures/2024-10-22-Convexity/figures/10.1.png  used on input line 470.
(pdftex.def)             Requested size: 56.3685pt x 20.49765pt.

Underfull \hbox (badness 10000) in paragraph at lines 471--471
[]\T1/lmr/m/n/10 Figure 28:
 []


Underfull \hbox (badness 10000) in paragraph at lines 471--471
[]\T1/lmr/m/n/10 Illustration of
 []


Underfull \hbox (badness 10000) in paragraph at lines 471--471
\T1/lmr/m/n/10 a half-space
 []


Underfull \hbox (badness 5893) in paragraph at lines 471--471
\T1/lmr/m/n/10 sep-a-rat-ing two
 []

</Users/ashoksaravanan/Coding/ScribeLec/server/output/MA421/lectures/2024-10-22
-Convexity/figures/10.2.png, id=335, 110.4125pt x 40.15pt>
File: /Users/ashoksaravanan/Coding/ScribeLec/server/output/MA421/lectures/2024-
10-22-Convexity/figures/10.2.png Graphic file (type png)
<use /Users/ashoksaravanan/Coding/ScribeLec/server/output/MA421/lectures/2024-1
0-22-Convexity/figures/10.2.png>
Package pdftex.def Info: /Users/ashoksaravanan/Coding/ScribeLec/server/output/M
A421/lectures/2024-10-22-Convexity/figures/10.2.png  used on input line 476.
(pdftex.def)             Requested size: 56.3685pt x 20.49765pt.

Underfull \hbox (badness 10000) in paragraph at lines 477--477
[]\T1/lmr/m/n/10 Figure 29:
 []


Underfull \hbox (badness 10000) in paragraph at lines 477--477
[]\T1/lmr/m/n/10 Illustration
 []


Underfull \hbox (badness 10000) in paragraph at lines 477--477
\T1/lmr/m/n/10 of mul-ti-ple
 []


Underfull \hbox (badness 10000) in paragraph at lines 477--477
\T1/lmr/m/n/10 half-spaces
 []


Underfull \hbox (badness 5893) in paragraph at lines 477--477
\T1/lmr/m/n/10 sep-a-rat-ing two
 []

[10 </Users/ashoksaravanan/Coding/ScribeLec/server/output/MA421/lectures/2024-1
0-22-Convexity/figures/10.1.png (PNG copy)> </Users/ashoksaravanan/Coding/Scrib
eLec/server/output/MA421/lectures/2024-10-22-Convexity/figures/10.2.png (PNG co
py)>]

/Users/ashoksaravanan/Coding/ScribeLec/server/output/MA421/lectures/2024-10-22-
Convexity/notes.tex:489: Package amsmath Error: \bar allowed only in math mode.


See the amsmath package documentation for explanation.
Type  H <return>  for immediate help.
 ...                                              
                                                  
l.489 ...HEOREM 10.4. Let } P \text{ and } \bar{P}
                                                   \text{ be two disjoint no...

You're in trouble here.  Try typing  <return>  to proceed.
If that doesn't work, type  X <return>  to quit.


/Users/ashoksaravanan/Coding/ScribeLec/server/output/MA421/lectures/2024-10-22-
Convexity/notes.tex:489: LaTeX Error: \mathbb allowed only in math mode.

See the LaTeX manual or LaTeX Companion for explanation.
Type  H <return>  for immediate help.
 ...                                              
                                                  
l.489 ... disjoint nonempty polyhedra in } \mathbb
                                                  {R}^n \text{. Then} \\
You're in trouble here.  Try typing  <return>  to proceed.
If that doesn't work, type  X <return>  to quit.

/Users/ashoksaravanan/Coding/ScribeLec/server/output/MA421/lectures/2024-10-22-
Convexity/notes.tex:489: Missing $ inserted.
<inserted text> 
                $
l.489 ...joint nonempty polyhedra in } \mathbb{R}^
                                                  n \text{. Then} \\
I've inserted a begin-math/end-math symbol since I think
you left one out. Proceed, with fingers crossed.

/Users/ashoksaravanan/Coding/ScribeLec/server/output/MA421/lectures/2024-10-22-
Convexity/notes.tex:493: Missing $ inserted.
<inserted text> 
                $
l.493 \subsection
                 {Description}%
I've inserted a begin-math/end-math symbol since I think
you left one out. Proceed, with fingers crossed.

</Users/ashoksaravanan/Coding/ScribeLec/server/output/MA421/lectures/2024-10-22
-Convexity/figures/11.2.png, id=342, 110.4125pt x 40.15pt>
File: /Users/ashoksaravanan/Coding/ScribeLec/server/output/MA421/lectures/2024-
10-22-Convexity/figures/11.2.png Graphic file (type png)
<use /Users/ashoksaravanan/Coding/ScribeLec/server/output/MA421/lectures/2024-1
0-22-Convexity/figures/11.2.png>
Package pdftex.def Info: /Users/ashoksaravanan/Coding/ScribeLec/server/output/M
A421/lectures/2024-10-22-Convexity/figures/11.2.png  used on input line 502.
(pdftex.def)             Requested size: 56.3685pt x 20.49765pt.

Underfull \hbox (badness 10000) in paragraph at lines 503--503
[]\T1/lmr/m/n/10 Figure 30:
 []


Underfull \hbox (badness 5893) in paragraph at lines 503--503
\T1/lmr/m/n/10 sep-a-rat-ing two
 []

</Users/ashoksaravanan/Coding/ScribeLec/server/output/MA421/lectures/2024-10-22
-Convexity/figures/11.3.png, id=343, 110.4125pt x 120.45pt>
File: /Users/ashoksaravanan/Coding/ScribeLec/server/output/MA421/lectures/2024-
10-22-Convexity/figures/11.3.png Graphic file (type png)
<use /Users/ashoksaravanan/Coding/ScribeLec/server/output/MA421/lectures/2024-1
0-22-Convexity/figures/11.3.png>
Package pdftex.def Info: /Users/ashoksaravanan/Coding/ScribeLec/server/output/M
A421/lectures/2024-10-22-Convexity/figures/11.3.png  used on input line 508.
(pdftex.def)             Requested size: 56.3685pt x 61.493pt.

Underfull \hbox (badness 10000) in paragraph at lines 509--509
[]\T1/lmr/m/n/10 Figure 31:
 []


Underfull \hbox (badness 10000) in paragraph at lines 509--509
[]\T1/lmr/m/n/10 Illustration
 []


Underfull \hbox (badness 10000) in paragraph at lines 509--509
\T1/lmr/m/n/10 of mul-ti-ple
 []


Underfull \hbox (badness 10000) in paragraph at lines 509--509
\T1/lmr/m/n/10 half-spaces
 []


Underfull \hbox (badness 5893) in paragraph at lines 509--509
\T1/lmr/m/n/10 sep-a-rat-ing two
 []

</Users/ashoksaravanan/Coding/ScribeLec/server/output/MA421/lectures/2024-10-22
-Convexity/figures/11.1.png, id=344, 110.4125pt x 40.15pt>
File: /Users/ashoksaravanan/Coding/ScribeLec/server/output/MA421/lectures/2024-
10-22-Convexity/figures/11.1.png Graphic file (type png)
<use /Users/ashoksaravanan/Coding/ScribeLec/server/output/MA421/lectures/2024-1
0-22-Convexity/figures/11.1.png>
Package pdftex.def Info: /Users/ashoksaravanan/Coding/ScribeLec/server/output/M
A421/lectures/2024-10-22-Convexity/figures/11.1.png  used on input line 514.
(pdftex.def)             Requested size: 56.3685pt x 20.49765pt.

Underfull \hbox (badness 10000) in paragraph at lines 515--515
[]\T1/lmr/m/n/10 Figure 32:
 []


Underfull \hbox (badness 10000) in paragraph at lines 515--515
[]\T1/lmr/m/n/10 Illustration of
 []


Underfull \hbox (badness 10000) in paragraph at lines 515--515
\T1/lmr/m/n/10 two poly-he-dra
 []

[11 </Users/ashoksaravanan/Coding/ScribeLec/server/output/MA421/lectures/2024-1
0-22-Convexity/figures/11.2.png (PNG copy)> </Users/ashoksaravanan/Coding/Scrib
eLec/server/output/MA421/lectures/2024-10-22-Convexity/figures/11.3.png (PNG co
py)> </Users/ashoksaravanan/Coding/ScribeLec/server/output/MA421/lectures/2024-
10-22-Convexity/figures/11.1.png (PNG copy)>]

/Users/ashoksaravanan/Coding/ScribeLec/server/output/MA421/lectures/2024-10-22-
Convexity/notes.tex:527: Package amsmath Error: \tilde allowed only in math mod
e.

See the amsmath package documentation for explanation.
Type  H <return>  for immediate help.
 ...                                              
                                                  
l.527 ...OREM 10.4. Let } P \text{ and } \tilde{P}
                                                   \text{ be two disjoint no...

You're in trouble here.  Try typing  <return>  to proceed.
If that doesn't work, type  X <return>  to quit.


/Users/ashoksaravanan/Coding/ScribeLec/server/output/MA421/lectures/2024-10-22-
Convexity/notes.tex:527: LaTeX Error: \mathbb allowed only in math mode.

See the LaTeX manual or LaTeX Companion for explanation.
Type  H <return>  for immediate help.
 ...                                              
                                                  
l.527 ... disjoint nonempty polyhedra in } \mathbb
                                                  {R}^n \text{. Then} \\
You're in trouble here.  Try typing  <return>  to proceed.
If that doesn't work, type  X <return>  to quit.

/Users/ashoksaravanan/Coding/ScribeLec/server/output/MA421/lectures/2024-10-22-
Convexity/notes.tex:527: Missing $ inserted.
<inserted text> 
                $
l.527 ...joint nonempty polyhedra in } \mathbb{R}^
                                                  n \text{. Then} \\
I've inserted a begin-math/end-math symbol since I think
you left one out. Proceed, with fingers crossed.

/Users/ashoksaravanan/Coding/ScribeLec/server/output/MA421/lectures/2024-10-22-
Convexity/notes.tex:536: Missing $ inserted.
<inserted text> 
                $
l.536 \subsection
                 {Description}%
I've inserted a begin-math/end-math symbol since I think
you left one out. Proceed, with fingers crossed.

</Users/ashoksaravanan/Coding/ScribeLec/server/output/MA421/lectures/2024-10-22
-Convexity/figures/12.3.png, id=352, 110.4125pt x 70.2625pt>
File: /Users/ashoksaravanan/Coding/ScribeLec/server/output/MA421/lectures/2024-
10-22-Convexity/figures/12.3.png Graphic file (type png)
<use /Users/ashoksaravanan/Coding/ScribeLec/server/output/MA421/lectures/2024-1
0-22-Convexity/figures/12.3.png>
Package pdftex.def Info: /Users/ashoksaravanan/Coding/ScribeLec/server/output/M
A421/lectures/2024-10-22-Convexity/figures/12.3.png  used on input line 545.
(pdftex.def)             Requested size: 56.3685pt x 35.87091pt.

Underfull \hbox (badness 10000) in paragraph at lines 546--546
[]\T1/lmr/m/n/10 Figure 33:
 []


Underfull \hbox (badness 10000) in paragraph at lines 546--546
[]\T1/lmr/m/n/10 Theorem 10.4
 []

</Users/ashoksaravanan/Coding/ScribeLec/server/output/MA421/lectures/2024-10-22
-Convexity/figures/12.2.png, id=353, 110.4125pt x 70.2625pt>
File: /Users/ashoksaravanan/Coding/ScribeLec/server/output/MA421/lectures/2024-
10-22-Convexity/figures/12.2.png Graphic file (type png)
<use /Users/ashoksaravanan/Coding/ScribeLec/server/output/MA421/lectures/2024-1
0-22-Convexity/figures/12.2.png>
Package pdftex.def Info: /Users/ashoksaravanan/Coding/ScribeLec/server/output/M
A421/lectures/2024-10-22-Convexity/figures/12.2.png  used on input line 551.
(pdftex.def)             Requested size: 56.3685pt x 35.87091pt.

Underfull \hbox (badness 10000) in paragraph at lines 552--552
[]\T1/lmr/m/n/10 Figure 34:
 []

</Users/ashoksaravanan/Coding/ScribeLec/server/output/MA421/lectures/2024-10-22
-Convexity/figures/12.1.png, id=354, 110.4125pt x 90.3375pt>
File: /Users/ashoksaravanan/Coding/ScribeLec/server/output/MA421/lectures/2024-
10-22-Convexity/figures/12.1.png Graphic file (type png)
<use /Users/ashoksaravanan/Coding/ScribeLec/server/output/MA421/lectures/2024-1
0-22-Convexity/figures/12.1.png>
Package pdftex.def Info: /Users/ashoksaravanan/Coding/ScribeLec/server/output/M
A421/lectures/2024-10-22-Convexity/figures/12.1.png  used on input line 557.
(pdftex.def)             Requested size: 56.3685pt x 46.11975pt.

Underfull \hbox (badness 10000) in paragraph at lines 558--558
[]\T1/lmr/m/n/10 Figure 35:
 []


Underfull \hbox (badness 10000) in paragraph at lines 558--558
[]\T1/lmr/m/n/10 Equivalence
 []

[12 </Users/ashoksaravanan/Coding/ScribeLec/server/output/MA421/lectures/2024-1
0-22-Convexity/figures/12.3.png (PNG copy)> </Users/ashoksaravanan/Coding/Scrib
eLec/server/output/MA421/lectures/2024-10-22-Convexity/figures/12.2.png (PNG co
py)> </Users/ashoksaravanan/Coding/ScribeLec/server/output/MA421/lectures/2024-
10-22-Convexity/figures/12.1.png (PNG copy)>]

/Users/ashoksaravanan/Coding/ScribeLec/server/output/MA421/lectures/2024-10-22-
Convexity/notes.tex:570: Package amsmath Error: \tilde allowed only in math mod
e.

See the amsmath package documentation for explanation.
Type  H <return>  for immediate help.
 ...                                              
                                                  
l.570 ...OREM 10.4. Let } P \text{ and } \tilde{P}
                                                   \text{ be two disjoint no...

You're in trouble here.  Try typing  <return>  to proceed.
If that doesn't work, type  X <return>  to quit.


/Users/ashoksaravanan/Coding/ScribeLec/server/output/MA421/lectures/2024-10-22-
Convexity/notes.tex:570: LaTeX Error: \mathbb allowed only in math mode.

See the LaTeX manual or LaTeX Companion for explanation.
Type  H <return>  for immediate help.
 ...                                              
                                                  
l.570 ... disjoint nonempty polyhedra in } \mathbb
                                                  {R}^n \text{. Then} \\
You're in trouble here.  Try typing  <return>  to proceed.
If that doesn't work, type  X <return>  to quit.

/Users/ashoksaravanan/Coding/ScribeLec/server/output/MA421/lectures/2024-10-22-
Convexity/notes.tex:570: Missing $ inserted.
<inserted text> 
                $
l.570 ...joint nonempty polyhedra in } \mathbb{R}^
                                                  n \text{. Then} \\
I've inserted a begin-math/end-math symbol since I think
you left one out. Proceed, with fingers crossed.

/Users/ashoksaravanan/Coding/ScribeLec/server/output/MA421/lectures/2024-10-22-
Convexity/notes.tex:582: Missing $ inserted.
<inserted text> 
                $
l.582 \subsection
                 {Description}%
I've inserted a begin-math/end-math symbol since I think
you left one out. Proceed, with fingers crossed.

</Users/ashoksaravanan/Coding/ScribeLec/server/output/MA421/lectures/2024-10-22
-Convexity/figures/13.1.png, id=362, 110.4125pt x 90.3375pt>
File: /Users/ashoksaravanan/Coding/ScribeLec/server/output/MA421/lectures/2024-
10-22-Convexity/figures/13.1.png Graphic file (type png)
<use /Users/ashoksaravanan/Coding/ScribeLec/server/output/MA421/lectures/2024-1
0-22-Convexity/figures/13.1.png>
Package pdftex.def Info: /Users/ashoksaravanan/Coding/ScribeLec/server/output/M
A421/lectures/2024-10-22-Convexity/figures/13.1.png  used on input line 591.
(pdftex.def)             Requested size: 56.3685pt x 46.11975pt.

Underfull \hbox (badness 10000) in paragraph at lines 592--592
[]\T1/lmr/m/n/10 Figure 36:
 []


Underfull \hbox (badness 10000) in paragraph at lines 592--592
[]\T1/lmr/m/n/10 Theorem 10.4
 []

</Users/ashoksaravanan/Coding/ScribeLec/server/output/MA421/lectures/2024-10-22
-Convexity/figures/13.3.png, id=363, 110.4125pt x 70.2625pt>
File: /Users/ashoksaravanan/Coding/ScribeLec/server/output/MA421/lectures/2024-
10-22-Convexity/figures/13.3.png Graphic file (type png)
<use /Users/ashoksaravanan/Coding/ScribeLec/server/output/MA421/lectures/2024-1
0-22-Convexity/figures/13.3.png>
Package pdftex.def Info: /Users/ashoksaravanan/Coding/ScribeLec/server/output/M
A421/lectures/2024-10-22-Convexity/figures/13.3.png  used on input line 597.
(pdftex.def)             Requested size: 56.3685pt x 35.87091pt.

Underfull \hbox (badness 10000) in paragraph at lines 598--598
[]\T1/lmr/m/n/10 Figure 37:
 []

</Users/ashoksaravanan/Coding/ScribeLec/server/output/MA421/lectures/2024-10-22
-Convexity/figures/13.2.png, id=364, 110.4125pt x 70.2625pt>
File: /Users/ashoksaravanan/Coding/ScribeLec/server/output/MA421/lectures/2024-
10-22-Convexity/figures/13.2.png Graphic file (type png)
<use /Users/ashoksaravanan/Coding/ScribeLec/server/output/MA421/lectures/2024-1
0-22-Convexity/figures/13.2.png>
Package pdftex.def Info: /Users/ashoksaravanan/Coding/ScribeLec/server/output/M
A421/lectures/2024-10-22-Convexity/figures/13.2.png  used on input line 603.
(pdftex.def)             Requested size: 56.3685pt x 35.87091pt.

Underfull \hbox (badness 10000) in paragraph at lines 604--604
[]\T1/lmr/m/n/10 Figure 38:
 []


Underfull \hbox (badness 10000) in paragraph at lines 604--604
[]\T1/lmr/m/n/10 Equivalence
 []

[13 </Users/ashoksaravanan/Coding/ScribeLec/server/output/MA421/lectures/2024-1
0-22-Convexity/figures/13.1.png (PNG copy)> </Users/ashoksaravanan/Coding/Scrib
eLec/server/output/MA421/lectures/2024-10-22-Convexity/figures/13.3.png (PNG co
py)> </Users/ashoksaravanan/Coding/ScribeLec/server/output/MA421/lectures/2024-
10-22-Convexity/figures/13.2.png (PNG copy)>]

/Users/ashoksaravanan/Coding/ScribeLec/server/output/MA421/lectures/2024-10-22-
Convexity/notes.tex:616: Package amsmath Error: \tilde allowed only in math mod
e.

See the amsmath package documentation for explanation.
Type  H <return>  for immediate help.
 ...                                              
                                                  
l.616 ...OREM 10.4. Let } P \text{ and } \tilde{P}
                                                   \text{ be two disjoint no...

You're in trouble here.  Try typing  <return>  to proceed.
If that doesn't work, type  X <return>  to quit.


/Users/ashoksaravanan/Coding/ScribeLec/server/output/MA421/lectures/2024-10-22-
Convexity/notes.tex:616: LaTeX Error: \mathbb allowed only in math mode.

See the LaTeX manual or LaTeX Companion for explanation.
Type  H <return>  for immediate help.
 ...                                              
                                                  
l.616 ... disjoint nonempty polyhedra in } \mathbb
                                                  {R}^n \text{. Then} \\
You're in trouble here.  Try typing  <return>  to proceed.
If that doesn't work, type  X <return>  to quit.

/Users/ashoksaravanan/Coding/ScribeLec/server/output/MA421/lectures/2024-10-22-
Convexity/notes.tex:616: Missing $ inserted.
<inserted text> 
                $
l.616 ...joint nonempty polyhedra in } \mathbb{R}^
                                                  n \text{. Then} \\
I've inserted a begin-math/end-math symbol since I think
you left one out. Proceed, with fingers crossed.

/Users/ashoksaravanan/Coding/ScribeLec/server/output/MA421/lectures/2024-10-22-
Convexity/notes.tex:624: Missing $ inserted.
<inserted text> 
                $
l.624 \subsection
                 {Description}%
I've inserted a begin-math/end-math symbol since I think
you left one out. Proceed, with fingers crossed.

</Users/ashoksaravanan/Coding/ScribeLec/server/output/MA421/lectures/2024-10-22
-Convexity/figures/14.4.png, id=373, 110.4125pt x 70.2625pt>
File: /Users/ashoksaravanan/Coding/ScribeLec/server/output/MA421/lectures/2024-
10-22-Convexity/figures/14.4.png Graphic file (type png)
<use /Users/ashoksaravanan/Coding/ScribeLec/server/output/MA421/lectures/2024-1
0-22-Convexity/figures/14.4.png>
Package pdftex.def Info: /Users/ashoksaravanan/Coding/ScribeLec/server/output/M
A421/lectures/2024-10-22-Convexity/figures/14.4.png  used on input line 633.
(pdftex.def)             Requested size: 56.3685pt x 35.87091pt.

Underfull \hbox (badness 10000) in paragraph at lines 634--634
[]\T1/lmr/m/n/10 Figure 39:
 []


Underfull \hbox (badness 10000) in paragraph at lines 634--634
[]\T1/lmr/m/n/10 Theorem 10.4
 []

</Users/ashoksaravanan/Coding/ScribeLec/server/output/MA421/lectures/2024-10-22
-Convexity/figures/14.3.png, id=374, 110.4125pt x 70.2625pt>
File: /Users/ashoksaravanan/Coding/ScribeLec/server/output/MA421/lectures/2024-
10-22-Convexity/figures/14.3.png Graphic file (type png)
<use /Users/ashoksaravanan/Coding/ScribeLec/server/output/MA421/lectures/2024-1
0-22-Convexity/figures/14.3.png>
Package pdftex.def Info: /Users/ashoksaravanan/Coding/ScribeLec/server/output/M
A421/lectures/2024-10-22-Convexity/figures/14.3.png  used on input line 639.
(pdftex.def)             Requested size: 56.3685pt x 35.87091pt.

Underfull \hbox (badness 10000) in paragraph at lines 640--640
[]\T1/lmr/m/n/10 Figure 40:
 []

</Users/ashoksaravanan/Coding/ScribeLec/server/output/MA421/lectures/2024-10-22
-Convexity/figures/14.2.png, id=375, 110.4125pt x 70.2625pt>
File: /Users/ashoksaravanan/Coding/ScribeLec/server/output/MA421/lectures/2024-
10-22-Convexity/figures/14.2.png Graphic file (type png)
<use /Users/ashoksaravanan/Coding/ScribeLec/server/output/MA421/lectures/2024-1
0-22-Convexity/figures/14.2.png>
Package pdftex.def Info: /Users/ashoksaravanan/Coding/ScribeLec/server/output/M
A421/lectures/2024-10-22-Convexity/figures/14.2.png  used on input line 645.
(pdftex.def)             Requested size: 56.3685pt x 35.87091pt.

Underfull \hbox (badness 10000) in paragraph at lines 646--646
[]\T1/lmr/m/n/10 Figure 41:
 []


Underfull \hbox (badness 10000) in paragraph at lines 646--646
[]\T1/lmr/m/n/10 Conditions for
 []

[14 </Users/ashoksaravanan/Coding/ScribeLec/server/output/MA421/lectures/2024-1
0-22-Convexity/figures/14.4.png (PNG copy)> </Users/ashoksaravanan/Coding/Scrib
eLec/server/output/MA421/lectures/2024-10-22-Convexity/figures/14.3.png (PNG co
py)> </Users/ashoksaravanan/Coding/ScribeLec/server/output/MA421/lectures/2024-
10-22-Convexity/figures/14.2.png (PNG copy)>]
/Users/ashoksaravanan/Coding/ScribeLec/server/output/MA421/lectures/2024-10-22-
Convexity/notes.tex:658: Missing $ inserted.
<inserted text> 
                $
l.658 \text{LEMMA 10.5. The system } Ax \le
                                            b \text{ has no solutions if and...
I've inserted a begin-math/end-math symbol since I think
you left one out. Proceed, with fingers crossed.

/Users/ashoksaravanan/Coding/ScribeLec/server/output/MA421/lectures/2024-10-22-
Convexity/notes.tex:664: Missing $ inserted.
<inserted text> 
                $
l.664 \subsection
                 {Description}%
I've inserted a begin-math/end-math symbol since I think
you left one out. Proceed, with fingers crossed.

</Users/ashoksaravanan/Coding/ScribeLec/server/output/MA421/lectures/2024-10-22
-Convexity/figures/15.1.png, id=383, 110.4125pt x 90.3375pt>
File: /Users/ashoksaravanan/Coding/ScribeLec/server/output/MA421/lectures/2024-
10-22-Convexity/figures/15.1.png Graphic file (type png)
<use /Users/ashoksaravanan/Coding/ScribeLec/server/output/MA421/lectures/2024-1
0-22-Convexity/figures/15.1.png>
Package pdftex.def Info: /Users/ashoksaravanan/Coding/ScribeLec/server/output/M
A421/lectures/2024-10-22-Convexity/figures/15.1.png  used on input line 673.
(pdftex.def)             Requested size: 56.3685pt x 46.11975pt.

Underfull \hbox (badness 10000) in paragraph at lines 674--674
[]\T1/lmr/m/n/10 Figure 42:
 []

</Users/ashoksaravanan/Coding/ScribeLec/server/output/MA421/lectures/2024-10-22
-Convexity/figures/15.3.png, id=384, 110.4125pt x 70.2625pt>
File: /Users/ashoksaravanan/Coding/ScribeLec/server/output/MA421/lectures/2024-
10-22-Convexity/figures/15.3.png Graphic file (type png)
<use /Users/ashoksaravanan/Coding/ScribeLec/server/output/MA421/lectures/2024-1
0-22-Convexity/figures/15.3.png>
Package pdftex.def Info: /Users/ashoksaravanan/Coding/ScribeLec/server/output/M
A421/lectures/2024-10-22-Convexity/figures/15.3.png  used on input line 679.
(pdftex.def)             Requested size: 56.3685pt x 35.87091pt.

Underfull \hbox (badness 10000) in paragraph at lines 680--680
[]\T1/lmr/m/n/10 Figure 43:
 []

</Users/ashoksaravanan/Coding/ScribeLec/server/output/MA421/lectures/2024-10-22
-Convexity/figures/15.2.png, id=385, 110.4125pt x 70.2625pt>
File: /Users/ashoksaravanan/Coding/ScribeLec/server/output/MA421/lectures/2024-
10-22-Convexity/figures/15.2.png Graphic file (type png)
<use /Users/ashoksaravanan/Coding/ScribeLec/server/output/MA421/lectures/2024-1
0-22-Convexity/figures/15.2.png>
Package pdftex.def Info: /Users/ashoksaravanan/Coding/ScribeLec/server/output/M
A421/lectures/2024-10-22-Convexity/figures/15.2.png  used on input line 685.
(pdftex.def)             Requested size: 56.3685pt x 35.87091pt.
[15 </Users/ashoksaravanan/Coding/ScribeLec/server/output/MA421/lectures/2024-1
0-22-Convexity/figures/15.1.png (PNG copy)> </Users/ashoksaravanan/Coding/Scrib
eLec/server/output/MA421/lectures/2024-10-22-Convexity/figures/15.3.png (PNG co
py)> </Users/ashoksaravanan/Coding/ScribeLec/server/output/MA421/lectures/2024-
10-22-Convexity/figures/15.2.png (PNG copy)>]

enddocument/afterlastpage: lastpage setting LastPage.
(_logs/notes.aux)
 ***********
LaTeX2e <2023-11-01> patch level 1
L3 programming layer <2024-02-20>
 ***********


LaTeX Warning: Label(s) may have changed. Rerun to get cross-references right.


Package rerunfilecheck Warning: File `notes.out' has changed.
(rerunfilecheck)                Rerun to get outlines right
(rerunfilecheck)                or use package `bookmark'.

Package rerunfilecheck Info: Checksums for `notes.out':
(rerunfilecheck)             Before: F05A6FBF8B39A5CA4E2024A66CF069A9;5385
(rerunfilecheck)             After:  2732A74E2011A70E501EF4B79E2748B8;5778.
 ) 
Here is how much of TeX's memory you used:
 13393 strings out of 474116
 239424 string characters out of 5743682
 1940187 words of memory out of 5000000
 35395 multiletter control sequences out of 15000+600000
 607095 words of font info for 76 fonts, out of 8000000 for 9000
 1141 hyphenation exceptions out of 8191
 75i,11n,79p,1561b,448s stack positions out of 10000i,1000n,20000p,200000b,200000s
</usr/local/texlive/2024/texmf-dist/fonts/type1/public/lm/lmbx12.pfb></usr/lo
cal/texlive/2024/texmf-dist/fonts/type1/public/lm/lmex10.pfb></usr/local/texliv
e/2024/texmf-dist/fonts/type1/public/lm/lmmi10.pfb></usr/local/texlive/2024/tex
mf-dist/fonts/type1/public/lm/lmmi7.pfb></usr/local/texlive/2024/texmf-dist/fon
ts/type1/public/lm/lmr10.pfb></usr/local/texlive/2024/texmf-dist/fonts/type1/pu
blic/lm/lmr12.pfb></usr/local/texlive/2024/texmf-dist/fonts/type1/public/lm/lmr
17.pfb></usr/local/texlive/2024/texmf-dist/fonts/type1/public/lm/lmr7.pfb></usr
/local/texlive/2024/texmf-dist/fonts/type1/public/lm/lmsy10.pfb></usr/local/tex
live/2024/texmf-dist/fonts/type1/public/amsfonts/symbols/msam10.pfb></usr/local
/texlive/2024/texmf-dist/fonts/type1/public/amsfonts/symbols/msbm10.pfb>
Output written on _logs/notes.pdf (15 pages, 275007 bytes).
PDF statistics:
 479 PDF objects out of 1000 (max. 8388607)
 391 compressed objects within 4 object streams
 120 named destinations out of 1000 (max. 500000)
 669 words of extra memory for PDF output out of 10000 (max. 10000000)

