\BOOKMARK [1][-]{section.1}{\376\377\000K\000e\000y\000\040\000T\000e\000r\000m\000s}{}% 1
\BOOKMARK [2][-]{subsection.1.1}{\376\377\000L\000i\000n\000e\000a\000r\000\040\000P\000r\000o\000g\000r\000a\000m\000m\000i\000n\000g\000\040\000F\000u\000n\000d\000a\000m\000e\000n\000t\000a\000l\000s}{section.1}% 2
\BOOKMARK [2][-]{subsection.1.2}{\376\377\000L\000i\000n\000e\000a\000r\000\040\000P\000r\000o\000g\000r\000a\000m\000m\000i\000n\000g\000\040\000A\000l\000g\000o\000r\000i\000t\000h\000m\000s}{section.1}% 3
\BOOKMARK [2][-]{subsection.1.3}{\376\377\000N\000e\000t\000w\000o\000r\000k\000\040\000O\000p\000t\000i\000m\000i\000z\000a\000t\000i\000o\000n}{section.1}% 4
\BOOKMARK [2][-]{subsection.1.4}{\376\377\000I\000n\000t\000e\000g\000e\000r\000\040\000P\000r\000o\000g\000r\000a\000m\000m\000i\000n\000g}{section.1}% 5
\BOOKMARK [2][-]{subsection.1.5}{\376\377\000A\000d\000v\000a\000n\000c\000e\000d\000\040\000T\000o\000p\000i\000c\000s}{section.1}% 6
\BOOKMARK [1][-]{section.2}{\376\377\000P\000r\000o\000b\000l\000e\000m\000\040\000T\000y\000p\000e\000s}{}% 7
\BOOKMARK [2][-]{subsection.2.1}{\376\377\000L\000i\000n\000e\000a\000r\000\040\000P\000r\000o\000g\000r\000a\000m\000m\000i\000n\000g\000\040\000F\000u\000n\000d\000a\000m\000e\000n\000t\000a\000l\000s}{section.2}% 8
\BOOKMARK [2][-]{subsection.2.2}{\376\377\000S\000i\000m\000p\000l\000e\000x\000\040\000M\000e\000t\000h\000o\000d\000\040\000A\000l\000g\000o\000r\000i\000t\000h\000m\000s\000\040\000a\000n\000d\000\040\000A\000n\000a\000l\000y\000s\000i\000s}{section.2}% 9
\BOOKMARK [2][-]{subsection.2.3}{\376\377\000D\000u\000a\000l\000i\000t\000y\000\040\000a\000n\000d\000\040\000O\000p\000t\000i\000m\000a\000l\000i\000t\000y\000\040\000C\000o\000n\000d\000i\000t\000i\000o\000n\000s}{section.2}% 10
\BOOKMARK [2][-]{subsection.2.4}{\376\377\000N\000e\000t\000w\000o\000r\000k\000\040\000F\000l\000o\000w\000\040\000P\000r\000o\000b\000l\000e\000m\000s}{section.2}% 11
\BOOKMARK [2][-]{subsection.2.5}{\376\377\000I\000n\000t\000e\000g\000e\000r\000\040\000P\000r\000o\000g\000r\000a\000m\000m\000i\000n\000g}{section.2}% 12
\BOOKMARK [2][-]{subsection.2.6}{\376\377\000A\000d\000v\000a\000n\000c\000e\000d\000\040\000T\000o\000p\000i\000c\000s}{section.2}% 13
\BOOKMARK [1][-]{section.3}{\376\377\000A\000l\000g\000o\000r\000i\000t\000h\000m\000\040\000S\000o\000l\000u\000t\000i\000o\000n\000s}{}% 14
\BOOKMARK [2][-]{subsection.3.1}{\376\377\000L\000i\000n\000e\000a\000r\000\040\000P\000r\000o\000g\000r\000a\000m\000m\000i\000n\000g\000\040\000F\000u\000n\000d\000a\000m\000e\000n\000t\000a\000l\000s}{section.3}% 15
\BOOKMARK [2][-]{subsection.3.2}{\376\377\000L\000i\000n\000e\000a\000r\000\040\000P\000r\000o\000g\000r\000a\000m\000m\000i\000n\000g\000\040\000S\000e\000n\000s\000i\000t\000i\000v\000i\000t\000y\000\040\000A\000n\000a\000l\000y\000s\000i\000s}{section.3}% 16
\BOOKMARK [2][-]{subsection.3.3}{\376\377\000A\000d\000v\000a\000n\000c\000e\000d\000\040\000L\000i\000n\000e\000a\000r\000\040\000P\000r\000o\000g\000r\000a\000m\000m\000i\000n\000g\000\040\000T\000e\000c\000h\000n\000i\000q\000u\000e\000s}{section.3}% 17
\BOOKMARK [2][-]{subsection.3.4}{\376\377\000N\000e\000t\000w\000o\000r\000k\000\040\000F\000l\000o\000w\000\040\000P\000r\000o\000b\000l\000e\000m\000s}{section.3}% 18
\BOOKMARK [2][-]{subsection.3.5}{\376\377\000S\000h\000o\000r\000t\000e\000s\000t\000\040\000P\000a\000t\000h\000\040\000A\000l\000g\000o\000r\000i\000t\000h\000m\000s}{section.3}% 19
\BOOKMARK [2][-]{subsection.3.6}{\376\377\000G\000r\000a\000p\000h\000i\000c\000a\000l\000\040\000M\000e\000t\000h\000o\000d\000s}{section.3}% 20
\BOOKMARK [2][-]{subsection.3.7}{\376\377\000F\000a\000r\000k\000a\000s\000'\000\040\000L\000e\000m\000m\000a}{section.3}% 21
