This is pdfTeX, Version 3.141592653-2.6-1.40.26 (TeX Live 2024) (preloaded format=pdflatex 2024.12.3)  18 DEC 2024 14:17
entering extended mode
 \write18 enabled.
 file:line:error style messages enabled.
 %&-line parsing enabled.
**"/Users/ashoksaravanan/Coding/ScribeLec/server/output/CS 243/lectures/12L2-di
stance-clusters/notes.tex"

(/Users/ashoksaravanan/Coding/ScribeLec/server/output/CS 243/lectures/12L2-dist
ance-clusters/notes.tex
LaTeX2e <2023-11-01> patch level 1
L3 programming layer <2024-02-20>
(/usr/local/texlive/2024/texmf-dist/tex/latex/base/article.cls
Document Class: article 2023/05/17 v1.4n Standard LaTeX document class
(/usr/local/texlive/2024/texmf-dist/tex/latex/base/size10.clo
File: size10.clo 2023/05/17 v1.4n Standard LaTeX file (size option)
)
\c@part=\count188
\c@section=\count189
\c@subsection=\count190
\c@subsubsection=\count191
\c@paragraph=\count192
\c@subparagraph=\count193
\c@figure=\count194
\c@table=\count195
\abovecaptionskip=\skip48
\belowcaptionskip=\skip49
\bibindent=\dimen140
)
(/usr/local/texlive/2024/texmf-dist/tex/latex/base/fontenc.sty
Package: fontenc 2021/04/29 v2.0v Standard LaTeX package
)
(/usr/local/texlive/2024/texmf-dist/tex/latex/base/inputenc.sty
Package: inputenc 2021/02/14 v1.3d Input encoding file
\inpenc@prehook=\toks17
\inpenc@posthook=\toks18
)
(/usr/local/texlive/2024/texmf-dist/tex/latex/lm/lmodern.sty
Package: lmodern 2015/05/01 v1.6.1 Latin Modern Fonts
LaTeX Font Info:    Overwriting symbol font `operators' in version `normal'
(Font)                  OT1/cmr/m/n --> OT1/lmr/m/n on input line 22.
LaTeX Font Info:    Overwriting symbol font `letters' in version `normal'
(Font)                  OML/cmm/m/it --> OML/lmm/m/it on input line 23.
LaTeX Font Info:    Overwriting symbol font `symbols' in version `normal'
(Font)                  OMS/cmsy/m/n --> OMS/lmsy/m/n on input line 24.
LaTeX Font Info:    Overwriting symbol font `largesymbols' in version `normal'
(Font)                  OMX/cmex/m/n --> OMX/lmex/m/n on input line 25.
LaTeX Font Info:    Overwriting symbol font `operators' in version `bold'
(Font)                  OT1/cmr/bx/n --> OT1/lmr/bx/n on input line 26.
LaTeX Font Info:    Overwriting symbol font `letters' in version `bold'
(Font)                  OML/cmm/b/it --> OML/lmm/b/it on input line 27.
LaTeX Font Info:    Overwriting symbol font `symbols' in version `bold'
(Font)                  OMS/cmsy/b/n --> OMS/lmsy/b/n on input line 28.
LaTeX Font Info:    Overwriting symbol font `largesymbols' in version `bold'
(Font)                  OMX/cmex/m/n --> OMX/lmex/m/n on input line 29.
LaTeX Font Info:    Overwriting math alphabet `\mathbf' in version `normal'
(Font)                  OT1/cmr/bx/n --> OT1/lmr/bx/n on input line 31.
LaTeX Font Info:    Overwriting math alphabet `\mathsf' in version `normal'
(Font)                  OT1/cmss/m/n --> OT1/lmss/m/n on input line 32.
LaTeX Font Info:    Overwriting math alphabet `\mathit' in version `normal'
(Font)                  OT1/cmr/m/it --> OT1/lmr/m/it on input line 33.
LaTeX Font Info:    Overwriting math alphabet `\mathtt' in version `normal'
(Font)                  OT1/cmtt/m/n --> OT1/lmtt/m/n on input line 34.
LaTeX Font Info:    Overwriting math alphabet `\mathbf' in version `bold'
(Font)                  OT1/cmr/bx/n --> OT1/lmr/bx/n on input line 35.
LaTeX Font Info:    Overwriting math alphabet `\mathsf' in version `bold'
(Font)                  OT1/cmss/bx/n --> OT1/lmss/bx/n on input line 36.
LaTeX Font Info:    Overwriting math alphabet `\mathit' in version `bold'
(Font)                  OT1/cmr/bx/it --> OT1/lmr/bx/it on input line 37.
LaTeX Font Info:    Overwriting math alphabet `\mathtt' in version `bold'
(Font)                  OT1/cmtt/m/n --> OT1/lmtt/m/n on input line 38.
)
(/usr/local/texlive/2024/texmf-dist/tex/latex/base/textcomp.sty
Package: textcomp 2020/02/02 v2.0n Standard LaTeX package
)
(/usr/local/texlive/2024/texmf-dist/tex/latex/lastpage/lastpage.sty
Package: lastpage 2023/10/14 v2.0e lastpage: 2.09 or 2e? (HMM)

(/usr/local/texlive/2024/texmf-dist/tex/latex/lastpage/lastpage2e.sty
Package: lastpage2e 2023/10/14 v2.0e Decide which 2e lastpage version to use (H
MM)

(/usr/local/texlive/2024/texmf-dist/tex/latex/lastpage/lastpagemodern.sty
Package: lastpagemodern 2023-10-14 v2.0e Refers to last page's name (HMM; JPG)
\c@lastpagecount=\count196
) 
)) (/usr/local/texlive/2024/texmf-dist/tex/latex/geometry/geometry.sty
Package: geometry 2020/01/02 v5.9 Page Geometry

(/usr/local/texlive/2024/texmf-dist/tex/latex/graphics/keyval.sty
Package: keyval 2022/05/29 v1.15 key=value parser (DPC)
\KV@toks@=\toks19
)
(/usr/local/texlive/2024/texmf-dist/tex/generic/iftex/ifvtex.sty
Package: ifvtex 2019/10/25 v1.7 ifvtex legacy package. Use iftex instead.

(/usr/local/texlive/2024/texmf-dist/tex/generic/iftex/iftex.sty
Package: iftex 2022/02/03 v1.0f TeX engine tests
))
\Gm@cnth=\count197
\Gm@cntv=\count198
\c@Gm@tempcnt=\count199
\Gm@bindingoffset=\dimen141
\Gm@wd@mp=\dimen142
\Gm@odd@mp=\dimen143
\Gm@even@mp=\dimen144
\Gm@layoutwidth=\dimen145
\Gm@layoutheight=\dimen146
\Gm@layouthoffset=\dimen147
\Gm@layoutvoffset=\dimen148
\Gm@dimlist=\toks20
)
(/usr/local/texlive/2024/texmf-dist/tex/latex/hyperref/hyperref.sty
Package: hyperref 2024-01-20 v7.01h Hypertext links for LaTeX

(/usr/local/texlive/2024/texmf-dist/tex/latex/kvsetkeys/kvsetkeys.sty
Package: kvsetkeys 2022-10-05 v1.19 Key value parser (HO)
)
(/usr/local/texlive/2024/texmf-dist/tex/generic/kvdefinekeys/kvdefinekeys.sty
Package: kvdefinekeys 2019-12-19 v1.6 Define keys (HO)
)
(/usr/local/texlive/2024/texmf-dist/tex/generic/pdfescape/pdfescape.sty
Package: pdfescape 2019/12/09 v1.15 Implements pdfTeX's escape features (HO)

(/usr/local/texlive/2024/texmf-dist/tex/generic/ltxcmds/ltxcmds.sty
Package: ltxcmds 2023-12-04 v1.26 LaTeX kernel commands for general use (HO)
)
(/usr/local/texlive/2024/texmf-dist/tex/generic/pdftexcmds/pdftexcmds.sty
Package: pdftexcmds 2020-06-27 v0.33 Utility functions of pdfTeX for LuaTeX (HO
)

(/usr/local/texlive/2024/texmf-dist/tex/generic/infwarerr/infwarerr.sty
Package: infwarerr 2019/12/03 v1.5 Providing info/warning/error messages (HO)
)
Package pdftexcmds Info: \pdf@primitive is available.
Package pdftexcmds Info: \pdf@ifprimitive is available.
Package pdftexcmds Info: \pdfdraftmode found.
))
(/usr/local/texlive/2024/texmf-dist/tex/latex/hycolor/hycolor.sty
Package: hycolor 2020-01-27 v1.10 Color options for hyperref/bookmark (HO)
)
(/usr/local/texlive/2024/texmf-dist/tex/latex/auxhook/auxhook.sty
Package: auxhook 2019-12-17 v1.6 Hooks for auxiliary files (HO)
)
(/usr/local/texlive/2024/texmf-dist/tex/latex/hyperref/nameref.sty
Package: nameref 2023-11-26 v2.56 Cross-referencing by name of section

(/usr/local/texlive/2024/texmf-dist/tex/latex/refcount/refcount.sty
Package: refcount 2019/12/15 v3.6 Data extraction from label references (HO)
)
(/usr/local/texlive/2024/texmf-dist/tex/generic/gettitlestring/gettitlestring.s
ty
Package: gettitlestring 2019/12/15 v1.6 Cleanup title references (HO)
 (/usr/local/texlive/2024/texmf-dist/tex/latex/kvoptions/kvoptions.sty
Package: kvoptions 2022-06-15 v3.15 Key value format for package options (HO)
))
\c@section@level=\count266
)
(/usr/local/texlive/2024/texmf-dist/tex/latex/etoolbox/etoolbox.sty
Package: etoolbox 2020/10/05 v2.5k e-TeX tools for LaTeX (JAW)
\etb@tempcnta=\count267
)
\@linkdim=\dimen149
\Hy@linkcounter=\count268
\Hy@pagecounter=\count269

(/usr/local/texlive/2024/texmf-dist/tex/latex/hyperref/pd1enc.def
File: pd1enc.def 2024-01-20 v7.01h Hyperref: PDFDocEncoding definition (HO)
Now handling font encoding PD1 ...
... no UTF-8 mapping file for font encoding PD1
)
(/usr/local/texlive/2024/texmf-dist/tex/generic/intcalc/intcalc.sty
Package: intcalc 2019/12/15 v1.3 Expandable calculations with integers (HO)
)
\Hy@SavedSpaceFactor=\count270

(/usr/local/texlive/2024/texmf-dist/tex/latex/hyperref/puenc.def
File: puenc.def 2024-01-20 v7.01h Hyperref: PDF Unicode definition (HO)
Now handling font encoding PU ...
... no UTF-8 mapping file for font encoding PU
)
Package hyperref Info: Hyper figures OFF on input line 4179.
Package hyperref Info: Link nesting OFF on input line 4184.
Package hyperref Info: Hyper index ON on input line 4187.
Package hyperref Info: Plain pages OFF on input line 4194.
Package hyperref Info: Backreferencing OFF on input line 4199.
Package hyperref Info: Implicit mode ON; LaTeX internals redefined.
Package hyperref Info: Bookmarks ON on input line 4446.
\c@Hy@tempcnt=\count271

(/usr/local/texlive/2024/texmf-dist/tex/latex/url/url.sty
\Urlmuskip=\muskip16
Package: url 2013/09/16  ver 3.4  Verb mode for urls, etc.
)
LaTeX Info: Redefining \url on input line 4784.
\XeTeXLinkMargin=\dimen150

(/usr/local/texlive/2024/texmf-dist/tex/generic/bitset/bitset.sty
Package: bitset 2019/12/09 v1.3 Handle bit-vector datatype (HO)

(/usr/local/texlive/2024/texmf-dist/tex/generic/bigintcalc/bigintcalc.sty
Package: bigintcalc 2019/12/15 v1.5 Expandable calculations on big integers (HO
)
))
\Fld@menulength=\count272
\Field@Width=\dimen151
\Fld@charsize=\dimen152
Package hyperref Info: Hyper figures OFF on input line 6063.
Package hyperref Info: Link nesting OFF on input line 6068.
Package hyperref Info: Hyper index ON on input line 6071.
Package hyperref Info: backreferencing OFF on input line 6078.
Package hyperref Info: Link coloring OFF on input line 6083.
Package hyperref Info: Link coloring with OCG OFF on input line 6088.
Package hyperref Info: PDF/A mode OFF on input line 6093.

(/usr/local/texlive/2024/texmf-dist/tex/latex/base/atbegshi-ltx.sty
Package: atbegshi-ltx 2021/01/10 v1.0c Emulation of the original atbegshi
package with kernel methods
)
\Hy@abspage=\count273
\c@Item=\count274
\c@Hfootnote=\count275
)
Package hyperref Info: Driver (autodetected): hpdftex.

(/usr/local/texlive/2024/texmf-dist/tex/latex/hyperref/hpdftex.def
File: hpdftex.def 2024-01-20 v7.01h Hyperref driver for pdfTeX

(/usr/local/texlive/2024/texmf-dist/tex/latex/base/atveryend-ltx.sty
Package: atveryend-ltx 2020/08/19 v1.0a Emulation of the original atveryend pac
kage
with kernel methods
)
\Fld@listcount=\count276
\c@bookmark@seq@number=\count277

(/usr/local/texlive/2024/texmf-dist/tex/latex/rerunfilecheck/rerunfilecheck.sty
Package: rerunfilecheck 2022-07-10 v1.10 Rerun checks for auxiliary files (HO)

(/usr/local/texlive/2024/texmf-dist/tex/generic/uniquecounter/uniquecounter.sty
Package: uniquecounter 2019/12/15 v1.4 Provide unlimited unique counter (HO)
)
Package uniquecounter Info: New unique counter `rerunfilecheck' on input line 2
85.
)
\Hy@SectionHShift=\skip50
) (/usr/local/texlive/2024/texmf-dist/tex/latex/enumitem/enumitem.sty
Package: enumitem 2019/06/20 v3.9 Customized lists
\labelindent=\skip51
\enit@outerparindent=\dimen153
\enit@toks=\toks21
\enit@inbox=\box51
\enit@count@id=\count278
\enitdp@description=\count279
)
(/usr/local/texlive/2024/texmf-dist/tex/latex/fancyhdr/fancyhdr.sty
Package: fancyhdr 2022/11/09 v4.1 Extensive control of page headers and footers

\f@nch@headwidth=\skip52
\f@nch@O@elh=\skip53
\f@nch@O@erh=\skip54
\f@nch@O@olh=\skip55
\f@nch@O@orh=\skip56
\f@nch@O@elf=\skip57
\f@nch@O@erf=\skip58
\f@nch@O@olf=\skip59
\f@nch@O@orf=\skip60
)
(/usr/local/texlive/2024/texmf-dist/tex/latex/xcolor/xcolor.sty
Package: xcolor 2023/11/15 v3.01 LaTeX color extensions (UK)

(/usr/local/texlive/2024/texmf-dist/tex/latex/graphics-cfg/color.cfg
File: color.cfg 2016/01/02 v1.6 sample color configuration
)
Package xcolor Info: Driver file: pdftex.def on input line 274.

(/usr/local/texlive/2024/texmf-dist/tex/latex/graphics-def/pdftex.def
File: pdftex.def 2022/09/22 v1.2b Graphics/color driver for pdftex
)
(/usr/local/texlive/2024/texmf-dist/tex/latex/graphics/mathcolor.ltx)
Package xcolor Info: Model `cmy' substituted by `cmy0' on input line 1350.
Package xcolor Info: Model `hsb' substituted by `rgb' on input line 1354.
Package xcolor Info: Model `RGB' extended on input line 1366.
Package xcolor Info: Model `HTML' substituted by `rgb' on input line 1368.
Package xcolor Info: Model `Hsb' substituted by `hsb' on input line 1369.
Package xcolor Info: Model `tHsb' substituted by `hsb' on input line 1370.
Package xcolor Info: Model `HSB' substituted by `hsb' on input line 1371.
Package xcolor Info: Model `Gray' substituted by `gray' on input line 1372.
Package xcolor Info: Model `wave' substituted by `hsb' on input line 1373.
)
(/usr/local/texlive/2024/texmf-dist/tex/latex/breakurl/breakurl.sty
Package: breakurl 2013/04/10 v1.40 Breakable hyperref URLs

(/usr/local/texlive/2024/texmf-dist/tex/latex/xkeyval/xkeyval.sty
Package: xkeyval 2022/06/16 v2.9 package option processing (HA)

(/usr/local/texlive/2024/texmf-dist/tex/generic/xkeyval/xkeyval.tex
(/usr/local/texlive/2024/texmf-dist/tex/generic/xkeyval/xkvutils.tex
\XKV@toks=\toks22
\XKV@tempa@toks=\toks23
)
\XKV@depth=\count280
File: xkeyval.tex 2014/12/03 v2.7a key=value parser (HA)
))
(/usr/local/texlive/2024/texmf-dist/tex/generic/iftex/ifpdf.sty
Package: ifpdf 2019/10/25 v3.4 ifpdf legacy package. Use iftex instead.
)

Package breakurl Warning: You are using breakurl while processing via pdflatex.

(breakurl)                \burl will be just a synonym of \url.
(breakurl)                 on input line 48.

) (/usr/local/texlive/2024/texmf-dist/tex/latex/amsmath/amsmath.sty
Package: amsmath 2023/05/13 v2.17o AMS math features
\@mathmargin=\skip61

For additional information on amsmath, use the `?' option.
(/usr/local/texlive/2024/texmf-dist/tex/latex/amsmath/amstext.sty
Package: amstext 2021/08/26 v2.01 AMS text

(/usr/local/texlive/2024/texmf-dist/tex/latex/amsmath/amsgen.sty
File: amsgen.sty 1999/11/30 v2.0 generic functions
\@emptytoks=\toks24
\ex@=\dimen154
))
(/usr/local/texlive/2024/texmf-dist/tex/latex/amsmath/amsbsy.sty
Package: amsbsy 1999/11/29 v1.2d Bold Symbols
\pmbraise@=\dimen155
)
(/usr/local/texlive/2024/texmf-dist/tex/latex/amsmath/amsopn.sty
Package: amsopn 2022/04/08 v2.04 operator names
)
\inf@bad=\count281
LaTeX Info: Redefining \frac on input line 234.
\uproot@=\count282
\leftroot@=\count283
LaTeX Info: Redefining \overline on input line 399.
LaTeX Info: Redefining \colon on input line 410.
\classnum@=\count284
\DOTSCASE@=\count285
LaTeX Info: Redefining \ldots on input line 496.
LaTeX Info: Redefining \dots on input line 499.
LaTeX Info: Redefining \cdots on input line 620.
\Mathstrutbox@=\box52
\strutbox@=\box53
LaTeX Info: Redefining \big on input line 722.
LaTeX Info: Redefining \Big on input line 723.
LaTeX Info: Redefining \bigg on input line 724.
LaTeX Info: Redefining \Bigg on input line 725.
\big@size=\dimen156
LaTeX Font Info:    Redeclaring font encoding OML on input line 743.
LaTeX Font Info:    Redeclaring font encoding OMS on input line 744.
\macc@depth=\count286
LaTeX Info: Redefining \bmod on input line 905.
LaTeX Info: Redefining \pmod on input line 910.
LaTeX Info: Redefining \smash on input line 940.
LaTeX Info: Redefining \relbar on input line 970.
LaTeX Info: Redefining \Relbar on input line 971.
\c@MaxMatrixCols=\count287
\dotsspace@=\muskip17
\c@parentequation=\count288
\dspbrk@lvl=\count289
\tag@help=\toks25
\row@=\count290
\column@=\count291
\maxfields@=\count292
\andhelp@=\toks26
\eqnshift@=\dimen157
\alignsep@=\dimen158
\tagshift@=\dimen159
\tagwidth@=\dimen160
\totwidth@=\dimen161
\lineht@=\dimen162
\@envbody=\toks27
\multlinegap=\skip62
\multlinetaggap=\skip63
\mathdisplay@stack=\toks28
LaTeX Info: Redefining \[ on input line 2953.
LaTeX Info: Redefining \] on input line 2954.
)
(/usr/local/texlive/2024/texmf-dist/tex/latex/amsfonts/amssymb.sty
Package: amssymb 2013/01/14 v3.01 AMS font symbols

(/usr/local/texlive/2024/texmf-dist/tex/latex/amsfonts/amsfonts.sty
Package: amsfonts 2013/01/14 v3.01 Basic AMSFonts support
\symAMSa=\mathgroup4
\symAMSb=\mathgroup5
LaTeX Font Info:    Redeclaring math symbol \hbar on input line 98.
LaTeX Font Info:    Overwriting math alphabet `\mathfrak' in version `bold'
(Font)                  U/euf/m/n --> U/euf/b/n on input line 106.
))
(/usr/local/texlive/2024/texmf-dist/tex/latex/mathtools/mathtools.sty
Package: mathtools 2024/03/11 v1.30 mathematical typesetting tools

(/usr/local/texlive/2024/texmf-dist/tex/latex/tools/calc.sty
Package: calc 2023/07/08 v4.3 Infix arithmetic (KKT,FJ)
\calc@Acount=\count293
\calc@Bcount=\count294
\calc@Adimen=\dimen163
\calc@Bdimen=\dimen164
\calc@Askip=\skip64
\calc@Bskip=\skip65
LaTeX Info: Redefining \setlength on input line 80.
LaTeX Info: Redefining \addtolength on input line 81.
\calc@Ccount=\count295
\calc@Cskip=\skip66
)
(/usr/local/texlive/2024/texmf-dist/tex/latex/mathtools/mhsetup.sty
Package: mhsetup 2021/03/18 v1.4 programming setup (MH)
)
\g_MT_multlinerow_int=\count296
\l_MT_multwidth_dim=\dimen165
\origjot=\skip67
\l_MT_shortvdotswithinadjustabove_dim=\dimen166
\l_MT_shortvdotswithinadjustbelow_dim=\dimen167
\l_MT_above_intertext_sep=\dimen168
\l_MT_below_intertext_sep=\dimen169
\l_MT_above_shortintertext_sep=\dimen170
\l_MT_below_shortintertext_sep=\dimen171
\xmathstrut@box=\box54
\xmathstrut@dim=\dimen172
)
(/usr/local/texlive/2024/texmf-dist/tex/latex/amscls/amsthm.sty
Package: amsthm 2020/05/29 v2.20.6
\thm@style=\toks29
\thm@bodyfont=\toks30
\thm@headfont=\toks31
\thm@notefont=\toks32
\thm@headpunct=\toks33
\thm@preskip=\skip68
\thm@postskip=\skip69
\thm@headsep=\skip70
\dth@everypar=\toks34
)
(/usr/local/texlive/2024/texmf-dist/tex/latex/thmtools/thmtools.sty
Package: thmtools 2023/05/04 v0.76
\thmt@toks=\toks35
\c@thmt@dummyctr=\count297

(/usr/local/texlive/2024/texmf-dist/tex/latex/thmtools/thm-patch.sty
Package: thm-patch 2023/05/04 v0.76

(/usr/local/texlive/2024/texmf-dist/tex/latex/thmtools/parseargs.sty
Package: parseargs 2023/05/04 v0.76
\@parsespec=\toks36
))
(/usr/local/texlive/2024/texmf-dist/tex/latex/thmtools/thm-kv.sty
Package: thm-kv 2023/05/04 v0.76
Package thm-kv Info: Theorem names will be uppercased on input line 42.
Package thm-kv Info: kvsetkeys patch (v1.16 or later) on input line 158.
)
(/usr/local/texlive/2024/texmf-dist/tex/latex/thmtools/thm-autoref.sty
Package: thm-autoref 2023/05/04 v0.76

(/usr/local/texlive/2024/texmf-dist/tex/latex/thmtools/aliasctr.sty
Package: aliasctr 2023/05/04 v0.76
))
(/usr/local/texlive/2024/texmf-dist/tex/latex/thmtools/thm-listof.sty
Package: thm-listof 2023/05/04 v0.76
)
(/usr/local/texlive/2024/texmf-dist/tex/latex/thmtools/thm-restate.sty
Package: thm-restate 2023/05/04 v0.76
)
(/usr/local/texlive/2024/texmf-dist/tex/latex/thmtools/thm-amsthm.sty
Package: thm-amsthm 2023/05/04 v0.76
\thmt@style@headstyle=\toks37
))
(/usr/local/texlive/2024/texmf-dist/tex/latex/float/float.sty
Package: float 2001/11/08 v1.3d Float enhancements (AL)
\c@float@type=\count298
\float@exts=\toks38
\float@box=\box55
\@float@everytoks=\toks39
\@floatcapt=\box56
)
(/usr/local/texlive/2024/texmf-dist/tex/latex/caption/subcaption.sty
Package: subcaption 2023/07/28 v1.6b Sub-captions (AR)

(/usr/local/texlive/2024/texmf-dist/tex/latex/caption/caption.sty
Package: caption 2023/08/05 v3.6o Customizing captions (AR)

(/usr/local/texlive/2024/texmf-dist/tex/latex/caption/caption3.sty
Package: caption3 2023/07/31 v2.4d caption3 kernel (AR)
\caption@tempdima=\dimen173
\captionmargin=\dimen174
\caption@leftmargin=\dimen175
\caption@rightmargin=\dimen176
\caption@width=\dimen177
\caption@indent=\dimen178
\caption@parindent=\dimen179
\caption@hangindent=\dimen180
Package caption Info: Standard document class detected.
)
\c@caption@flags=\count299
\c@continuedfloat=\count300
Package caption Info: float package is loaded.
Package caption Info: hyperref package is loaded.
)
Package caption Info: New subtype `subfigure' on input line 238.
\c@subfigure=\count301
Package caption Info: New subtype `subtable' on input line 238.
\c@subtable=\count302
)
Package hyperref Info: Option `colorlinks' set `true' on input line 33.
Package hyperref Info: Option `breaklinks' set `true' on input line 33.


Package hyperref Warning: Option `bookmarks' has already been used,
(hyperref)                setting the option has no effect on input line 33.


(/usr/local/texlive/2024/texmf-dist/tex/latex/newunicodechar/newunicodechar.sty
Package: newunicodechar 2018/04/08 v1.2 Defining Unicode characters
)
LaTeX Font Info:    Trying to load font information for T1+lmr on input line 68
.
 (/usr/local/texlive/2024/texmf-dist/tex/latex/lm/t1lmr.fd
File: t1lmr.fd 2015/05/01 v1.6.1 Font defs for Latin Modern
)
(/usr/local/texlive/2024/texmf-dist/tex/latex/l3backend/l3backend-pdftex.def
File: l3backend-pdftex.def 2024-02-20 L3 backend support: PDF output (pdfTeX)
\l__color_backend_stack_int=\count303
\l__pdf_internal_box=\box57
)
(_logs/notes.aux)
\openout1 = `notes.aux'.

LaTeX Font Info:    Checking defaults for OML/cmm/m/it on input line 68.
LaTeX Font Info:    ... okay on input line 68.
LaTeX Font Info:    Checking defaults for OMS/cmsy/m/n on input line 68.
LaTeX Font Info:    ... okay on input line 68.
LaTeX Font Info:    Checking defaults for OT1/cmr/m/n on input line 68.
LaTeX Font Info:    ... okay on input line 68.
LaTeX Font Info:    Checking defaults for T1/cmr/m/n on input line 68.
LaTeX Font Info:    ... okay on input line 68.
LaTeX Font Info:    Checking defaults for TS1/cmr/m/n on input line 68.
LaTeX Font Info:    ... okay on input line 68.
LaTeX Font Info:    Checking defaults for OMX/cmex/m/n on input line 68.
LaTeX Font Info:    ... okay on input line 68.
LaTeX Font Info:    Checking defaults for U/cmr/m/n on input line 68.
LaTeX Font Info:    ... okay on input line 68.
LaTeX Font Info:    Checking defaults for PD1/pdf/m/n on input line 68.
LaTeX Font Info:    ... okay on input line 68.
LaTeX Font Info:    Checking defaults for PU/pdf/m/n on input line 68.
LaTeX Font Info:    ... okay on input line 68.

*geometry* driver: auto-detecting
*geometry* detected driver: pdftex
*geometry* verbose mode - [ preamble ] result:
* driver: pdftex
* paper: <default>
* layout: <same size as paper>
* layoutoffset:(h,v)=(0.0pt,0.0pt)
* modes: 
* h-part:(L,W,R)=(72.26999pt, 469.75502pt, 72.26999pt)
* v-part:(T,H,B)=(72.26999pt, 650.43001pt, 72.26999pt)
* \paperwidth=614.295pt
* \paperheight=794.96999pt
* \textwidth=469.75502pt
* \textheight=650.43001pt
* \oddsidemargin=0.0pt
* \evensidemargin=0.0pt
* \topmargin=-39.0pt
* \headheight=14.0pt
* \headsep=25.0pt
* \topskip=10.0pt
* \footskip=30.0pt
* \marginparwidth=65.0pt
* \marginparsep=11.0pt
* \columnsep=10.0pt
* \skip\footins=9.0pt plus 4.0pt minus 2.0pt
* \hoffset=0.0pt
* \voffset=0.0pt
* \mag=1000
* \@twocolumnfalse
* \@twosidefalse
* \@mparswitchfalse
* \@reversemarginfalse
* (1in=72.27pt=25.4mm, 1cm=28.453pt)

Package hyperref Info: Link coloring ON on input line 68.
\@outlinefile=\write3
\openout3 = `notes.out'.

(/usr/local/texlive/2024/texmf-dist/tex/context/base/mkii/supp-pdf.mkii
[Loading MPS to PDF converter (version 2006.09.02).]
\scratchcounter=\count304
\scratchdimen=\dimen181
\scratchbox=\box58
\nofMPsegments=\count305
\nofMParguments=\count306
\everyMPshowfont=\toks40
\MPscratchCnt=\count307
\MPscratchDim=\dimen182
\MPnumerator=\count308
\makeMPintoPDFobject=\count309
\everyMPtoPDFconversion=\toks41
) (/usr/local/texlive/2024/texmf-dist/tex/latex/graphics/graphicx.sty
Package: graphicx 2021/09/16 v1.2d Enhanced LaTeX Graphics (DPC,SPQR)

(/usr/local/texlive/2024/texmf-dist/tex/latex/graphics/graphics.sty
Package: graphics 2022/03/10 v1.4e Standard LaTeX Graphics (DPC,SPQR)

(/usr/local/texlive/2024/texmf-dist/tex/latex/graphics/trig.sty
Package: trig 2021/08/11 v1.11 sin cos tan (DPC)
)
(/usr/local/texlive/2024/texmf-dist/tex/latex/graphics-cfg/graphics.cfg
File: graphics.cfg 2016/06/04 v1.11 sample graphics configuration
)
Package graphics Info: Driver file: pdftex.def on input line 107.
)
\Gin@req@height=\dimen183
\Gin@req@width=\dimen184
)
Package caption Info: Begin \AtBeginDocument code.
Package caption Info: End \AtBeginDocument code.
LaTeX Font Info:    Trying to load font information for OT1+lmr on input line 7
1.

(/usr/local/texlive/2024/texmf-dist/tex/latex/lm/ot1lmr.fd
File: ot1lmr.fd 2015/05/01 v1.6.1 Font defs for Latin Modern
)
LaTeX Font Info:    Trying to load font information for OML+lmm on input line 7
1.

(/usr/local/texlive/2024/texmf-dist/tex/latex/lm/omllmm.fd
File: omllmm.fd 2015/05/01 v1.6.1 Font defs for Latin Modern
)
LaTeX Font Info:    Trying to load font information for OMS+lmsy on input line 
71.

(/usr/local/texlive/2024/texmf-dist/tex/latex/lm/omslmsy.fd
File: omslmsy.fd 2015/05/01 v1.6.1 Font defs for Latin Modern
)
LaTeX Font Info:    Trying to load font information for OMX+lmex on input line 
71.

(/usr/local/texlive/2024/texmf-dist/tex/latex/lm/omxlmex.fd
File: omxlmex.fd 2015/05/01 v1.6.1 Font defs for Latin Modern
)
LaTeX Font Info:    External font `lmex10' loaded for size
(Font)              <12> on input line 71.
LaTeX Font Info:    External font `lmex10' loaded for size
(Font)              <8> on input line 71.
LaTeX Font Info:    External font `lmex10' loaded for size
(Font)              <6> on input line 71.
LaTeX Font Info:    Trying to load font information for U+msa on input line 71.


(/usr/local/texlive/2024/texmf-dist/tex/latex/amsfonts/umsa.fd
File: umsa.fd 2013/01/14 v3.01 AMS symbols A
)
LaTeX Font Info:    Trying to load font information for U+msb on input line 71.


(/usr/local/texlive/2024/texmf-dist/tex/latex/amsfonts/umsb.fd
File: umsb.fd 2013/01/14 v3.01 AMS symbols B
) [1

{/usr/local/texlive/2024/texmf-var/fonts/map/pdftex/updmap/pdftex.map}{/usr/loc
al/texlive/2024/texmf-dist/fonts/enc/dvips/lm/lm-ec.enc}] [2]
LaTeX Font Info:    External font `lmex10' loaded for size
(Font)              <10> on input line 112.
LaTeX Font Info:    External font `lmex10' loaded for size
(Font)              <7> on input line 112.
LaTeX Font Info:    External font `lmex10' loaded for size
(Font)              <5> on input line 112.
LaTeX Font Info:    Trying to load font information for TS1+lmr on input line 1
16.

(/usr/local/texlive/2024/texmf-dist/tex/latex/lm/ts1lmr.fd
File: ts1lmr.fd 2015/05/01 v1.6.1 Font defs for Latin Modern
)
Underfull \hbox (badness 10000) in paragraph at lines 109--116

 []


Underfull \hbox (badness 10000) in paragraph at lines 119--124

 []

[3{/usr/local/texlive/2024/texmf-dist/fonts/enc/dvips/lm/lm-mathit.enc}{/usr/lo
cal/texlive/2024/texmf-dist/fonts/enc/dvips/lm/lm-rm.enc}{/usr/local/texlive/20
24/texmf-dist/fonts/enc/dvips/lm/lm-ts1.enc}]
Underfull \hbox (badness 10000) in paragraph at lines 141--144

 []


Underfull \hbox (badness 10000) in paragraph at lines 147--149

 []

[4] [5]
</Users/ashoksaravanan/Coding/ScribeLec/server/output/CS 243/lectures/12L2-dist
ance-clusters/figures/6.1.png, id=58, 78.2925pt x 610.28pt>
File: /Users/ashoksaravanan/Coding/ScribeLec/server/output/CS 243/lectures/12L2
-distance-clusters/figures/6.1.png Graphic file (type png)
<use /Users/ashoksaravanan/Coding/ScribeLec/server/output/CS 243/lectures/12L2-
distance-clusters/figures/6.1.png>
Package pdftex.def Info: /Users/ashoksaravanan/Coding/ScribeLec/server/output/C
S 243/lectures/12L2-distance-clusters/figures/6.1.png  used on input line 190.
(pdftex.def)             Requested size: 70.46037pt x 549.24692pt.
</Users/ashoksaravanan/Coding/ScribeLec/server/output/CS 243/lectures/12L2-dist
ance-clusters/figures/6.2.png, id=59, 369.38pt x 439.6425pt>
File: /Users/ashoksaravanan/Coding/ScribeLec/server/output/CS 243/lectures/12L2
-distance-clusters/figures/6.2.png Graphic file (type png)
<use /Users/ashoksaravanan/Coding/ScribeLec/server/output/CS 243/lectures/12L2-
distance-clusters/figures/6.2.png>
Package pdftex.def Info: /Users/ashoksaravanan/Coding/ScribeLec/server/output/C
S 243/lectures/12L2-distance-clusters/figures/6.2.png  used on input line 196.
(pdftex.def)             Requested size: 70.46037pt x 83.86165pt.
</Users/ashoksaravanan/Coding/ScribeLec/server/output/CS 243/lectures/12L2-dist
ance-clusters/figures/6.3.png, id=60, 365.365pt x 438.63875pt>
File: /Users/ashoksaravanan/Coding/ScribeLec/server/output/CS 243/lectures/12L2
-distance-clusters/figures/6.3.png Graphic file (type png)
<use /Users/ashoksaravanan/Coding/ScribeLec/server/output/CS 243/lectures/12L2-
distance-clusters/figures/6.3.png>
Package pdftex.def Info: /Users/ashoksaravanan/Coding/ScribeLec/server/output/C
S 243/lectures/12L2-distance-clusters/figures/6.3.png  used on input line 202.
(pdftex.def)             Requested size: 70.46037pt x 84.58713pt.
 [6] [7 </Users/ashoksaravanan/Coding/ScribeLec/server/output/CS 243/lectures/1
2L2-distance-clusters/figures/6.1.png (PNG copy)> </Users/ashoksaravanan/Coding
/ScribeLec/server/output/CS 243/lectures/12L2-distance-clusters/figures/6.2.png
 (PNG copy)> </Users/ashoksaravanan/Coding/ScribeLec/server/output/CS 243/lectu
res/12L2-distance-clusters/figures/6.3.png (PNG copy)>]
</Users/ashoksaravanan/Coding/ScribeLec/server/output/CS 243/lectures/12L2-dist
ance-clusters/figures/7.1.png, id=76, 743.77875pt x 444.66125pt>
File: /Users/ashoksaravanan/Coding/ScribeLec/server/output/CS 243/lectures/12L2
-distance-clusters/figures/7.1.png Graphic file (type png)
<use /Users/ashoksaravanan/Coding/ScribeLec/server/output/CS 243/lectures/12L2-
distance-clusters/figures/7.1.png>
Package pdftex.def Info: /Users/ashoksaravanan/Coding/ScribeLec/server/output/C
S 243/lectures/12L2-distance-clusters/figures/7.1.png  used on input line 222.
(pdftex.def)             Requested size: 70.46037pt x 42.12112pt.
 [8 </Users/ashoksaravanan/Coding/ScribeLec/server/output/CS 243/lectures/12L2-
distance-clusters/figures/7.1.png (PNG copy)>]
</Users/ashoksaravanan/Coding/ScribeLec/server/output/CS 243/lectures/12L2-dist
ance-clusters/figures/8.1.png, id=86, 601.24625pt x 432.61626pt>
File: /Users/ashoksaravanan/Coding/ScribeLec/server/output/CS 243/lectures/12L2
-distance-clusters/figures/8.1.png Graphic file (type png)
<use /Users/ashoksaravanan/Coding/ScribeLec/server/output/CS 243/lectures/12L2-
distance-clusters/figures/8.1.png>
Package pdftex.def Info: /Users/ashoksaravanan/Coding/ScribeLec/server/output/C
S 243/lectures/12L2-distance-clusters/figures/8.1.png  used on input line 242.
(pdftex.def)             Requested size: 70.46037pt x 50.69708pt.
 [9 </Users/ashoksaravanan/Coding/ScribeLec/server/output/CS 243/lectures/12L2-
distance-clusters/figures/8.1.png (PNG copy)>]
</Users/ashoksaravanan/Coding/ScribeLec/server/output/CS 243/lectures/12L2-dist
ance-clusters/figures/9.1.png, id=96, 562.1pt x 437.635pt>
File: /Users/ashoksaravanan/Coding/ScribeLec/server/output/CS 243/lectures/12L2
-distance-clusters/figures/9.1.png Graphic file (type png)
<use /Users/ashoksaravanan/Coding/ScribeLec/server/output/CS 243/lectures/12L2-
distance-clusters/figures/9.1.png>
Package pdftex.def Info: /Users/ashoksaravanan/Coding/ScribeLec/server/output/C
S 243/lectures/12L2-distance-clusters/figures/9.1.png  used on input line 262.
(pdftex.def)             Requested size: 70.46037pt x 54.85782pt.

[10 </Users/ashoksaravanan/Coding/ScribeLec/server/output/CS 243/lectures/12L2-
distance-clusters/figures/9.1.png (PNG copy)>]
</Users/ashoksaravanan/Coding/ScribeLec/server/output/CS 243/lectures/12L2-dist
ance-clusters/figures/10.1.png, id=106, 370.38374pt x 274.02374pt>
File: /Users/ashoksaravanan/Coding/ScribeLec/server/output/CS 243/lectures/12L2
-distance-clusters/figures/10.1.png Graphic file (type png)
<use /Users/ashoksaravanan/Coding/ScribeLec/server/output/CS 243/lectures/12L2-
distance-clusters/figures/10.1.png>
Package pdftex.def Info: /Users/ashoksaravanan/Coding/ScribeLec/server/output/C
S 243/lectures/12L2-distance-clusters/figures/10.1.png  used on input line 282.

(pdftex.def)             Requested size: 70.46037pt x 52.12776pt.
</Users/ashoksaravanan/Coding/ScribeLec/server/output/CS 243/lectures/12L2-dist
ance-clusters/figures/10.2.png, id=107, 543.02875pt x 520.94624pt>
File: /Users/ashoksaravanan/Coding/ScribeLec/server/output/CS 243/lectures/12L2
-distance-clusters/figures/10.2.png Graphic file (type png)
<use /Users/ashoksaravanan/Coding/ScribeLec/server/output/CS 243/lectures/12L2-
distance-clusters/figures/10.2.png>
Package pdftex.def Info: /Users/ashoksaravanan/Coding/ScribeLec/server/output/C
S 243/lectures/12L2-distance-clusters/figures/10.2.png  used on input line 288.

(pdftex.def)             Requested size: 70.46037pt x 67.59026pt.
 [11 </Users/ashoksaravanan/Coding/ScribeLec/server/output/CS 243/lectures/12L2
-distance-clusters/figures/10.1.png (PNG copy)> </Users/ashoksaravanan/Coding/S
cribeLec/server/output/CS 243/lectures/12L2-distance-clusters/figures/10.2.png 
(PNG copy)>]
</Users/ashoksaravanan/Coding/ScribeLec/server/output/CS 243/lectures/12L2-dist
ance-clusters/figures/11.1.png, id=117, 731.73375pt x 275.0275pt>
File: /Users/ashoksaravanan/Coding/ScribeLec/server/output/CS 243/lectures/12L2
-distance-clusters/figures/11.1.png Graphic file (type png)
<use /Users/ashoksaravanan/Coding/ScribeLec/server/output/CS 243/lectures/12L2-
distance-clusters/figures/11.1.png>
Package pdftex.def Info: /Users/ashoksaravanan/Coding/ScribeLec/server/output/C
S 243/lectures/12L2-distance-clusters/figures/11.1.png  used on input line 308.

(pdftex.def)             Requested size: 70.46037pt x 26.4804pt.
</Users/ashoksaravanan/Coding/ScribeLec/server/output/CS 243/lectures/12L2-dist
ance-clusters/figures/11.2.png, id=118, 1003.75pt x 275.0275pt>
File: /Users/ashoksaravanan/Coding/ScribeLec/server/output/CS 243/lectures/12L2
-distance-clusters/figures/11.2.png Graphic file (type png)
<use /Users/ashoksaravanan/Coding/ScribeLec/server/output/CS 243/lectures/12L2-
distance-clusters/figures/11.2.png>
Package pdftex.def Info: /Users/ashoksaravanan/Coding/ScribeLec/server/output/C
S 243/lectures/12L2-distance-clusters/figures/11.2.png  used on input line 314.

(pdftex.def)             Requested size: 70.46037pt x 19.30424pt.
 [12 </Users/ashoksaravanan/Coding/ScribeLec/server/output/CS 243/lectures/12L2
-distance-clusters/figures/11.1.png (PNG copy)> </Users/ashoksaravanan/Coding/S
cribeLec/server/output/CS 243/lectures/12L2-distance-clusters/figures/11.2.png 
(PNG copy)>]
</Users/ashoksaravanan/Coding/ScribeLec/server/output/CS 243/lectures/12L2-dist
ance-clusters/figures/12.1.png, id=128, 420.57124pt x 389.455pt>
File: /Users/ashoksaravanan/Coding/ScribeLec/server/output/CS 243/lectures/12L2
-distance-clusters/figures/12.1.png Graphic file (type png)
<use /Users/ashoksaravanan/Coding/ScribeLec/server/output/CS 243/lectures/12L2-
distance-clusters/figures/12.1.png>
Package pdftex.def Info: /Users/ashoksaravanan/Coding/ScribeLec/server/output/C
S 243/lectures/12L2-distance-clusters/figures/12.1.png  used on input line 332.

(pdftex.def)             Requested size: 70.46037pt x 65.24376pt.
</Users/ashoksaravanan/Coding/ScribeLec/server/output/CS 243/lectures/12L2-dist
ance-clusters/figures/12.2.png, id=129, 516.93124pt x 389.455pt>
File: /Users/ashoksaravanan/Coding/ScribeLec/server/output/CS 243/lectures/12L2
-distance-clusters/figures/12.2.png Graphic file (type png)
<use /Users/ashoksaravanan/Coding/ScribeLec/server/output/CS 243/lectures/12L2-
distance-clusters/figures/12.2.png>
Package pdftex.def Info: /Users/ashoksaravanan/Coding/ScribeLec/server/output/C
S 243/lectures/12L2-distance-clusters/figures/12.2.png  used on input line 338.

(pdftex.def)             Requested size: 70.46037pt x 53.07927pt.
 [13 </Users/ashoksaravanan/Coding/ScribeLec/server/output/CS 243/lectures/12L2
-distance-clusters/figures/12.1.png (PNG copy)> </Users/ashoksaravanan/Coding/S
cribeLec/server/output/CS 243/lectures/12L2-distance-clusters/figures/12.2.png 
(PNG copy)>]
</Users/ashoksaravanan/Coding/ScribeLec/server/output/CS 243/lectures/12L2-dist
ance-clusters/figures/13.1.png, id=141, 327.2225pt x 184.69pt>
File: /Users/ashoksaravanan/Coding/ScribeLec/server/output/CS 243/lectures/12L2
-distance-clusters/figures/13.1.png Graphic file (type png)
<use /Users/ashoksaravanan/Coding/ScribeLec/server/output/CS 243/lectures/12L2-
distance-clusters/figures/13.1.png>
Package pdftex.def Info: /Users/ashoksaravanan/Coding/ScribeLec/server/output/C
S 243/lectures/12L2-distance-clusters/figures/13.1.png  used on input line 362.

(pdftex.def)             Requested size: 70.46037pt x 39.76674pt.
 [14 </Users/ashoksaravanan/Coding/ScribeLec/server/output/CS 243/lectures/12L2
-distance-clusters/figures/13.1.png (PNG copy)>]
</Users/ashoksaravanan/Coding/ScribeLec/server/output/CS 243/lectures/12L2-dist
ance-clusters/figures/14.1.png, id=151, 486.81876pt x 367.3725pt>
File: /Users/ashoksaravanan/Coding/ScribeLec/server/output/CS 243/lectures/12L2
-distance-clusters/figures/14.1.png Graphic file (type png)
<use /Users/ashoksaravanan/Coding/ScribeLec/server/output/CS 243/lectures/12L2-
distance-clusters/figures/14.1.png>
Package pdftex.def Info: /Users/ashoksaravanan/Coding/ScribeLec/server/output/C
S 243/lectures/12L2-distance-clusters/figures/14.1.png  used on input line 380.

(pdftex.def)             Requested size: 70.46037pt x 53.16954pt.
 [15 </Users/ashoksaravanan/Coding/ScribeLec/server/output/CS 243/lectures/12L2
-distance-clusters/figures/14.1.png (PNG copy)>] [16] [17]
</Users/ashoksaravanan/Coding/ScribeLec/server/output/CS 243/lectures/12L2-dist
ance-clusters/figures/17.1.png, id=179, 429.605pt x 338.26375pt>
File: /Users/ashoksaravanan/Coding/ScribeLec/server/output/CS 243/lectures/12L2
-distance-clusters/figures/17.1.png Graphic file (type png)
<use /Users/ashoksaravanan/Coding/ScribeLec/server/output/CS 243/lectures/12L2-
distance-clusters/figures/17.1.png>
Package pdftex.def Info: /Users/ashoksaravanan/Coding/ScribeLec/server/output/C
S 243/lectures/12L2-distance-clusters/figures/17.1.png  used on input line 472.

(pdftex.def)             Requested size: 70.46037pt x 55.4756pt.
 [18{/usr/local/texlive/2024/texmf-dist/fonts/enc/dvips/lm/lm-mathex.enc}{/usr/
local/texlive/2024/texmf-dist/fonts/enc/dvips/lm/lm-mathsy.enc} </Users/ashoksa
ravanan/Coding/ScribeLec/server/output/CS 243/lectures/12L2-distance-clusters/f
igures/17.1.png (PNG copy)>]
/Users/ashoksaravanan/Coding/ScribeLec/server/output/CS 243/lectures/12L2-dista
nce-clusters/notes.tex:484: Missing $ inserted.
<inserted text> 
                $
l.484 ...es a distance matrix using the `distance_
                                                  matrix` function from the ...
I've inserted a begin-math/end-math symbol since I think
you left one out. Proceed, with fingers crossed.

/Users/ashoksaravanan/Coding/ScribeLec/server/output/CS 243/lectures/12L2-dista
nce-clusters/notes.tex:485: Missing $ inserted.
<inserted text> 
                $
l.485 \subsection
                 {Figures}%
I've inserted a begin-math/end-math symbol since I think
you left one out. Proceed, with fingers crossed.


Overfull \hbox (448.86275pt too wide) in paragraph at lines 484--485
\T1/lmr/m/n/10 cial In-tel-li-gence Ba-sics. The code snip-pet cal-cu-lates a d
is-tance ma-trix us-ing the `distance$[]\OML/lmm/m/it/10 atrix\OT1/lmr/m/n/10 `
\OML/lmm/m/it/10 functionfromthe\OT1/lmr/m/n/10 `\OML/lmm/m/it/10 scipy:spatial
\OT1/lmr/m/n/10 `\OML/lmm/m/it/10 library:The\OT1/lmr/m/n/10 `\OML/lmm/m/it/10 
xyLocations\OT1/lmr/m/n/10 `\OML/lmm/m/it/10 variablegenerates\OT1/lmr/m/n/10 2
5\OML/lmm/m/it/10 datapoints; eachwithtwocoordinates \OT1/lmr/m/n/10 :
 []


Overfull \hbox (799.01836pt too wide) in paragraph at lines 484--485
\OML/lmm/m/it/10 anintegerbetween\OT1/lmr/m/n/10 0\OML/lmm/m/it/10 and\OT1/lmr/
m/n/10 9\OML/lmm/m/it/10 ; andaGaussian \OMS/lmsy/m/n/10   \OML/lmm/m/it/10 dis
tributedvaluecenteredaround\OT1/lmr/m/n/10 5\OML/lmm/m/it/10 withastandarddevia
tionof\OT1/lmr/m/n/10 3\OML/lmm/m/it/10 :ThesepointsarethenstoredinaPandasDataF
ramecalled\OT1/lmr/m/n/10 `\OML/lmm/m/it/10 xyLocs\OT1/lmr/m/n/10 `\OML/lmm/m/i
t/10 :The\OT1/lmr/m/n/10 `\OML/lmm/m/it/10 distance[]atrix\OT1/lmr/m/n/10 `\OML
/lmm/m/it/10 functioncomputestheEuclideandistancesbetweenallpairsofpointsin\OT1
/lmr/m/n/10 `\OML/lmm/m/it/10 xyLocs\OT1/lmr/m/n/10 `\OML/lmm/m/it/10 :The\OT1/
lmr/m/n/10 `\OML/lmm/m/it/10 print\OT1/lmr/m/n/10 (\OML/lmm/m/it/10 distances\O
T1/lmr/m/n/10 [:
 []


Overfull \hbox (1929.29901pt too wide) in paragraph at lines 484--485
\OT1/lmr/m/n/10 5\OML/lmm/m/it/10 ; \OT1/lmr/m/n/10 : 5])`\OML/lmm/m/it/10 comm
anddisplaysthetop \OMS/lmsy/m/n/10   \OML/lmm/m/it/10 left\OT1/lmr/m/n/10 5\OML
/lmm/m/it/10 x\OT1/lmr/m/n/10 5\OML/lmm/m/it/10 portionofthedistancematrix; sho
wingthedistancesbetweenthefirstfivedatapoints:The\OT1/lmr/m/n/10 `\OML/lmm/m/it
/10 plt:imshow\OT1/lmr/m/n/10 (\OML/lmm/m/it/10 distances\OT1/lmr/m/n/10 )`\OML
/lmm/m/it/10 commandthendisplaysaheatmapvisualizationoftheentiredistancematrix:
Theheatmapshowsthedistancesbetweenall\OT1/lmr/m/n/10 25\OML/lmm/m/it/10 datapoi
nts; withdarkercolorsrepresentingsmallerdistancesandlightercolorsrepresentingla
rgerdistances:Thecontextsuggeststhatthisslideispartofasectionondatavisualizatio
nanddistancemetrics; whicharecrucialforvariousAItasks; suchasclusteringandpatte
rnrecognition:$ 
 []

</Users/ashoksaravanan/Coding/ScribeLec/server/output/CS 243/lectures/12L2-dist
ance-clusters/figures/18.1.png, id=193, 244.915pt x 241.90375pt>
File: /Users/ashoksaravanan/Coding/ScribeLec/server/output/CS 243/lectures/12L2
-distance-clusters/figures/18.1.png Graphic file (type png)
<use /Users/ashoksaravanan/Coding/ScribeLec/server/output/CS 243/lectures/12L2-
distance-clusters/figures/18.1.png>
Package pdftex.def Info: /Users/ashoksaravanan/Coding/ScribeLec/server/output/C
S 243/lectures/12L2-distance-clusters/figures/18.1.png  used on input line 490.

(pdftex.def)             Requested size: 70.46037pt x 69.59293pt.
[19 </Users/ashoksaravanan/Coding/ScribeLec/server/output/CS 243/lectures/12L2-
distance-clusters/figures/18.1.png (PNG copy)>]
</Users/ashoksaravanan/Coding/ScribeLec/server/output/CS 243/lectures/12L2-dist
ance-clusters/figures/19.1.png, id=204, 8.03pt x 146.5475pt>
File: /Users/ashoksaravanan/Coding/ScribeLec/server/output/CS 243/lectures/12L2
-distance-clusters/figures/19.1.png Graphic file (type png)
<use /Users/ashoksaravanan/Coding/ScribeLec/server/output/CS 243/lectures/12L2-
distance-clusters/figures/19.1.png>
Package pdftex.def Info: /Users/ashoksaravanan/Coding/ScribeLec/server/output/C
S 243/lectures/12L2-distance-clusters/figures/19.1.png  used on input line 527.

(pdftex.def)             Requested size: 70.46037pt x 1286.94962pt.
 [20] [21]
Overfull \vbox (686.81114pt too high) has occurred while \output is active []


[22 </Users/ashoksaravanan/Coding/ScribeLec/server/output/CS 243/lectures/12L2-
distance-clusters/figures/19.1.png (PNG copy)>] [23] [24]
</Users/ashoksaravanan/Coding/ScribeLec/server/output/CS 243/lectures/12L2-dist
ance-clusters/figures/22.1.png, id=240, 13.04875pt x 452.69125pt>
File: /Users/ashoksaravanan/Coding/ScribeLec/server/output/CS 243/lectures/12L2
-distance-clusters/figures/22.1.png Graphic file (type png)
<use /Users/ashoksaravanan/Coding/ScribeLec/server/output/CS 243/lectures/12L2-
distance-clusters/figures/22.1.png>
Package pdftex.def Info: /Users/ashoksaravanan/Coding/ScribeLec/server/output/C
S 243/lectures/12L2-distance-clusters/figures/22.1.png  used on input line 608.

(pdftex.def)             Requested size: 70.46037pt x 2444.77266pt.
 [25] [26]
Overfull \vbox (1844.63419pt too high) has occurred while \output is active []


[27 </Users/ashoksaravanan/Coding/ScribeLec/server/output/CS 243/lectures/12L2-
distance-clusters/figures/22.1.png (PNG copy)>] [28] [29] [30] [31] [32]
[33] [34] [35]
/Users/ashoksaravanan/Coding/ScribeLec/server/output/CS 243/lectures/12L2-dista
nce-clusters/notes.tex:740: Missing $ inserted.
<inserted text> 
                $
l.740 ... as `plt` and `seaborn` style, and `make_
                                                  blobs` from `sklearn.datas...
I've inserted a begin-math/end-math symbol since I think
you left one out. Proceed, with fingers crossed.

/Users/ashoksaravanan/Coding/ScribeLec/server/output/CS 243/lectures/12L2-dista
nce-clusters/notes.tex:741: Missing $ inserted.
<inserted text> 
                $
l.741 \subsection
                 {Figures}%
I've inserted a begin-math/end-math symbol since I think
you left one out. Proceed, with fingers crossed.


Overfull \hbox (826.5454pt too wide) in paragraph at lines 740--741
\T1/lmr/m/n/10 and `seaborn` style, and `make$[]\OML/lmm/m/it/10 lobs\OT1/lmr/m
/n/10 `\OML/lmm/m/it/10 from\OT1/lmr/m/n/10 `\OML/lmm/m/it/10 sklearn:datasets:
samples[]enerator\OT1/lmr/m/n/10 `\OML/lmm/m/it/10 forcreatingsampledata\OT1/lm
r/m/n/10 )\OML/lmm/m/it/10 :Itthengeneratesadataset\OT1/lmr/m/n/10 (`\OML/lmm/m
/it/10 X\OT1/lmr/m/n/10 `\OML/lmm/m/it/10 ; \OT1/lmr/m/n/10 `\OML/lmm/m/it/10 y
[]rue\OT1/lmr/m/n/10 `)\OML/lmm/m/it/10 with\OT1/lmr/m/n/10 300\OML/lmm/m/it/10
 samples; \OT1/lmr/m/n/10 4\OML/lmm/m/it/10 centers; andastandarddeviationof\OT
1/lmr/m/n/10 0\OML/lmm/m/it/10 :\OT1/lmr/m/n/10 6\OML/lmm/m/it/10 ; usingarando
mstateforreproducibility:Thefirstscatterplotvisualizesthegenerateddatapoints\OT
1/lmr/m/n/10 (`\OML/lmm/m/it/10 X\OT1/lmr/m/n/10 [:
 []


Overfull \hbox (670.0926pt too wide) in paragraph at lines 740--741
\OML/lmm/m/it/10 ; \OT1/lmr/m/n/10 0]`\OML/lmm/m/it/10 ; \OT1/lmr/m/n/10 `\OML/
lmm/m/it/10 X\OT1/lmr/m/n/10 [:\OML/lmm/m/it/10 ; \OT1/lmr/m/n/10 1]`)\OML/lmm/
m/it/10 withasizeof\OT1/lmr/m/n/10 50\OML/lmm/m/it/10 :Next; itimportsthe\OT1/l
mr/m/n/10 `\OML/lmm/m/it/10 KMeans\OT1/lmr/m/n/10 `\OML/lmm/m/it/10 classfrom\O
T1/lmr/m/n/10 `\OML/lmm/m/it/10 sklearn:cluster\OT1/lmr/m/n/10 `\OML/lmm/m/it/1
0 :Itinitializesa\OT1/lmr/m/n/10 `\OML/lmm/m/it/10 KMeans\OT1/lmr/m/n/10 `\OML/
lmm/m/it/10 objectwith\OT1/lmr/m/n/10 4\OML/lmm/m/it/10 clusters:Thecodefitsthe
modeltothedata\OT1/lmr/m/n/10 (`\OML/lmm/m/it/10 X\OT1/lmr/m/n/10 `)\OML/lmm/m/
it/10 using\OT1/lmr/m/n/10 `\OML/lmm/m/it/10 kmeans:fit\OT1/lmr/m/n/10 (\OML/lm
m/m/it/10 X\OT1/lmr/m/n/10 )`\OML/lmm/m/it/10 :Then; itpredictstheclusterassign
mentsforeachdatapoint\OT1/lmr/m/n/10 (`\OML/lmm/m/it/10 y[]means \OT1/lmr/m/n/1
0 =
 []


Overfull \hbox (271.35812pt too wide) in paragraph at lines 740--741
\OML/lmm/m/it/10 kmeans:predict\OT1/lmr/m/n/10 (\OML/lmm/m/it/10 X\OT1/lmr/m/n/
10 )`)\OML/lmm/m/it/10 :Thesecondscatterplotoverlaysthedatapointscoloredaccordi
ngtotheirpredictedcluster\OT1/lmr/m/n/10 (`\OML/lmm/m/it/10 y[]means\OT1/lmr/m/
n/10 `)\OML/lmm/m/it/10 :Finally; itextractstheclustercentroids\OT1/lmr/m/n/10 
(`\OML/lmm/m/it/10 centers \OT1/lmr/m/n/10 =
 []


Overfull \hbox (18.17534pt too wide) in paragraph at lines 740--741
\OML/lmm/m/it/10 kmeans:cluster[]enters[]\OT1/lmr/m/n/10 )\OML/lmm/m/it/10 andp
lotsthemaslargerblackpoints\OT1/lmr/m/n/10 (`\OML/lmm/m/it/10 plt:scatter\OT1/l
mr/m/n/10 (\OML/lmm/m/it/10 centers\OT1/lmr/m/n/10 [:\OML/lmm/m/it/10 ; \OT1/lm
r/m/n/10 0]\OML/lmm/m/it/10 ; centers\OT1/lmr/m/n/10 [:\OML/lmm/m/it/10 ; \OT1/
lmr/m/n/10 1]\OML/lmm/m/it/10 ; c \OT1/lmr/m/n/10 =[] \OML/lmm/m/it/10 black[];
 s \OT1/lmr/m/n/10 =
 []


Overfull \hbox (244.98898pt too wide) in paragraph at lines 740--741
\OT1/lmr/m/n/10 200\OML/lmm/m/it/10 ; alpha \OT1/lmr/m/n/10 = 0\OML/lmm/m/it/10
 :\OT1/lmr/m/n/10 5)`)\OML/lmm/m/it/10 :The\OT1/lmr/m/n/10 `\OML/lmm/m/it/10 cm
ap \OT1/lmr/m/n/10 =[] \OML/lmm/m/it/10 viridis[]\OT1/lmr/m/n/10 `\OML/lmm/m/it
/10 argumentinthesecondscatterplotspecifiesacolormapfortheclusters:Thecodesnipp
etdemonstratestheapplicationoftheK \OMS/lmsy/m/n/10  
 []


Overfull \hbox (434.21611pt too wide) in paragraph at lines 740--741
\OML/lmm/m/it/10 meansalgorithmtoadatasetandvisualizestheresultingclustersandce
ntroids:Thecontextofthecourseiscrucialforunderstandingthepracticalimplementatio
nofclusteringalgorithmsinPythonusingthescikit \OMS/lmsy/m/n/10  
 []

</Users/ashoksaravanan/Coding/ScribeLec/server/output/CS 243/lectures/12L2-dist
ance-clusters/figures/31.1.png, id=333, 256.96pt x 175.65625pt>
File: /Users/ashoksaravanan/Coding/ScribeLec/server/output/CS 243/lectures/12L2
-distance-clusters/figures/31.1.png Graphic file (type png)
<use /Users/ashoksaravanan/Coding/ScribeLec/server/output/CS 243/lectures/12L2-
distance-clusters/figures/31.1.png>
Package pdftex.def Info: /Users/ashoksaravanan/Coding/ScribeLec/server/output/C
S 243/lectures/12L2-distance-clusters/figures/31.1.png  used on input line 746.

(pdftex.def)             Requested size: 70.46037pt x 48.16489pt.
</Users/ashoksaravanan/Coding/ScribeLec/server/output/CS 243/lectures/12L2-dist
ance-clusters/figures/31.2.png, id=334, 387.4475pt x 263.98625pt>
File: /Users/ashoksaravanan/Coding/ScribeLec/server/output/CS 243/lectures/12L2
-distance-clusters/figures/31.2.png Graphic file (type png)
<use /Users/ashoksaravanan/Coding/ScribeLec/server/output/CS 243/lectures/12L2-
distance-clusters/figures/31.2.png>
Package pdftex.def Info: /Users/ashoksaravanan/Coding/ScribeLec/server/output/C
S 243/lectures/12L2-distance-clusters/figures/31.2.png  used on input line 752.

(pdftex.def)             Requested size: 70.46037pt x 48.0069pt.
[36 </Users/ashoksaravanan/Coding/ScribeLec/server/output/CS 243/lectures/12L2-
distance-clusters/figures/31.1.png (PNG copy)> </Users/ashoksaravanan/Coding/Sc
ribeLec/server/output/CS 243/lectures/12L2-distance-clusters/figures/31.2.png (
PNG copy)>] [37]
</Users/ashoksaravanan/Coding/ScribeLec/server/output/CS 243/lectures/12L2-dist
ance-clusters/figures/33.1.png, id=355, 345.29pt x 258.9675pt>
File: /Users/ashoksaravanan/Coding/ScribeLec/server/output/CS 243/lectures/12L2
-distance-clusters/figures/33.1.png Graphic file (type png)
<use /Users/ashoksaravanan/Coding/ScribeLec/server/output/CS 243/lectures/12L2-
distance-clusters/figures/33.1.png>
Package pdftex.def Info: /Users/ashoksaravanan/Coding/ScribeLec/server/output/C
S 243/lectures/12L2-distance-clusters/figures/33.1.png  used on input line 785.

(pdftex.def)             Requested size: 70.46037pt x 52.84367pt.
 [38 </Users/ashoksaravanan/Coding/ScribeLec/server/output/CS 243/lectures/12L2
-distance-clusters/figures/33.1.png (PNG copy)>]
</Users/ashoksaravanan/Coding/ScribeLec/server/output/CS 243/lectures/12L2-dist
ance-clusters/figures/34.1.png, id=365, 699.61375pt x 428.60126pt>
File: /Users/ashoksaravanan/Coding/ScribeLec/server/output/CS 243/lectures/12L2
-distance-clusters/figures/34.1.png Graphic file (type png)
<use /Users/ashoksaravanan/Coding/ScribeLec/server/output/CS 243/lectures/12L2-
distance-clusters/figures/34.1.png>
Package pdftex.def Info: /Users/ashoksaravanan/Coding/ScribeLec/server/output/C
S 243/lectures/12L2-distance-clusters/figures/34.1.png  used on input line 805.

(pdftex.def)             Requested size: 70.46037pt x 43.16347pt.
</Users/ashoksaravanan/Coding/ScribeLec/server/output/CS 243/lectures/12L2-dist
ance-clusters/figures/34.2.png, id=366, 699.61375pt x 428.60126pt>
File: /Users/ashoksaravanan/Coding/ScribeLec/server/output/CS 243/lectures/12L2
-distance-clusters/figures/34.2.png Graphic file (type png)
<use /Users/ashoksaravanan/Coding/ScribeLec/server/output/CS 243/lectures/12L2-
distance-clusters/figures/34.2.png>
Package pdftex.def Info: /Users/ashoksaravanan/Coding/ScribeLec/server/output/C
S 243/lectures/12L2-distance-clusters/figures/34.2.png  used on input line 811.

(pdftex.def)             Requested size: 70.46037pt x 43.16347pt.
</Users/ashoksaravanan/Coding/ScribeLec/server/output/CS 243/lectures/12L2-dist
ance-clusters/figures/34.3.png, id=367, 699.61375pt x 429.605pt>
File: /Users/ashoksaravanan/Coding/ScribeLec/server/output/CS 243/lectures/12L2
-distance-clusters/figures/34.3.png Graphic file (type png)
<use /Users/ashoksaravanan/Coding/ScribeLec/server/output/CS 243/lectures/12L2-
distance-clusters/figures/34.3.png>
Package pdftex.def Info: /Users/ashoksaravanan/Coding/ScribeLec/server/output/C
S 243/lectures/12L2-distance-clusters/figures/34.3.png  used on input line 817.

(pdftex.def)             Requested size: 70.46037pt x 43.26456pt.
</Users/ashoksaravanan/Coding/ScribeLec/server/output/CS 243/lectures/12L2-dist
ance-clusters/figures/34.4.png, id=368, 699.61375pt x 429.605pt>
File: /Users/ashoksaravanan/Coding/ScribeLec/server/output/CS 243/lectures/12L2
-distance-clusters/figures/34.4.png Graphic file (type png)
<use /Users/ashoksaravanan/Coding/ScribeLec/server/output/CS 243/lectures/12L2-
distance-clusters/figures/34.4.png>
Package pdftex.def Info: /Users/ashoksaravanan/Coding/ScribeLec/server/output/C
S 243/lectures/12L2-distance-clusters/figures/34.4.png  used on input line 823.

(pdftex.def)             Requested size: 70.46037pt x 43.26456pt.
 [39 </Users/ashoksaravanan/Coding/ScribeLec/server/output/CS 243/lectures/12L2
-distance-clusters/figures/34.1.png (PNG copy)> </Users/ashoksaravanan/Coding/S
cribeLec/server/output/CS 243/lectures/12L2-distance-clusters/figures/34.2.png 
(PNG copy)> </Users/ashoksaravanan/Coding/ScribeLec/server/output/CS 243/lectur
es/12L2-distance-clusters/figures/34.3.png (PNG copy)> </Users/ashoksaravanan/C
oding/ScribeLec/server/output/CS 243/lectures/12L2-distance-clusters/figures/34
.4.png (PNG copy)>]
</Users/ashoksaravanan/Coding/ScribeLec/server/output/CS 243/lectures/12L2-dist
ance-clusters/figures/35.1.png, id=378, 560.0925pt x 564.1075pt>
File: /Users/ashoksaravanan/Coding/ScribeLec/server/output/CS 243/lectures/12L2
-distance-clusters/figures/35.1.png Graphic file (type png)
<use /Users/ashoksaravanan/Coding/ScribeLec/server/output/CS 243/lectures/12L2-
distance-clusters/figures/35.1.png>
Package pdftex.def Info: /Users/ashoksaravanan/Coding/ScribeLec/server/output/C
S 243/lectures/12L2-distance-clusters/figures/35.1.png  used on input line 853.

(pdftex.def)             Requested size: 70.46037pt x 70.96085pt.
</Users/ashoksaravanan/Coding/ScribeLec/server/output/CS 243/lectures/12L2-dist
ance-clusters/figures/35.2.png, id=379, 564.1075pt x 565.11125pt>
File: /Users/ashoksaravanan/Coding/ScribeLec/server/output/CS 243/lectures/12L2
-distance-clusters/figures/35.2.png Graphic file (type png)
<use /Users/ashoksaravanan/Coding/ScribeLec/server/output/CS 243/lectures/12L2-
distance-clusters/figures/35.2.png>
Package pdftex.def Info: /Users/ashoksaravanan/Coding/ScribeLec/server/output/C
S 243/lectures/12L2-distance-clusters/figures/35.2.png  used on input line 859.

(pdftex.def)             Requested size: 70.46037pt x 70.57837pt.
</Users/ashoksaravanan/Coding/ScribeLec/server/output/CS 243/lectures/12L2-dist
ance-clusters/figures/35.3.png, id=380, 453.695pt x 449.68pt>
File: /Users/ashoksaravanan/Coding/ScribeLec/server/output/CS 243/lectures/12L2
-distance-clusters/figures/35.3.png Graphic file (type png)
<use /Users/ashoksaravanan/Coding/ScribeLec/server/output/CS 243/lectures/12L2-
distance-clusters/figures/35.3.png>
Package pdftex.def Info: /Users/ashoksaravanan/Coding/ScribeLec/server/output/C
S 243/lectures/12L2-distance-clusters/figures/35.3.png  used on input line 865.

(pdftex.def)             Requested size: 70.46037pt x 69.8369pt.
</Users/ashoksaravanan/Coding/ScribeLec/server/output/CS 243/lectures/12L2-dist
ance-clusters/figures/35.4.png, id=381, 453.695pt x 449.68pt>
File: /Users/ashoksaravanan/Coding/ScribeLec/server/output/CS 243/lectures/12L2
-distance-clusters/figures/35.4.png Graphic file (type png)
<use /Users/ashoksaravanan/Coding/ScribeLec/server/output/CS 243/lectures/12L2-
distance-clusters/figures/35.4.png>
Package pdftex.def Info: /Users/ashoksaravanan/Coding/ScribeLec/server/output/C
S 243/lectures/12L2-distance-clusters/figures/35.4.png  used on input line 871.

(pdftex.def)             Requested size: 70.46037pt x 69.8369pt.
</Users/ashoksaravanan/Coding/ScribeLec/server/output/CS 243/lectures/12L2-dist
ance-clusters/figures/35.5.png, id=382, 453.695pt x 449.68pt>
File: /Users/ashoksaravanan/Coding/ScribeLec/server/output/CS 243/lectures/12L2
-distance-clusters/figures/35.5.png Graphic file (type png)
<use /Users/ashoksaravanan/Coding/ScribeLec/server/output/CS 243/lectures/12L2-
distance-clusters/figures/35.5.png>
Package pdftex.def Info: /Users/ashoksaravanan/Coding/ScribeLec/server/output/C
S 243/lectures/12L2-distance-clusters/figures/35.5.png  used on input line 877.

(pdftex.def)             Requested size: 70.46037pt x 69.8369pt.
 [40 </Users/ashoksaravanan/Coding/ScribeLec/server/output/CS 243/lectures/12L2
-distance-clusters/figures/35.1.png (PNG copy)> </Users/ashoksaravanan/Coding/S
cribeLec/server/output/CS 243/lectures/12L2-distance-clusters/figures/35.2.png 
(PNG copy)> </Users/ashoksaravanan/Coding/ScribeLec/server/output/CS 243/lectur
es/12L2-distance-clusters/figures/35.3.png (PNG copy)> </Users/ashoksaravanan/C
oding/ScribeLec/server/output/CS 243/lectures/12L2-distance-clusters/figures/35
.4.png (PNG copy)> </Users/ashoksaravanan/Coding/ScribeLec/server/output/CS 243
/lectures/12L2-distance-clusters/figures/35.5.png (PNG copy)>] [41]
[42] [43]
</Users/ashoksaravanan/Coding/ScribeLec/server/output/CS 243/lectures/12L2-dist
ance-clusters/figures/39.1.png, id=421, 752.8125pt x 4.015pt>
File: /Users/ashoksaravanan/Coding/ScribeLec/server/output/CS 243/lectures/12L2
-distance-clusters/figures/39.1.png Graphic file (type png)
<use /Users/ashoksaravanan/Coding/ScribeLec/server/output/CS 243/lectures/12L2-
distance-clusters/figures/39.1.png>
Package pdftex.def Info: /Users/ashoksaravanan/Coding/ScribeLec/server/output/C
S 243/lectures/12L2-distance-clusters/figures/39.1.png  used on input line 957.

(pdftex.def)             Requested size: 70.46037pt x 0.37572pt.
</Users/ashoksaravanan/Coding/ScribeLec/server/output/CS 243/lectures/12L2-dist
ance-clusters/figures/39.2.png, id=422, 753.81625pt x 4.015pt>
File: /Users/ashoksaravanan/Coding/ScribeLec/server/output/CS 243/lectures/12L2
-distance-clusters/figures/39.2.png Graphic file (type png)
<use /Users/ashoksaravanan/Coding/ScribeLec/server/output/CS 243/lectures/12L2-
distance-clusters/figures/39.2.png>
Package pdftex.def Info: /Users/ashoksaravanan/Coding/ScribeLec/server/output/C
S 243/lectures/12L2-distance-clusters/figures/39.2.png  used on input line 963.

(pdftex.def)             Requested size: 70.46037pt x 0.37523pt.
</Users/ashoksaravanan/Coding/ScribeLec/server/output/CS 243/lectures/12L2-dist
ance-clusters/figures/39.3.png, id=423, 251.94125pt x 232.87pt>
File: /Users/ashoksaravanan/Coding/ScribeLec/server/output/CS 243/lectures/12L2
-distance-clusters/figures/39.3.png Graphic file (type png)
<use /Users/ashoksaravanan/Coding/ScribeLec/server/output/CS 243/lectures/12L2-
distance-clusters/figures/39.3.png>
Package pdftex.def Info: /Users/ashoksaravanan/Coding/ScribeLec/server/output/C
S 243/lectures/12L2-distance-clusters/figures/39.3.png  used on input line 969.

(pdftex.def)             Requested size: 70.46037pt x 65.12497pt.
</Users/ashoksaravanan/Coding/ScribeLec/server/output/CS 243/lectures/12L2-dist
ance-clusters/figures/39.4.png, id=424, 252.945pt x 232.87pt>
File: /Users/ashoksaravanan/Coding/ScribeLec/server/output/CS 243/lectures/12L2
-distance-clusters/figures/39.4.png Graphic file (type png)
<use /Users/ashoksaravanan/Coding/ScribeLec/server/output/CS 243/lectures/12L2-
distance-clusters/figures/39.4.png>
Package pdftex.def Info: /Users/ashoksaravanan/Coding/ScribeLec/server/output/C
S 243/lectures/12L2-distance-clusters/figures/39.4.png  used on input line 975.

(pdftex.def)             Requested size: 70.46037pt x 64.86914pt.
 [44 </Users/ashoksaravanan/Coding/ScribeLec/server/output/CS 243/lectures/12L2
-distance-clusters/figures/39.1.png (PNG copy)> </Users/ashoksaravanan/Coding/S
cribeLec/server/output/CS 243/lectures/12L2-distance-clusters/figures/39.2.png 
(PNG copy)> </Users/ashoksaravanan/Coding/ScribeLec/server/output/CS 243/lectur
es/12L2-distance-clusters/figures/39.3.png (PNG copy)> </Users/ashoksaravanan/C
oding/ScribeLec/server/output/CS 243/lectures/12L2-distance-clusters/figures/39
.4.png (PNG copy)>]
</Users/ashoksaravanan/Coding/ScribeLec/server/output/CS 243/lectures/12L2-dist
ance-clusters/figures/40.1.png, id=434, 563.10374pt x 5.01875pt>
File: /Users/ashoksaravanan/Coding/ScribeLec/server/output/CS 243/lectures/12L2
-distance-clusters/figures/40.1.png Graphic file (type png)
<use /Users/ashoksaravanan/Coding/ScribeLec/server/output/CS 243/lectures/12L2-
distance-clusters/figures/40.1.png>
Package pdftex.def Info: /Users/ashoksaravanan/Coding/ScribeLec/server/output/C
S 243/lectures/12L2-distance-clusters/figures/40.1.png  used on input line 993.

(pdftex.def)             Requested size: 70.46037pt x 0.62794pt.
</Users/ashoksaravanan/Coding/ScribeLec/server/output/CS 243/lectures/12L2-dist
ance-clusters/figures/40.2.png, id=435, 507.8975pt x 4.015pt>
File: /Users/ashoksaravanan/Coding/ScribeLec/server/output/CS 243/lectures/12L2
-distance-clusters/figures/40.2.png Graphic file (type png)
<use /Users/ashoksaravanan/Coding/ScribeLec/server/output/CS 243/lectures/12L2-
distance-clusters/figures/40.2.png>
Package pdftex.def Info: /Users/ashoksaravanan/Coding/ScribeLec/server/output/C
S 243/lectures/12L2-distance-clusters/figures/40.2.png  used on input line 999.

(pdftex.def)             Requested size: 70.46037pt x 0.55695pt.
</Users/ashoksaravanan/Coding/ScribeLec/server/output/CS 243/lectures/12L2-dist
ance-clusters/figures/40.3.png, id=436, 39.14626pt x 217.81375pt>
File: /Users/ashoksaravanan/Coding/ScribeLec/server/output/CS 243/lectures/12L2
-distance-clusters/figures/40.3.png Graphic file (type png)
<use /Users/ashoksaravanan/Coding/ScribeLec/server/output/CS 243/lectures/12L2-
distance-clusters/figures/40.3.png>
Package pdftex.def Info: /Users/ashoksaravanan/Coding/ScribeLec/server/output/C
S 243/lectures/12L2-distance-clusters/figures/40.3.png  used on input line 1005
.
(pdftex.def)             Requested size: 70.46037pt x 392.10098pt.
</Users/ashoksaravanan/Coding/ScribeLec/server/output/CS 243/lectures/12L2-dist
ance-clusters/figures/40.4.png, id=437, 235.88126pt x 216.81pt>
File: /Users/ashoksaravanan/Coding/ScribeLec/server/output/CS 243/lectures/12L2
-distance-clusters/figures/40.4.png Graphic file (type png)
<use /Users/ashoksaravanan/Coding/ScribeLec/server/output/CS 243/lectures/12L2-
distance-clusters/figures/40.4.png>
Package pdftex.def Info: /Users/ashoksaravanan/Coding/ScribeLec/server/output/C
S 243/lectures/12L2-distance-clusters/figures/40.4.png  used on input line 1011
.
(pdftex.def)             Requested size: 70.46037pt x 64.7623pt.
 [45] [46 </Users/ashoksaravanan/Coding/ScribeLec/server/output/CS 243/lectures
/12L2-distance-clusters/figures/40.1.png (PNG copy)> </Users/ashoksaravanan/Cod
ing/ScribeLec/server/output/CS 243/lectures/12L2-distance-clusters/figures/40.2
.png (PNG copy)> </Users/ashoksaravanan/Coding/ScribeLec/server/output/CS 243/l
ectures/12L2-distance-clusters/figures/40.3.png (PNG copy)> </Users/ashoksarava
nan/Coding/ScribeLec/server/output/CS 243/lectures/12L2-distance-clusters/figur
es/40.4.png (PNG copy)>]
</Users/ashoksaravanan/Coding/ScribeLec/server/output/CS 243/lectures/12L2-dist
ance-clusters/figures/41.1.png, id=451, 526.96875pt x 394.47375pt>
File: /Users/ashoksaravanan/Coding/ScribeLec/server/output/CS 243/lectures/12L2
-distance-clusters/figures/41.1.png Graphic file (type png)
<use /Users/ashoksaravanan/Coding/ScribeLec/server/output/CS 243/lectures/12L2-
distance-clusters/figures/41.1.png>
Package pdftex.def Info: /Users/ashoksaravanan/Coding/ScribeLec/server/output/C
S 243/lectures/12L2-distance-clusters/figures/41.1.png  used on input line 1039
.
(pdftex.def)             Requested size: 70.46037pt x 52.74002pt.
 [47 </Users/ashoksaravanan/Coding/ScribeLec/server/output/CS 243/lectures/12L2
-distance-clusters/figures/41.1.png (PNG copy)>]
</Users/ashoksaravanan/Coding/ScribeLec/server/output/CS 243/lectures/12L2-dist
ance-clusters/figures/42.1.png, id=461, 423.5825pt x 426.59375pt>
File: /Users/ashoksaravanan/Coding/ScribeLec/server/output/CS 243/lectures/12L2
-distance-clusters/figures/42.1.png Graphic file (type png)
<use /Users/ashoksaravanan/Coding/ScribeLec/server/output/CS 243/lectures/12L2-
distance-clusters/figures/42.1.png>
Package pdftex.def Info: /Users/ashoksaravanan/Coding/ScribeLec/server/output/C
S 243/lectures/12L2-distance-clusters/figures/42.1.png  used on input line 1071
.
(pdftex.def)             Requested size: 70.46037pt x 70.95773pt.
 [48 </Users/ashoksaravanan/Coding/ScribeLec/server/output/CS 243/lectures/12L2
-distance-clusters/figures/42.1.png (PNG copy)>] [49]

LaTeX Warning: File `cluster1.png' not found on input line 1123.


/Users/ashoksaravanan/Coding/ScribeLec/server/output/CS 243/lectures/12L2-dista
nce-clusters/notes.tex:1123: Package pdftex.def Error: File `cluster1.png' not 
found: using draft setting.

See the pdftex.def package documentation for explanation.
Type  H <return>  for immediate help.
 ...                                              
                                                  
l.1123 \includegraphics[width=2cm]{cluster1.png}
                                                 & \includegraphics[width=2c...

Try typing  <return>  to proceed.
If that doesn't work, type  X <return>  to quit.

LaTeX Font Info:    Trying to load font information for T1+lmtt on input line 1
123.
(/usr/local/texlive/2024/texmf-dist/tex/latex/lm/t1lmtt.fd
File: t1lmtt.fd 2015/05/01 v1.6.1 Font defs for Latin Modern
)

LaTeX Warning: File `cluster2.png' not found on input line 1123.


/Users/ashoksaravanan/Coding/ScribeLec/server/output/CS 243/lectures/12L2-dista
nce-clusters/notes.tex:1123: Package pdftex.def Error: File `cluster2.png' not 
found: using draft setting.

See the pdftex.def package documentation for explanation.
Type  H <return>  for immediate help.
 ...                                              
                                                  
l.1123 ...includegraphics[width=2cm]{cluster2.png}
                                                   & \includegraphics[width=...

Try typing  <return>  to proceed.
If that doesn't work, type  X <return>  to quit.


LaTeX Warning: File `cluster3.png' not found on input line 1123.


/Users/ashoksaravanan/Coding/ScribeLec/server/output/CS 243/lectures/12L2-dista
nce-clusters/notes.tex:1123: Package pdftex.def Error: File `cluster3.png' not 
found: using draft setting.

See the pdftex.def package documentation for explanation.
Type  H <return>  for immediate help.
 ...                                              
                                                  
l.1123 ...includegraphics[width=2cm]{cluster3.png}
                                                   \\
Try typing  <return>  to proceed.
If that doesn't work, type  X <return>  to quit.

</Users/ashoksaravanan/Coding/ScribeLec/server/output/CS 243/lectures/12L2-dist
ance-clusters/figures/44.1.png, id=481, 523.9575pt x 216.81pt>
File: /Users/ashoksaravanan/Coding/ScribeLec/server/output/CS 243/lectures/12L2
-distance-clusters/figures/44.1.png Graphic file (type png)
<use /Users/ashoksaravanan/Coding/ScribeLec/server/output/CS 243/lectures/12L2-
distance-clusters/figures/44.1.png>
Package pdftex.def Info: /Users/ashoksaravanan/Coding/ScribeLec/server/output/C
S 243/lectures/12L2-distance-clusters/figures/44.1.png  used on input line 1136
.
(pdftex.def)             Requested size: 70.46037pt x 29.1556pt.
[50 </Users/ashoksaravanan/Coding/ScribeLec/server/output/CS 243/lectures/12L2-
distance-clusters/figures/44.1.png (PNG copy)>]
</Users/ashoksaravanan/Coding/ScribeLec/server/output/CS 243/lectures/12L2-dist
ance-clusters/figures/45.1.png, id=492, 9.03375pt x 134.5025pt>
File: /Users/ashoksaravanan/Coding/ScribeLec/server/output/CS 243/lectures/12L2
-distance-clusters/figures/45.1.png Graphic file (type png)
<use /Users/ashoksaravanan/Coding/ScribeLec/server/output/CS 243/lectures/12L2-
distance-clusters/figures/45.1.png>
Package pdftex.def Info: /Users/ashoksaravanan/Coding/ScribeLec/server/output/C
S 243/lectures/12L2-distance-clusters/figures/45.1.png  used on input line 1187
.
(pdftex.def)             Requested size: 70.46037pt x 1049.36346pt.
</Users/ashoksaravanan/Coding/ScribeLec/server/output/CS 243/lectures/12L2-dist
ance-clusters/figures/45.2.png, id=493, 281.05pt x 132.495pt>
File: /Users/ashoksaravanan/Coding/ScribeLec/server/output/CS 243/lectures/12L2
-distance-clusters/figures/45.2.png Graphic file (type png)
<use /Users/ashoksaravanan/Coding/ScribeLec/server/output/CS 243/lectures/12L2-
distance-clusters/figures/45.2.png>
Package pdftex.def Info: /Users/ashoksaravanan/Coding/ScribeLec/server/output/C
S 243/lectures/12L2-distance-clusters/figures/45.2.png  used on input line 1193
.
(pdftex.def)             Requested size: 70.46037pt x 33.21666pt.
 [51] [52]
Overfull \vbox (449.22499pt too high) has occurred while \output is active []


[53 </Users/ashoksaravanan/Coding/ScribeLec/server/output/CS 243/lectures/12L2-
distance-clusters/figures/45.1.png (PNG copy)> </Users/ashoksaravanan/Coding/Sc
ribeLec/server/output/CS 243/lectures/12L2-distance-clusters/figures/45.2.png (
PNG copy)>] 
enddocument/afterlastpage: lastpage setting LastPage.
(_logs/notes.aux)
 ***********
LaTeX2e <2023-11-01> patch level 1
L3 programming layer <2024-02-20>
 ***********


LaTeX Warning: Label(s) may have changed. Rerun to get cross-references right.


Package rerunfilecheck Warning: File `notes.out' has changed.
(rerunfilecheck)                Rerun to get outlines right
(rerunfilecheck)                or use package `bookmark'.

Package rerunfilecheck Info: Checksums for `notes.out':
(rerunfilecheck)             Before: <no file>
(rerunfilecheck)             After:  61F7B1A30C328E6ACFFBF6C579771E5E;17649.

Package lastpage Warning: Rerun to get the references right on input line 1200.


 ) 
Here is how much of TeX's memory you used:
 15178 strings out of 474116
 273683 string characters out of 5743682
 1937187 words of memory out of 5000000
 36999 multiletter control sequences out of 15000+600000
 619758 words of font info for 82 fonts, out of 8000000 for 9000
 1141 hyphenation exceptions out of 8191
 83i,11n,131p,1729b,683s stack positions out of 10000i,1000n,20000p,200000b,200000s
</usr/local/texlive/2024/texmf-dist/fonts/type1/public/lm/lmbx10.pfb></usr/lo
cal/texlive/2024/texmf-dist/fonts/type1/public/lm/lmbx12.pfb></usr/local/texliv
e/2024/texmf-dist/fonts/type1/public/lm/lmbx8.pfb></usr/local/texlive/2024/texm
f-dist/fonts/type1/public/lm/lmex10.pfb></usr/local/texlive/2024/texmf-dist/fon
ts/type1/public/lm/lmmi10.pfb></usr/local/texlive/2024/texmf-dist/fonts/type1/p
ublic/lm/lmmi7.pfb></usr/local/texlive/2024/texmf-dist/fonts/type1/public/lm/lm
r10.pfb></usr/local/texlive/2024/texmf-dist/fonts/type1/public/lm/lmr12.pfb></u
sr/local/texlive/2024/texmf-dist/fonts/type1/public/lm/lmr17.pfb></usr/local/te
xlive/2024/texmf-dist/fonts/type1/public/lm/lmr7.pfb></usr/local/texlive/2024/t
exmf-dist/fonts/type1/public/lm/lmsy10.pfb></usr/local/texlive/2024/texmf-dist/
fonts/type1/public/lm/lmsy7.pfb></usr/local/texlive/2024/texmf-dist/fonts/type1
/public/lm/lmtt10.pfb>
Output written on _logs/notes.pdf (53 pages, 4610197 bytes).
PDF statistics:
 639 PDF objects out of 1000 (max. 8388607)
 507 compressed objects within 6 object streams
 279 named destinations out of 1000 (max. 500000)
 216 words of extra memory for PDF output out of 10000 (max. 10000000)

