This is pdfTeX, Version 3.141592653-2.6-1.40.26 (TeX Live 2024) (preloaded format=pdflatex 2024.12.3)  31 DEC 2024 14:22
entering extended mode
 \write18 enabled.
 file:line:error style messages enabled.
 %&-line parsing enabled.
**"/Users/ashoksaravanan/Coding/ScribeLec/server/output/MA 421/lectures/2024-11
-19-MaxFlowMinCut/notes.tex"

(/Users/ashoksaravanan/Coding/ScribeLec/server/output/MA 421/lectures/2024-11-1
9-MaxFlowMinCut/notes.tex
LaTeX2e <2023-11-01> patch level 1
L3 programming layer <2024-02-20>
(/usr/local/texlive/2024/texmf-dist/tex/latex/base/article.cls
Document Class: article 2023/05/17 v1.4n Standard LaTeX document class
(/usr/local/texlive/2024/texmf-dist/tex/latex/base/size10.clo
File: size10.clo 2023/05/17 v1.4n Standard LaTeX file (size option)
)
\c@part=\count188
\c@section=\count189
\c@subsection=\count190
\c@subsubsection=\count191
\c@paragraph=\count192
\c@subparagraph=\count193
\c@figure=\count194
\c@table=\count195
\abovecaptionskip=\skip48
\belowcaptionskip=\skip49
\bibindent=\dimen140
)
(/usr/local/texlive/2024/texmf-dist/tex/latex/base/fontenc.sty
Package: fontenc 2021/04/29 v2.0v Standard LaTeX package
)
(/usr/local/texlive/2024/texmf-dist/tex/latex/base/inputenc.sty
Package: inputenc 2021/02/14 v1.3d Input encoding file
\inpenc@prehook=\toks17
\inpenc@posthook=\toks18
)
(/usr/local/texlive/2024/texmf-dist/tex/latex/lm/lmodern.sty
Package: lmodern 2015/05/01 v1.6.1 Latin Modern Fonts
LaTeX Font Info:    Overwriting symbol font `operators' in version `normal'
(Font)                  OT1/cmr/m/n --> OT1/lmr/m/n on input line 22.
LaTeX Font Info:    Overwriting symbol font `letters' in version `normal'
(Font)                  OML/cmm/m/it --> OML/lmm/m/it on input line 23.
LaTeX Font Info:    Overwriting symbol font `symbols' in version `normal'
(Font)                  OMS/cmsy/m/n --> OMS/lmsy/m/n on input line 24.
LaTeX Font Info:    Overwriting symbol font `largesymbols' in version `normal'
(Font)                  OMX/cmex/m/n --> OMX/lmex/m/n on input line 25.
LaTeX Font Info:    Overwriting symbol font `operators' in version `bold'
(Font)                  OT1/cmr/bx/n --> OT1/lmr/bx/n on input line 26.
LaTeX Font Info:    Overwriting symbol font `letters' in version `bold'
(Font)                  OML/cmm/b/it --> OML/lmm/b/it on input line 27.
LaTeX Font Info:    Overwriting symbol font `symbols' in version `bold'
(Font)                  OMS/cmsy/b/n --> OMS/lmsy/b/n on input line 28.
LaTeX Font Info:    Overwriting symbol font `largesymbols' in version `bold'
(Font)                  OMX/cmex/m/n --> OMX/lmex/m/n on input line 29.
LaTeX Font Info:    Overwriting math alphabet `\mathbf' in version `normal'
(Font)                  OT1/cmr/bx/n --> OT1/lmr/bx/n on input line 31.
LaTeX Font Info:    Overwriting math alphabet `\mathsf' in version `normal'
(Font)                  OT1/cmss/m/n --> OT1/lmss/m/n on input line 32.
LaTeX Font Info:    Overwriting math alphabet `\mathit' in version `normal'
(Font)                  OT1/cmr/m/it --> OT1/lmr/m/it on input line 33.
LaTeX Font Info:    Overwriting math alphabet `\mathtt' in version `normal'
(Font)                  OT1/cmtt/m/n --> OT1/lmtt/m/n on input line 34.
LaTeX Font Info:    Overwriting math alphabet `\mathbf' in version `bold'
(Font)                  OT1/cmr/bx/n --> OT1/lmr/bx/n on input line 35.
LaTeX Font Info:    Overwriting math alphabet `\mathsf' in version `bold'
(Font)                  OT1/cmss/bx/n --> OT1/lmss/bx/n on input line 36.
LaTeX Font Info:    Overwriting math alphabet `\mathit' in version `bold'
(Font)                  OT1/cmr/bx/it --> OT1/lmr/bx/it on input line 37.
LaTeX Font Info:    Overwriting math alphabet `\mathtt' in version `bold'
(Font)                  OT1/cmtt/m/n --> OT1/lmtt/m/n on input line 38.
)
(/usr/local/texlive/2024/texmf-dist/tex/latex/base/textcomp.sty
Package: textcomp 2020/02/02 v2.0n Standard LaTeX package
)
(/usr/local/texlive/2024/texmf-dist/tex/latex/lastpage/lastpage.sty
Package: lastpage 2023/10/14 v2.0e lastpage: 2.09 or 2e? (HMM)

(/usr/local/texlive/2024/texmf-dist/tex/latex/lastpage/lastpage2e.sty
Package: lastpage2e 2023/10/14 v2.0e Decide which 2e lastpage version to use (H
MM)

(/usr/local/texlive/2024/texmf-dist/tex/latex/lastpage/lastpagemodern.sty
Package: lastpagemodern 2023-10-14 v2.0e Refers to last page's name (HMM; JPG)
\c@lastpagecount=\count196
) 
)) (/usr/local/texlive/2024/texmf-dist/tex/latex/geometry/geometry.sty
Package: geometry 2020/01/02 v5.9 Page Geometry

(/usr/local/texlive/2024/texmf-dist/tex/latex/graphics/keyval.sty
Package: keyval 2022/05/29 v1.15 key=value parser (DPC)
\KV@toks@=\toks19
)
(/usr/local/texlive/2024/texmf-dist/tex/generic/iftex/ifvtex.sty
Package: ifvtex 2019/10/25 v1.7 ifvtex legacy package. Use iftex instead.

(/usr/local/texlive/2024/texmf-dist/tex/generic/iftex/iftex.sty
Package: iftex 2022/02/03 v1.0f TeX engine tests
))
\Gm@cnth=\count197
\Gm@cntv=\count198
\c@Gm@tempcnt=\count199
\Gm@bindingoffset=\dimen141
\Gm@wd@mp=\dimen142
\Gm@odd@mp=\dimen143
\Gm@even@mp=\dimen144
\Gm@layoutwidth=\dimen145
\Gm@layoutheight=\dimen146
\Gm@layouthoffset=\dimen147
\Gm@layoutvoffset=\dimen148
\Gm@dimlist=\toks20
)
(/usr/local/texlive/2024/texmf-dist/tex/latex/hyperref/hyperref.sty
Package: hyperref 2024-01-20 v7.01h Hypertext links for LaTeX

(/usr/local/texlive/2024/texmf-dist/tex/latex/kvsetkeys/kvsetkeys.sty
Package: kvsetkeys 2022-10-05 v1.19 Key value parser (HO)
)
(/usr/local/texlive/2024/texmf-dist/tex/generic/kvdefinekeys/kvdefinekeys.sty
Package: kvdefinekeys 2019-12-19 v1.6 Define keys (HO)
)
(/usr/local/texlive/2024/texmf-dist/tex/generic/pdfescape/pdfescape.sty
Package: pdfescape 2019/12/09 v1.15 Implements pdfTeX's escape features (HO)

(/usr/local/texlive/2024/texmf-dist/tex/generic/ltxcmds/ltxcmds.sty
Package: ltxcmds 2023-12-04 v1.26 LaTeX kernel commands for general use (HO)
)
(/usr/local/texlive/2024/texmf-dist/tex/generic/pdftexcmds/pdftexcmds.sty
Package: pdftexcmds 2020-06-27 v0.33 Utility functions of pdfTeX for LuaTeX (HO
)

(/usr/local/texlive/2024/texmf-dist/tex/generic/infwarerr/infwarerr.sty
Package: infwarerr 2019/12/03 v1.5 Providing info/warning/error messages (HO)
)
Package pdftexcmds Info: \pdf@primitive is available.
Package pdftexcmds Info: \pdf@ifprimitive is available.
Package pdftexcmds Info: \pdfdraftmode found.
))
(/usr/local/texlive/2024/texmf-dist/tex/latex/hycolor/hycolor.sty
Package: hycolor 2020-01-27 v1.10 Color options for hyperref/bookmark (HO)
)
(/usr/local/texlive/2024/texmf-dist/tex/latex/auxhook/auxhook.sty
Package: auxhook 2019-12-17 v1.6 Hooks for auxiliary files (HO)
)
(/usr/local/texlive/2024/texmf-dist/tex/latex/hyperref/nameref.sty
Package: nameref 2023-11-26 v2.56 Cross-referencing by name of section

(/usr/local/texlive/2024/texmf-dist/tex/latex/refcount/refcount.sty
Package: refcount 2019/12/15 v3.6 Data extraction from label references (HO)
)
(/usr/local/texlive/2024/texmf-dist/tex/generic/gettitlestring/gettitlestring.s
ty
Package: gettitlestring 2019/12/15 v1.6 Cleanup title references (HO)
 (/usr/local/texlive/2024/texmf-dist/tex/latex/kvoptions/kvoptions.sty
Package: kvoptions 2022-06-15 v3.15 Key value format for package options (HO)
))
\c@section@level=\count266
)
(/usr/local/texlive/2024/texmf-dist/tex/latex/etoolbox/etoolbox.sty
Package: etoolbox 2020/10/05 v2.5k e-TeX tools for LaTeX (JAW)
\etb@tempcnta=\count267
)
\@linkdim=\dimen149
\Hy@linkcounter=\count268
\Hy@pagecounter=\count269

(/usr/local/texlive/2024/texmf-dist/tex/latex/hyperref/pd1enc.def
File: pd1enc.def 2024-01-20 v7.01h Hyperref: PDFDocEncoding definition (HO)
Now handling font encoding PD1 ...
... no UTF-8 mapping file for font encoding PD1
)
(/usr/local/texlive/2024/texmf-dist/tex/generic/intcalc/intcalc.sty
Package: intcalc 2019/12/15 v1.3 Expandable calculations with integers (HO)
)
\Hy@SavedSpaceFactor=\count270

(/usr/local/texlive/2024/texmf-dist/tex/latex/hyperref/puenc.def
File: puenc.def 2024-01-20 v7.01h Hyperref: PDF Unicode definition (HO)
Now handling font encoding PU ...
... no UTF-8 mapping file for font encoding PU
)
Package hyperref Info: Hyper figures OFF on input line 4179.
Package hyperref Info: Link nesting OFF on input line 4184.
Package hyperref Info: Hyper index ON on input line 4187.
Package hyperref Info: Plain pages OFF on input line 4194.
Package hyperref Info: Backreferencing OFF on input line 4199.
Package hyperref Info: Implicit mode ON; LaTeX internals redefined.
Package hyperref Info: Bookmarks ON on input line 4446.
\c@Hy@tempcnt=\count271

(/usr/local/texlive/2024/texmf-dist/tex/latex/url/url.sty
\Urlmuskip=\muskip16
Package: url 2013/09/16  ver 3.4  Verb mode for urls, etc.
)
LaTeX Info: Redefining \url on input line 4784.
\XeTeXLinkMargin=\dimen150

(/usr/local/texlive/2024/texmf-dist/tex/generic/bitset/bitset.sty
Package: bitset 2019/12/09 v1.3 Handle bit-vector datatype (HO)

(/usr/local/texlive/2024/texmf-dist/tex/generic/bigintcalc/bigintcalc.sty
Package: bigintcalc 2019/12/15 v1.5 Expandable calculations on big integers (HO
)
))
\Fld@menulength=\count272
\Field@Width=\dimen151
\Fld@charsize=\dimen152
Package hyperref Info: Hyper figures OFF on input line 6063.
Package hyperref Info: Link nesting OFF on input line 6068.
Package hyperref Info: Hyper index ON on input line 6071.
Package hyperref Info: backreferencing OFF on input line 6078.
Package hyperref Info: Link coloring OFF on input line 6083.
Package hyperref Info: Link coloring with OCG OFF on input line 6088.
Package hyperref Info: PDF/A mode OFF on input line 6093.

(/usr/local/texlive/2024/texmf-dist/tex/latex/base/atbegshi-ltx.sty
Package: atbegshi-ltx 2021/01/10 v1.0c Emulation of the original atbegshi
package with kernel methods
)
\Hy@abspage=\count273
\c@Item=\count274
\c@Hfootnote=\count275
)
Package hyperref Info: Driver (autodetected): hpdftex.

(/usr/local/texlive/2024/texmf-dist/tex/latex/hyperref/hpdftex.def
File: hpdftex.def 2024-01-20 v7.01h Hyperref driver for pdfTeX

(/usr/local/texlive/2024/texmf-dist/tex/latex/base/atveryend-ltx.sty
Package: atveryend-ltx 2020/08/19 v1.0a Emulation of the original atveryend pac
kage
with kernel methods
)
\Fld@listcount=\count276
\c@bookmark@seq@number=\count277

(/usr/local/texlive/2024/texmf-dist/tex/latex/rerunfilecheck/rerunfilecheck.sty
Package: rerunfilecheck 2022-07-10 v1.10 Rerun checks for auxiliary files (HO)

(/usr/local/texlive/2024/texmf-dist/tex/generic/uniquecounter/uniquecounter.sty
Package: uniquecounter 2019/12/15 v1.4 Provide unlimited unique counter (HO)
)
Package uniquecounter Info: New unique counter `rerunfilecheck' on input line 2
85.
)
\Hy@SectionHShift=\skip50
) (/usr/local/texlive/2024/texmf-dist/tex/latex/enumitem/enumitem.sty
Package: enumitem 2019/06/20 v3.9 Customized lists
\labelindent=\skip51
\enit@outerparindent=\dimen153
\enit@toks=\toks21
\enit@inbox=\box51
\enit@count@id=\count278
\enitdp@description=\count279
)
(/usr/local/texlive/2024/texmf-dist/tex/latex/fancyhdr/fancyhdr.sty
Package: fancyhdr 2022/11/09 v4.1 Extensive control of page headers and footers

\f@nch@headwidth=\skip52
\f@nch@O@elh=\skip53
\f@nch@O@erh=\skip54
\f@nch@O@olh=\skip55
\f@nch@O@orh=\skip56
\f@nch@O@elf=\skip57
\f@nch@O@erf=\skip58
\f@nch@O@olf=\skip59
\f@nch@O@orf=\skip60
)
(/usr/local/texlive/2024/texmf-dist/tex/latex/xcolor/xcolor.sty
Package: xcolor 2023/11/15 v3.01 LaTeX color extensions (UK)

(/usr/local/texlive/2024/texmf-dist/tex/latex/graphics-cfg/color.cfg
File: color.cfg 2016/01/02 v1.6 sample color configuration
)
Package xcolor Info: Driver file: pdftex.def on input line 274.

(/usr/local/texlive/2024/texmf-dist/tex/latex/graphics-def/pdftex.def
File: pdftex.def 2022/09/22 v1.2b Graphics/color driver for pdftex
)
(/usr/local/texlive/2024/texmf-dist/tex/latex/graphics/mathcolor.ltx)
Package xcolor Info: Model `cmy' substituted by `cmy0' on input line 1350.
Package xcolor Info: Model `hsb' substituted by `rgb' on input line 1354.
Package xcolor Info: Model `RGB' extended on input line 1366.
Package xcolor Info: Model `HTML' substituted by `rgb' on input line 1368.
Package xcolor Info: Model `Hsb' substituted by `hsb' on input line 1369.
Package xcolor Info: Model `tHsb' substituted by `hsb' on input line 1370.
Package xcolor Info: Model `HSB' substituted by `hsb' on input line 1371.
Package xcolor Info: Model `Gray' substituted by `gray' on input line 1372.
Package xcolor Info: Model `wave' substituted by `hsb' on input line 1373.
)
(/usr/local/texlive/2024/texmf-dist/tex/latex/breakurl/breakurl.sty
Package: breakurl 2013/04/10 v1.40 Breakable hyperref URLs

(/usr/local/texlive/2024/texmf-dist/tex/latex/xkeyval/xkeyval.sty
Package: xkeyval 2022/06/16 v2.9 package option processing (HA)

(/usr/local/texlive/2024/texmf-dist/tex/generic/xkeyval/xkeyval.tex
(/usr/local/texlive/2024/texmf-dist/tex/generic/xkeyval/xkvutils.tex
\XKV@toks=\toks22
\XKV@tempa@toks=\toks23
)
\XKV@depth=\count280
File: xkeyval.tex 2014/12/03 v2.7a key=value parser (HA)
))
(/usr/local/texlive/2024/texmf-dist/tex/generic/iftex/ifpdf.sty
Package: ifpdf 2019/10/25 v3.4 ifpdf legacy package. Use iftex instead.
)

Package breakurl Warning: You are using breakurl while processing via pdflatex.

(breakurl)                \burl will be just a synonym of \url.
(breakurl)                 on input line 48.

) (/usr/local/texlive/2024/texmf-dist/tex/latex/amsmath/amsmath.sty
Package: amsmath 2023/05/13 v2.17o AMS math features
\@mathmargin=\skip61

For additional information on amsmath, use the `?' option.
(/usr/local/texlive/2024/texmf-dist/tex/latex/amsmath/amstext.sty
Package: amstext 2021/08/26 v2.01 AMS text

(/usr/local/texlive/2024/texmf-dist/tex/latex/amsmath/amsgen.sty
File: amsgen.sty 1999/11/30 v2.0 generic functions
\@emptytoks=\toks24
\ex@=\dimen154
))
(/usr/local/texlive/2024/texmf-dist/tex/latex/amsmath/amsbsy.sty
Package: amsbsy 1999/11/29 v1.2d Bold Symbols
\pmbraise@=\dimen155
)
(/usr/local/texlive/2024/texmf-dist/tex/latex/amsmath/amsopn.sty
Package: amsopn 2022/04/08 v2.04 operator names
)
\inf@bad=\count281
LaTeX Info: Redefining \frac on input line 234.
\uproot@=\count282
\leftroot@=\count283
LaTeX Info: Redefining \overline on input line 399.
LaTeX Info: Redefining \colon on input line 410.
\classnum@=\count284
\DOTSCASE@=\count285
LaTeX Info: Redefining \ldots on input line 496.
LaTeX Info: Redefining \dots on input line 499.
LaTeX Info: Redefining \cdots on input line 620.
\Mathstrutbox@=\box52
\strutbox@=\box53
LaTeX Info: Redefining \big on input line 722.
LaTeX Info: Redefining \Big on input line 723.
LaTeX Info: Redefining \bigg on input line 724.
LaTeX Info: Redefining \Bigg on input line 725.
\big@size=\dimen156
LaTeX Font Info:    Redeclaring font encoding OML on input line 743.
LaTeX Font Info:    Redeclaring font encoding OMS on input line 744.
\macc@depth=\count286
LaTeX Info: Redefining \bmod on input line 905.
LaTeX Info: Redefining \pmod on input line 910.
LaTeX Info: Redefining \smash on input line 940.
LaTeX Info: Redefining \relbar on input line 970.
LaTeX Info: Redefining \Relbar on input line 971.
\c@MaxMatrixCols=\count287
\dotsspace@=\muskip17
\c@parentequation=\count288
\dspbrk@lvl=\count289
\tag@help=\toks25
\row@=\count290
\column@=\count291
\maxfields@=\count292
\andhelp@=\toks26
\eqnshift@=\dimen157
\alignsep@=\dimen158
\tagshift@=\dimen159
\tagwidth@=\dimen160
\totwidth@=\dimen161
\lineht@=\dimen162
\@envbody=\toks27
\multlinegap=\skip62
\multlinetaggap=\skip63
\mathdisplay@stack=\toks28
LaTeX Info: Redefining \[ on input line 2953.
LaTeX Info: Redefining \] on input line 2954.
)
(/usr/local/texlive/2024/texmf-dist/tex/latex/amsfonts/amssymb.sty
Package: amssymb 2013/01/14 v3.01 AMS font symbols

(/usr/local/texlive/2024/texmf-dist/tex/latex/amsfonts/amsfonts.sty
Package: amsfonts 2013/01/14 v3.01 Basic AMSFonts support
\symAMSa=\mathgroup4
\symAMSb=\mathgroup5
LaTeX Font Info:    Redeclaring math symbol \hbar on input line 98.
LaTeX Font Info:    Overwriting math alphabet `\mathfrak' in version `bold'
(Font)                  U/euf/m/n --> U/euf/b/n on input line 106.
))
(/usr/local/texlive/2024/texmf-dist/tex/latex/mathtools/mathtools.sty
Package: mathtools 2024/03/11 v1.30 mathematical typesetting tools

(/usr/local/texlive/2024/texmf-dist/tex/latex/tools/calc.sty
Package: calc 2023/07/08 v4.3 Infix arithmetic (KKT,FJ)
\calc@Acount=\count293
\calc@Bcount=\count294
\calc@Adimen=\dimen163
\calc@Bdimen=\dimen164
\calc@Askip=\skip64
\calc@Bskip=\skip65
LaTeX Info: Redefining \setlength on input line 80.
LaTeX Info: Redefining \addtolength on input line 81.
\calc@Ccount=\count295
\calc@Cskip=\skip66
)
(/usr/local/texlive/2024/texmf-dist/tex/latex/mathtools/mhsetup.sty
Package: mhsetup 2021/03/18 v1.4 programming setup (MH)
)
\g_MT_multlinerow_int=\count296
\l_MT_multwidth_dim=\dimen165
\origjot=\skip67
\l_MT_shortvdotswithinadjustabove_dim=\dimen166
\l_MT_shortvdotswithinadjustbelow_dim=\dimen167
\l_MT_above_intertext_sep=\dimen168
\l_MT_below_intertext_sep=\dimen169
\l_MT_above_shortintertext_sep=\dimen170
\l_MT_below_shortintertext_sep=\dimen171
\xmathstrut@box=\box54
\xmathstrut@dim=\dimen172
)
(/usr/local/texlive/2024/texmf-dist/tex/latex/amscls/amsthm.sty
Package: amsthm 2020/05/29 v2.20.6
\thm@style=\toks29
\thm@bodyfont=\toks30
\thm@headfont=\toks31
\thm@notefont=\toks32
\thm@headpunct=\toks33
\thm@preskip=\skip68
\thm@postskip=\skip69
\thm@headsep=\skip70
\dth@everypar=\toks34
)
(/usr/local/texlive/2024/texmf-dist/tex/latex/thmtools/thmtools.sty
Package: thmtools 2023/05/04 v0.76
\thmt@toks=\toks35
\c@thmt@dummyctr=\count297

(/usr/local/texlive/2024/texmf-dist/tex/latex/thmtools/thm-patch.sty
Package: thm-patch 2023/05/04 v0.76

(/usr/local/texlive/2024/texmf-dist/tex/latex/thmtools/parseargs.sty
Package: parseargs 2023/05/04 v0.76
\@parsespec=\toks36
))
(/usr/local/texlive/2024/texmf-dist/tex/latex/thmtools/thm-kv.sty
Package: thm-kv 2023/05/04 v0.76
Package thm-kv Info: Theorem names will be uppercased on input line 42.
Package thm-kv Info: kvsetkeys patch (v1.16 or later) on input line 158.
)
(/usr/local/texlive/2024/texmf-dist/tex/latex/thmtools/thm-autoref.sty
Package: thm-autoref 2023/05/04 v0.76

(/usr/local/texlive/2024/texmf-dist/tex/latex/thmtools/aliasctr.sty
Package: aliasctr 2023/05/04 v0.76
))
(/usr/local/texlive/2024/texmf-dist/tex/latex/thmtools/thm-listof.sty
Package: thm-listof 2023/05/04 v0.76
)
(/usr/local/texlive/2024/texmf-dist/tex/latex/thmtools/thm-restate.sty
Package: thm-restate 2023/05/04 v0.76
)
(/usr/local/texlive/2024/texmf-dist/tex/latex/thmtools/thm-amsthm.sty
Package: thm-amsthm 2023/05/04 v0.76
\thmt@style@headstyle=\toks37
))
(/usr/local/texlive/2024/texmf-dist/tex/latex/float/float.sty
Package: float 2001/11/08 v1.3d Float enhancements (AL)
\c@float@type=\count298
\float@exts=\toks38
\float@box=\box55
\@float@everytoks=\toks39
\@floatcapt=\box56
)
(/usr/local/texlive/2024/texmf-dist/tex/latex/caption/subcaption.sty
Package: subcaption 2023/07/28 v1.6b Sub-captions (AR)

(/usr/local/texlive/2024/texmf-dist/tex/latex/caption/caption.sty
Package: caption 2023/08/05 v3.6o Customizing captions (AR)

(/usr/local/texlive/2024/texmf-dist/tex/latex/caption/caption3.sty
Package: caption3 2023/07/31 v2.4d caption3 kernel (AR)
\caption@tempdima=\dimen173
\captionmargin=\dimen174
\caption@leftmargin=\dimen175
\caption@rightmargin=\dimen176
\caption@width=\dimen177
\caption@indent=\dimen178
\caption@parindent=\dimen179
\caption@hangindent=\dimen180
Package caption Info: Standard document class detected.
)
\c@caption@flags=\count299
\c@continuedfloat=\count300
Package caption Info: float package is loaded.
Package caption Info: hyperref package is loaded.
)
Package caption Info: New subtype `subfigure' on input line 238.
\c@subfigure=\count301
Package caption Info: New subtype `subtable' on input line 238.
\c@subtable=\count302
)
Package hyperref Info: Option `colorlinks' set `true' on input line 33.
Package hyperref Info: Option `breaklinks' set `true' on input line 33.


Package hyperref Warning: Option `bookmarks' has already been used,
(hyperref)                setting the option has no effect on input line 33.


(/usr/local/texlive/2024/texmf-dist/tex/latex/newunicodechar/newunicodechar.sty
Package: newunicodechar 2018/04/08 v1.2 Defining Unicode characters
)
LaTeX Font Info:    Trying to load font information for T1+lmr on input line 68
.
 (/usr/local/texlive/2024/texmf-dist/tex/latex/lm/t1lmr.fd
File: t1lmr.fd 2015/05/01 v1.6.1 Font defs for Latin Modern
)
(/usr/local/texlive/2024/texmf-dist/tex/latex/l3backend/l3backend-pdftex.def
File: l3backend-pdftex.def 2024-02-20 L3 backend support: PDF output (pdfTeX)
\l__color_backend_stack_int=\count303
\l__pdf_internal_box=\box57
)
(_logs/notes.aux)
\openout1 = `notes.aux'.

LaTeX Font Info:    Checking defaults for OML/cmm/m/it on input line 68.
LaTeX Font Info:    ... okay on input line 68.
LaTeX Font Info:    Checking defaults for OMS/cmsy/m/n on input line 68.
LaTeX Font Info:    ... okay on input line 68.
LaTeX Font Info:    Checking defaults for OT1/cmr/m/n on input line 68.
LaTeX Font Info:    ... okay on input line 68.
LaTeX Font Info:    Checking defaults for T1/cmr/m/n on input line 68.
LaTeX Font Info:    ... okay on input line 68.
LaTeX Font Info:    Checking defaults for TS1/cmr/m/n on input line 68.
LaTeX Font Info:    ... okay on input line 68.
LaTeX Font Info:    Checking defaults for OMX/cmex/m/n on input line 68.
LaTeX Font Info:    ... okay on input line 68.
LaTeX Font Info:    Checking defaults for U/cmr/m/n on input line 68.
LaTeX Font Info:    ... okay on input line 68.
LaTeX Font Info:    Checking defaults for PD1/pdf/m/n on input line 68.
LaTeX Font Info:    ... okay on input line 68.
LaTeX Font Info:    Checking defaults for PU/pdf/m/n on input line 68.
LaTeX Font Info:    ... okay on input line 68.

*geometry* driver: auto-detecting
*geometry* detected driver: pdftex
*geometry* verbose mode - [ preamble ] result:
* driver: pdftex
* paper: <default>
* layout: <same size as paper>
* layoutoffset:(h,v)=(0.0pt,0.0pt)
* modes: 
* h-part:(L,W,R)=(72.26999pt, 469.75502pt, 72.26999pt)
* v-part:(T,H,B)=(72.26999pt, 650.43001pt, 72.26999pt)
* \paperwidth=614.295pt
* \paperheight=794.96999pt
* \textwidth=469.75502pt
* \textheight=650.43001pt
* \oddsidemargin=0.0pt
* \evensidemargin=0.0pt
* \topmargin=-39.0pt
* \headheight=14.0pt
* \headsep=25.0pt
* \topskip=10.0pt
* \footskip=30.0pt
* \marginparwidth=65.0pt
* \marginparsep=11.0pt
* \columnsep=10.0pt
* \skip\footins=9.0pt plus 4.0pt minus 2.0pt
* \hoffset=0.0pt
* \voffset=0.0pt
* \mag=1000
* \@twocolumnfalse
* \@twosidefalse
* \@mparswitchfalse
* \@reversemarginfalse
* (1in=72.27pt=25.4mm, 1cm=28.453pt)

Package hyperref Info: Link coloring ON on input line 68.
(_logs/notes.out) (_logs/notes.out)
\@outlinefile=\write3
\openout3 = `notes.out'.


(/usr/local/texlive/2024/texmf-dist/tex/context/base/mkii/supp-pdf.mkii
[Loading MPS to PDF converter (version 2006.09.02).]
\scratchcounter=\count304
\scratchdimen=\dimen181
\scratchbox=\box58
\nofMPsegments=\count305
\nofMParguments=\count306
\everyMPshowfont=\toks40
\MPscratchCnt=\count307
\MPscratchDim=\dimen182
\MPnumerator=\count308
\makeMPintoPDFobject=\count309
\everyMPtoPDFconversion=\toks41
) (/usr/local/texlive/2024/texmf-dist/tex/latex/graphics/graphicx.sty
Package: graphicx 2021/09/16 v1.2d Enhanced LaTeX Graphics (DPC,SPQR)

(/usr/local/texlive/2024/texmf-dist/tex/latex/graphics/graphics.sty
Package: graphics 2022/03/10 v1.4e Standard LaTeX Graphics (DPC,SPQR)

(/usr/local/texlive/2024/texmf-dist/tex/latex/graphics/trig.sty
Package: trig 2021/08/11 v1.11 sin cos tan (DPC)
)
(/usr/local/texlive/2024/texmf-dist/tex/latex/graphics-cfg/graphics.cfg
File: graphics.cfg 2016/06/04 v1.11 sample graphics configuration
)
Package graphics Info: Driver file: pdftex.def on input line 107.
)
\Gin@req@height=\dimen183
\Gin@req@width=\dimen184
)
Package caption Info: Begin \AtBeginDocument code.
Package caption Info: End \AtBeginDocument code.
LaTeX Font Info:    Trying to load font information for OT1+lmr on input line 7
1.

(/usr/local/texlive/2024/texmf-dist/tex/latex/lm/ot1lmr.fd
File: ot1lmr.fd 2015/05/01 v1.6.1 Font defs for Latin Modern
)
LaTeX Font Info:    Trying to load font information for OML+lmm on input line 7
1.

(/usr/local/texlive/2024/texmf-dist/tex/latex/lm/omllmm.fd
File: omllmm.fd 2015/05/01 v1.6.1 Font defs for Latin Modern
)
LaTeX Font Info:    Trying to load font information for OMS+lmsy on input line 
71.

(/usr/local/texlive/2024/texmf-dist/tex/latex/lm/omslmsy.fd
File: omslmsy.fd 2015/05/01 v1.6.1 Font defs for Latin Modern
)
LaTeX Font Info:    Trying to load font information for OMX+lmex on input line 
71.

(/usr/local/texlive/2024/texmf-dist/tex/latex/lm/omxlmex.fd
File: omxlmex.fd 2015/05/01 v1.6.1 Font defs for Latin Modern
)
LaTeX Font Info:    External font `lmex10' loaded for size
(Font)              <12> on input line 71.
LaTeX Font Info:    External font `lmex10' loaded for size
(Font)              <8> on input line 71.
LaTeX Font Info:    External font `lmex10' loaded for size
(Font)              <6> on input line 71.
LaTeX Font Info:    Trying to load font information for U+msa on input line 71.


(/usr/local/texlive/2024/texmf-dist/tex/latex/amsfonts/umsa.fd
File: umsa.fd 2013/01/14 v3.01 AMS symbols A
)
LaTeX Font Info:    Trying to load font information for U+msb on input line 71.


(/usr/local/texlive/2024/texmf-dist/tex/latex/amsfonts/umsb.fd
File: umsb.fd 2013/01/14 v3.01 AMS symbols B
)
LaTeX Font Info:    External font `lmex10' loaded for size
(Font)              <10> on input line 78.
LaTeX Font Info:    External font `lmex10' loaded for size
(Font)              <7> on input line 78.
LaTeX Font Info:    External font `lmex10' loaded for size
(Font)              <5> on input line 78.
</Users/ashoksaravanan/Coding/ScribeLec/server/output/MA 421/lectures/2024-11-1
9-MaxFlowMinCut/figures/1.1.png, id=261, 371.3875pt x 371.3875pt>
File: /Users/ashoksaravanan/Coding/ScribeLec/server/output/MA 421/lectures/2024
-11-19-MaxFlowMinCut/figures/1.1.png Graphic file (type png)
<use /Users/ashoksaravanan/Coding/ScribeLec/server/output/MA 421/lectures/2024-
11-19-MaxFlowMinCut/figures/1.1.png>
Package pdftex.def Info: /Users/ashoksaravanan/Coding/ScribeLec/server/output/M
A 421/lectures/2024-11-19-MaxFlowMinCut/figures/1.1.png  used on input line 84.

(pdftex.def)             Requested size: 70.46037pt x 70.45668pt.

Underfull \hbox (badness 10000) in paragraph at lines 85--85
\T1/lmr/m/n/8 di-a-gram show-ing
 []


Underfull \hbox (badness 3792) in paragraph at lines 85--85
\T1/lmr/m/n/8 a di-rected graph
 []


Underfull \hbox (badness 10000) in paragraph at lines 85--85
\T1/lmr/m/n/8 S (source), t
 []


Underfull \hbox (badness 6396) in paragraph at lines 85--85
\T1/lmr/m/n/8 (sink), and sev-
 []


Underfull \hbox (badness 10000) in paragraph at lines 85--85
\T1/lmr/m/n/8 eral in-ter-me-di-ate
 []


Underfull \hbox (badness 10000) in paragraph at lines 85--85
\T1/lmr/m/n/8 ar-rows in-di-cat-ing
 []


Underfull \hbox (badness 10000) in paragraph at lines 85--85
\T1/lmr/m/n/8 di-rec-tion and
 []


Underfull \hbox (badness 10000) in paragraph at lines 85--85
\T1/lmr/m/n/8 some edges are
 []


Underfull \hbox (badness 10000) in paragraph at lines 85--85
\T1/lmr/m/n/8 ques-tion "What
 []

[1

{/usr/local/texlive/2024/texmf-var/fonts/map/pdftex/updmap/pdftex.map}{/usr/loc
al/texlive/2024/texmf-dist/fonts/enc/dvips/lm/lm-ec.enc}{/usr/local/texlive/202
4/texmf-dist/fonts/enc/dvips/lm/lm-mathit.enc}{/usr/local/texlive/2024/texmf-di
st/fonts/enc/dvips/lm/lm-rm.enc}{/usr/local/texlive/2024/texmf-dist/fonts/enc/d
vips/lm/lm-mathsy.enc}] [2 </Users/ashoksaravanan/Coding/ScribeLec/server/outpu
t/MA 421/lectures/2024-11-19-MaxFlowMinCut/figures/1.1.png (PNG copy)>]
</Users/ashoksaravanan/Coding/ScribeLec/server/output/MA 421/lectures/2024-11-1
9-MaxFlowMinCut/figures/2.1.png, id=286, 371.3875pt x 371.3875pt>
File: /Users/ashoksaravanan/Coding/ScribeLec/server/output/MA 421/lectures/2024
-11-19-MaxFlowMinCut/figures/2.1.png Graphic file (type png)
<use /Users/ashoksaravanan/Coding/ScribeLec/server/output/MA 421/lectures/2024-
11-19-MaxFlowMinCut/figures/2.1.png>
Package pdftex.def Info: /Users/ashoksaravanan/Coding/ScribeLec/server/output/M
A 421/lectures/2024-11-19-MaxFlowMinCut/figures/2.1.png  used on input line 104
.
(pdftex.def)             Requested size: 70.46037pt x 70.45668pt.

Underfull \hbox (badness 10000) in paragraph at lines 105--105
\T1/lmr/m/n/8 di-a-gram show-ing
 []


Underfull \hbox (badness 3792) in paragraph at lines 105--105
\T1/lmr/m/n/8 a di-rected graph
 []


Underfull \hbox (badness 10000) in paragraph at lines 105--105
\T1/lmr/m/n/8 S (source), t
 []


Underfull \hbox (badness 6396) in paragraph at lines 105--105
\T1/lmr/m/n/8 (sink), and sev-
 []


Underfull \hbox (badness 10000) in paragraph at lines 105--105
\T1/lmr/m/n/8 eral in-ter-me-di-ate
 []


Underfull \hbox (badness 10000) in paragraph at lines 105--105
\T1/lmr/m/n/8 ar-rows in-di-cat-ing
 []


Underfull \hbox (badness 10000) in paragraph at lines 105--105
\T1/lmr/m/n/8 di-rec-tion and
 []


Underfull \hbox (badness 10000) in paragraph at lines 105--105
\T1/lmr/m/n/8 some edges are
 []


Underfull \hbox (badness 4792) in paragraph at lines 105--105
\T1/lmr/m/n/8 sub-sets of nodes
 []


Underfull \hbox (badness 10000) in paragraph at lines 105--105
\T1/lmr/m/n/8 are en-closed in
 []


Underfull \hbox (badness 2165) in paragraph at lines 105--105
\T1/lmr/m/n/8 the sink node t.
 []


Underfull \hbox (badness 1184) in paragraph at lines 105--105
\T1/lmr/m/n/8 An ar-row la-beled
 []


Underfull \hbox (badness 10000) in paragraph at lines 105--105
\T1/lmr/m/n/8 "a cut" points
 []


Underfull \hbox (badness 4403) in paragraph at lines 105--105
\T1/lmr/m/n/8 to the bound-ary
 []


Underfull \hbox (badness 4096) in paragraph at lines 105--105
\T1/lmr/m/n/8 be-tween the two
 []


Underfull \hbox (badness 4765) in paragraph at lines 105--105
\T1/lmr/m/n/8 sub-sets. Be-low
 []


Underfull \hbox (badness 10000) in paragraph at lines 105--105
\T1/lmr/m/n/8 the graph, the
 []


Underfull \hbox (badness 10000) in paragraph at lines 105--105
[] \OML/lmm/m/it/8 w[]$ \T1/lmr/m/n/8 is
 []


Underfull \hbox (badness 10000) in paragraph at lines 105--105
\T1/lmr/m/n/8 writ-ten, along
 []


Underfull \hbox (badness 10000) in paragraph at lines 105--105
\T1/lmr/m/n/8 with the text
 []


Underfull \hbox (badness 8000) in paragraph at lines 105--105
\T1/lmr/m/n/8 "ca-pac-ity of the
 []

[3{/usr/local/texlive/2024/texmf-dist/fonts/enc/dvips/lm/lm-mathex.enc}]
[4 </Users/ashoksaravanan/Coding/ScribeLec/server/output/MA 421/lectures/2024-1
1-19-MaxFlowMinCut/figures/2.1.png (PNG copy)>]
</Users/ashoksaravanan/Coding/ScribeLec/server/output/MA 421/lectures/2024-11-1
9-MaxFlowMinCut/figures/3.1.png, id=299, 371.3875pt x 371.3875pt>
File: /Users/ashoksaravanan/Coding/ScribeLec/server/output/MA 421/lectures/2024
-11-19-MaxFlowMinCut/figures/3.1.png Graphic file (type png)
<use /Users/ashoksaravanan/Coding/ScribeLec/server/output/MA 421/lectures/2024-
11-19-MaxFlowMinCut/figures/3.1.png>
Package pdftex.def Info: /Users/ashoksaravanan/Coding/ScribeLec/server/output/M
A 421/lectures/2024-11-19-MaxFlowMinCut/figures/3.1.png  used on input line 124
.
(pdftex.def)             Requested size: 70.46037pt x 70.45668pt.

Underfull \hbox (badness 10000) in paragraph at lines 125--125
\T1/lmr/m/n/8 di-a-gram show-ing
 []


Underfull \hbox (badness 3792) in paragraph at lines 125--125
\T1/lmr/m/n/8 a di-rected graph
 []


Underfull \hbox (badness 10000) in paragraph at lines 125--125
\T1/lmr/m/n/8 S (source), t
 []


Underfull \hbox (badness 6396) in paragraph at lines 125--125
\T1/lmr/m/n/8 (sink), and sev-
 []


Underfull \hbox (badness 10000) in paragraph at lines 125--125
\T1/lmr/m/n/8 eral in-ter-me-di-ate
 []


Underfull \hbox (badness 10000) in paragraph at lines 125--125
\T1/lmr/m/n/8 ar-rows in-di-cat-ing
 []


Underfull \hbox (badness 10000) in paragraph at lines 125--125
\T1/lmr/m/n/8 di-rec-tion and
 []


Underfull \hbox (badness 10000) in paragraph at lines 125--125
\T1/lmr/m/n/8 some edges are
 []


Underfull \hbox (badness 4792) in paragraph at lines 125--125
\T1/lmr/m/n/8 sub-sets of nodes
 []


Underfull \hbox (badness 10000) in paragraph at lines 125--125
\T1/lmr/m/n/8 are en-closed in
 []


Underfull \hbox (badness 2165) in paragraph at lines 125--125
\T1/lmr/m/n/8 the sink node t.
 []


Underfull \hbox (badness 1184) in paragraph at lines 125--125
\T1/lmr/m/n/8 An ar-row la-beled
 []


Underfull \hbox (badness 10000) in paragraph at lines 125--125
\T1/lmr/m/n/8 "a cut" points
 []


Underfull \hbox (badness 4403) in paragraph at lines 125--125
\T1/lmr/m/n/8 to the bound-ary
 []


Underfull \hbox (badness 4096) in paragraph at lines 125--125
\T1/lmr/m/n/8 be-tween the two
 []


Underfull \hbox (badness 4765) in paragraph at lines 125--125
\T1/lmr/m/n/8 sub-sets. Be-low
 []


Underfull \hbox (badness 10000) in paragraph at lines 125--125
\T1/lmr/m/n/8 the graph, the
 []


Underfull \hbox (badness 10000) in paragraph at lines 125--125
\T1/lmr/m/n/8 in-equal-ity "(any)
 []


Underfull \hbox (badness 1810) in paragraph at lines 125--125
\T1/lmr/m/n/8 Flow($\OML/lmm/m/it/8 s \OMS/lmsy/m/n/8 ! \OML/lmm/m/it/8 t$\T1/l
mr/m/n/8 ) $\OMS/lmsy/m/n/8 $
 []


Underfull \hbox (badness 10000) in paragraph at lines 125--125
\T1/lmr/m/n/8 (any) K(C)" is
 []

[5 </Users/ashoksaravanan/Coding/ScribeLec/server/output/MA 421/lectures/2024-1
1-19-MaxFlowMinCut/figures/3.1.png (PNG copy)>]
</Users/ashoksaravanan/Coding/ScribeLec/server/output/MA 421/lectures/2024-11-1
9-MaxFlowMinCut/figures/4.1.png, id=305, 371.3875pt x 371.3875pt>
File: /Users/ashoksaravanan/Coding/ScribeLec/server/output/MA 421/lectures/2024
-11-19-MaxFlowMinCut/figures/4.1.png Graphic file (type png)
<use /Users/ashoksaravanan/Coding/ScribeLec/server/output/MA 421/lectures/2024-
11-19-MaxFlowMinCut/figures/4.1.png>
Package pdftex.def Info: /Users/ashoksaravanan/Coding/ScribeLec/server/output/M
A 421/lectures/2024-11-19-MaxFlowMinCut/figures/4.1.png  used on input line 144
.
(pdftex.def)             Requested size: 70.46037pt x 70.45668pt.

Underfull \hbox (badness 10000) in paragraph at lines 145--145
\T1/lmr/m/n/8 di-a-gram show-ing
 []


Underfull \hbox (badness 3792) in paragraph at lines 145--145
\T1/lmr/m/n/8 a di-rected graph
 []


Underfull \hbox (badness 10000) in paragraph at lines 145--145
\T1/lmr/m/n/8 S (source), t
 []


Underfull \hbox (badness 6396) in paragraph at lines 145--145
\T1/lmr/m/n/8 (sink), and sev-
 []


Underfull \hbox (badness 10000) in paragraph at lines 145--145
\T1/lmr/m/n/8 eral in-ter-me-di-ate
 []


Underfull \hbox (badness 10000) in paragraph at lines 145--145
\T1/lmr/m/n/8 ar-rows in-di-cat-ing
 []


Underfull \hbox (badness 10000) in paragraph at lines 145--145
\T1/lmr/m/n/8 di-rec-tion and
 []


Underfull \hbox (badness 10000) in paragraph at lines 145--145
\T1/lmr/m/n/8 some edges are
 []


Underfull \hbox (badness 10000) in paragraph at lines 145--145
\T1/lmr/m/n/8 high-lighted in
 []


Underfull \hbox (badness 10000) in paragraph at lines 145--145
\T1/lmr/m/n/8 salmon/light red.
 []


Underfull \hbox (badness 4792) in paragraph at lines 145--145
\T1/lmr/m/n/8 sub-sets of nodes
 []


Underfull \hbox (badness 10000) in paragraph at lines 145--145
\T1/lmr/m/n/8 are en-closed in
 []


Underfull \hbox (badness 10000) in paragraph at lines 145--145
\T1/lmr/m/n/8 sub-set con-tains
 []


Underfull \hbox (badness 7740) in paragraph at lines 145--145
\T1/lmr/m/n/8 the source node
 []


Underfull \hbox (badness 1303) in paragraph at lines 145--145
\T1/lmr/m/n/8 S, and the other
 []


Underfull \hbox (badness 1895) in paragraph at lines 145--145
\T1/lmr/m/n/8 con-tains the sink
 []


Underfull \hbox (badness 10000) in paragraph at lines 145--145
\T1/lmr/m/n/8 la-beled "a Cut"
 []


Underfull \hbox (badness 10000) in paragraph at lines 145--145
\T1/lmr/m/n/8 points to the
 []


Underfull \hbox (badness 5548) in paragraph at lines 145--145
\T1/lmr/m/n/8 the two sub-sets.
 []


Underfull \hbox (badness 1546) in paragraph at lines 145--145
\T1/lmr/m/n/8 Be-low the graph,
 []


Underfull \hbox (badness 10000) in paragraph at lines 145--145
\T1/lmr/m/n/8 the in-equal-ity
 []


Underfull \hbox (badness 10000) in paragraph at lines 145--145
[][]\OT1/lmr/m/n/8 (\OML/lmm/m/it/8 s \OMS/lmsy/m/n/8 !
 []


Underfull \hbox (badness 1616) in paragraph at lines 145--145
\OML/lmm/m/it/8 t\OT1/lmr/m/n/8 ) \OMS/lmsy/m/n/8  []\OML/lmm/m/it/8 K\OT1/lmr
/m/n/8 (\OML/lmm/m/it/8 C\OT1/lmr/m/n/8 )$
 []


Underfull \hbox (badness 7203) in paragraph at lines 145--145
\T1/lmr/m/n/8 is writ-ten, with
 []


Underfull \hbox (badness 2707) in paragraph at lines 145--145
\T1/lmr/m/n/8 "max" writ-ten in
 []


Underfull \hbox (badness 1383) in paragraph at lines 145--145
\T1/lmr/m/n/8 the left side and
 []


Underfull \hbox (badness 4608) in paragraph at lines 145--145
\T1/lmr/m/n/8 "min" writ-ten in
 []


Underfull \hbox (badness 7685) in paragraph at lines 145--145
\T1/lmr/m/n/8 red be-low "any"
 []


Underfull \hbox (badness 1472) in paragraph at lines 145--145
\T1/lmr/m/n/8 an equal-ity when
 []


Underfull \hbox (badness 10000) in paragraph at lines 145--145
\T1/lmr/m/n/8 con-sid-er-ing the
 []

[6] [7 </Users/ashoksaravanan/Coding/ScribeLec/server/output/MA 421/lectures/20
24-11-19-MaxFlowMinCut/figures/4.1.png (PNG copy)>]
/Users/ashoksaravanan/Coding/ScribeLec/server/output/MA 421/lectures/2024-11-19
-MaxFlowMinCut/notes.tex:157: Missing $ inserted.
<inserted text> 
                $
l.157 \begin{array}{|c|c|c|}
                            
I've inserted a begin-math/end-math symbol since I think
you left one out. Proceed, with fingers crossed.

/Users/ashoksaravanan/Coding/ScribeLec/server/output/MA 421/lectures/2024-11-19
-MaxFlowMinCut/notes.tex:169: Missing $ inserted.
<inserted text> 
                $
l.169 \end{array}
                 
I've inserted something that you may have forgotten.
(See the <inserted text> above.)
With luck, this will get me unwedged. But if you
really didn't forget anything, try typing `2' now; then
my insertion and my current dilemma will both disappear.

</Users/ashoksaravanan/Coding/ScribeLec/server/output/MA 421/lectures/2024-11-1
9-MaxFlowMinCut/figures/5.1.png, id=316, 255.95625pt x 391.4625pt>
File: /Users/ashoksaravanan/Coding/ScribeLec/server/output/MA 421/lectures/2024
-11-19-MaxFlowMinCut/figures/5.1.png Graphic file (type png)
<use /Users/ashoksaravanan/Coding/ScribeLec/server/output/MA 421/lectures/2024-
11-19-MaxFlowMinCut/figures/5.1.png>
Package pdftex.def Info: /Users/ashoksaravanan/Coding/ScribeLec/server/output/M
A 421/lectures/2024-11-19-MaxFlowMinCut/figures/5.1.png  used on input line 178
.
(pdftex.def)             Requested size: 70.46037pt x 107.76302pt.

Underfull \hbox (badness 10000) in paragraph at lines 179--179
[]\T1/lmr/bx/n/8 (a) |\T1/lmr/m/n/8 Ta-ble 22.1
 []


Underfull \hbox (badness 2932) in paragraph at lines 179--179
\T1/lmr/m/n/8 show-ing the seat
 []


Underfull \hbox (badness 10000) in paragraph at lines 179--179
\T1/lmr/m/n/8 avail-abil-ity for
 []

</Users/ashoksaravanan/Coding/ScribeLec/server/output/MA 421/lectures/2024-11-1
9-MaxFlowMinCut/figures/5.2.png, id=317, 311.1625pt x 391.4625pt>
File: /Users/ashoksaravanan/Coding/ScribeLec/server/output/MA 421/lectures/2024
-11-19-MaxFlowMinCut/figures/5.2.png Graphic file (type png)
<use /Users/ashoksaravanan/Coding/ScribeLec/server/output/MA 421/lectures/2024-
11-19-MaxFlowMinCut/figures/5.2.png>
Package pdftex.def Info: /Users/ashoksaravanan/Coding/ScribeLec/server/output/M
A 421/lectures/2024-11-19-MaxFlowMinCut/figures/5.2.png  used on input line 184
.
(pdftex.def)             Requested size: 70.46037pt x 88.64272pt.

Underfull \hbox (badness 10000) in paragraph at lines 185--185
[]\T1/lmr/bx/n/8 (b) |\T1/lmr/m/n/8 A di-rected
 []


Underfull \hbox (badness 10000) in paragraph at lines 185--185
\T1/lmr/m/n/8 a net-work flow
 []


Underfull \hbox (badness 1917) in paragraph at lines 185--185
\T1/lmr/m/n/8 prob-lem. Nodes
 []


Underfull \hbox (badness 10000) in paragraph at lines 185--185
\T1/lmr/m/n/8 rep-re-sent cities
 []


Underfull \hbox (badness 1303) in paragraph at lines 185--185
\T1/lmr/m/n/8 NYC), and edges
 []


Underfull \hbox (badness 10000) in paragraph at lines 185--185
\T1/lmr/m/n/8 rep-re-sent flight
 []


Underfull \hbox (badness 1297) in paragraph at lines 185--185
\T1/lmr/m/n/8 i-ties in-di-cated by
 []


Underfull \hbox (badness 10000) in paragraph at lines 185--185
\T1/lmr/m/n/8 num-bers on the
 []

[8 </Users/ashoksaravanan/Coding/ScribeLec/server/output/MA 421/lectures/2024-1
1-19-MaxFlowMinCut/figures/5.1.png (PNG copy)> </Users/ashoksaravanan/Coding/Sc
ribeLec/server/output/MA 421/lectures/2024-11-19-MaxFlowMinCut/figures/5.2.png 
(PNG copy)>]
</Users/ashoksaravanan/Coding/ScribeLec/server/output/MA 421/lectures/2024-11-1
9-MaxFlowMinCut/figures/6.1.png, id=323, 371.3875pt x 220.825pt>
File: /Users/ashoksaravanan/Coding/ScribeLec/server/output/MA 421/lectures/2024
-11-19-MaxFlowMinCut/figures/6.1.png Graphic file (type png)
<use /Users/ashoksaravanan/Coding/ScribeLec/server/output/MA 421/lectures/2024-
11-19-MaxFlowMinCut/figures/6.1.png>
Package pdftex.def Info: /Users/ashoksaravanan/Coding/ScribeLec/server/output/M
A 421/lectures/2024-11-19-MaxFlowMinCut/figures/6.1.png  used on input line 204
.
(pdftex.def)             Requested size: 70.46037pt x 41.89316pt.

Underfull \hbox (badness 10000) in paragraph at lines 205--205
[]\T1/lmr/bx/n/8 (a) |\T1/lmr/m/n/8 A di-rected
 []


Underfull \hbox (badness 10000) in paragraph at lines 205--205
\T1/lmr/m/n/8 graph show-ing
 []


Underfull \hbox (badness 10000) in paragraph at lines 205--205
\T1/lmr/m/n/8 a net-work flow
 []


Underfull \hbox (badness 1917) in paragraph at lines 205--205
\T1/lmr/m/n/8 prob-lem. Nodes
 []


Underfull \hbox (badness 10000) in paragraph at lines 205--205
\T1/lmr/m/n/8 rep-re-sent cities
 []


Underfull \hbox (badness 1303) in paragraph at lines 205--205
\T1/lmr/m/n/8 NYC), and edges
 []


Underfull \hbox (badness 10000) in paragraph at lines 205--205
\T1/lmr/m/n/8 rep-re-sent flight
 []


Underfull \hbox (badness 10000) in paragraph at lines 205--205
\T1/lmr/m/n/8 routes with ca-
 []


Underfull \hbox (badness 6559) in paragraph at lines 205--205
\T1/lmr/m/n/8 pac-i-ties in-di-cated
 []


Underfull \hbox (badness 10000) in paragraph at lines 205--205
\T1/lmr/m/n/8 by num-bers on
 []


Underfull \hbox (badness 1371) in paragraph at lines 205--205
\T1/lmr/m/n/8 in-di-cate di-rec-tion.
 []


Underfull \hbox (badness 10000) in paragraph at lines 205--205
\T1/lmr/m/n/8 and red ar-rows
 []

</Users/ashoksaravanan/Coding/ScribeLec/server/output/MA 421/lectures/2024-11-1
9-MaxFlowMinCut/figures/6.2.png, id=324, 371.3875pt x 220.825pt>
File: /Users/ashoksaravanan/Coding/ScribeLec/server/output/MA 421/lectures/2024
-11-19-MaxFlowMinCut/figures/6.2.png Graphic file (type png)
<use /Users/ashoksaravanan/Coding/ScribeLec/server/output/MA 421/lectures/2024-
11-19-MaxFlowMinCut/figures/6.2.png>
Package pdftex.def Info: /Users/ashoksaravanan/Coding/ScribeLec/server/output/M
A 421/lectures/2024-11-19-MaxFlowMinCut/figures/6.2.png  used on input line 210
.
(pdftex.def)             Requested size: 70.46037pt x 41.89316pt.

Underfull \hbox (badness 10000) in paragraph at lines 211--211
[]\T1/lmr/bx/n/8 (b) |\T1/lmr/m/n/8 A sec-ond
 []


Underfull \hbox (badness 10000) in paragraph at lines 211--211
\T1/lmr/m/n/8 di-rected graph
 []


Underfull \hbox (badness 10000) in paragraph at lines 211--211
\T1/lmr/m/n/8 flow prob-lem.
 []


Underfull \hbox (badness 10000) in paragraph at lines 211--211
\T1/lmr/m/n/8 Nodes rep-re-sent
 []


Underfull \hbox (badness 1117) in paragraph at lines 211--211
\T1/lmr/m/n/8 cities (SF, D, H,
 []


Underfull \hbox (badness 10000) in paragraph at lines 211--211
\T1/lmr/m/n/8 edges rep-re-sent
 []


Underfull \hbox (badness 1158) in paragraph at lines 211--211
\T1/lmr/m/n/8 flight routes with
 []


Underfull \hbox (badness 10000) in paragraph at lines 211--211
\T1/lmr/m/n/8 ca-pac-i-ties in-di-
 []


Underfull \hbox (badness 10000) in paragraph at lines 211--211
\T1/lmr/m/n/8 on the edges.
 []


Underfull \hbox (badness 10000) in paragraph at lines 211--211
\T1/lmr/m/n/8 Ar-rows in-di-cate
 []


Underfull \hbox (badness 10000) in paragraph at lines 211--211
\T1/lmr/m/n/8 di-rec-tion. A
 []


Underfull \hbox (badness 10000) in paragraph at lines 211--211
\T1/lmr/m/n/8 hand-writ-ten $\OML/lmm/m/it/8 x[]$
 []


Underfull \hbox (badness 10000) in paragraph at lines 211--211
\T1/lmr/m/n/8 and red ar-rows
 []


Underfull \hbox (badness 10000) in paragraph at lines 211--211
\T1/lmr/m/n/8 flow as-sign-ment.
 []


Underfull \hbox (badness 1077) in paragraph at lines 211--211
\T1/lmr/m/n/8 8" is hand-writ-ten
 []

</Users/ashoksaravanan/Coding/ScribeLec/server/output/MA 421/lectures/2024-11-1
9-MaxFlowMinCut/figures/6.3.png, id=325, 120.45pt x 170.6375pt>
File: /Users/ashoksaravanan/Coding/ScribeLec/server/output/MA 421/lectures/2024
-11-19-MaxFlowMinCut/figures/6.3.png Graphic file (type png)
<use /Users/ashoksaravanan/Coding/ScribeLec/server/output/MA 421/lectures/2024-
11-19-MaxFlowMinCut/figures/6.3.png>
Package pdftex.def Info: /Users/ashoksaravanan/Coding/ScribeLec/server/output/M
A 421/lectures/2024-11-19-MaxFlowMinCut/figures/6.3.png  used on input line 216
.
(pdftex.def)             Requested size: 70.46037pt x 99.82121pt.

Underfull \hbox (badness 10000) in paragraph at lines 217--217
[]\T1/lmr/bx/n/8 (c) |\T1/lmr/m/n/8 Hand-writ-ten
 []

</Users/ashoksaravanan/Coding/ScribeLec/server/output/MA 421/lectures/2024-11-1
9-MaxFlowMinCut/figures/6.4.png, id=326, 271.0125pt x 421.575pt>
File: /Users/ashoksaravanan/Coding/ScribeLec/server/output/MA 421/lectures/2024
-11-19-MaxFlowMinCut/figures/6.4.png Graphic file (type png)
<use /Users/ashoksaravanan/Coding/ScribeLec/server/output/MA 421/lectures/2024-
11-19-MaxFlowMinCut/figures/6.4.png>
Package pdftex.def Info: /Users/ashoksaravanan/Coding/ScribeLec/server/output/M
A 421/lectures/2024-11-19-MaxFlowMinCut/figures/6.4.png  used on input line 222
.
(pdftex.def)             Requested size: 70.46037pt x 109.60048pt.

Underfull \hbox (badness 10000) in paragraph at lines 223--223
[]\T1/lmr/bx/n/8 (d) |\T1/lmr/m/n/8 A sec-ond
 []


Underfull \hbox (badness 10000) in paragraph at lines 223--223
\T1/lmr/m/n/8 di-rected graph
 []


Underfull \hbox (badness 10000) in paragraph at lines 223--223
\T1/lmr/m/n/8 flow prob-lem.
 []


Underfull \hbox (badness 10000) in paragraph at lines 223--223
\T1/lmr/m/n/8 Nodes rep-re-sent
 []


Underfull \hbox (badness 1117) in paragraph at lines 223--223
\T1/lmr/m/n/8 cities (SF, D, H,
 []


Underfull \hbox (badness 10000) in paragraph at lines 223--223
\T1/lmr/m/n/8 edges rep-re-sent
 []


Underfull \hbox (badness 1158) in paragraph at lines 223--223
\T1/lmr/m/n/8 flight routes with
 []


Underfull \hbox (badness 10000) in paragraph at lines 223--223
\T1/lmr/m/n/8 ca-pac-i-ties in-di-
 []


Underfull \hbox (badness 10000) in paragraph at lines 223--223
\T1/lmr/m/n/8 on the edges.
 []


Underfull \hbox (badness 10000) in paragraph at lines 223--223
\T1/lmr/m/n/8 Ar-rows in-di-cate
 []


Underfull \hbox (badness 10000) in paragraph at lines 223--223
\T1/lmr/m/n/8 di-rec-tion. A
 []


Underfull \hbox (badness 10000) in paragraph at lines 223--223
\T1/lmr/m/n/8 hand-writ-ten $\OML/lmm/m/it/8 x[]$
 []


Underfull \hbox (badness 10000) in paragraph at lines 223--223
\T1/lmr/m/n/8 and red ar-rows
 []


Underfull \hbox (badness 10000) in paragraph at lines 223--223
\T1/lmr/m/n/8 flow as-sign-ment.
 []


Underfull \hbox (badness 2318) in paragraph at lines 223--223
\T1/lmr/m/n/8 The text "Fig-ure
 []

</Users/ashoksaravanan/Coding/ScribeLec/server/output/MA 421/lectures/2024-11-1
9-MaxFlowMinCut/figures/6.5.png, id=327, 170.6375pt x 120.45pt>
File: /Users/ashoksaravanan/Coding/ScribeLec/server/output/MA 421/lectures/2024
-11-19-MaxFlowMinCut/figures/6.5.png Graphic file (type png)
<use /Users/ashoksaravanan/Coding/ScribeLec/server/output/MA 421/lectures/2024-
11-19-MaxFlowMinCut/figures/6.5.png>
Package pdftex.def Info: /Users/ashoksaravanan/Coding/ScribeLec/server/output/M
A 421/lectures/2024-11-19-MaxFlowMinCut/figures/6.5.png  used on input line 228
.
(pdftex.def)             Requested size: 70.46037pt x 49.73769pt.

Underfull \hbox (badness 10000) in paragraph at lines 229--229
[]\T1/lmr/bx/n/8 (e) |\T1/lmr/m/n/8 Hand-writ-ten
 []

[9 </Users/ashoksaravanan/Coding/ScribeLec/server/output/MA 421/lectures/2024-1
1-19-MaxFlowMinCut/figures/6.1.png (PNG copy)> </Users/ashoksaravanan/Coding/Sc
ribeLec/server/output/MA 421/lectures/2024-11-19-MaxFlowMinCut/figures/6.2.png 
(PNG copy)> </Users/ashoksaravanan/Coding/ScribeLec/server/output/MA 421/lectur
es/2024-11-19-MaxFlowMinCut/figures/6.3.png (PNG copy)> </Users/ashoksaravanan/
Coding/ScribeLec/server/output/MA 421/lectures/2024-11-19-MaxFlowMinCut/figures
/6.4.png (PNG copy)> </Users/ashoksaravanan/Coding/ScribeLec/server/output/MA 4
21/lectures/2024-11-19-MaxFlowMinCut/figures/6.5.png (PNG copy)>]
</Users/ashoksaravanan/Coding/ScribeLec/server/output/MA 421/lectures/2024-11-1
9-MaxFlowMinCut/figures/7.1.png, id=333, 371.3875pt x 271.0125pt>
File: /Users/ashoksaravanan/Coding/ScribeLec/server/output/MA 421/lectures/2024
-11-19-MaxFlowMinCut/figures/7.1.png Graphic file (type png)
<use /Users/ashoksaravanan/Coding/ScribeLec/server/output/MA 421/lectures/2024-
11-19-MaxFlowMinCut/figures/7.1.png>
Package pdftex.def Info: /Users/ashoksaravanan/Coding/ScribeLec/server/output/M
A 421/lectures/2024-11-19-MaxFlowMinCut/figures/7.1.png  used on input line 248
.
(pdftex.def)             Requested size: 70.46037pt x 51.41434pt.

Underfull \hbox (badness 10000) in paragraph at lines 249--249
[]\T1/lmr/bx/n/8 (a) |\T1/lmr/m/n/8 A di-rected
 []


Underfull \hbox (badness 10000) in paragraph at lines 249--249
\T1/lmr/m/n/8 graph show-ing
 []


Underfull \hbox (badness 10000) in paragraph at lines 249--249
\T1/lmr/m/n/8 a net-work flow
 []


Underfull \hbox (badness 1917) in paragraph at lines 249--249
\T1/lmr/m/n/8 prob-lem. Nodes
 []


Underfull \hbox (badness 10000) in paragraph at lines 249--249
\T1/lmr/m/n/8 rep-re-sent cities
 []


Underfull \hbox (badness 1303) in paragraph at lines 249--249
\T1/lmr/m/n/8 NYC), and edges
 []


Underfull \hbox (badness 10000) in paragraph at lines 249--249
\T1/lmr/m/n/8 rep-re-sent flight
 []


Underfull \hbox (badness 10000) in paragraph at lines 249--249
\T1/lmr/m/n/8 routes with ca-
 []


Underfull \hbox (badness 6559) in paragraph at lines 249--249
\T1/lmr/m/n/8 pac-i-ties in-di-cated
 []


Underfull \hbox (badness 10000) in paragraph at lines 249--249
\T1/lmr/m/n/8 by num-bers on
 []


Underfull \hbox (badness 1371) in paragraph at lines 249--249
\T1/lmr/m/n/8 in-di-cate di-rec-tion.
 []


Underfull \hbox (badness 1112) in paragraph at lines 249--249
\T1/lmr/m/n/8 is above an edge
 []


Underfull \hbox (badness 10000) in paragraph at lines 249--249
\T1/lmr/m/n/8 a pos-si-ble flow
 []

</Users/ashoksaravanan/Coding/ScribeLec/server/output/MA 421/lectures/2024-11-1
9-MaxFlowMinCut/figures/7.2.png, id=334, 371.3875pt x 371.3875pt>
File: /Users/ashoksaravanan/Coding/ScribeLec/server/output/MA 421/lectures/2024
-11-19-MaxFlowMinCut/figures/7.2.png Graphic file (type png)
<use /Users/ashoksaravanan/Coding/ScribeLec/server/output/MA 421/lectures/2024-
11-19-MaxFlowMinCut/figures/7.2.png>
Package pdftex.def Info: /Users/ashoksaravanan/Coding/ScribeLec/server/output/M
A 421/lectures/2024-11-19-MaxFlowMinCut/figures/7.2.png  used on input line 254
.
(pdftex.def)             Requested size: 70.46037pt x 70.45668pt.

Underfull \hbox (badness 10000) in paragraph at lines 255--255
[]\T1/lmr/bx/n/8 (b) |\T1/lmr/m/n/8 A sec-ond
 []


Underfull \hbox (badness 10000) in paragraph at lines 255--255
\T1/lmr/m/n/8 di-rected graph
 []


Underfull \hbox (badness 10000) in paragraph at lines 255--255
\T1/lmr/m/n/8 flow prob-lem.
 []


Underfull \hbox (badness 10000) in paragraph at lines 255--255
\T1/lmr/m/n/8 Nodes rep-re-sent
 []


Underfull \hbox (badness 10000) in paragraph at lines 255--255
\T1/lmr/m/n/8 cities (SF, D,
 []


Underfull \hbox (badness 1960) in paragraph at lines 255--255
\T1/lmr/m/n/8 H, A, C, NYC),
 []


Underfull \hbox (badness 3735) in paragraph at lines 255--255
\T1/lmr/m/n/8 and edges rep-re-
 []


Underfull \hbox (badness 2269) in paragraph at lines 255--255
\T1/lmr/m/n/8 sent flight routes
 []


Underfull \hbox (badness 10000) in paragraph at lines 255--255
\T1/lmr/m/n/8 with ca-pac-i-ties
 []


Underfull \hbox (badness 10000) in paragraph at lines 255--255
\T1/lmr/m/n/8 in-di-cated by
 []


Underfull \hbox (badness 10000) in paragraph at lines 255--255
\T1/lmr/m/n/8 num-bers on the
 []


Underfull \hbox (badness 7504) in paragraph at lines 255--255
\T1/lmr/m/n/8 edges. Ar-rows
 []


Underfull \hbox (badness 1371) in paragraph at lines 255--255
\T1/lmr/m/n/8 in-di-cate di-rec-tion.
 []


Underfull \hbox (badness 1668) in paragraph at lines 255--255
\T1/lmr/m/n/8 Red num-bers are
 []


Underfull \hbox (badness 4981) in paragraph at lines 255--255
\T1/lmr/m/n/8 writ-ten on some
 []


Underfull \hbox (badness 10000) in paragraph at lines 255--255
\T1/lmr/m/n/8 edges, in-di-cat-ing
 []


Underfull \hbox (badness 10000) in paragraph at lines 255--255
\T1/lmr/m/n/8 a pos-si-ble flow
 []


Underfull \hbox (badness 2189) in paragraph at lines 255--255
\T1/lmr/m/n/8 en-closes a sub-set
 []

</Users/ashoksaravanan/Coding/ScribeLec/server/output/MA 421/lectures/2024-11-1
9-MaxFlowMinCut/figures/7.3.png, id=335, 170.6375pt x 170.6375pt>
File: /Users/ashoksaravanan/Coding/ScribeLec/server/output/MA 421/lectures/2024
-11-19-MaxFlowMinCut/figures/7.3.png Graphic file (type png)
<use /Users/ashoksaravanan/Coding/ScribeLec/server/output/MA 421/lectures/2024-
11-19-MaxFlowMinCut/figures/7.3.png>
Package pdftex.def Info: /Users/ashoksaravanan/Coding/ScribeLec/server/output/M
A 421/lectures/2024-11-19-MaxFlowMinCut/figures/7.3.png  used on input line 260
.
(pdftex.def)             Requested size: 70.46037pt x 70.46173pt.

Underfull \hbox (badness 10000) in paragraph at lines 261--261
[]\T1/lmr/bx/n/8 (c) |\T1/lmr/m/n/8 Hand-writ-ten
 []

[10 </Users/ashoksaravanan/Coding/ScribeLec/server/output/MA 421/lectures/2024-
11-19-MaxFlowMinCut/figures/7.1.png (PNG copy)> </Users/ashoksaravanan/Coding/S
cribeLec/server/output/MA 421/lectures/2024-11-19-MaxFlowMinCut/figures/7.2.png
 (PNG copy)> </Users/ashoksaravanan/Coding/ScribeLec/server/output/MA 421/lectu
res/2024-11-19-MaxFlowMinCut/figures/7.3.png (PNG copy)>]
/Users/ashoksaravanan/Coding/ScribeLec/server/output/MA 421/lectures/2024-11-19
-MaxFlowMinCut/notes.tex:272: Missing $ inserted.
<inserted text> 
                $
l.272 \bullet
              \text{ Let } \{x_{ij}^*\} \text{ be a (optimal) max flow} \\
I've inserted a begin-math/end-math symbol since I think
you left one out. Proceed, with fingers crossed.

/Users/ashoksaravanan/Coding/ScribeLec/server/output/MA 421/lectures/2024-11-19
-MaxFlowMinCut/notes.tex:280: Missing $ inserted.
<inserted text> 
                $
l.280 \subsection
                 {Description}%
I've inserted a begin-math/end-math symbol since I think
you left one out. Proceed, with fingers crossed.

</Users/ashoksaravanan/Coding/ScribeLec/server/output/MA 421/lectures/2024-11-1
9-MaxFlowMinCut/figures/8.1.png, id=341, 1003.75pt x 1003.75pt>
File: /Users/ashoksaravanan/Coding/ScribeLec/server/output/MA 421/lectures/2024
-11-19-MaxFlowMinCut/figures/8.1.png Graphic file (type png)
<use /Users/ashoksaravanan/Coding/ScribeLec/server/output/MA 421/lectures/2024-
11-19-MaxFlowMinCut/figures/8.1.png>
Package pdftex.def Info: /Users/ashoksaravanan/Coding/ScribeLec/server/output/M
A 421/lectures/2024-11-19-MaxFlowMinCut/figures/8.1.png  used on input line 287
.
(pdftex.def)             Requested size: 70.46037pt x 70.45346pt.

Underfull \hbox (badness 10000) in paragraph at lines 288--288
[]\T1/lmr/bx/n/8 (a) |\T1/lmr/m/n/8 Hand-writ-ten
 []


Underfull \hbox (badness 10000) in paragraph at lines 288--288
\T1/lmr/m/n/8 notes out-lin-ing
 []


Underfull \hbox (badness 2318) in paragraph at lines 288--288
\T1/lmr/m/n/8 the proof of the
 []


Underfull \hbox (badness 10000) in paragraph at lines 288--288
\T1/lmr/m/n/8 Max-Flow Min-
 []


Underfull \hbox (badness 10000) in paragraph at lines 288--288
\T1/lmr/m/n/8 Cut the-o-rem.
 []


Underfull \hbox (badness 4266) in paragraph at lines 288--288
\T1/lmr/m/n/8 The proof starts
 []


Underfull \hbox (badness 10000) in paragraph at lines 288--288
\T1/lmr/m/n/8 by defin-ing an
 []


Underfull \hbox (badness 10000) in paragraph at lines 288--288
\T1/lmr/m/n/8 C* from which
 []


Underfull \hbox (badness 10000) in paragraph at lines 288--288
\T1/lmr/m/n/8 ad-di-tional flow
 []


Underfull \hbox (badness 6725) in paragraph at lines 288--288
\T1/lmr/m/n/8 is equal to the
 []

[11 </Users/ashoksaravanan/Coding/ScribeLec/server/output/MA 421/lectures/2024-
11-19-MaxFlowMinCut/figures/8.1.png (PNG copy)>]
</Users/ashoksaravanan/Coding/ScribeLec/server/output/MA 421/lectures/2024-11-1
9-MaxFlowMinCut/figures/9.1.png, id=349, 371.3875pt x 271.0125pt>
File: /Users/ashoksaravanan/Coding/ScribeLec/server/output/MA 421/lectures/2024
-11-19-MaxFlowMinCut/figures/9.1.png Graphic file (type png)
<use /Users/ashoksaravanan/Coding/ScribeLec/server/output/MA 421/lectures/2024-
11-19-MaxFlowMinCut/figures/9.1.png>
Package pdftex.def Info: /Users/ashoksaravanan/Coding/ScribeLec/server/output/M
A 421/lectures/2024-11-19-MaxFlowMinCut/figures/9.1.png  used on input line 307
.
(pdftex.def)             Requested size: 70.46037pt x 51.41434pt.

Underfull \hbox (badness 10000) in paragraph at lines 308--308
[]\T1/lmr/bx/n/8 (a) |\T1/lmr/m/n/8 A di-rected
 []


Underfull \hbox (badness 10000) in paragraph at lines 308--308
\T1/lmr/m/n/8 graph show-ing
 []


Underfull \hbox (badness 10000) in paragraph at lines 308--308
\T1/lmr/m/n/8 a net-work flow
 []


Underfull \hbox (badness 1917) in paragraph at lines 308--308
\T1/lmr/m/n/8 prob-lem. Nodes
 []


Underfull \hbox (badness 10000) in paragraph at lines 308--308
\T1/lmr/m/n/8 rep-re-sent cities
 []


Underfull \hbox (badness 1303) in paragraph at lines 308--308
\T1/lmr/m/n/8 NYC), and edges
 []


Underfull \hbox (badness 10000) in paragraph at lines 308--308
\T1/lmr/m/n/8 rep-re-sent flight
 []


Underfull \hbox (badness 10000) in paragraph at lines 308--308
\T1/lmr/m/n/8 routes with ca-
 []


Underfull \hbox (badness 6559) in paragraph at lines 308--308
\T1/lmr/m/n/8 pac-i-ties in-di-cated
 []


Underfull \hbox (badness 10000) in paragraph at lines 308--308
\T1/lmr/m/n/8 by num-bers on
 []


Underfull \hbox (badness 1371) in paragraph at lines 308--308
\T1/lmr/m/n/8 in-di-cate di-rec-tion.
 []


Underfull \hbox (badness 1112) in paragraph at lines 308--308
\T1/lmr/m/n/8 is above an edge
 []


Underfull \hbox (badness 10000) in paragraph at lines 308--308
\T1/lmr/m/n/8 a pos-si-ble flow
 []

</Users/ashoksaravanan/Coding/ScribeLec/server/output/MA 421/lectures/2024-11-1
9-MaxFlowMinCut/figures/9.2.png, id=350, 371.3875pt x 371.3875pt>
File: /Users/ashoksaravanan/Coding/ScribeLec/server/output/MA 421/lectures/2024
-11-19-MaxFlowMinCut/figures/9.2.png Graphic file (type png)
<use /Users/ashoksaravanan/Coding/ScribeLec/server/output/MA 421/lectures/2024-
11-19-MaxFlowMinCut/figures/9.2.png>
Package pdftex.def Info: /Users/ashoksaravanan/Coding/ScribeLec/server/output/M
A 421/lectures/2024-11-19-MaxFlowMinCut/figures/9.2.png  used on input line 313
.
(pdftex.def)             Requested size: 70.46037pt x 70.45668pt.

Underfull \hbox (badness 10000) in paragraph at lines 314--314
[]\T1/lmr/bx/n/8 (b) |\T1/lmr/m/n/8 A sec-ond
 []


Underfull \hbox (badness 10000) in paragraph at lines 314--314
\T1/lmr/m/n/8 di-rected graph
 []


Underfull \hbox (badness 10000) in paragraph at lines 314--314
\T1/lmr/m/n/8 flow prob-lem.
 []


Underfull \hbox (badness 10000) in paragraph at lines 314--314
\T1/lmr/m/n/8 Nodes rep-re-sent
 []


Underfull \hbox (badness 10000) in paragraph at lines 314--314
\T1/lmr/m/n/8 cities (SF, D,
 []


Underfull \hbox (badness 1960) in paragraph at lines 314--314
\T1/lmr/m/n/8 H, A, C, NYC),
 []


Underfull \hbox (badness 3735) in paragraph at lines 314--314
\T1/lmr/m/n/8 and edges rep-re-
 []


Underfull \hbox (badness 2269) in paragraph at lines 314--314
\T1/lmr/m/n/8 sent flight routes
 []


Underfull \hbox (badness 10000) in paragraph at lines 314--314
\T1/lmr/m/n/8 with ca-pac-i-ties
 []


Underfull \hbox (badness 10000) in paragraph at lines 314--314
\T1/lmr/m/n/8 in-di-cated by
 []


Underfull \hbox (badness 10000) in paragraph at lines 314--314
\T1/lmr/m/n/8 num-bers on the
 []


Underfull \hbox (badness 7504) in paragraph at lines 314--314
\T1/lmr/m/n/8 edges. Ar-rows
 []


Underfull \hbox (badness 1371) in paragraph at lines 314--314
\T1/lmr/m/n/8 in-di-cate di-rec-tion.
 []


Underfull \hbox (badness 1668) in paragraph at lines 314--314
\T1/lmr/m/n/8 Red num-bers are
 []


Underfull \hbox (badness 4981) in paragraph at lines 314--314
\T1/lmr/m/n/8 writ-ten on some
 []


Underfull \hbox (badness 10000) in paragraph at lines 314--314
\T1/lmr/m/n/8 edges, in-di-cat-ing
 []


Underfull \hbox (badness 10000) in paragraph at lines 314--314
\T1/lmr/m/n/8 a pos-si-ble flow
 []

</Users/ashoksaravanan/Coding/ScribeLec/server/output/MA 421/lectures/2024-11-1
9-MaxFlowMinCut/figures/9.3.png, id=351, 170.6375pt x 170.6375pt>
File: /Users/ashoksaravanan/Coding/ScribeLec/server/output/MA 421/lectures/2024
-11-19-MaxFlowMinCut/figures/9.3.png Graphic file (type png)
<use /Users/ashoksaravanan/Coding/ScribeLec/server/output/MA 421/lectures/2024-
11-19-MaxFlowMinCut/figures/9.3.png>
Package pdftex.def Info: /Users/ashoksaravanan/Coding/ScribeLec/server/output/M
A 421/lectures/2024-11-19-MaxFlowMinCut/figures/9.3.png  used on input line 319
.
(pdftex.def)             Requested size: 70.46037pt x 70.46173pt.

Underfull \hbox (badness 10000) in paragraph at lines 320--320
[]\T1/lmr/bx/n/8 (c) |\T1/lmr/m/n/8 Hand-writ-ten
 []

[12 </Users/ashoksaravanan/Coding/ScribeLec/server/output/MA 421/lectures/2024-
11-19-MaxFlowMinCut/figures/9.1.png (PNG copy)> </Users/ashoksaravanan/Coding/S
cribeLec/server/output/MA 421/lectures/2024-11-19-MaxFlowMinCut/figures/9.2.png
 (PNG copy)> </Users/ashoksaravanan/Coding/ScribeLec/server/output/MA 421/lectu
res/2024-11-19-MaxFlowMinCut/figures/9.3.png (PNG copy)>]
</Users/ashoksaravanan/Coding/ScribeLec/server/output/MA 421/lectures/2024-11-1
9-MaxFlowMinCut/figures/10.1.png, id=357, 371.3875pt x 271.0125pt>
File: /Users/ashoksaravanan/Coding/ScribeLec/server/output/MA 421/lectures/2024
-11-19-MaxFlowMinCut/figures/10.1.png Graphic file (type png)
<use /Users/ashoksaravanan/Coding/ScribeLec/server/output/MA 421/lectures/2024-
11-19-MaxFlowMinCut/figures/10.1.png>
Package pdftex.def Info: /Users/ashoksaravanan/Coding/ScribeLec/server/output/M
A 421/lectures/2024-11-19-MaxFlowMinCut/figures/10.1.png  used on input line 33
9.
(pdftex.def)             Requested size: 70.46037pt x 51.41434pt.

Underfull \hbox (badness 10000) in paragraph at lines 340--340
[]\T1/lmr/bx/n/8 (a) |\T1/lmr/m/n/8 A di-rected
 []


Underfull \hbox (badness 10000) in paragraph at lines 340--340
\T1/lmr/m/n/8 graph show-ing
 []


Underfull \hbox (badness 10000) in paragraph at lines 340--340
\T1/lmr/m/n/8 a net-work flow
 []


Underfull \hbox (badness 1917) in paragraph at lines 340--340
\T1/lmr/m/n/8 prob-lem. Nodes
 []


Underfull \hbox (badness 10000) in paragraph at lines 340--340
\T1/lmr/m/n/8 rep-re-sent cities
 []


Underfull \hbox (badness 1303) in paragraph at lines 340--340
\T1/lmr/m/n/8 NYC), and edges
 []


Underfull \hbox (badness 10000) in paragraph at lines 340--340
\T1/lmr/m/n/8 rep-re-sent flight
 []


Underfull \hbox (badness 10000) in paragraph at lines 340--340
\T1/lmr/m/n/8 routes with ca-
 []


Underfull \hbox (badness 6559) in paragraph at lines 340--340
\T1/lmr/m/n/8 pac-i-ties in-di-cated
 []


Underfull \hbox (badness 10000) in paragraph at lines 340--340
\T1/lmr/m/n/8 by num-bers on
 []


Underfull \hbox (badness 1371) in paragraph at lines 340--340
\T1/lmr/m/n/8 in-di-cate di-rec-tion.
 []


Underfull \hbox (badness 1112) in paragraph at lines 340--340
\T1/lmr/m/n/8 is above an edge
 []


Underfull \hbox (badness 10000) in paragraph at lines 340--340
\T1/lmr/m/n/8 a pos-si-ble flow
 []

</Users/ashoksaravanan/Coding/ScribeLec/server/output/MA 421/lectures/2024-11-1
9-MaxFlowMinCut/figures/10.2.png, id=358, 371.3875pt x 371.3875pt>
File: /Users/ashoksaravanan/Coding/ScribeLec/server/output/MA 421/lectures/2024
-11-19-MaxFlowMinCut/figures/10.2.png Graphic file (type png)
<use /Users/ashoksaravanan/Coding/ScribeLec/server/output/MA 421/lectures/2024-
11-19-MaxFlowMinCut/figures/10.2.png>
Package pdftex.def Info: /Users/ashoksaravanan/Coding/ScribeLec/server/output/M
A 421/lectures/2024-11-19-MaxFlowMinCut/figures/10.2.png  used on input line 34
5.
(pdftex.def)             Requested size: 70.46037pt x 70.45668pt.

Underfull \hbox (badness 10000) in paragraph at lines 346--346
[]\T1/lmr/bx/n/8 (b) |\T1/lmr/m/n/8 A sec-ond
 []


Underfull \hbox (badness 10000) in paragraph at lines 346--346
\T1/lmr/m/n/8 di-rected graph
 []


Underfull \hbox (badness 10000) in paragraph at lines 346--346
\T1/lmr/m/n/8 flow prob-lem.
 []


Underfull \hbox (badness 10000) in paragraph at lines 346--346
\T1/lmr/m/n/8 Nodes rep-re-sent
 []


Underfull \hbox (badness 10000) in paragraph at lines 346--346
\T1/lmr/m/n/8 cities (SF, D,
 []


Underfull \hbox (badness 1960) in paragraph at lines 346--346
\T1/lmr/m/n/8 H, A, C, NYC),
 []


Underfull \hbox (badness 3735) in paragraph at lines 346--346
\T1/lmr/m/n/8 and edges rep-re-
 []


Underfull \hbox (badness 2269) in paragraph at lines 346--346
\T1/lmr/m/n/8 sent flight routes
 []


Underfull \hbox (badness 10000) in paragraph at lines 346--346
\T1/lmr/m/n/8 with ca-pac-i-ties
 []


Underfull \hbox (badness 10000) in paragraph at lines 346--346
\T1/lmr/m/n/8 in-di-cated by
 []


Underfull \hbox (badness 10000) in paragraph at lines 346--346
\T1/lmr/m/n/8 num-bers on the
 []


Underfull \hbox (badness 7504) in paragraph at lines 346--346
\T1/lmr/m/n/8 edges. Ar-rows
 []


Underfull \hbox (badness 1371) in paragraph at lines 346--346
\T1/lmr/m/n/8 in-di-cate di-rec-tion.
 []


Underfull \hbox (badness 1668) in paragraph at lines 346--346
\T1/lmr/m/n/8 Red num-bers are
 []


Underfull \hbox (badness 4981) in paragraph at lines 346--346
\T1/lmr/m/n/8 writ-ten on some
 []


Underfull \hbox (badness 10000) in paragraph at lines 346--346
\T1/lmr/m/n/8 edges, in-di-cat-ing
 []


Underfull \hbox (badness 10000) in paragraph at lines 346--346
\T1/lmr/m/n/8 a pos-si-ble flow
 []


Underfull \hbox (badness 6063) in paragraph at lines 346--346
\T1/lmr/m/n/8 is printed be-low
 []

[13 </Users/ashoksaravanan/Coding/ScribeLec/server/output/MA 421/lectures/2024-
11-19-MaxFlowMinCut/figures/10.1.png (PNG copy)> </Users/ashoksaravanan/Coding/
ScribeLec/server/output/MA 421/lectures/2024-11-19-MaxFlowMinCut/figures/10.2.p
ng (PNG copy)>]
</Users/ashoksaravanan/Coding/ScribeLec/server/output/MA 421/lectures/2024-11-1
9-MaxFlowMinCut/figures/11.1.png, id=365, 421.575pt x 371.3875pt>
File: /Users/ashoksaravanan/Coding/ScribeLec/server/output/MA 421/lectures/2024
-11-19-MaxFlowMinCut/figures/11.1.png Graphic file (type png)
<use /Users/ashoksaravanan/Coding/ScribeLec/server/output/MA 421/lectures/2024-
11-19-MaxFlowMinCut/figures/11.1.png>
Package pdftex.def Info: /Users/ashoksaravanan/Coding/ScribeLec/server/output/M
A 421/lectures/2024-11-19-MaxFlowMinCut/figures/11.1.png  used on input line 36
6.
(pdftex.def)             Requested size: 70.46037pt x 62.06966pt.

Underfull \hbox (badness 10000) in paragraph at lines 367--367
[]\T1/lmr/bx/n/8 (a) |\T1/lmr/m/n/8 A di-rected
 []


Underfull \hbox (badness 4036) in paragraph at lines 367--367
\T1/lmr/m/n/8 graph show-ing a
 []


Underfull \hbox (badness 10000) in paragraph at lines 367--367
\T1/lmr/m/n/8 lem with nodes
 []


Underfull \hbox (badness 1546) in paragraph at lines 367--367
\T1/lmr/m/n/8 rep-re-sent-ing cities
 []


Underfull \hbox (badness 3240) in paragraph at lines 367--367
\T1/lmr/m/n/8 NYC) and edges
 []


Underfull \hbox (badness 1308) in paragraph at lines 367--367
\T1/lmr/m/n/8 rep-re-sent-ing flight
 []


Underfull \hbox (badness 10000) in paragraph at lines 367--367
\T1/lmr/m/n/8 routes with ca-
 []


Underfull \hbox (badness 6559) in paragraph at lines 367--367
\T1/lmr/m/n/8 pac-i-ties in-di-cated
 []


Underfull \hbox (badness 10000) in paragraph at lines 367--367
\T1/lmr/m/n/8 by num-bers on
 []


Underfull \hbox (badness 1371) in paragraph at lines 367--367
\T1/lmr/m/n/8 in-di-cate di-rec-tion.
 []


Underfull \hbox (badness 1112) in paragraph at lines 367--367
\T1/lmr/m/n/8 is above an edge
 []


Underfull \hbox (badness 10000) in paragraph at lines 367--367
\T1/lmr/m/n/8 a pos-si-ble flow
 []

</Users/ashoksaravanan/Coding/ScribeLec/server/output/MA 421/lectures/2024-11-1
9-MaxFlowMinCut/figures/11.2.png, id=366, 371.3875pt x 471.7625pt>
File: /Users/ashoksaravanan/Coding/ScribeLec/server/output/MA 421/lectures/2024
-11-19-MaxFlowMinCut/figures/11.2.png Graphic file (type png)
<use /Users/ashoksaravanan/Coding/ScribeLec/server/output/MA 421/lectures/2024-
11-19-MaxFlowMinCut/figures/11.2.png>
Package pdftex.def Info: /Users/ashoksaravanan/Coding/ScribeLec/server/output/M
A 421/lectures/2024-11-19-MaxFlowMinCut/figures/11.2.png  used on input line 37
2.
(pdftex.def)             Requested size: 70.46037pt x 89.49902pt.

Underfull \hbox (badness 10000) in paragraph at lines 373--373
[]\T1/lmr/bx/n/8 (b) |\T1/lmr/m/n/8 A sec-ond
 []


Underfull \hbox (badness 10000) in paragraph at lines 373--373
\T1/lmr/m/n/8 di-rected graph
 []


Underfull \hbox (badness 1117) in paragraph at lines 373--373
\T1/lmr/m/n/8 cities (SF, D, H,
 []


Underfull \hbox (badness 10000) in paragraph at lines 373--373
\T1/lmr/m/n/8 edges rep-re-sent-
 []


Underfull \hbox (badness 6876) in paragraph at lines 373--373
\T1/lmr/m/n/8 ing flight routes
 []


Underfull \hbox (badness 10000) in paragraph at lines 373--373
\T1/lmr/m/n/8 with ca-pac-i-ties
 []


Underfull \hbox (badness 10000) in paragraph at lines 373--373
\T1/lmr/m/n/8 in-di-cated by
 []


Underfull \hbox (badness 10000) in paragraph at lines 373--373
\T1/lmr/m/n/8 num-bers on the
 []


Underfull \hbox (badness 7504) in paragraph at lines 373--373
\T1/lmr/m/n/8 edges. Ar-rows
 []


Underfull \hbox (badness 1371) in paragraph at lines 373--373
\T1/lmr/m/n/8 in-di-cate di-rec-tion.
 []


Underfull \hbox (badness 1668) in paragraph at lines 373--373
\T1/lmr/m/n/8 Red num-bers are
 []


Underfull \hbox (badness 4981) in paragraph at lines 373--373
\T1/lmr/m/n/8 writ-ten on some
 []


Underfull \hbox (badness 10000) in paragraph at lines 373--373
\T1/lmr/m/n/8 edges, in-di-cat-ing
 []


Underfull \hbox (badness 10000) in paragraph at lines 373--373
\T1/lmr/m/n/8 a pos-si-ble flow
 []


Underfull \hbox (badness 6063) in paragraph at lines 373--373
\T1/lmr/m/n/8 is printed be-low
 []


Underfull \hbox (badness 10000) in paragraph at lines 373--373
\T1/lmr/m/n/8 cir-cle en-closes
 []


Underfull \hbox (badness 10000) in paragraph at lines 373--373
\T1/lmr/m/n/8 the NYC node.
 []


Underfull \hbox (badness 10000) in paragraph at lines 373--373
\T1/lmr/m/n/8 Or-ange shad-ing
 []


Underfull \hbox (badness 10000) in paragraph at lines 373--373
\T1/lmr/m/n/8 high-lights an
 []

[14 </Users/ashoksaravanan/Coding/ScribeLec/server/output/MA 421/lectures/2024-
11-19-MaxFlowMinCut/figures/11.1.png (PNG copy)> </Users/ashoksaravanan/Coding/
ScribeLec/server/output/MA 421/lectures/2024-11-19-MaxFlowMinCut/figures/11.2.p
ng (PNG copy)>]
/Users/ashoksaravanan/Coding/ScribeLec/server/output/MA 421/lectures/2024-11-19
-MaxFlowMinCut/notes.tex:386: Missing $ inserted.
<inserted text> 
                $
l.386 ...or the arcs } ij \text{ such that } i \in
                                                   C, j \notin C, x_{ij} < u...
I've inserted a begin-math/end-math symbol since I think
you left one out. Proceed, with fingers crossed.

/Users/ashoksaravanan/Coding/ScribeLec/server/output/MA 421/lectures/2024-11-19
-MaxFlowMinCut/notes.tex:403: Missing $ inserted.
<inserted text> 
                $
l.403 \subsection
                 {Description}%
I've inserted a begin-math/end-math symbol since I think
you left one out. Proceed, with fingers crossed.

</Users/ashoksaravanan/Coding/ScribeLec/server/output/MA 421/lectures/2024-11-1
9-MaxFlowMinCut/figures/12.1.png, id=372, 471.7625pt x 772.8875pt>
File: /Users/ashoksaravanan/Coding/ScribeLec/server/output/MA 421/lectures/2024
-11-19-MaxFlowMinCut/figures/12.1.png Graphic file (type png)
<use /Users/ashoksaravanan/Coding/ScribeLec/server/output/MA 421/lectures/2024-
11-19-MaxFlowMinCut/figures/12.1.png>
Package pdftex.def Info: /Users/ashoksaravanan/Coding/ScribeLec/server/output/M
A 421/lectures/2024-11-19-MaxFlowMinCut/figures/12.1.png  used on input line 41
0.
(pdftex.def)             Requested size: 70.46037pt x 115.4328pt.

Underfull \hbox (badness 10000) in paragraph at lines 411--411
[]\T1/lmr/bx/n/8 (a) |\T1/lmr/m/n/8 Hand-writ-ten
 []


Underfull \hbox (badness 10000) in paragraph at lines 411--411
\T1/lmr/m/n/8 ti-tle "Ford-
 []


Underfull \hbox (badness 10000) in paragraph at lines 411--411
\T1/lmr/m/n/8 Fulkerson Al-go-
 []


Underfull \hbox (badness 10000) in paragraph at lines 411--411
\T1/lmr/m/n/8 Path)" and a
 []


Underfull \hbox (badness 10000) in paragraph at lines 411--411
\T1/lmr/m/n/8 Ford-Fulkerson
 []


Underfull \hbox (badness 10000) in paragraph at lines 411--411
\T1/lmr/m/n/8 al-go-rithm's im-
 []


Underfull \hbox (badness 10000) in paragraph at lines 411--411
\T1/lmr/m/n/8 ple-men-ta-tion,
 []


Underfull \hbox (badness 10000) in paragraph at lines 411--411
\T1/lmr/m/n/8 sec-tion la-beled
 []


Underfull \hbox (badness 3271) in paragraph at lines 411--411
\T1/lmr/m/n/8 for an Aug-ment-
 []


Underfull \hbox (badness 10000) in paragraph at lines 411--411
\T1/lmr/m/n/8 ing Path" with
 []


Underfull \hbox (badness 3701) in paragraph at lines 411--411
\T1/lmr/m/n/8 steps 0, 1, and
 []


Underfull \hbox (badness 10000) in paragraph at lines 411--411
\T1/lmr/m/n/8 2 de-tail-ing the
 []


Underfull \hbox (badness 1005) in paragraph at lines 411--411
\T1/lmr/m/n/8 al-go-rithm's search
 []


Underfull \hbox (badness 10000) in paragraph at lines 411--411
\T1/lmr/m/n/8 de-scribes la-beled
 []


Underfull \hbox (badness 10000) in paragraph at lines 411--411
\T1/lmr/m/n/8 and un-la-beled
 []


Underfull \hbox (badness 10000) in paragraph at lines 411--411
\T1/lmr/m/n/8 nodes, scanned
 []


Underfull \hbox (badness 10000) in paragraph at lines 411--411
\T1/lmr/m/n/8 and un-scanned
 []


Underfull \hbox (badness 10000) in paragraph at lines 411--411
\T1/lmr/m/n/8 nodes, and the
 []


Underfull \hbox (badness 10000) in paragraph at lines 411--411
\T1/lmr/m/n/8 con-di-tions for
 []


Underfull \hbox (badness 6078) in paragraph at lines 411--411
\T1/lmr/m/n/8 adding nodes to
 []

[15] [16 </Users/ashoksaravanan/Coding/ScribeLec/server/output/MA 421/lectures/
2024-11-19-MaxFlowMinCut/figures/12.1.png (PNG copy)>]
</Users/ashoksaravanan/Coding/ScribeLec/server/output/MA 421/lectures/2024-11-1
9-MaxFlowMinCut/figures/13.1.png, id=382, 572.1375pt x 772.8875pt>
File: /Users/ashoksaravanan/Coding/ScribeLec/server/output/MA 421/lectures/2024
-11-19-MaxFlowMinCut/figures/13.1.png Graphic file (type png)
<use /Users/ashoksaravanan/Coding/ScribeLec/server/output/MA 421/lectures/2024-
11-19-MaxFlowMinCut/figures/13.1.png>
Package pdftex.def Info: /Users/ashoksaravanan/Coding/ScribeLec/server/output/M
A 421/lectures/2024-11-19-MaxFlowMinCut/figures/13.1.png  used on input line 43
0.
(pdftex.def)             Requested size: 70.46037pt x 95.1837pt.

Underfull \hbox (badness 5022) in paragraph at lines 431--431
\T1/lmr/m/n/8 di-a-gram il-lus-trat-
 []


Underfull \hbox (badness 1275) in paragraph at lines 431--431
\T1/lmr/m/n/8 cir-cle la-beled "C"
 []


Underfull \hbox (badness 10000) in paragraph at lines 431--431
\T1/lmr/m/n/8 con-tains sev-eral
 []


Underfull \hbox (badness 10000) in paragraph at lines 431--431
\T1/lmr/m/n/8 nodes, in-clud-ing
 []


Underfull \hbox (badness 10000) in paragraph at lines 431--431
\T1/lmr/m/n/8 and an-other la-
 []


Underfull \hbox (badness 10000) in paragraph at lines 431--431
\T1/lmr/m/n/8 Ar-rows con-nect
 []


Underfull \hbox (badness 1163) in paragraph at lines 431--431
\T1/lmr/m/n/8 nodes within and
 []


Underfull \hbox (badness 7704) in paragraph at lines 431--431
\T1/lmr/m/n/8 node la-beled "i"
 []


Underfull \hbox (badness 3386) in paragraph at lines 431--431
\T1/lmr/m/n/8 "$\OML/lmm/m/it/8 x[] < u[]$\T1/lmr/m/n/8 " in
 []


Underfull \hbox (badness 10000) in paragraph at lines 431--431
\T1/lmr/m/n/8 red. An-other
 []


Underfull \hbox (badness 4505) in paragraph at lines 431--431
\T1/lmr/m/n/8 la-beled "i" to a
 []


Underfull \hbox (badness 7256) in paragraph at lines 431--431
\T1/lmr/m/n/8 node la-beled "j"
 []


Underfull \hbox (badness 10000) in paragraph at lines 431--431
\T1/lmr/m/n/8 is la-beled with
 []


Underfull \hbox (badness 2302) in paragraph at lines 431--431
\T1/lmr/m/n/8 A small red dot
 []


Underfull \hbox (badness 2689) in paragraph at lines 431--431
\T1/lmr/m/n/8 small red dot is
 []


Underfull \hbox (badness 2671) in paragraph at lines 431--431
\T1/lmr/m/n/8 nodes la-beled "j"
 []


Underfull \hbox (badness 10000) in paragraph at lines 431--431
\T1/lmr/m/n/8 are en-closed in
 []


Underfull \hbox (badness 10000) in paragraph at lines 431--431
\T1/lmr/m/n/8 dashed pur-ple
 []

[17] [18 </Users/ashoksaravanan/Coding/ScribeLec/server/output/MA 421/lectures/
2024-11-19-MaxFlowMinCut/figures/13.1.png (PNG copy)>]
</Users/ashoksaravanan/Coding/ScribeLec/server/output/MA 421/lectures/2024-11-1
9-MaxFlowMinCut/figures/14.1.png, id=392, 772.8875pt x 672.5125pt>
File: /Users/ashoksaravanan/Coding/ScribeLec/server/output/MA 421/lectures/2024
-11-19-MaxFlowMinCut/figures/14.1.png Graphic file (type png)
<use /Users/ashoksaravanan/Coding/ScribeLec/server/output/MA 421/lectures/2024-
11-19-MaxFlowMinCut/figures/14.1.png>
Package pdftex.def Info: /Users/ashoksaravanan/Coding/ScribeLec/server/output/M
A 421/lectures/2024-11-19-MaxFlowMinCut/figures/14.1.png  used on input line 45
0.
(pdftex.def)             Requested size: 70.46037pt x 61.30339pt.

Underfull \hbox (badness 5022) in paragraph at lines 451--451
\T1/lmr/m/n/8 di-a-gram il-lus-trat-
 []


Underfull \hbox (badness 10000) in paragraph at lines 451--451
\T1/lmr/m/n/8 prob-lem. The
 []


Underfull \hbox (badness 10000) in paragraph at lines 451--451
\T1/lmr/m/n/8 di-a-gram shows
 []


Underfull \hbox (badness 10000) in paragraph at lines 451--451
\T1/lmr/m/n/8 a net-work with
 []


Underfull \hbox (badness 5403) in paragraph at lines 451--451
\T1/lmr/m/n/8 are la-beled with
 []


Underfull \hbox (badness 1325) in paragraph at lines 451--451
\T1/lmr/m/n/8 cir-cles, and some
 []


Underfull \hbox (badness 1038) in paragraph at lines 451--451
\T1/lmr/m/n/8 nodes are la-beled
 []


Underfull \hbox (badness 10000) in paragraph at lines 451--451
\T1/lmr/m/n/8 with ad-di-tional
 []


Underfull \hbox (badness 2158) in paragraph at lines 451--451
\T1/lmr/m/n/8 text, such as "S
 []


Underfull \hbox (badness 6741) in paragraph at lines 451--451
\T1/lmr/m/n/8 (source)" and "t
 []


Underfull \hbox (badness 5403) in paragraph at lines 451--451
\T1/lmr/m/n/8 are la-beled with
 []


Underfull \hbox (badness 10000) in paragraph at lines 451--451
\T1/lmr/m/n/8 ar-rows in-di-cat-ing
 []


Underfull \hbox (badness 1558) in paragraph at lines 451--451
\T1/lmr/m/n/8 edges have la-bels
 []


Underfull \hbox (badness 6876) in paragraph at lines 451--451
\T1/lmr/m/n/8 like "$\OML/lmm/m/it/8 w[]$\T1/lmr/m/n/8 ". A
 []


Underfull \hbox (badness 10000) in paragraph at lines 451--451
\T1/lmr/m/n/8 pur-ple arc con-
 []


Underfull \hbox (badness 5622) in paragraph at lines 451--451
\T1/lmr/m/n/8 nects the source
 []


Underfull \hbox (badness 10000) in paragraph at lines 451--451
\T1/lmr/m/n/8 and sink nodes,
 []


Underfull \hbox (badness 1540) in paragraph at lines 451--451
\T1/lmr/m/n/8 arc)". The text
 []


Underfull \hbox (badness 1303) in paragraph at lines 451--451
\T1/lmr/m/n/8 "$\OML/lmm/m/it/8 x[]$\T1/lmr/m/n/8 , $\OML/lmm/m/it/8 c[] \OT1/l
mr/m/n/8 = \OMS/lmsy/m/n/8  \OT1/lmr/m/n/8 1$\T1/lmr/m/n/8 ,
 []


Underfull \hbox (badness 3690) in paragraph at lines 451--451
\OML/lmm/m/it/8 u[] \OT1/lmr/m/n/8 = +\OMS/lmsy/m/n/8 1$\T1/lmr/m/n/8 " is
 []

[19 </Users/ashoksaravanan/Coding/ScribeLec/server/output/MA 421/lectures/2024-
11-19-MaxFlowMinCut/figures/14.1.png (PNG copy)>]
/Users/ashoksaravanan/Coding/ScribeLec/server/output/MA 421/lectures/2024-11-19
-MaxFlowMinCut/notes.tex:462: Missing $ inserted.
<inserted text> 
                $
l.462 \underline{\text{min }} -x_
                                 {ts} \\
I've inserted a begin-math/end-math symbol since I think
you left one out. Proceed, with fingers crossed.

/Users/ashoksaravanan/Coding/ScribeLec/server/output/MA 421/lectures/2024-11-19
-MaxFlowMinCut/notes.tex:470: Missing $ inserted.
<inserted text> 
                $
l.470 \subsection
                 {Description}%
I've inserted a begin-math/end-math symbol since I think
you left one out. Proceed, with fingers crossed.

</Users/ashoksaravanan/Coding/ScribeLec/server/output/MA 421/lectures/2024-11-1
9-MaxFlowMinCut/figures/15.1.png, id=399, 572.1375pt x 772.8875pt>
File: /Users/ashoksaravanan/Coding/ScribeLec/server/output/MA 421/lectures/2024
-11-19-MaxFlowMinCut/figures/15.1.png Graphic file (type png)
<use /Users/ashoksaravanan/Coding/ScribeLec/server/output/MA 421/lectures/2024-
11-19-MaxFlowMinCut/figures/15.1.png>
Package pdftex.def Info: /Users/ashoksaravanan/Coding/ScribeLec/server/output/M
A 421/lectures/2024-11-19-MaxFlowMinCut/figures/15.1.png  used on input line 47
7.
(pdftex.def)             Requested size: 70.46037pt x 95.1837pt.

Underfull \hbox (badness 10000) in paragraph at lines 478--478
\T1/lmr/m/n/8 lin-ear pro-gram
 []


Underfull \hbox (badness 10000) in paragraph at lines 478--478
\T1/lmr/m/n/8 Max Flow Min
 []


Underfull \hbox (badness 2435) in paragraph at lines 478--478
\T1/lmr/m/n/8 ob-jec-tive func-tion
 []


Underfull \hbox (badness 10000) in paragraph at lines 478--478
\T1/lmr/m/n/8 is to min-i-mize
 []


Underfull \hbox (badness 3861) in paragraph at lines 478--478
\OMS/lmsy/m/n/8  \OML/lmm/m/it/8 x[]$\T1/lmr/m/n/8 , where $\OML/lmm/m/it/8 x[]
$
 []


Underfull \hbox (badness 1484) in paragraph at lines 478--478
\T1/lmr/m/n/8 con-straints en-sure
 []


Underfull \hbox (badness 10000) in paragraph at lines 478--478
\T1/lmr/m/n/8 flow con-ser-va-tion
 []


Underfull \hbox (badness 10000) in paragraph at lines 478--478
\T1/lmr/m/n/8 at each node
 []


Underfull \hbox (badness 10000) in paragraph at lines 478--478
\T1/lmr/m/n/8 con-straints $\OML/lmm/m/it/8 u[]$
 []


Underfull \hbox (badness 10000) in paragraph at lines 478--478
\T1/lmr/m/n/8 The ca-pac-ity of
 []

[20] [21 </Users/ashoksaravanan/Coding/ScribeLec/server/output/MA 421/lectures/
2024-11-19-MaxFlowMinCut/figures/15.1.png (PNG copy)>]
</Users/ashoksaravanan/Coding/ScribeLec/server/output/MA 421/lectures/2024-11-1
9-MaxFlowMinCut/figures/16.1.png, id=409, 371.3875pt x 371.3875pt>
File: /Users/ashoksaravanan/Coding/ScribeLec/server/output/MA 421/lectures/2024
-11-19-MaxFlowMinCut/figures/16.1.png Graphic file (type png)
<use /Users/ashoksaravanan/Coding/ScribeLec/server/output/MA 421/lectures/2024-
11-19-MaxFlowMinCut/figures/16.1.png>
Package pdftex.def Info: /Users/ashoksaravanan/Coding/ScribeLec/server/output/M
A 421/lectures/2024-11-19-MaxFlowMinCut/figures/16.1.png  used on input line 49
7.
(pdftex.def)             Requested size: 70.46037pt x 70.45668pt.

Underfull \hbox (badness 10000) in paragraph at lines 498--498
[]\T1/lmr/bx/n/8 (a) |\T1/lmr/m/n/8 A di-a-gram
 []


Underfull \hbox (badness 3417) in paragraph at lines 498--498
\T1/lmr/m/n/8 show-ing a trans-
 []


Underfull \hbox (badness 10000) in paragraph at lines 498--498
\T1/lmr/m/n/8 for-ma-tion of a
 []


Underfull \hbox (badness 10000) in paragraph at lines 498--498
\T1/lmr/m/n/8 net-work flow
 []


Underfull \hbox (badness 1292) in paragraph at lines 498--498
\T1/lmr/m/n/8 graph. The top
 []


Underfull \hbox (badness 1789) in paragraph at lines 498--498
\T1/lmr/m/n/8 ple edge be-tween
 []


Underfull \hbox (badness 3088) in paragraph at lines 498--498
\T1/lmr/m/n/8 ca-pac-ity $\OML/lmm/m/it/8 u[]$ \T1/lmr/m/n/8 and
 []


Underfull \hbox (badness 4792) in paragraph at lines 498--498
\T1/lmr/m/n/8 flow $\OML/lmm/m/it/8 x[]$\T1/lmr/m/n/8 . The
 []


Underfull \hbox (badness 2772) in paragraph at lines 498--498
\OMS/lmsy/m/n/8 1$ \T1/lmr/m/n/8 and flow $\OML/lmm/m/it/8 t[]$\T1/lmr/m/n/8 .
 []


Underfull \hbox (badness 2626) in paragraph at lines 498--498
\T1/lmr/m/n/8 The node $\OML/lmm/m/it/8 k$ \T1/lmr/m/n/8 has
 []


Underfull \hbox (badness 10000) in paragraph at lines 498--498
\T1/lmr/m/n/8 flow con-ser-va-tion
 []

[22 </Users/ashoksaravanan/Coding/ScribeLec/server/output/MA 421/lectures/2024-
11-19-MaxFlowMinCut/figures/16.1.png (PNG copy)>]
/Users/ashoksaravanan/Coding/ScribeLec/server/output/MA 421/lectures/2024-11-19
-MaxFlowMinCut/notes.tex:509: Missing $ inserted.
<inserted text> 
                $
l.509 \text{Let } x_
                    {ij}^*, (i, j) \in A, \text{ denote the optimal values o...
I've inserted a begin-math/end-math symbol since I think
you left one out. Proceed, with fingers crossed.

/Users/ashoksaravanan/Coding/ScribeLec/server/output/MA 421/lectures/2024-11-19
-MaxFlowMinCut/notes.tex:518: Missing $ inserted.
<inserted text> 
                $
l.518 \subsection
                 {Description}%
I've inserted a begin-math/end-math symbol since I think
you left one out. Proceed, with fingers crossed.

</Users/ashoksaravanan/Coding/ScribeLec/server/output/MA 421/lectures/2024-11-1
9-MaxFlowMinCut/figures/17.1.png, id=415, 572.1375pt x 873.2625pt>
File: /Users/ashoksaravanan/Coding/ScribeLec/server/output/MA 421/lectures/2024
-11-19-MaxFlowMinCut/figures/17.1.png Graphic file (type png)
<use /Users/ashoksaravanan/Coding/ScribeLec/server/output/MA 421/lectures/2024-
11-19-MaxFlowMinCut/figures/17.1.png>
Package pdftex.def Info: /Users/ashoksaravanan/Coding/ScribeLec/server/output/M
A 421/lectures/2024-11-19-MaxFlowMinCut/figures/17.1.png  used on input line 52
5.
(pdftex.def)             Requested size: 70.46037pt x 107.54523pt.

Underfull \hbox (badness 10000) in paragraph at lines 526--526
[]\T1/lmr/bx/n/8 (a) |\T1/lmr/m/n/8 Hand-writ-ten
 []


Underfull \hbox (badness 10000) in paragraph at lines 526--526
\T1/lmr/m/n/8 Flow Min Cut
 []


Underfull \hbox (badness 10000) in paragraph at lines 526--526
\T1/lmr/m/n/8 ear pro-gram-ming
 []


Underfull \hbox (badness 10000) in paragraph at lines 526--526
\T1/lmr/m/n/8 uses com-ple-men-
 []


Underfull \hbox (badness 10000) in paragraph at lines 526--526
\T1/lmr/m/n/8 tar-ity con-di-tions
 []


Underfull \hbox (badness 3009) in paragraph at lines 526--526
\T1/lmr/m/n/8 de-rived from the
 []


Underfull \hbox (badness 1436) in paragraph at lines 526--526
\OML/lmm/m/it/8 C[]$ \T1/lmr/m/n/8 and its com-
 []


Underfull \hbox (badness 3758) in paragraph at lines 526--526
\T1/lmr/m/n/8 ple-ment to show
 []


Underfull \hbox (badness 10000) in paragraph at lines 526--526
\T1/lmr/m/n/8 flow equals the
 []

[23] [24 </Users/ashoksaravanan/Coding/ScribeLec/server/output/MA 421/lectures/
2024-11-19-MaxFlowMinCut/figures/17.1.png (PNG copy)>]

enddocument/afterlastpage: lastpage setting LastPage.
(_logs/notes.aux)
 ***********
LaTeX2e <2023-11-01> patch level 1
L3 programming layer <2024-02-20>
 ***********


LaTeX Warning: Label(s) may have changed. Rerun to get cross-references right.


Package rerunfilecheck Warning: File `notes.out' has changed.
(rerunfilecheck)                Rerun to get outlines right
(rerunfilecheck)                or use package `bookmark'.

Package rerunfilecheck Info: Checksums for `notes.out':
(rerunfilecheck)             Before: FDD776EB423111607EDFCAC23CEC1A28;6171
(rerunfilecheck)             After:  5DD23C2C4F3281F5ADCAF9DD67B7631F;6564.
 ) 
Here is how much of TeX's memory you used:
 14780 strings out of 474116
 256857 string characters out of 5743682
 1938187 words of memory out of 5000000
 36775 multiletter control sequences out of 15000+600000
 619067 words of font info for 80 fonts, out of 8000000 for 9000
 1141 hyphenation exceptions out of 8191
 83i,15n,131p,1510b,687s stack positions out of 10000i,1000n,20000p,200000b,200000s
</usr/local/texlive/2024/texmf-dist/fonts/type1/public/lm/lmbx12.pfb></usr/lo
cal/texlive/2024/texmf-dist/fonts/type1/public/lm/lmbx8.pfb></usr/local/texlive
/2024/texmf-dist/fonts/type1/public/lm/lmex10.pfb></usr/local/texlive/2024/texm
f-dist/fonts/type1/public/lm/lmmi10.pfb></usr/local/texlive/2024/texmf-dist/fon
ts/type1/public/lm/lmmi6.pfb></usr/local/texlive/2024/texmf-dist/fonts/type1/pu
blic/lm/lmmi7.pfb></usr/local/texlive/2024/texmf-dist/fonts/type1/public/lm/lmm
i8.pfb></usr/local/texlive/2024/texmf-dist/fonts/type1/public/lm/lmr10.pfb></us
r/local/texlive/2024/texmf-dist/fonts/type1/public/lm/lmr12.pfb></usr/local/tex
live/2024/texmf-dist/fonts/type1/public/lm/lmr17.pfb></usr/local/texlive/2024/t
exmf-dist/fonts/type1/public/lm/lmr8.pfb></usr/local/texlive/2024/texmf-dist/fo
nts/type1/public/lm/lmsy10.pfb></usr/local/texlive/2024/texmf-dist/fonts/type1/
public/lm/lmsy5.pfb></usr/local/texlive/2024/texmf-dist/fonts/type1/public/lm/l
msy6.pfb></usr/local/texlive/2024/texmf-dist/fonts/type1/public/lm/lmsy7.pfb></
usr/local/texlive/2024/texmf-dist/fonts/type1/public/lm/lmsy8.pfb>
Output written on _logs/notes.pdf (24 pages, 2231351 bytes).
PDF statistics:
 533 PDF objects out of 1000 (max. 8388607)
 440 compressed objects within 5 object streams
 110 named destinations out of 1000 (max. 500000)
 653 words of extra memory for PDF output out of 10000 (max. 10000000)

